Lint, Tests, Build	Tests unitaires avec couverture	﻿2026-05-11T16:37:43.2014491Z ##[group]Run python -m coverage run -m pytest tests/ --ignore=tests/e2e --ignore=tests/e2e_dashboard --ignore=tests/e2e_desktop --ignore=tests/manual --ignore=tests/live --ignore=tests/stress -v
Lint, Tests, Build	Tests unitaires avec couverture	2026-05-11T16:37:43.2016898Z [36;1mpython -m coverage run -m pytest tests/ --ignore=tests/e2e --ignore=tests/e2e_dashboard --ignore=tests/e2e_desktop --ignore=tests/manual --ignore=tests/live --ignore=tests/stress -v[0m
Lint, Tests, Build	Tests unitaires avec couverture	2026-05-11T16:37:43.2110306Z shell: C:\Program Files\PowerShell\7\pwsh.EXE -command ". '{0}'"
Lint, Tests, Build	Tests unitaires avec couverture	2026-05-11T16:37:43.2110850Z env:
Lint, Tests, Build	Tests unitaires avec couverture	2026-05-11T16:37:43.2111256Z   pythonLocation: C:\hostedtoolcache\windows\Python\3.13.13\x64
Lint, Tests, Build	Tests unitaires avec couverture	2026-05-11T16:37:43.2112017Z   PKG_CONFIG_PATH: C:\hostedtoolcache\windows\Python\3.13.13\x64/lib/pkgconfig
Lint, Tests, Build	Tests unitaires avec couverture	2026-05-11T16:37:43.2112764Z   Python_ROOT_DIR: C:\hostedtoolcache\windows\Python\3.13.13\x64
Lint, Tests, Build	Tests unitaires avec couverture	2026-05-11T16:37:43.2113522Z   Python2_ROOT_DIR: C:\hostedtoolcache\windows\Python\3.13.13\x64
Lint, Tests, Build	Tests unitaires avec couverture	2026-05-11T16:37:43.2114195Z   Python3_ROOT_DIR: C:\hostedtoolcache\windows\Python\3.13.13\x64
Lint, Tests, Build	Tests unitaires avec couverture	2026-05-11T16:37:43.2114746Z ##[endgroup]
Lint, Tests, Build	Tests unitaires avec couverture	2026-05-11T16:37:46.9651746Z ============================= test session starts =============================
Lint, Tests, Build	Tests unitaires avec couverture	2026-05-11T16:37:46.9652846Z platform win32 -- Python 3.13.13, pytest-8.4.2, pluggy-1.6.0 -- C:\hostedtoolcache\windows\Python\3.13.13\x64\python.exe
Lint, Tests, Build	Tests unitaires avec couverture	2026-05-11T16:37:46.9653744Z cachedir: .pytest_cache
Lint, Tests, Build	Tests unitaires avec couverture	2026-05-11T16:37:46.9654095Z rootdir: D:\a\CineSort\CineSort
Lint, Tests, Build	Tests unitaires avec couverture	2026-05-11T16:37:46.9654475Z configfile: pyproject.toml
Lint, Tests, Build	Tests unitaires avec couverture	2026-05-11T16:37:46.9654881Z plugins: base-url-2.1.0, playwright-0.7.2
Lint, Tests, Build	Tests unitaires avec couverture	2026-05-11T16:37:55.5523903Z collecting ... collected 3951 items
Lint, Tests, Build	Tests unitaires avec couverture	2026-05-11T16:37:55.5524166Z 
Lint, Tests, Build	Tests unitaires avec couverture	2026-05-11T16:37:55.5557181Z tests/test_accessibility_v5.py::SidebarV5AccessibilityTests::test_has_aria_label PASSED [  0%]
Lint, Tests, Build	Tests unitaires avec couverture	2026-05-11T16:37:55.5575800Z tests/test_accessibility_v5.py::SidebarV5AccessibilityTests::test_has_aria_selected PASSED [  0%]
Lint, Tests, Build	Tests unitaires avec couverture	2026-05-11T16:37:55.5594776Z tests/test_accessibility_v5.py::SidebarV5AccessibilityTests::test_has_role_tab PASSED [  0%]
Lint, Tests, Build	Tests unitaires avec couverture	2026-05-11T16:37:55.5614287Z tests/test_accessibility_v5.py::SidebarV5AccessibilityTests::test_keyboard_arrow_support PASSED [  0%]
Lint, Tests, Build	Tests unitaires avec couverture	2026-05-11T16:37:55.5633357Z tests/test_accessibility_v5.py::TopBarV5AccessibilityTests::test_banner_role PASSED [  0%]
Lint, Tests, Build	Tests unitaires avec couverture	2026-05-11T16:37:55.5653415Z tests/test_accessibility_v5.py::TopBarV5AccessibilityTests::test_search_button_aria_label PASSED [  0%]
Lint, Tests, Build	Tests unitaires avec couverture	2026-05-11T16:37:55.5671530Z tests/test_accessibility_v5.py::TopBarV5AccessibilityTests::test_theme_button_aria_haspopup PASSED [  0%]
Lint, Tests, Build	Tests unitaires avec couverture	2026-05-11T16:37:55.5690220Z tests/test_accessibility_v5.py::TopBarV5AccessibilityTests::test_theme_items_role PASSED [  0%]
Lint, Tests, Build	Tests unitaires avec couverture	2026-05-11T16:37:55.5709664Z tests/test_accessibility_v5.py::TopBarV5AccessibilityTests::test_theme_menu_role PASSED [  0%]
Lint, Tests, Build	Tests unitaires avec couverture	2026-05-11T16:37:55.5728616Z tests/test_accessibility_v5.py::BreadcrumbAccessibilityTests::test_aria_current PASSED [  0%]
Lint, Tests, Build	Tests unitaires avec couverture	2026-05-11T16:37:55.5750174Z tests/test_accessibility_v5.py::BreadcrumbAccessibilityTests::test_aria_label PASSED [  0%]
Lint, Tests, Build	Tests unitaires avec couverture	2026-05-11T16:37:55.5771218Z tests/test_accessibility_v5.py::NotificationCenterAccessibilityTests::test_dismiss_button_aria_label PASSED [  0%]
Lint, Tests, Build	Tests unitaires avec couverture	2026-05-11T16:37:55.5789494Z tests/test_accessibility_v5.py::NotificationCenterAccessibilityTests::test_drawer_aria_hidden PASSED [  0%]
Lint, Tests, Build	Tests unitaires avec couverture	2026-05-11T16:37:55.5808347Z tests/test_accessibility_v5.py::NotificationCenterAccessibilityTests::test_drawer_aria_label PASSED [  0%]
Lint, Tests, Build	Tests unitaires avec couverture	2026-05-11T16:37:55.5826512Z tests/test_accessibility_v5.py::NotificationCenterAccessibilityTests::test_drawer_role_complementary PASSED [  0%]
Lint, Tests, Build	Tests unitaires avec couverture	2026-05-11T16:37:55.5846934Z tests/test_accessibility_v5.py::NotificationCenterAccessibilityTests::test_escape_closes_drawer PASSED [  0%]
Lint, Tests, Build	Tests unitaires avec couverture	2026-05-11T16:37:55.5866376Z tests/test_accessibility_v5.py::NotificationCenterAccessibilityTests::test_filter_buttons_role_tab PASSED [  0%]
Lint, Tests, Build	Tests unitaires avec couverture	2026-05-11T16:37:55.5884992Z tests/test_accessibility_v5.py::NotificationCenterAccessibilityTests::test_filters_role_tablist PASSED [  0%]
Lint, Tests, Build	Tests unitaires avec couverture	2026-05-11T16:37:55.5904719Z tests/test_accessibility_v5.py::NotificationCenterAccessibilityTests::test_focus_first_element_on_open PASSED [  0%]
Lint, Tests, Build	Tests unitaires avec couverture	2026-05-11T16:37:55.5924228Z tests/test_accessibility_v5.py::NotificationCenterAccessibilityTests::test_items_role_listitem PASSED [  0%]
Lint, Tests, Build	Tests unitaires avec couverture	2026-05-11T16:37:55.5944766Z tests/test_accessibility_v5.py::LibraryV5AccessibilityTests::test_has_aria_attributes PASSED [  0%]
Lint, Tests, Build	Tests unitaires avec couverture	2026-05-11T16:37:55.5968113Z tests/test_accessibility_v5.py::FilmDetailAccessibilityTests::test_has_tablist_or_navigation PASSED [  0%]
Lint, Tests, Build	Tests unitaires avec couverture	2026-05-11T16:37:55.5988402Z tests/test_accessibility_v5.py::ProcessingV5AccessibilityTests::test_has_aria_attributes PASSED [  0%]
Lint, Tests, Build	Tests unitaires avec couverture	2026-05-11T16:37:55.6012770Z tests/test_accessibility_v5.py::SettingsV5AccessibilityTests::test_fields_have_labels PASSED [  0%]
Lint, Tests, Build	Tests unitaires avec couverture	2026-05-11T16:37:55.6032565Z tests/test_accessibility_v5.py::QijV5AccessibilityTests::test_has_aria_attributes PASSED [  0%]
Lint, Tests, Build	Tests unitaires avec couverture	2026-05-11T16:37:55.6128204Z tests/test_accessibility_v5.py::CssAccessibilityTests::test_focus_visible_styles PASSED [  0%]
Lint, Tests, Build	Tests unitaires avec couverture	2026-05-11T16:37:55.6150188Z tests/test_accessibility_v5.py::CssAccessibilityTests::test_reduced_motion_support PASSED [  0%]
Lint, Tests, Build	Tests unitaires avec couverture	2026-05-11T16:37:55.6177347Z tests/test_accessibility_v5.py::ComponentsAriaBaselineTests::test_all_v5_components_have_aria PASSED [  0%]
Lint, Tests, Build	Tests unitaires avec couverture	2026-05-11T16:37:55.6197296Z tests/test_accessibility_v5.py::DashboardModalFocusTrapTests::test_close_modal_restores_focus PASSED [  0%]
Lint, Tests, Build	Tests unitaires avec couverture	2026-05-11T16:37:55.6216154Z tests/test_accessibility_v5.py::DashboardModalFocusTrapTests::test_focusable_selector_defined PASSED [  0%]
Lint, Tests, Build	Tests unitaires avec couverture	2026-05-11T16:37:55.6234686Z tests/test_accessibility_v5.py::DashboardModalFocusTrapTests::test_show_modal_calls_trap_focus PASSED [  0%]
Lint, Tests, Build	Tests unitaires avec couverture	2026-05-11T16:37:55.6252591Z tests/test_accessibility_v5.py::DashboardModalFocusTrapTests::test_trap_focus_exported PASSED [  0%]
Lint, Tests, Build	Tests unitaires avec couverture	2026-05-11T16:37:55.6275316Z tests/test_accessibility_v5.py::DashboardModalFocusTrapTests::test_trap_focus_handles_tab_and_shift PASSED [  0%]
Lint, Tests, Build	Tests unitaires avec couverture	2026-05-11T16:37:55.6296472Z tests/test_accessibility_v5.py::DashboardAriaLiveAtomicTests::test_all_aria_live_have_aria_atomic PASSED [  0%]
Lint, Tests, Build	Tests unitaires avec couverture	2026-05-11T16:37:55.6315651Z tests/test_accessibility_v5.py::DashboardAriaBusyHelperTests::test_set_busy_exported PASSED [  0%]
Lint, Tests, Build	Tests unitaires avec couverture	2026-05-11T16:37:55.6333015Z tests/test_accessibility_v5.py::DashboardAriaBusyHelperTests::test_with_busy_exported PASSED [  0%]
Lint, Tests, Build	Tests unitaires avec couverture	2026-05-11T16:37:55.6351961Z tests/test_accessibility_v5.py::DashboardAriaBusyHelperTests::test_with_busy_uses_finally PASSED [  0%]
Lint, Tests, Build	Tests unitaires avec couverture	2026-05-11T16:37:55.6371976Z tests/test_accessibility_v5.py::DashboardAriaBusyViewsTests::test_library_toggles_aria_busy PASSED [  0%]
Lint, Tests, Build	Tests unitaires avec couverture	2026-05-11T16:37:55.6392552Z tests/test_accessibility_v5.py::DashboardAriaBusyViewsTests::test_qij_toggles_aria_busy PASSED [  0%]
Lint, Tests, Build	Tests unitaires avec couverture	2026-05-11T16:37:55.6412831Z tests/test_accessibility_v5.py::DashboardAriaBusyViewsTests::test_settings_toggles_aria_busy PASSED [  1%]
Lint, Tests, Build	Tests unitaires avec couverture	2026-05-11T16:37:55.6433195Z tests/test_accessibility_v5.py::DashboardAriaBusyViewsTests::test_status_toggles_aria_busy PASSED [  1%]
Lint, Tests, Build	Tests unitaires avec couverture	2026-05-11T16:37:55.6453560Z tests/test_accessibility_v5.py::DashboardThemeMenuAccessibilityTests::test_aria_expanded_toggled_on_click PASSED [  1%]
Lint, Tests, Build	Tests unitaires avec couverture	2026-05-11T16:37:55.6471490Z tests/test_accessibility_v5.py::DashboardThemeMenuAccessibilityTests::test_arrow_keys_navigation PASSED [  1%]
Lint, Tests, Build	Tests unitaires avec couverture	2026-05-11T16:37:55.6490686Z tests/test_accessibility_v5.py::DashboardThemeMenuAccessibilityTests::test_enter_or_space_activates PASSED [  1%]
Lint, Tests, Build	Tests unitaires avec couverture	2026-05-11T16:37:55.6509227Z tests/test_accessibility_v5.py::DashboardThemeMenuAccessibilityTests::test_escape_closes_menu PASSED [  1%]
Lint, Tests, Build	Tests unitaires avec couverture	2026-05-11T16:37:55.6527537Z tests/test_accessibility_v5.py::DashboardThemeMenuAccessibilityTests::test_roving_tabindex PASSED [  1%]
Lint, Tests, Build	Tests unitaires avec couverture	2026-05-11T16:37:55.6547686Z tests/test_accessibility_v5.py::DashboardThemeMenuAccessibilityTests::test_theme_button_has_aria_expanded PASSED [  1%]
Lint, Tests, Build	Tests unitaires avec couverture	2026-05-11T16:37:55.6566501Z tests/test_accessibility_v5.py::DashboardTableSortableKeyboardTests::test_handles_enter_and_space PASSED [  1%]
Lint, Tests, Build	Tests unitaires avec couverture	2026-05-11T16:37:55.6586960Z tests/test_accessibility_v5.py::DashboardTableSortableKeyboardTests::test_th_sortable_has_keydown_handler PASSED [  1%]
Lint, Tests, Build	Tests unitaires avec couverture	2026-05-11T16:37:55.6606140Z tests/test_accessibility_v5.py::DashboardTableSortableKeyboardTests::test_th_sortable_is_focusable PASSED [  1%]
Lint, Tests, Build	Tests unitaires avec couverture	2026-05-11T16:37:55.6627600Z tests/test_accessibility_v5.py::DashboardSettingsRequiredFieldsTests::test_renderer_emits_aria_required PASSED [  1%]
Lint, Tests, Build	Tests unitaires avec couverture	2026-05-11T16:37:55.6647688Z tests/test_accessibility_v5.py::DashboardSettingsRequiredFieldsTests::test_renderer_emits_red_asterisk PASSED [  1%]
Lint, Tests, Build	Tests unitaires avec couverture	2026-05-11T16:37:55.6667010Z tests/test_accessibility_v5.py::DashboardSettingsRequiredFieldsTests::test_renderer_emits_required_attr PASSED [  1%]
Lint, Tests, Build	Tests unitaires avec couverture	2026-05-11T16:37:55.6689891Z tests/test_accessibility_v5.py::DashboardSettingsRequiredFieldsTests::test_roots_field_marked_required PASSED [  1%]
Lint, Tests, Build	Tests unitaires avec couverture	2026-05-11T16:37:55.6714354Z tests/test_accessibility_v5.py::DashboardSettingsRequiredFieldsTests::test_tmdb_api_key_marked_required PASSED [  1%]
Lint, Tests, Build	Tests unitaires avec couverture	2026-05-11T16:37:56.8492760Z tests/test_api_bridge_lot3.py::ApiBridgeLot3Tests::test_apply_fallback_uses_plan_jsonl_and_validation_when_memory_missing PASSED [  1%]
Lint, Tests, Build	Tests unitaires avec couverture	2026-05-11T16:37:57.1079595Z tests/test_api_bridge_lot3.py::ApiBridgeLot3Tests::test_apply_logs_warn_if_close_failed_batch_raises_during_error_path PASSED [  1%]
Lint, Tests, Build	Tests unitaires avec couverture	2026-05-11T16:37:57.8129565Z tests/test_api_bridge_lot3.py::ApiBridgeLot3Tests::test_apply_rejects_second_concurrent_call_for_same_run PASSED [  1%]
Lint, Tests, Build	Tests unitaires avec couverture	2026-05-11T16:37:58.4843590Z tests/test_api_bridge_lot3.py::ApiBridgeLot3Tests::test_apply_stops_if_duplicate_check_fails PASSED [  1%]
Lint, Tests, Build	Tests unitaires avec couverture	2026-05-11T16:37:58.4882218Z tests/test_api_bridge_lot3.py::ApiBridgeLot3Tests::test_backend_wrapper_import_compat PASSED [  1%]
Lint, Tests, Build	Tests unitaires avec couverture	2026-05-11T16:37:58.9509284Z tests/test_api_bridge_lot3.py::ApiBridgeLot3Tests::test_cancel_run_idempotent PASSED [  1%]
Lint, Tests, Build	Tests unitaires avec couverture	2026-05-11T16:37:58.9555451Z tests/test_api_bridge_lot3.py::ApiBridgeLot3Tests::test_defaults_are_generic PASSED [  1%]
Lint, Tests, Build	Tests unitaires avec couverture	2026-05-11T16:37:59.3239960Z tests/test_api_bridge_lot3.py::ApiBridgeLot3Tests::test_find_run_row_scans_registered_state_dirs_before_default_state PASSED [  1%]
Lint, Tests, Build	Tests unitaires avec couverture	2026-05-11T16:37:59.9825984Z tests/test_api_bridge_lot3.py::ApiBridgeLot3Tests::test_get_cleanup_residual_preview_reports_disabled_state PASSED [  1%]
Lint, Tests, Build	Tests unitaires avec couverture	2026-05-11T16:38:07.1150515Z tests/test_api_bridge_lot3.py::ApiBridgeLot3Tests::test_get_cleanup_residual_preview_reports_probable_eligible_dirs PASSED [  1%]
Lint, Tests, Build	Tests unitaires avec couverture	2026-05-11T16:38:07.7359850Z tests/test_api_bridge_lot3.py::ApiBridgeLot3Tests::test_get_cleanup_residual_preview_reports_video_blocking_reason PASSED [  1%]
Lint, Tests, Build	Tests unitaires avec couverture	2026-05-11T16:38:07.9552328Z tests/test_api_bridge_lot3.py::ApiBridgeLot3Tests::test_get_or_create_infra_reuses_same_store_and_runner_for_same_state_dir PASSED [  1%]
Lint, Tests, Build	Tests unitaires avec couverture	2026-05-11T16:38:08.0245740Z tests/test_api_bridge_lot3.py::ApiBridgeLot3Tests::test_get_probe_tools_status_shape PASSED [  1%]
Lint, Tests, Build	Tests unitaires avec couverture	2026-05-11T16:38:08.5121095Z tests/test_api_bridge_lot3.py::ApiBridgeLot3Tests::test_get_status_keeps_v6_fields_and_adds_status_cancel_requested PASSED [  1%]
Lint, Tests, Build	Tests unitaires avec couverture	2026-05-11T16:38:08.5238267Z tests/test_api_bridge_lot3.py::ApiBridgeLot3Tests::test_install_probe_tools_logs_structured_error_and_returns_clean_message PASSED [  1%]
Lint, Tests, Build	Tests unitaires avec couverture	2026-05-11T16:38:08.5364281Z tests/test_api_bridge_lot3.py::ApiBridgeLot3Tests::test_legacy_plaintext_tmdb_key_is_migrated_on_next_save PASSED [  1%]
Lint, Tests, Build	Tests unitaires avec couverture	2026-05-11T16:38:08.5436479Z tests/test_api_bridge_lot3.py::ApiBridgeLot3Tests::test_open_path_allows_state_dir_paths PASSED [  1%]
Lint, Tests, Build	Tests unitaires avec couverture	2026-05-11T16:38:08.5506331Z tests/test_api_bridge_lot3.py::ApiBridgeLot3Tests::test_open_path_does_not_fallback_to_cwd_when_root_empty PASSED [  1%]
Lint, Tests, Build	Tests unitaires avec couverture	2026-05-11T16:38:08.5583062Z tests/test_api_bridge_lot3.py::ApiBridgeLot3Tests::test_open_path_file_opens_parent_directory PASSED [  1%]
Lint, Tests, Build	Tests unitaires avec couverture	2026-05-11T16:38:08.5617739Z tests/test_api_bridge_lot3.py::ApiBridgeLot3Tests::test_open_path_rejects_empty_path PASSED [  1%]
Lint, Tests, Build	Tests unitaires avec couverture	2026-05-11T16:38:08.5750189Z tests/test_api_bridge_lot3.py::ApiBridgeLot3Tests::test_partial_save_settings_preserves_remembered_tmdb_key PASSED [  1%]
Lint, Tests, Build	Tests unitaires avec couverture	2026-05-11T16:38:08.5787409Z tests/test_api_bridge_lot3.py::ApiBridgeLot3Tests::test_run_id_validation_rejects_invalid_ids PASSED [  1%]
Lint, Tests, Build	Tests unitaires avec couverture	2026-05-11T16:38:10.7491589Z tests/test_api_bridge_lot3.py::ApiBridgeLot3Tests::test_runstate_logs_are_capped_in_memory PASSED [  1%]
Lint, Tests, Build	Tests unitaires avec couverture	2026-05-11T16:38:10.7557059Z tests/test_api_bridge_lot3.py::ApiBridgeLot3Tests::test_save_settings_does_not_persist_tmdb_key_when_remember_disabled PASSED [  1%]
Lint, Tests, Build	Tests unitaires avec couverture	2026-05-11T16:38:10.7619055Z tests/test_api_bridge_lot3.py::ApiBridgeLot3Tests::test_save_settings_persists_residual_cleanup_settings PASSED [  2%]
Lint, Tests, Build	Tests unitaires avec couverture	2026-05-11T16:38:10.7689400Z tests/test_api_bridge_lot3.py::ApiBridgeLot3Tests::test_save_settings_persists_tmdb_key_when_remember_enabled PASSED [  2%]
Lint, Tests, Build	Tests unitaires avec couverture	2026-05-11T16:38:10.7725422Z tests/test_api_bridge_lot3.py::ApiBridgeLot3Tests::test_save_settings_rejects_explicit_empty_root PASSED [  2%]
Lint, Tests, Build	Tests unitaires avec couverture	2026-05-11T16:38:10.7790269Z tests/test_api_bridge_lot3.py::ApiBridgeLot3Tests::test_save_settings_with_explicit_state_dir_does_not_leak_root_from_other_context PASSED [  2%]
Lint, Tests, Build	Tests unitaires avec couverture	2026-05-11T16:38:10.7827197Z tests/test_api_bridge_lot3.py::ApiBridgeLot3Tests::test_save_settings_without_root_rejects_when_no_saved_root_exists PASSED [  2%]
Lint, Tests, Build	Tests unitaires avec couverture	2026-05-11T16:38:10.7940081Z tests/test_api_bridge_lot3.py::ApiBridgeLot3Tests::test_save_settings_without_root_reuses_saved_root PASSED [  2%]
Lint, Tests, Build	Tests unitaires avec couverture	2026-05-11T16:38:10.7990920Z tests/test_api_bridge_lot3.py::ApiBridgeLot3Tests::test_set_probe_tool_paths_rejects_invalid_paths PASSED [  2%]
Lint, Tests, Build	Tests unitaires avec couverture	2026-05-11T16:38:11.1067756Z tests/test_api_bridge_lot3.py::ApiBridgeLot3Tests::test_start_plan_creates_ui_log_txt PASSED [  2%]
Lint, Tests, Build	Tests unitaires avec couverture	2026-05-11T16:38:11.1151404Z tests/test_api_bridge_lot3.py::ApiBridgeLot3Tests::test_start_plan_handles_internal_exception_without_raising PASSED [  2%]
Lint, Tests, Build	Tests unitaires avec couverture	2026-05-11T16:38:11.4346667Z tests/test_api_bridge_lot3.py::ApiBridgeLot3Tests::test_start_plan_initializes_missing_db_schema PASSED [  2%]
Lint, Tests, Build	Tests unitaires avec couverture	2026-05-11T16:38:11.7025450Z tests/test_api_bridge_lot3.py::ApiBridgeLot3Tests::test_start_plan_payload_is_strict_v6_shape PASSED [  2%]
Lint, Tests, Build	Tests unitaires avec couverture	2026-05-11T16:38:12.0201731Z tests/test_api_bridge_lot3.py::ApiBridgeLot3Tests::test_start_plan_recovers_from_db_without_runs_table PASSED [  2%]
Lint, Tests, Build	Tests unitaires avec couverture	2026-05-11T16:38:12.0238224Z tests/test_api_bridge_lot3.py::ApiBridgeLot3Tests::test_start_plan_rejects_explicit_empty_root PASSED [  2%]
Lint, Tests, Build	Tests unitaires avec couverture	2026-05-11T16:38:12.0302808Z tests/test_api_bridge_lot3.py::ApiBridgeLot3Tests::test_start_plan_with_explicit_state_dir_does_not_leak_root_from_other_context PASSED [  2%]
Lint, Tests, Build	Tests unitaires avec couverture	2026-05-11T16:38:12.0339188Z tests/test_api_bridge_lot3.py::ApiBridgeLot3Tests::test_start_plan_without_root_rejects_when_no_saved_root_exists PASSED [  2%]
Lint, Tests, Build	Tests unitaires avec couverture	2026-05-11T16:38:12.2871366Z tests/test_api_bridge_lot3.py::ApiBridgeLot3Tests::test_start_plan_without_root_uses_saved_root PASSED [  2%]
Lint, Tests, Build	Tests unitaires avec couverture	2026-05-11T16:38:12.2910717Z tests/test_api_bridge_lot3.py::ApiBridgeLot3Tests::test_terminal_runs_memory_is_bounded PASSED [  2%]
Lint, Tests, Build	Tests unitaires avec couverture	2026-05-11T16:38:12.2992651Z tests/test_api_bridge_lot3.py::ApiBridgeLot3Tests::test_tmdb_key_is_available_after_relaunch_when_remembered PASSED [  2%]
Lint, Tests, Build	Tests unitaires avec couverture	2026-05-11T16:38:12.3024526Z tests/test_api_bridge_lot3.py::ApiBridgeLot3Tests::test_to_bool_parses_string_values PASSED [  2%]
Lint, Tests, Build	Tests unitaires avec couverture	2026-05-11T16:38:12.3056566Z tests/test_api_bridge_lot3.py::ValidateDroppedPathTests::test_empty_path PASSED [  2%]
Lint, Tests, Build	Tests unitaires avec couverture	2026-05-11T16:38:12.3098183Z tests/test_api_bridge_lot3.py::ValidateDroppedPathTests::test_file_not_directory PASSED [  2%]
Lint, Tests, Build	Tests unitaires avec couverture	2026-05-11T16:38:12.3133066Z tests/test_api_bridge_lot3.py::ValidateDroppedPathTests::test_nonexistent_path PASSED [  2%]
Lint, Tests, Build	Tests unitaires avec couverture	2026-05-11T16:38:12.3175227Z tests/test_api_bridge_lot3.py::ValidateDroppedPathTests::test_valid_directory PASSED [  2%]
Lint, Tests, Build	Tests unitaires avec couverture	2026-05-11T16:38:12.5009662Z tests/test_api_observability.py::ApiObservabilityTests::test_analyze_quality_batch_logs_structured_error_and_returns_clean_message PASSED [  2%]
Lint, Tests, Build	Tests unitaires avec couverture	2026-05-11T16:38:12.6659254Z tests/test_api_observability.py::ApiObservabilityTests::test_apply_logs_structured_error_and_returns_clean_message_when_context_load_fails PASSED [  2%]
Lint, Tests, Build	Tests unitaires avec couverture	2026-05-11T16:38:12.9887417Z tests/test_api_observability.py::ApiObservabilityTests::test_get_dashboard_logs_structured_error_and_returns_clean_message PASSED [  2%]
Lint, Tests, Build	Tests unitaires avec couverture	2026-05-11T16:38:13.1041239Z tests/test_api_observability.py::ApiObservabilityTests::test_install_probe_tools_logs_structured_error_and_returns_clean_message PASSED [  2%]
Lint, Tests, Build	Tests unitaires avec couverture	2026-05-11T16:38:13.2305149Z tests/test_api_observability.py::ApiObservabilityTests::test_set_probe_tool_paths_logs_structured_error_and_returns_clean_message PASSED [  2%]
Lint, Tests, Build	Tests unitaires avec couverture	2026-05-11T16:38:14.2617446Z tests/test_app_bridge_smoke.py::AppBridgeSmokeTests::test_main_bootstraps_stable_webview_with_real_api PASSED [  2%]
Lint, Tests, Build	Tests unitaires avec couverture	2026-05-11T16:38:14.4380449Z tests/test_apply_atomicity.py::JournaledMoveTests::test_journaled_move_clean_path PASSED [  2%]
Lint, Tests, Build	Tests unitaires avec couverture	2026-05-11T16:38:14.6216304Z tests/test_apply_atomicity.py::JournaledMoveTests::test_journaled_move_filter_by_batch_id PASSED [  2%]
Lint, Tests, Build	Tests unitaires avec couverture	2026-05-11T16:38:14.7402646Z tests/test_apply_atomicity.py::JournaledMoveTests::test_journaled_move_no_store_is_noop PASSED [  2%]
Lint, Tests, Build	Tests unitaires avec couverture	2026-05-11T16:38:14.9754052Z tests/test_apply_atomicity.py::JournaledMoveTests::test_journaled_move_persists_metadata PASSED [  2%]
Lint, Tests, Build	Tests unitaires avec couverture	2026-05-11T16:38:15.1173504Z tests/test_apply_atomicity.py::JournaledMoveTests::test_journaled_move_with_exception_leaves_entry PASSED [  2%]
Lint, Tests, Build	Tests unitaires avec couverture	2026-05-11T16:38:15.2259096Z tests/test_apply_atomicity.py::AtomicMoveTests::test_atomic_move_with_none_record_op PASSED [  2%]
Lint, Tests, Build	Tests unitaires avec couverture	2026-05-11T16:38:15.3383484Z tests/test_apply_atomicity.py::AtomicMoveTests::test_atomic_move_with_plain_record_op_falls_back PASSED [  2%]
Lint, Tests, Build	Tests unitaires avec couverture	2026-05-11T16:38:15.5523650Z tests/test_apply_atomicity.py::AtomicMoveTests::test_atomic_move_with_record_op_with_journal PASSED [  2%]
Lint, Tests, Build	Tests unitaires avec couverture	2026-05-11T16:38:15.6749474Z tests/test_apply_atomicity.py::AtomicMoveTests::test_record_op_with_journal_handles_none_callable PASSED [  2%]
Lint, Tests, Build	Tests unitaires avec couverture	2026-05-11T16:38:15.7813261Z tests/test_apply_atomicity.py::AtomicMoveTests::test_record_op_with_journal_is_callable PASSED [  2%]
Lint, Tests, Build	Tests unitaires avec couverture	2026-05-11T16:38:15.8870488Z tests/test_apply_atomicity.py::ReconcilePendingMovesTests::test_classify_completed PASSED [  3%]
Lint, Tests, Build	Tests unitaires avec couverture	2026-05-11T16:38:16.0143740Z tests/test_apply_atomicity.py::ReconcilePendingMovesTests::test_classify_duplicated PASSED [  3%]
Lint, Tests, Build	Tests unitaires avec couverture	2026-05-11T16:38:16.1398711Z tests/test_apply_atomicity.py::ReconcilePendingMovesTests::test_classify_lost PASSED [  3%]
Lint, Tests, Build	Tests unitaires avec couverture	2026-05-11T16:38:16.2644686Z tests/test_apply_atomicity.py::ReconcilePendingMovesTests::test_classify_rolled_back PASSED [  3%]
Lint, Tests, Build	Tests unitaires avec couverture	2026-05-11T16:38:16.4541120Z tests/test_apply_atomicity.py::ReconcilePendingMovesTests::test_reconcile_completed_cleanup PASSED [  3%]
Lint, Tests, Build	Tests unitaires avec couverture	2026-05-11T16:38:16.6578050Z tests/test_apply_atomicity.py::ReconcilePendingMovesTests::test_reconcile_duplicated_warning PASSED [  3%]
Lint, Tests, Build	Tests unitaires avec couverture	2026-05-11T16:38:16.7753875Z tests/test_apply_atomicity.py::ReconcilePendingMovesTests::test_reconcile_empty_returns_empty_report PASSED [  3%]
Lint, Tests, Build	Tests unitaires avec couverture	2026-05-11T16:38:16.9497769Z tests/test_apply_atomicity.py::ReconcilePendingMovesTests::test_reconcile_lost_warning PASSED [  3%]
Lint, Tests, Build	Tests unitaires avec couverture	2026-05-11T16:38:17.0598425Z tests/test_apply_atomicity.py::ReconcilePendingMovesTests::test_reconcile_with_none_store_returns_empty PASSED [  3%]
Lint, Tests, Build	Tests unitaires avec couverture	2026-05-11T16:38:17.2608879Z tests/test_apply_atomicity.py::ReconcileAtBootTests::test_reconcile_at_boot_no_conflicts_no_notify PASSED [  3%]
Lint, Tests, Build	Tests unitaires avec couverture	2026-05-11T16:38:17.4315355Z tests/test_apply_atomicity.py::ReconcileAtBootTests::test_reconcile_at_boot_notify_failure_does_not_crash PASSED [  3%]
Lint, Tests, Build	Tests unitaires avec couverture	2026-05-11T16:38:17.6135662Z tests/test_apply_atomicity.py::ReconcileAtBootTests::test_reconcile_at_boot_with_conflicts_notifies PASSED [  3%]
Lint, Tests, Build	Tests unitaires avec couverture	2026-05-11T16:38:17.6165425Z tests/test_apply_audit.py::AuditLoggerWriteTests::test_audit_path_for_run PASSED [  3%]
Lint, Tests, Build	Tests unitaires avec couverture	2026-05-11T16:38:17.6202606Z tests/test_apply_audit.py::AuditLoggerWriteTests::test_conflict_writes_resolution PASSED [  3%]
Lint, Tests, Build	Tests unitaires avec couverture	2026-05-11T16:38:17.6238706Z tests/test_apply_audit.py::AuditLoggerWriteTests::test_none_values_are_omitted PASSED [  3%]
Lint, Tests, Build	Tests unitaires avec couverture	2026-05-11T16:38:17.6274162Z tests/test_apply_audit.py::AuditLoggerWriteTests::test_op_move_file_includes_sha1_and_size PASSED [  3%]
Lint, Tests, Build	Tests unitaires avec couverture	2026-05-11T16:38:17.6311534Z tests/test_apply_audit.py::AuditLoggerWriteTests::test_row_decision PASSED [  3%]
Lint, Tests, Build	Tests unitaires avec couverture	2026-05-11T16:38:17.6347013Z tests/test_apply_audit.py::AuditLoggerWriteTests::test_skip_writes_reason PASSED [  3%]
Lint, Tests, Build	Tests unitaires avec couverture	2026-05-11T16:38:17.6382995Z tests/test_apply_audit.py::AuditLoggerWriteTests::test_writes_apply_start PASSED [  3%]
Lint, Tests, Build	Tests unitaires avec couverture	2026-05-11T16:38:17.6443858Z tests/test_apply_audit.py::AuditLoggerWriteTests::test_writes_multiple_events_ordered PASSED [  3%]
Lint, Tests, Build	Tests unitaires avec couverture	2026-05-11T16:38:17.6494459Z tests/test_apply_audit.py::AuditLoggerAppendOnlyTests::test_two_batches_coexist PASSED [  3%]
Lint, Tests, Build	Tests unitaires avec couverture	2026-05-11T16:38:17.6522856Z tests/test_apply_audit.py::AuditReaderTests::test_read_empty_file_returns_empty_list PASSED [  3%]
Lint, Tests, Build	Tests unitaires avec couverture	2026-05-11T16:38:17.6558538Z tests/test_apply_audit.py::AuditReaderTests::test_read_ignores_malformed_lines PASSED [  3%]
Lint, Tests, Build	Tests unitaires avec couverture	2026-05-11T16:38:17.6619892Z tests/test_apply_audit.py::AuditReaderTests::test_read_with_limit PASSED [  3%]
Lint, Tests, Build	Tests unitaires avec couverture	2026-05-11T16:38:17.6653815Z tests/test_apply_audit.py::AuditLoggerRobustnessTests::test_double_close_is_safe PASSED [  3%]
Lint, Tests, Build	Tests unitaires avec couverture	2026-05-11T16:38:17.6690117Z tests/test_apply_audit.py::AuditLoggerRobustnessTests::test_write_after_close_is_noop PASSED [  3%]
Lint, Tests, Build	Tests unitaires avec couverture	2026-05-11T16:38:17.6736122Z tests/test_apply_disk_check.py::EstimateApplySizeTests::test_size_collection_sum_files PASSED [  3%]
Lint, Tests, Build	Tests unitaires avec couverture	2026-05-11T16:38:17.6759159Z tests/test_apply_disk_check.py::EstimateApplySizeTests::test_size_missing_file_returns_zero PASSED [  3%]
Lint, Tests, Build	Tests unitaires avec couverture	2026-05-11T16:38:17.6792577Z tests/test_apply_disk_check.py::EstimateApplySizeTests::test_size_skipped_if_not_approved PASSED [  3%]
Lint, Tests, Build	Tests unitaires avec couverture	2026-05-11T16:38:17.6826503Z tests/test_apply_disk_check.py::EstimateApplySizeTests::test_size_video_only PASSED [  3%]
Lint, Tests, Build	Tests unitaires avec couverture	2026-05-11T16:38:17.6856740Z tests/test_apply_disk_check.py::CheckDiskSpaceTests::test_disk_usage_failure_lets_apply_proceed PASSED [  3%]
Lint, Tests, Build	Tests unitaires avec couverture	2026-05-11T16:38:17.6879377Z tests/test_apply_disk_check.py::CheckDiskSpaceTests::test_ok_when_plenty_of_space PASSED [  3%]
Lint, Tests, Build	Tests unitaires avec couverture	2026-05-11T16:38:17.6905992Z tests/test_apply_disk_check.py::CheckDiskSpaceTests::test_refuses_when_below_min_absolute PASSED [  3%]
Lint, Tests, Build	Tests unitaires avec couverture	2026-05-11T16:38:17.6947115Z tests/test_apply_disk_check.py::CheckDiskSpaceTests::test_refuses_when_estimated_plus_margin_exceeds_free PASSED [  3%]
Lint, Tests, Build	Tests unitaires avec couverture	2026-05-11T16:38:17.9673666Z tests/test_apply_preview.py::BuildApplyPreviewTests::test_preview_classifies_change_type PASSED [  3%]
Lint, Tests, Build	Tests unitaires avec couverture	2026-05-11T16:38:18.3008201Z tests/test_apply_preview.py::BuildApplyPreviewTests::test_preview_does_not_touch_filesystem PASSED [  3%]
Lint, Tests, Build	Tests unitaires avec couverture	2026-05-11T16:38:18.5954958Z tests/test_apply_preview.py::BuildApplyPreviewTests::test_preview_enriches_film_with_metadata PASSED [  3%]
Lint, Tests, Build	Tests unitaires avec couverture	2026-05-11T16:38:18.9275287Z tests/test_apply_preview.py::BuildApplyPreviewTests::test_preview_returns_films_and_totals PASSED [  3%]
Lint, Tests, Build	Tests unitaires avec couverture	2026-05-11T16:38:19.2735164Z tests/test_apply_preview.py::BuildApplyPreviewTests::test_preview_totals_consistent PASSED [  3%]
Lint, Tests, Build	Tests unitaires avec couverture	2026-05-11T16:38:19.5603639Z tests/test_apply_preview.py::BuildApplyPreviewTests::test_preview_with_no_decisions_returns_empty_or_error PASSED [  3%]
Lint, Tests, Build	Tests unitaires avec couverture	2026-05-11T16:38:20.3178638Z tests/test_apply_robustness.py::ApplyPermissionErrorTests::test_apply_permission_error_one_file PASSED [  4%]
Lint, Tests, Build	Tests unitaires avec couverture	2026-05-11T16:38:20.3197828Z tests/test_apply_robustness.py::RecordApplyOpFailureTests::test_record_op_none_returns_true PASSED [  4%]
Lint, Tests, Build	Tests unitaires avec couverture	2026-05-11T16:38:20.3230096Z tests/test_apply_robustness.py::RecordApplyOpFailureTests::test_record_op_os_error_returns_false PASSED [  4%]
Lint, Tests, Build	Tests unitaires avec couverture	2026-05-11T16:38:20.3251893Z tests/test_apply_robustness.py::RollbackTmpRenameTests::test_apply_core_logs_rollback_failure PASSED [  4%]
Lint, Tests, Build	Tests unitaires avec couverture	2026-05-11T16:38:20.9417695Z tests/test_apply_robustness.py::ApplyPersistsToDbTests::test_apply_then_restart_then_undo PASSED [  4%]
Lint, Tests, Build	Tests unitaires avec couverture	2026-05-11T16:38:21.8430689Z tests/test_apply_robustness.py::ScanAfterPartialApplyTests::test_scan_after_partial_apply PASSED [  4%]
Lint, Tests, Build	Tests unitaires avec couverture	2026-05-11T16:38:21.8494265Z tests/test_apply_robustness.py::UndoEdgeCasesTests::test_undo_conflict_at_destination PASSED [  4%]
Lint, Tests, Build	Tests unitaires avec couverture	2026-05-11T16:38:21.8527683Z tests/test_apply_robustness.py::UndoEdgeCasesTests::test_undo_file_deleted_after_apply PASSED [  4%]
Lint, Tests, Build	Tests unitaires avec couverture	2026-05-11T16:38:21.8575238Z tests/test_apply_robustness.py::UndoEdgeCasesTests::test_undo_file_modified_after_apply PASSED [  4%]
Lint, Tests, Build	Tests unitaires avec couverture	2026-05-11T16:38:22.2928015Z tests/test_apply_robustness.py::CaseOnlyRenameTests::test_case_only_rename_windows PASSED [  4%]
Lint, Tests, Build	Tests unitaires avec couverture	2026-05-11T16:38:22.9415307Z tests/test_apply_robustness.py::FileLockedTests::test_file_locked_by_another_process PASSED [  4%]
Lint, Tests, Build	Tests unitaires avec couverture	2026-05-11T16:38:22.9455273Z tests/test_apply_robustness.py::CrossVolumeApplyTests::test_cross_volume_move_via_shutil PASSED [  4%]
Lint, Tests, Build	Tests unitaires avec couverture	2026-05-11T16:38:22.9501338Z tests/test_apply_robustness.py::UndoEmptyDstPathTests::test_undo_with_empty_dst_path_does_not_crash PASSED [  4%]
Lint, Tests, Build	Tests unitaires avec couverture	2026-05-11T16:38:22.9519754Z tests/test_audio_analysis.py::FormatTests::test_aac PASSED               [  4%]
Lint, Tests, Build	Tests unitaires avec couverture	2026-05-11T16:38:22.9536056Z tests/test_audio_analysis.py::FormatTests::test_ac3 PASSED               [  4%]
Lint, Tests, Build	Tests unitaires avec couverture	2026-05-11T16:38:22.9552393Z tests/test_audio_analysis.py::FormatTests::test_atmos_truehd_with_title PASSED [  4%]
Lint, Tests, Build	Tests unitaires avec couverture	2026-05-11T16:38:22.9568517Z tests/test_audio_analysis.py::FormatTests::test_best_format_from_multiple PASSED [  4%]
Lint, Tests, Build	Tests unitaires avec couverture	2026-05-11T16:38:22.9584074Z tests/test_audio_analysis.py::FormatTests::test_dts PASSED               [  4%]
Lint, Tests, Build	Tests unitaires avec couverture	2026-05-11T16:38:22.9600183Z tests/test_audio_analysis.py::FormatTests::test_dts_hd_ma PASSED         [  4%]
Lint, Tests, Build	Tests unitaires avec couverture	2026-05-11T16:38:22.9616145Z tests/test_audio_analysis.py::FormatTests::test_eac3 PASSED              [  4%]
Lint, Tests, Build	Tests unitaires avec couverture	2026-05-11T16:38:22.9632969Z tests/test_audio_analysis.py::FormatTests::test_flac PASSED              [  4%]
Lint, Tests, Build	Tests unitaires avec couverture	2026-05-11T16:38:22.9649706Z tests/test_audio_analysis.py::FormatTests::test_mp3 PASSED               [  4%]
Lint, Tests, Build	Tests unitaires avec couverture	2026-05-11T16:38:22.9666634Z tests/test_audio_analysis.py::FormatTests::test_truehd_without_atmos PASSED [  4%]
Lint, Tests, Build	Tests unitaires avec couverture	2026-05-11T16:38:22.9683074Z tests/test_audio_analysis.py::ChannelsTests::test_1_0 PASSED             [  4%]
Lint, Tests, Build	Tests unitaires avec couverture	2026-05-11T16:38:22.9699139Z tests/test_audio_analysis.py::ChannelsTests::test_2_0 PASSED             [  4%]
Lint, Tests, Build	Tests unitaires avec couverture	2026-05-11T16:38:22.9715243Z tests/test_audio_analysis.py::ChannelsTests::test_5_1 PASSED             [  4%]
Lint, Tests, Build	Tests unitaires avec couverture	2026-05-11T16:38:22.9731763Z tests/test_audio_analysis.py::ChannelsTests::test_7_1 PASSED             [  4%]
Lint, Tests, Build	Tests unitaires avec couverture	2026-05-11T16:38:22.9748735Z tests/test_audio_analysis.py::CommentaryTests::test_disposition_comment PASSED [  4%]
Lint, Tests, Build	Tests unitaires avec couverture	2026-05-11T16:38:22.9764050Z tests/test_audio_analysis.py::CommentaryTests::test_normal_track PASSED  [  4%]
Lint, Tests, Build	Tests unitaires avec couverture	2026-05-11T16:38:22.9780409Z tests/test_audio_analysis.py::CommentaryTests::test_title_commentary PASSED [  4%]
Lint, Tests, Build	Tests unitaires avec couverture	2026-05-11T16:38:22.9798372Z tests/test_audio_analysis.py::DuplicateTests::test_commentary_ignored_in_duplicates PASSED [  4%]
Lint, Tests, Build	Tests unitaires avec couverture	2026-05-11T16:38:22.9814748Z tests/test_audio_analysis.py::DuplicateTests::test_different_langs_not_duplicate PASSED [  4%]
Lint, Tests, Build	Tests unitaires avec couverture	2026-05-11T16:38:22.9831122Z tests/test_audio_analysis.py::DuplicateTests::test_truehd_ac3_same_lang_normal PASSED [  4%]
Lint, Tests, Build	Tests unitaires avec couverture	2026-05-11T16:38:22.9847837Z tests/test_audio_analysis.py::DuplicateTests::test_two_ac3_same_lang_suspect PASSED [  4%]
Lint, Tests, Build	Tests unitaires avec couverture	2026-05-11T16:38:22.9864762Z tests/test_audio_analysis.py::BadgeTests::test_badge_label_ac3_51 PASSED [  4%]
Lint, Tests, Build	Tests unitaires avec couverture	2026-05-11T16:38:22.9881044Z tests/test_audio_analysis.py::BadgeTests::test_badge_label_atmos PASSED  [  4%]
Lint, Tests, Build	Tests unitaires avec couverture	2026-05-11T16:38:22.9897320Z tests/test_audio_analysis.py::BadgeTests::test_badge_tier_basique PASSED [  4%]
Lint, Tests, Build	Tests unitaires avec couverture	2026-05-11T16:38:22.9913879Z tests/test_audio_analysis.py::BadgeTests::test_badge_tier_premium PASSED [  4%]
Lint, Tests, Build	Tests unitaires avec couverture	2026-05-11T16:38:22.9931047Z tests/test_audio_analysis.py::EdgeCaseTests::test_channels_none PASSED   [  4%]
Lint, Tests, Build	Tests unitaires avec couverture	2026-05-11T16:38:22.9948049Z tests/test_audio_analysis.py::EdgeCaseTests::test_languages_collected PASSED [  5%]
Lint, Tests, Build	Tests unitaires avec couverture	2026-05-11T16:38:22.9963870Z tests/test_audio_analysis.py::EdgeCaseTests::test_unknown_codec PASSED   [  5%]
Lint, Tests, Build	Tests unitaires avec couverture	2026-05-11T16:38:22.9980056Z tests/test_audio_analysis.py::EdgeCaseTests::test_zero_tracks PASSED     [  5%]
Lint, Tests, Build	Tests unitaires avec couverture	2026-05-11T16:38:23.0002431Z tests/test_audio_analysis.py::ProbeEnrichmentTests::test_ffprobe_extraction_structure PASSED [  5%]
Lint, Tests, Build	Tests unitaires avec couverture	2026-05-11T16:38:23.0023008Z tests/test_audio_analysis.py::UiBadgeTests::test_dashboard_audio_badge SKIPPED [  5%]
Lint, Tests, Build	Tests unitaires avec couverture	2026-05-11T16:38:23.0041043Z tests/test_audio_analysis.py::UiBadgeTests::test_dashboard_css_audio SKIPPED [  5%]
Lint, Tests, Build	Tests unitaires avec couverture	2026-05-11T16:38:23.0058807Z tests/test_audio_analysis.py::UiBadgeTests::test_desktop_audio_badge SKIPPED [  5%]
Lint, Tests, Build	Tests unitaires avec couverture	2026-05-11T16:38:23.0076827Z tests/test_audio_analysis.py::UiBadgeTests::test_desktop_css_audio_basique SKIPPED [  5%]
Lint, Tests, Build	Tests unitaires avec couverture	2026-05-11T16:38:23.0094596Z tests/test_audio_analysis.py::UiBadgeTests::test_desktop_css_audio_bon SKIPPED [  5%]
Lint, Tests, Build	Tests unitaires avec couverture	2026-05-11T16:38:23.0112411Z tests/test_audio_analysis.py::UiBadgeTests::test_desktop_css_audio_premium SKIPPED [  5%]
Lint, Tests, Build	Tests unitaires avec couverture	2026-05-11T16:38:23.0129980Z tests/test_audio_analysis.py::UiBadgeTests::test_desktop_css_audio_standard SKIPPED [  5%]
Lint, Tests, Build	Tests unitaires avec couverture	2026-05-11T16:38:23.0147367Z tests/test_audio_analysis.py::AudioLanguageCoherenceTests::test_all_tracks_missing_language PASSED [  5%]
Lint, Tests, Build	Tests unitaires avec couverture	2026-05-11T16:38:23.0163375Z tests/test_audio_analysis.py::AudioLanguageCoherenceTests::test_all_tracks_tagged PASSED [  5%]
Lint, Tests, Build	Tests unitaires avec couverture	2026-05-11T16:38:23.0179042Z tests/test_audio_analysis.py::AudioLanguageCoherenceTests::test_commentary_without_language_ignored PASSED [  5%]
Lint, Tests, Build	Tests unitaires avec couverture	2026-05-11T16:38:23.0194950Z tests/test_audio_analysis.py::AudioLanguageCoherenceTests::test_empty_tracks_no_crash PASSED [  5%]
Lint, Tests, Build	Tests unitaires avec couverture	2026-05-11T16:38:23.0211399Z tests/test_audio_analysis.py::AudioLanguageCoherenceTests::test_one_track_missing_language PASSED [  5%]
Lint, Tests, Build	Tests unitaires avec couverture	2026-05-11T16:38:23.0227620Z tests/test_audio_analysis.py::AudioLanguageCoherenceTests::test_single_track_no_language PASSED [  5%]
Lint, Tests, Build	Tests unitaires avec couverture	2026-05-11T16:38:23.0244341Z tests/test_audio_analysis.py::AudioLanguageCoherenceTests::test_und_treated_as_missing PASSED [  5%]
Lint, Tests, Build	Tests unitaires avec couverture	2026-05-11T16:38:23.0262324Z tests/test_audio_analysis.py::AudioLanguageUiTests::test_app_css_has_audio_lang SKIPPED [  5%]
Lint, Tests, Build	Tests unitaires avec couverture	2026-05-11T16:38:23.0279400Z tests/test_audio_analysis.py::AudioLanguageUiTests::test_dash_css_has_audio_lang SKIPPED [  5%]
Lint, Tests, Build	Tests unitaires avec couverture	2026-05-11T16:38:23.0297215Z tests/test_audio_analysis.py::AudioLanguageUiTests::test_review_js_has_audio_lang_badge SKIPPED [  5%]
Lint, Tests, Build	Tests unitaires avec couverture	2026-05-11T16:38:23.0316855Z tests/test_audio_analysis.py::AudioLanguageUiTests::test_validation_js_has_audio_lang_badge SKIPPED [  5%]
Lint, Tests, Build	Tests unitaires avec couverture	2026-05-11T16:38:23.0347664Z tests/test_audio_fingerprint.py::TestResolveFpcalcPath::test_fallback_to_system_which PASSED [  5%]
Lint, Tests, Build	Tests unitaires avec couverture	2026-05-11T16:38:23.0376680Z tests/test_audio_fingerprint.py::TestResolveFpcalcPath::test_finds_embedded_in_assets_tools SKIPPED [  5%]
Lint, Tests, Build	Tests unitaires avec couverture	2026-05-11T16:38:23.0405552Z tests/test_audio_fingerprint.py::TestResolveFpcalcPath::test_returns_none_if_absent PASSED [  5%]
Lint, Tests, Build	Tests unitaires avec couverture	2026-05-11T16:38:23.0428117Z tests/test_audio_fingerprint.py::TestComputeAudioFingerprintMocked::test_full_file_if_short PASSED [  5%]
Lint, Tests, Build	Tests unitaires avec couverture	2026-05-11T16:38:23.0449670Z tests/test_audio_fingerprint.py::TestComputeAudioFingerprintMocked::test_oserror_returns_none PASSED [  5%]
Lint, Tests, Build	Tests unitaires avec couverture	2026-05-11T16:38:23.0472701Z tests/test_audio_fingerprint.py::TestComputeAudioFingerprintMocked::test_returns_none_on_empty_fingerprint PASSED [  5%]
Lint, Tests, Build	Tests unitaires avec couverture	2026-05-11T16:38:23.0495739Z tests/test_audio_fingerprint.py::TestComputeAudioFingerprintMocked::test_returns_none_on_non_json_stdout PASSED [  5%]
Lint, Tests, Build	Tests unitaires avec couverture	2026-05-11T16:38:23.0518723Z tests/test_audio_fingerprint.py::TestComputeAudioFingerprintMocked::test_returns_none_on_nonzero_returncode PASSED [  5%]
Lint, Tests, Build	Tests unitaires avec couverture	2026-05-11T16:38:23.0539816Z tests/test_audio_fingerprint.py::TestComputeAudioFingerprintMocked::test_segment_if_long PASSED [  5%]
Lint, Tests, Build	Tests unitaires avec couverture	2026-05-11T16:38:23.0562442Z tests/test_audio_fingerprint.py::TestComputeAudioFingerprintMocked::test_timeout_returns_none PASSED [  5%]
Lint, Tests, Build	Tests unitaires avec couverture	2026-05-11T16:38:23.0578665Z tests/test_audio_fingerprint.py::TestEncodeDecodeFingerprint::test_empty_string PASSED [  5%]
Lint, Tests, Build	Tests unitaires avec couverture	2026-05-11T16:38:23.0595618Z tests/test_audio_fingerprint.py::TestEncodeDecodeFingerprint::test_malformed_base64_raises PASSED [  5%]
Lint, Tests, Build	Tests unitaires avec couverture	2026-05-11T16:38:23.0612223Z tests/test_audio_fingerprint.py::TestEncodeDecodeFingerprint::test_roundtrip PASSED [  5%]
Lint, Tests, Build	Tests unitaires avec couverture	2026-05-11T16:38:23.0629711Z tests/test_audio_fingerprint.py::TestCompareAudioFingerprints::test_completely_different PASSED [  5%]
Lint, Tests, Build	Tests unitaires avec couverture	2026-05-11T16:38:23.0646011Z tests/test_audio_fingerprint.py::TestCompareAudioFingerprints::test_different_lengths_aligned_to_min PASSED [  5%]
Lint, Tests, Build	Tests unitaires avec couverture	2026-05-11T16:38:23.0662046Z tests/test_audio_fingerprint.py::TestCompareAudioFingerprints::test_empty_returns_none PASSED [  5%]
Lint, Tests, Build	Tests unitaires avec couverture	2026-05-11T16:38:23.0677810Z tests/test_audio_fingerprint.py::TestCompareAudioFingerprints::test_identical_returns_1_0 PASSED [  5%]
Lint, Tests, Build	Tests unitaires avec couverture	2026-05-11T16:38:23.0694073Z tests/test_audio_fingerprint.py::TestCompareAudioFingerprints::test_malformed_returns_none PASSED [  5%]
Lint, Tests, Build	Tests unitaires avec couverture	2026-05-11T16:38:23.0710737Z tests/test_audio_fingerprint.py::TestCompareAudioFingerprints::test_none_either_side_returns_none PASSED [  6%]
Lint, Tests, Build	Tests unitaires avec couverture	2026-05-11T16:38:23.0727669Z tests/test_audio_fingerprint.py::TestClassifyFingerprintSimilarity::test_confirmed PASSED [  6%]
Lint, Tests, Build	Tests unitaires avec couverture	2026-05-11T16:38:23.0744221Z tests/test_audio_fingerprint.py::TestClassifyFingerprintSimilarity::test_different PASSED [  6%]
Lint, Tests, Build	Tests unitaires avec couverture	2026-05-11T16:38:23.0759381Z tests/test_audio_fingerprint.py::TestClassifyFingerprintSimilarity::test_possible PASSED [  6%]
Lint, Tests, Build	Tests unitaires avec couverture	2026-05-11T16:38:23.0775355Z tests/test_audio_fingerprint.py::TestClassifyFingerprintSimilarity::test_probable PASSED [  6%]
Lint, Tests, Build	Tests unitaires avec couverture	2026-05-11T16:38:23.0791673Z tests/test_audio_fingerprint.py::TestClassifyFingerprintSimilarity::test_unknown_on_none PASSED [  6%]
Lint, Tests, Build	Tests unitaires avec couverture	2026-05-11T16:38:23.0831256Z tests/test_audio_fingerprint.py::TestSettingDefaults::test_default_enabled PASSED [  6%]
Lint, Tests, Build	Tests unitaires avec couverture	2026-05-11T16:38:23.0893523Z tests/test_audio_fingerprint.py::TestSettingDefaults::test_roundtrip_false PASSED [  6%]
Lint, Tests, Build	Tests unitaires avec couverture	2026-05-11T16:38:23.0953267Z tests/test_audio_fingerprint.py::TestSettingDefaults::test_roundtrip_true PASSED [  6%]
Lint, Tests, Build	Tests unitaires avec couverture	2026-05-11T16:38:23.1000692Z tests/test_audio_fingerprint.py::TestAudioPerceptualIntegration::test_fingerprint_disabled_skips_computation PASSED [  6%]
Lint, Tests, Build	Tests unitaires avec couverture	2026-05-11T16:38:23.1042699Z tests/test_audio_fingerprint.py::TestAudioPerceptualIntegration::test_fingerprint_populated_when_fpcalc_available PASSED [  6%]
Lint, Tests, Build	Tests unitaires avec couverture	2026-05-11T16:38:23.1082975Z tests/test_audio_fingerprint.py::TestAudioPerceptualIntegration::test_fpcalc_missing_sets_source_none PASSED [  6%]
Lint, Tests, Build	Tests unitaires avec couverture	2026-05-11T16:38:23.2609341Z tests/test_audio_fingerprint.py::TestStoreRoundtrip::test_upsert_and_get_preserves_fingerprint PASSED [  6%]
Lint, Tests, Build	Tests unitaires avec couverture	2026-05-11T16:38:23.2630640Z tests/test_audio_fingerprint.py::TestSpecContainsFpcalcHook::test_datas_fpcalc_conditional PASSED [  6%]
Lint, Tests, Build	Tests unitaires avec couverture	2026-05-11T16:38:23.2652225Z tests/test_audio_fingerprint.py::TestSpecContainsFpcalcHook::test_hiddenimport_audio_fingerprint PASSED [  6%]
Lint, Tests, Build	Tests unitaires avec couverture	2026-05-11T16:38:23.2673097Z tests/test_audit_fixes.py::EndpointCoexistenceTests::test_both_export_endpoints_exist PASSED [  6%]
Lint, Tests, Build	Tests unitaires avec couverture	2026-05-11T16:38:23.2692845Z tests/test_audit_fixes.py::EndpointCoexistenceTests::test_both_import_endpoints_exist PASSED [  6%]
Lint, Tests, Build	Tests unitaires avec couverture	2026-05-11T16:38:23.2714361Z tests/test_audit_fixes.py::EndpointCoexistenceTests::test_shareable_endpoints_distinct_signatures PASSED [  6%]
Lint, Tests, Build	Tests unitaires avec couverture	2026-05-11T16:38:23.3315495Z tests/test_audit_fixes.py::ShareableEndpointPositionalArgsTests::test_export_shareable_accepts_positional PASSED [  6%]
Lint, Tests, Build	Tests unitaires avec couverture	2026-05-11T16:38:23.3960178Z tests/test_audit_fixes.py::ShareableEndpointPositionalArgsTests::test_export_shareable_no_args PASSED [  6%]
Lint, Tests, Build	Tests unitaires avec couverture	2026-05-11T16:38:23.5410134Z tests/test_audit_fixes.py::ShareableEndpointPositionalArgsTests::test_import_shareable_accepts_positional PASSED [  6%]
Lint, Tests, Build	Tests unitaires avec couverture	2026-05-11T16:38:23.5431935Z tests/test_audit_fixes.py::DeleteFeedbackEndpointTests::test_endpoint_exists PASSED [  6%]
Lint, Tests, Build	Tests unitaires avec couverture	2026-05-11T16:38:23.6038900Z tests/test_audit_fixes.py::DeleteFeedbackEndpointTests::test_returns_ok_structure PASSED [  6%]
Lint, Tests, Build	Tests unitaires avec couverture	2026-05-11T16:38:23.6072068Z tests/test_audit_fixes.py::BitrateGenreAdjustmentTests::test_animation_genre_reduces_threshold_effect PASSED [  6%]
Lint, Tests, Build	Tests unitaires avec couverture	2026-05-11T16:38:23.6094908Z tests/test_audit_fixes.py::BitrateGenreAdjustmentTests::test_primary_genre_exposed_in_metrics PASSED [  6%]
Lint, Tests, Build	Tests unitaires avec couverture	2026-05-11T16:38:23.6132107Z tests/test_audit_fixes.py::AuditUIIntegrationTests::test_calibration_button_in_html PASSED [  6%]
Lint, Tests, Build	Tests unitaires avec couverture	2026-05-11T16:38:23.6148277Z tests/test_audit_fixes.py::AuditUIIntegrationTests::test_explain_score_uses_tierPill PASSED [  6%]
Lint, Tests, Build	Tests unitaires avec couverture	2026-05-11T16:38:23.6163752Z tests/test_audit_fixes.py::AuditUIIntegrationTests::test_settings_consumes_calibration_report PASSED [  6%]
Lint, Tests, Build	Tests unitaires avec couverture	2026-05-11T16:38:23.6181354Z tests/test_audit_fixes.py::AuditUIIntegrationTests::test_settings_uses_shareable_endpoints PASSED [  6%]
Lint, Tests, Build	Tests unitaires avec couverture	2026-05-11T16:38:23.6202695Z tests/test_auto_install.py::TestGetToolsDir::test_creates_dir PASSED     [  6%]
Lint, Tests, Build	Tests unitaires avec couverture	2026-05-11T16:38:23.6222948Z tests/test_auto_install.py::TestGetToolsDir::test_returns_path PASSED    [  6%]
Lint, Tests, Build	Tests unitaires avec couverture	2026-05-11T16:38:23.6259411Z tests/test_auto_install.py::TestFindInZip::test_finds_nested_exe PASSED  [  6%]
Lint, Tests, Build	Tests unitaires avec couverture	2026-05-11T16:38:23.6290795Z tests/test_auto_install.py::TestFindInZip::test_returns_none_if_missing PASSED [  6%]
Lint, Tests, Build	Tests unitaires avec couverture	2026-05-11T16:38:23.6373773Z tests/test_auto_install.py::TestInstallFfprobe::test_downloads_and_extracts PASSED [  6%]
Lint, Tests, Build	Tests unitaires avec couverture	2026-05-11T16:38:23.6425297Z tests/test_auto_install.py::TestInstallFfprobe::test_raises_if_exe_not_in_zip PASSED [  6%]
Lint, Tests, Build	Tests unitaires avec couverture	2026-05-11T16:38:23.6460295Z tests/test_auto_install.py::TestInstallFfprobe::test_returns_existing_path PASSED [  6%]
Lint, Tests, Build	Tests unitaires avec couverture	2026-05-11T16:38:23.6520094Z tests/test_auto_install.py::TestInstallMediainfo::test_downloads_and_extracts PASSED [  6%]
Lint, Tests, Build	Tests unitaires avec couverture	2026-05-11T16:38:23.6545808Z tests/test_auto_install.py::TestInstallAll::test_partial_failure PASSED  [  6%]
Lint, Tests, Build	Tests unitaires avec couverture	2026-05-11T16:38:23.6568541Z tests/test_auto_install.py::TestInstallAll::test_success PASSED          [  6%]
Lint, Tests, Build	Tests unitaires avec couverture	2026-05-11T16:38:23.6592876Z tests/test_auto_quarantine_corrupted.py::AutoQuarantineCorruptedTests::test_legacy_behavior_corrupted_goes_to_manual PASSED [  7%]
Lint, Tests, Build	Tests unitaires avec couverture	2026-05-11T16:38:23.6617571Z tests/test_auto_quarantine_corrupted.py::AutoQuarantineCorruptedTests::test_no_corruption_no_quarantine PASSED [  7%]
Lint, Tests, Build	Tests unitaires avec couverture	2026-05-11T16:38:23.6639665Z tests/test_auto_quarantine_corrupted.py::AutoQuarantineCorruptedTests::test_quarantine_corrupted_disabled_no_quarantine_ids PASSED [  7%]
Lint, Tests, Build	Tests unitaires avec couverture	2026-05-11T16:38:23.6661902Z tests/test_auto_quarantine_corrupted.py::AutoQuarantineCorruptedTests::test_quarantine_corrupted_enabled PASSED [  7%]
Lint, Tests, Build	Tests unitaires avec couverture	2026-05-11T16:38:23.6684917Z tests/test_auto_quarantine_corrupted.py::AutoQuarantineCorruptedTests::test_returns_quarantine_corrupted_flag_in_response PASSED [  7%]
Lint, Tests, Build	Tests unitaires avec couverture	2026-05-11T16:38:23.8302231Z tests/test_auto_quarantine_corrupted.py::SettingsDefaultTests::test_setting_default_is_false FAILED [  7%]
Lint, Tests, Build	Tests unitaires avec couverture	2026-05-11T16:38:23.8319699Z tests/test_axe_dashboard.py::AxeDashboardTests::test_axe_baseline SKIPPED [  7%]
Lint, Tests, Build	Tests unitaires avec couverture	2026-05-11T16:38:24.1546097Z tests/test_backend_flow.py::CineSortApiFlowTests::test_analysis_summary_clarifies_ignored_entries_vs_observed_extensions PASSED [  7%]
Lint, Tests, Build	Tests unitaires avec couverture	2026-05-11T16:38:24.9282770Z tests/test_backend_flow.py::CineSortApiFlowTests::test_plan_validation_apply_full_flow PASSED [  7%]
Lint, Tests, Build	Tests unitaires avec couverture	2026-05-11T16:38:24.9322552Z tests/test_backend_flow.py::CineSortApiFlowTests::test_start_plan_reports_missing_root PASSED [  7%]
Lint, Tests, Build	Tests unitaires avec couverture	2026-05-11T16:38:24.9340627Z tests/test_calibration.py::TierOrdinalTests::test_canonical_tiers PASSED [  7%]
Lint, Tests, Build	Tests unitaires avec couverture	2026-05-11T16:38:24.9357019Z tests/test_calibration.py::TierOrdinalTests::test_case_insensitive PASSED [  7%]
Lint, Tests, Build	Tests unitaires avec couverture	2026-05-11T16:38:24.9373308Z tests/test_calibration.py::TierOrdinalTests::test_legacy_aliases PASSED  [  7%]
Lint, Tests, Build	Tests unitaires avec couverture	2026-05-11T16:38:24.9390009Z tests/test_calibration.py::TierOrdinalTests::test_unknown_returns_minus_one PASSED [  7%]
Lint, Tests, Build	Tests unitaires avec couverture	2026-05-11T16:38:24.9407085Z tests/test_calibration.py::ComputeTierDeltaTests::test_accord PASSED     [  7%]
Lint, Tests, Build	Tests unitaires avec couverture	2026-05-11T16:38:24.9423204Z tests/test_calibration.py::ComputeTierDeltaTests::test_unknown_returns_zero PASSED [  7%]
Lint, Tests, Build	Tests unitaires avec couverture	2026-05-11T16:38:24.9439249Z tests/test_calibration.py::ComputeTierDeltaTests::test_user_higher PASSED [  7%]
Lint, Tests, Build	Tests unitaires avec couverture	2026-05-11T16:38:24.9455167Z tests/test_calibration.py::ComputeTierDeltaTests::test_user_lower PASSED [  7%]
Lint, Tests, Build	Tests unitaires avec couverture	2026-05-11T16:38:24.9472856Z tests/test_calibration.py::AnalyzeFeedbackBiasTests::test_all_accord PASSED [  7%]
Lint, Tests, Build	Tests unitaires avec couverture	2026-05-11T16:38:24.9489376Z tests/test_calibration.py::AnalyzeFeedbackBiasTests::test_category_bias_counts PASSED [  7%]
Lint, Tests, Build	Tests unitaires avec couverture	2026-05-11T16:38:24.9505485Z tests/test_calibration.py::AnalyzeFeedbackBiasTests::test_empty_returns_neutral PASSED [  7%]
Lint, Tests, Build	Tests unitaires avec couverture	2026-05-11T16:38:24.9521903Z tests/test_calibration.py::AnalyzeFeedbackBiasTests::test_overscore_bias PASSED [  7%]
Lint, Tests, Build	Tests unitaires avec couverture	2026-05-11T16:38:24.9538092Z tests/test_calibration.py::AnalyzeFeedbackBiasTests::test_underscore_bias PASSED [  7%]
Lint, Tests, Build	Tests unitaires avec couverture	2026-05-11T16:38:24.9554649Z tests/test_calibration.py::AnalyzeFeedbackBiasTests::test_weak_bias_not_strong PASSED [  7%]
Lint, Tests, Build	Tests unitaires avec couverture	2026-05-11T16:38:24.9571924Z tests/test_calibration.py::SuggestWeightAdjustmentTests::test_no_category_pointed_returns_none PASSED [  7%]
Lint, Tests, Build	Tests unitaires avec couverture	2026-05-11T16:38:24.9588203Z tests/test_calibration.py::SuggestWeightAdjustmentTests::test_no_suggestion_if_weak_bias PASSED [  7%]
Lint, Tests, Build	Tests unitaires avec couverture	2026-05-11T16:38:24.9605173Z tests/test_calibration.py::SuggestWeightAdjustmentTests::test_overscore_video_decreases_video_weight PASSED [  7%]
Lint, Tests, Build	Tests unitaires avec couverture	2026-05-11T16:38:24.9621786Z tests/test_calibration.py::SuggestWeightAdjustmentTests::test_rationale_contains_explanation PASSED [  7%]
Lint, Tests, Build	Tests unitaires avec couverture	2026-05-11T16:38:24.9638774Z tests/test_calibration.py::SuggestWeightAdjustmentTests::test_underscore_audio_increases_audio_weight PASSED [  7%]
Lint, Tests, Build	Tests unitaires avec couverture	2026-05-11T16:38:25.0200542Z tests/test_calibration.py::SubmitFeedbackIntegrationTests::test_invalid_run_id PASSED [  7%]
Lint, Tests, Build	Tests unitaires avec couverture	2026-05-11T16:38:25.0235237Z tests/test_calibration.py::SubmitFeedbackIntegrationTests::test_missing_row_id PASSED [  7%]
Lint, Tests, Build	Tests unitaires avec couverture	2026-05-11T16:38:25.3069338Z tests/test_calibration.py::SubmitFeedbackIntegrationTests::test_submit_feedback_without_quality_report_fails PASSED [  7%]
Lint, Tests, Build	Tests unitaires avec couverture	2026-05-11T16:38:25.3104992Z tests/test_cinesort_api_email.py::TestEmailReport::test_email_to_missing PASSED [  7%]
Lint, Tests, Build	Tests unitaires avec couverture	2026-05-11T16:38:25.3140086Z tests/test_cinesort_api_email.py::TestEmailReport::test_send_failure PASSED [  7%]
Lint, Tests, Build	Tests unitaires avec couverture	2026-05-11T16:38:25.3175555Z tests/test_cinesort_api_email.py::TestEmailReport::test_send_success PASSED [  7%]
Lint, Tests, Build	Tests unitaires avec couverture	2026-05-11T16:38:25.3209660Z tests/test_cinesort_api_email.py::TestEmailReport::test_smtp_host_missing PASSED [  7%]
Lint, Tests, Build	Tests unitaires avec couverture	2026-05-11T16:38:25.3248447Z tests/test_cinesort_api_email.py::TestGetJellyfinLibraries::test_jellyfin_url_missing PASSED [  7%]
Lint, Tests, Build	Tests unitaires avec couverture	2026-05-11T16:38:25.3287046Z tests/test_cinesort_api_email.py::TestGetJellyfinLibraries::test_libraries_jellyfin_error PASSED [  7%]
Lint, Tests, Build	Tests unitaires avec couverture	2026-05-11T16:38:25.3325402Z tests/test_cinesort_api_email.py::TestGetJellyfinLibraries::test_libraries_validate_connection_fails PASSED [  7%]
Lint, Tests, Build	Tests unitaires avec couverture	2026-05-11T16:38:25.3367462Z tests/test_cinesort_api_email.py::TestGetJellyfinLibraries::test_libraries_validate_connection_when_no_user_id PASSED [  7%]
Lint, Tests, Build	Tests unitaires avec couverture	2026-05-11T16:38:25.3410333Z tests/test_cinesort_api_email.py::TestGetJellyfinLibraries::test_libraries_with_user_id PASSED [  8%]
Lint, Tests, Build	Tests unitaires avec couverture	2026-05-11T16:38:25.3471282Z tests/test_cinesort_api_email.py::TestGetJellyfinSyncReport::test_jellyfin_connection_error PASSED [  8%]
Lint, Tests, Build	Tests unitaires avec couverture	2026-05-11T16:38:25.3503860Z tests/test_cinesort_api_email.py::TestGetJellyfinSyncReport::test_jellyfin_disabled PASSED [  8%]
Lint, Tests, Build	Tests unitaires avec couverture	2026-05-11T16:38:25.4761749Z tests/test_cinesort_api_email.py::TestGetJellyfinSyncReport::test_jellyfin_no_run PASSED [  8%]
Lint, Tests, Build	Tests unitaires avec couverture	2026-05-11T16:38:25.4796788Z tests/test_cinesort_api_email.py::TestGetJellyfinSyncReport::test_jellyfin_url_missing PASSED [  8%]
Lint, Tests, Build	Tests unitaires avec couverture	2026-05-11T16:38:25.5377904Z tests/test_cinesort_api_misc.py::TestServerInfoAndQR::test_get_dashboard_qr_fallback PASSED [  8%]
Lint, Tests, Build	Tests unitaires avec couverture	2026-05-11T16:38:25.5420667Z tests/test_cinesort_api_misc.py::TestServerInfoAndQR::test_get_dashboard_qr_segno_failure PASSED [  8%]
Lint, Tests, Build	Tests unitaires avec couverture	2026-05-11T16:38:25.5454216Z tests/test_cinesort_api_misc.py::TestServerInfoAndQR::test_get_event_ts_returns_floats PASSED [  8%]
Lint, Tests, Build	Tests unitaires avec couverture	2026-05-11T16:38:25.5484606Z tests/test_cinesort_api_misc.py::TestServerInfoAndQR::test_get_server_info_no_server PASSED [  8%]
Lint, Tests, Build	Tests unitaires avec couverture	2026-05-11T16:38:25.5521830Z tests/test_cinesort_api_misc.py::TestServerInfoAndQR::test_get_server_info_running PASSED [  8%]
Lint, Tests, Build	Tests unitaires avec couverture	2026-05-11T16:38:25.5555747Z tests/test_cinesort_api_misc.py::TestRestartApiServer::test_restart_disabled PASSED [  8%]
Lint, Tests, Build	Tests unitaires avec couverture	2026-05-11T16:38:25.5589002Z tests/test_cinesort_api_misc.py::TestRestartApiServer::test_restart_no_token PASSED [  8%]
Lint, Tests, Build	Tests unitaires avec couverture	2026-05-11T16:38:25.5636312Z tests/test_cinesort_api_misc.py::TestRestartApiServer::test_restart_stops_old_server PASSED [  8%]
Lint, Tests, Build	Tests unitaires avec couverture	2026-05-11T16:38:25.5680856Z tests/test_cinesort_api_misc.py::TestRestartApiServer::test_restart_success PASSED [  8%]
Lint, Tests, Build	Tests unitaires avec couverture	2026-05-11T16:38:25.5743889Z tests/test_cinesort_api_misc.py::TestResetIncrementalCache::test_reset_clear_failure PASSED [  8%]
Lint, Tests, Build	Tests unitaires avec couverture	2026-05-11T16:38:25.5788554Z tests/test_cinesort_api_misc.py::TestResetIncrementalCache::test_reset_store_init_failure PASSED [  8%]
Lint, Tests, Build	Tests unitaires avec couverture	2026-05-11T16:38:25.5828908Z tests/test_cinesort_api_misc.py::TestResetIncrementalCache::test_reset_success PASSED [  8%]
Lint, Tests, Build	Tests unitaires avec couverture	2026-05-11T16:38:25.5855491Z tests/test_cinesort_api_misc.py::TestValidateDroppedPath::test_empty_path PASSED [  8%]
Lint, Tests, Build	Tests unitaires avec couverture	2026-05-11T16:38:25.5890004Z tests/test_cinesort_api_misc.py::TestValidateDroppedPath::test_existing_directory PASSED [  8%]
Lint, Tests, Build	Tests unitaires avec couverture	2026-05-11T16:38:25.5929610Z tests/test_cinesort_api_misc.py::TestValidateDroppedPath::test_file_not_dir PASSED [  8%]
Lint, Tests, Build	Tests unitaires avec couverture	2026-05-11T16:38:25.5959894Z tests/test_cinesort_api_misc.py::TestValidateDroppedPath::test_nonexistent_path PASSED [  8%]
Lint, Tests, Build	Tests unitaires avec couverture	2026-05-11T16:38:25.5985656Z tests/test_cinesort_api_misc.py::TestValidateDroppedPath::test_unc_special_dot PASSED [  8%]
Lint, Tests, Build	Tests unitaires avec couverture	2026-05-11T16:38:25.6012633Z tests/test_cinesort_api_misc.py::TestValidateDroppedPath::test_unc_special_qmark PASSED [  8%]
Lint, Tests, Build	Tests unitaires avec couverture	2026-05-11T16:38:25.6034861Z tests/test_cinesort_api_misc.py::TestNamingPresets::test_get_naming_presets PASSED [  8%]
Lint, Tests, Build	Tests unitaires avec couverture	2026-05-11T16:38:25.6058216Z tests/test_cinesort_api_misc.py::TestNamingPresets::test_preview_naming_template_default PASSED [  8%]
Lint, Tests, Build	Tests unitaires avec couverture	2026-05-11T16:38:25.6079372Z tests/test_cinesort_api_misc.py::TestNamingPresets::test_preview_naming_template_invalid PASSED [  8%]
Lint, Tests, Build	Tests unitaires avec couverture	2026-05-11T16:38:25.6100928Z tests/test_cinesort_api_misc.py::TestCustomRulesEndpoints::test_get_custom_rules_catalog PASSED [  8%]
Lint, Tests, Build	Tests unitaires avec couverture	2026-05-11T16:38:25.6126544Z tests/test_cinesort_api_misc.py::TestCustomRulesEndpoints::test_get_custom_rules_templates PASSED [  8%]
Lint, Tests, Build	Tests unitaires avec couverture	2026-05-11T16:38:25.6147766Z tests/test_cinesort_api_misc.py::TestCustomRulesEndpoints::test_validate_custom_rules_empty PASSED [  8%]
Lint, Tests, Build	Tests unitaires avec couverture	2026-05-11T16:38:25.6169263Z tests/test_cinesort_api_misc.py::TestCustomRulesEndpoints::test_validate_custom_rules_invalid PASSED [  8%]
Lint, Tests, Build	Tests unitaires avec couverture	2026-05-11T16:38:25.6221144Z tests/test_cinesort_api_misc.py::TestTestReset::test_reset_disabled_in_prod PASSED [  8%]
Lint, Tests, Build	Tests unitaires avec couverture	2026-05-11T16:38:25.6271833Z tests/test_cinesort_api_misc.py::TestTestReset::test_reset_enabled_e2e PASSED [  8%]
Lint, Tests, Build	Tests unitaires avec couverture	2026-05-11T16:38:25.6322736Z tests/test_cinesort_api_misc.py::TestTestReset::test_reset_lowers_min_video_bytes PASSED [  8%]
Lint, Tests, Build	Tests unitaires avec couverture	2026-05-11T16:38:25.6379444Z tests/test_cinesort_api_misc.py::TestExportShareableProfile::test_export_corrupt_profile_json PASSED [  8%]
Lint, Tests, Build	Tests unitaires avec couverture	2026-05-11T16:38:25.6501053Z tests/test_cinesort_api_misc.py::TestExportShareableProfile::test_export_no_active_profile_uses_default PASSED [  8%]
Lint, Tests, Build	Tests unitaires avec couverture	2026-05-11T16:38:25.6536888Z tests/test_cinesort_api_misc.py::TestExportShareableProfile::test_export_store_init_failure PASSED [  8%]
Lint, Tests, Build	Tests unitaires avec couverture	2026-05-11T16:38:25.6577954Z tests/test_cinesort_api_misc.py::TestExportShareableProfile::test_export_with_active_profile PASSED [  8%]
Lint, Tests, Build	Tests unitaires avec couverture	2026-05-11T16:38:25.6610093Z tests/test_cinesort_api_misc.py::TestImportShareableProfile::test_import_empty PASSED [  8%]
Lint, Tests, Build	Tests unitaires avec couverture	2026-05-11T16:38:25.6641012Z tests/test_cinesort_api_misc.py::TestImportShareableProfile::test_import_invalid_json PASSED [  8%]
Lint, Tests, Build	Tests unitaires avec couverture	2026-05-11T16:38:25.6688398Z tests/test_cinesort_api_misc.py::TestImportShareableProfile::test_import_store_init_fails PASSED [  9%]
Lint, Tests, Build	Tests unitaires avec couverture	2026-05-11T16:38:25.6737756Z tests/test_cinesort_api_misc.py::TestImportShareableProfile::test_import_valid_profile PASSED [  9%]
Lint, Tests, Build	Tests unitaires avec couverture	2026-05-11T16:38:25.6781763Z tests/test_cinesort_api_misc.py::TestSubmitScoreFeedback::test_insert_failure PASSED [  9%]
Lint, Tests, Build	Tests unitaires avec couverture	2026-05-11T16:38:25.6812572Z tests/test_cinesort_api_misc.py::TestSubmitScoreFeedback::test_invalid_run_id PASSED [  9%]
Lint, Tests, Build	Tests unitaires avec couverture	2026-05-11T16:38:25.6845471Z tests/test_cinesort_api_misc.py::TestSubmitScoreFeedback::test_missing_row_id PASSED [  9%]
Lint, Tests, Build	Tests unitaires avec couverture	2026-05-11T16:38:25.6880902Z tests/test_cinesort_api_misc.py::TestSubmitScoreFeedback::test_missing_user_tier PASSED [  9%]
Lint, Tests, Build	Tests unitaires avec couverture	2026-05-11T16:38:25.6918193Z tests/test_cinesort_api_misc.py::TestSubmitScoreFeedback::test_no_quality_report PASSED [  9%]
Lint, Tests, Build	Tests unitaires avec couverture	2026-05-11T16:38:25.6952384Z tests/test_cinesort_api_misc.py::TestSubmitScoreFeedback::test_run_not_found PASSED [  9%]
Lint, Tests, Build	Tests unitaires avec couverture	2026-05-11T16:38:25.6991566Z tests/test_cinesort_api_misc.py::TestSubmitScoreFeedback::test_success PASSED [  9%]
Lint, Tests, Build	Tests unitaires avec couverture	2026-05-11T16:38:25.7034125Z tests/test_cinesort_api_misc.py::TestDeleteScoreFeedback::test_delete_failure PASSED [  9%]
Lint, Tests, Build	Tests unitaires avec couverture	2026-05-11T16:38:25.7069539Z tests/test_cinesort_api_misc.py::TestDeleteScoreFeedback::test_store_init_fails PASSED [  9%]
Lint, Tests, Build	Tests unitaires avec couverture	2026-05-11T16:38:25.7108212Z tests/test_cinesort_api_misc.py::TestDeleteScoreFeedback::test_success PASSED [  9%]
Lint, Tests, Build	Tests unitaires avec couverture	2026-05-11T16:38:25.7149817Z tests/test_cinesort_api_misc.py::TestGetCalibrationReport::test_list_feedbacks_failure PASSED [  9%]
Lint, Tests, Build	Tests unitaires avec couverture	2026-05-11T16:38:25.7188503Z tests/test_cinesort_api_misc.py::TestGetCalibrationReport::test_no_feedbacks_no_active_profile PASSED [  9%]
Lint, Tests, Build	Tests unitaires avec couverture	2026-05-11T16:38:25.7221304Z tests/test_cinesort_api_misc.py::TestGetCalibrationReport::test_store_init_failure PASSED [  9%]
Lint, Tests, Build	Tests unitaires avec couverture	2026-05-11T16:38:25.7262968Z tests/test_cinesort_api_misc.py::TestGetCalibrationReport::test_with_corrupt_profile_json PASSED [  9%]
Lint, Tests, Build	Tests unitaires avec couverture	2026-05-11T16:38:25.7294158Z tests/test_cinesort_api_misc.py::TestExportRunNfo::test_invalid_run_id PASSED [  9%]
Lint, Tests, Build	Tests unitaires avec couverture	2026-05-11T16:38:25.7329821Z tests/test_cinesort_api_misc.py::TestExportRunNfo::test_no_rows_in_report PASSED [  9%]
Lint, Tests, Build	Tests unitaires avec couverture	2026-05-11T16:38:25.7366591Z tests/test_cinesort_api_misc.py::TestExportRunNfo::test_payload_not_built PASSED [  9%]
Lint, Tests, Build	Tests unitaires avec couverture	2026-05-11T16:38:25.7398617Z tests/test_cinesort_api_plex.py::TestPlexConnection::test_only_token_returns_message PASSED [  9%]
Lint, Tests, Build	Tests unitaires avec couverture	2026-05-11T16:38:25.7428737Z tests/test_cinesort_api_plex.py::TestPlexConnection::test_only_url_returns_message PASSED [  9%]
Lint, Tests, Build	Tests unitaires avec couverture	2026-05-11T16:38:25.7467000Z tests/test_cinesort_api_plex.py::TestPlexConnection::test_test_plex_connection_success PASSED [  9%]
Lint, Tests, Build	Tests unitaires avec couverture	2026-05-11T16:38:25.7505622Z tests/test_cinesort_api_plex.py::TestPlexConnection::test_timeout_clamped_high PASSED [  9%]
Lint, Tests, Build	Tests unitaires avec couverture	2026-05-11T16:38:25.7542349Z tests/test_cinesort_api_plex.py::TestPlexConnection::test_timeout_clamped_low PASSED [  9%]
Lint, Tests, Build	Tests unitaires avec couverture	2026-05-11T16:38:25.7573723Z tests/test_cinesort_api_plex.py::TestPlexConnection::test_url_or_token_missing_returns_message PASSED [  9%]
Lint, Tests, Build	Tests unitaires avec couverture	2026-05-11T16:38:25.7616168Z tests/test_cinesort_api_plex.py::TestGetPlexLibraries::test_fallback_settings PASSED [  9%]
Lint, Tests, Build	Tests unitaires avec couverture	2026-05-11T16:38:25.7654084Z tests/test_cinesort_api_plex.py::TestGetPlexLibraries::test_get_libraries_plex_error PASSED [  9%]
Lint, Tests, Build	Tests unitaires avec couverture	2026-05-11T16:38:25.7690393Z tests/test_cinesort_api_plex.py::TestGetPlexLibraries::test_get_libraries_success PASSED [  9%]
Lint, Tests, Build	Tests unitaires avec couverture	2026-05-11T16:38:25.7724958Z tests/test_cinesort_api_plex.py::TestGetPlexLibraries::test_no_url_no_token_no_settings PASSED [  9%]
Lint, Tests, Build	Tests unitaires avec couverture	2026-05-11T16:38:25.7786244Z tests/test_cinesort_api_plex.py::TestGetPlexSyncReport::test_plex_connection_error_returns_message PASSED [  9%]
Lint, Tests, Build	Tests unitaires avec couverture	2026-05-11T16:38:25.7819963Z tests/test_cinesort_api_plex.py::TestGetPlexSyncReport::test_plex_disabled PASSED [  9%]
Lint, Tests, Build	Tests unitaires avec couverture	2026-05-11T16:38:25.7853798Z tests/test_cinesort_api_plex.py::TestGetPlexSyncReport::test_plex_enabled_but_library_id_missing PASSED [  9%]
Lint, Tests, Build	Tests unitaires avec couverture	2026-05-11T16:38:25.7889586Z tests/test_cinesort_api_plex.py::TestGetPlexSyncReport::test_plex_enabled_but_url_missing PASSED [  9%]
Lint, Tests, Build	Tests unitaires avec couverture	2026-05-11T16:38:25.9189271Z tests/test_cinesort_api_plex.py::TestGetPlexSyncReport::test_plex_enabled_no_run_done PASSED [  9%]
Lint, Tests, Build	Tests unitaires avec couverture	2026-05-11T16:38:25.9225842Z tests/test_cinesort_api_plugins.py::TestDispatchPluginHook::test_plugins_disabled_skips_dispatch PASSED [  9%]
Lint, Tests, Build	Tests unitaires avec couverture	2026-05-11T16:38:25.9263099Z tests/test_cinesort_api_plugins.py::TestDispatchPluginHook::test_plugins_dispatch_default_timeout PASSED [  9%]
Lint, Tests, Build	Tests unitaires avec couverture	2026-05-11T16:38:25.9298076Z tests/test_cinesort_api_plugins.py::TestDispatchPluginHook::test_plugins_dispatch_swallows_errors PASSED [  9%]
Lint, Tests, Build	Tests unitaires avec couverture	2026-05-11T16:38:25.9334927Z tests/test_cinesort_api_plugins.py::TestDispatchPluginHook::test_plugins_enabled_calls_dispatch PASSED [  9%]
Lint, Tests, Build	Tests unitaires avec couverture	2026-05-11T16:38:25.9372522Z tests/test_cinesort_api_plugins.py::TestDispatchEmail::test_dispatch_email_calls_dispatch PASSED [  9%]
Lint, Tests, Build	Tests unitaires avec couverture	2026-05-11T16:38:25.9408171Z tests/test_cinesort_api_plugins.py::TestDispatchEmail::test_dispatch_email_swallows_errors PASSED [  9%]
Lint, Tests, Build	Tests unitaires avec couverture	2026-05-11T16:38:25.9442870Z tests/test_cinesort_api_plugins.py::TestImportWatchlist::test_empty_content PASSED [ 10%]
Lint, Tests, Build	Tests unitaires avec couverture	2026-05-11T16:38:25.9476017Z tests/test_cinesort_api_plugins.py::TestImportWatchlist::test_imdb_no_films_parsed PASSED [ 10%]
Lint, Tests, Build	Tests unitaires avec couverture	2026-05-11T16:38:25.9506418Z tests/test_cinesort_api_plugins.py::TestImportWatchlist::test_invalid_source PASSED [ 10%]
Lint, Tests, Build	Tests unitaires avec couverture	2026-05-11T16:38:25.9539649Z tests/test_cinesort_api_plugins.py::TestImportWatchlist::test_letterboxd_no_films_parsed PASSED [ 10%]
Lint, Tests, Build	Tests unitaires avec couverture	2026-05-11T16:38:25.9578369Z tests/test_cinesort_api_plugins.py::TestImportWatchlist::test_letterboxd_no_run_done PASSED [ 10%]
Lint, Tests, Build	Tests unitaires avec couverture	2026-05-11T16:38:25.9637597Z tests/test_cinesort_api_plugins.py::TestImportWatchlist::test_letterboxd_success_path PASSED [ 10%]
Lint, Tests, Build	Tests unitaires avec couverture	2026-05-11T16:38:25.9675737Z tests/test_cinesort_api_radarr.py::TestRadarrConnection::test_connection_success PASSED [ 10%]
Lint, Tests, Build	Tests unitaires avec couverture	2026-05-11T16:38:25.9705900Z tests/test_cinesort_api_radarr.py::TestRadarrConnection::test_only_key PASSED [ 10%]
Lint, Tests, Build	Tests unitaires avec couverture	2026-05-11T16:38:25.9736239Z tests/test_cinesort_api_radarr.py::TestRadarrConnection::test_only_url PASSED [ 10%]
Lint, Tests, Build	Tests unitaires avec couverture	2026-05-11T16:38:25.9775590Z tests/test_cinesort_api_radarr.py::TestRadarrConnection::test_timeout_clamped PASSED [ 10%]
Lint, Tests, Build	Tests unitaires avec couverture	2026-05-11T16:38:25.9806166Z tests/test_cinesort_api_radarr.py::TestRadarrConnection::test_url_or_key_missing PASSED [ 10%]
Lint, Tests, Build	Tests unitaires avec couverture	2026-05-11T16:38:25.9867325Z tests/test_cinesort_api_radarr.py::TestGetRadarrStatus::test_radarr_connection_error PASSED [ 10%]
Lint, Tests, Build	Tests unitaires avec couverture	2026-05-11T16:38:25.9900803Z tests/test_cinesort_api_radarr.py::TestGetRadarrStatus::test_radarr_disabled PASSED [ 10%]
Lint, Tests, Build	Tests unitaires avec couverture	2026-05-11T16:38:25.9934323Z tests/test_cinesort_api_radarr.py::TestGetRadarrStatus::test_radarr_enabled_but_url_missing PASSED [ 10%]
Lint, Tests, Build	Tests unitaires avec couverture	2026-05-11T16:38:26.1180768Z tests/test_cinesort_api_radarr.py::TestGetRadarrStatus::test_radarr_no_run PASSED [ 10%]
Lint, Tests, Build	Tests unitaires avec couverture	2026-05-11T16:38:26.1215950Z tests/test_cinesort_api_radarr.py::TestRequestRadarrUpgrade::test_invalid_movie_id PASSED [ 10%]
Lint, Tests, Build	Tests unitaires avec couverture	2026-05-11T16:38:26.1249257Z tests/test_cinesort_api_radarr.py::TestRequestRadarrUpgrade::test_negative_movie_id PASSED [ 10%]
Lint, Tests, Build	Tests unitaires avec couverture	2026-05-11T16:38:26.1286060Z tests/test_cinesort_api_radarr.py::TestRequestRadarrUpgrade::test_radarr_disabled PASSED [ 10%]
Lint, Tests, Build	Tests unitaires avec couverture	2026-05-11T16:38:26.1338382Z tests/test_cinesort_api_radarr.py::TestRequestRadarrUpgrade::test_upgrade_radarr_error PASSED [ 10%]
Lint, Tests, Build	Tests unitaires avec couverture	2026-05-11T16:38:26.1378469Z tests/test_cinesort_api_radarr.py::TestRequestRadarrUpgrade::test_upgrade_success PASSED [ 10%]
Lint, Tests, Build	Tests unitaires avec couverture	2026-05-11T16:38:26.1396112Z tests/test_composite_score_toggle.py::TestNormalizeCompositeScoreVersion::test_bool_returns_default PASSED [ 10%]
Lint, Tests, Build	Tests unitaires avec couverture	2026-05-11T16:38:26.1412520Z tests/test_composite_score_toggle.py::TestNormalizeCompositeScoreVersion::test_default_is_v1 PASSED [ 10%]
Lint, Tests, Build	Tests unitaires avec couverture	2026-05-11T16:38:26.1428764Z tests/test_composite_score_toggle.py::TestNormalizeCompositeScoreVersion::test_empty_string_returns_default PASSED [ 10%]
Lint, Tests, Build	Tests unitaires avec couverture	2026-05-11T16:38:26.1445309Z tests/test_composite_score_toggle.py::TestNormalizeCompositeScoreVersion::test_float_int_like_returns_clamped PASSED [ 10%]
Lint, Tests, Build	Tests unitaires avec couverture	2026-05-11T16:38:26.1461282Z tests/test_composite_score_toggle.py::TestNormalizeCompositeScoreVersion::test_int_1_returns_1 PASSED [ 10%]
Lint, Tests, Build	Tests unitaires avec couverture	2026-05-11T16:38:26.1477362Z tests/test_composite_score_toggle.py::TestNormalizeCompositeScoreVersion::test_int_2_returns_2 PASSED [ 10%]
Lint, Tests, Build	Tests unitaires avec couverture	2026-05-11T16:38:26.1493777Z tests/test_composite_score_toggle.py::TestNormalizeCompositeScoreVersion::test_invalid_int_returns_default PASSED [ 10%]
Lint, Tests, Build	Tests unitaires avec couverture	2026-05-11T16:38:26.1509274Z tests/test_composite_score_toggle.py::TestNormalizeCompositeScoreVersion::test_invalid_string_returns_default PASSED [ 10%]
Lint, Tests, Build	Tests unitaires avec couverture	2026-05-11T16:38:26.1525130Z tests/test_composite_score_toggle.py::TestNormalizeCompositeScoreVersion::test_none_returns_default PASSED [ 10%]
Lint, Tests, Build	Tests unitaires avec couverture	2026-05-11T16:38:26.1540854Z tests/test_composite_score_toggle.py::TestNormalizeCompositeScoreVersion::test_string_1_returns_1 PASSED [ 10%]
Lint, Tests, Build	Tests unitaires avec couverture	2026-05-11T16:38:26.1557366Z tests/test_composite_score_toggle.py::TestNormalizeCompositeScoreVersion::test_string_2_returns_2 PASSED [ 10%]
Lint, Tests, Build	Tests unitaires avec couverture	2026-05-11T16:38:26.1572966Z tests/test_composite_score_toggle.py::TestNormalizeCompositeScoreVersion::test_string_v2_returns_2 PASSED [ 10%]
Lint, Tests, Build	Tests unitaires avec couverture	2026-05-11T16:38:26.1589304Z tests/test_composite_score_toggle.py::TestNormalizeCompositeScoreVersion::test_unhashable_returns_default PASSED [ 10%]
Lint, Tests, Build	Tests unitaires avec couverture	2026-05-11T16:38:26.1611083Z tests/test_composite_score_toggle.py::TestApplySettingsDefaults::test_default_injected_when_missing PASSED [ 10%]
Lint, Tests, Build	Tests unitaires avec couverture	2026-05-11T16:38:26.1630384Z tests/test_composite_score_toggle.py::TestApplySettingsDefaults::test_existing_v2_preserved PASSED [ 10%]
Lint, Tests, Build	Tests unitaires avec couverture	2026-05-11T16:38:26.1650423Z tests/test_composite_score_toggle.py::TestApplySettingsDefaults::test_invalid_value_falls_back PASSED [ 10%]
Lint, Tests, Build	Tests unitaires avec couverture	2026-05-11T16:38:26.1667578Z tests/test_composite_score_toggle.py::TestSaveSectionPerceptual::test_save_int_1_persists_int_1 PASSED [ 10%]
Lint, Tests, Build	Tests unitaires avec couverture	2026-05-11T16:38:26.1684120Z tests/test_composite_score_toggle.py::TestSaveSectionPerceptual::test_save_invalid_persists_default PASSED [ 10%]
Lint, Tests, Build	Tests unitaires avec couverture	2026-05-11T16:38:26.1700293Z tests/test_composite_score_toggle.py::TestSaveSectionPerceptual::test_save_missing_persists_default PASSED [ 10%]
Lint, Tests, Build	Tests unitaires avec couverture	2026-05-11T16:38:26.1716992Z tests/test_composite_score_toggle.py::TestSaveSectionPerceptual::test_save_string_2_persists_int_2 PASSED [ 11%]
Lint, Tests, Build	Tests unitaires avec couverture	2026-05-11T16:38:26.1734340Z tests/test_composite_score_toggle.py::TestBuildSettingsDictDispatch::test_default_dispatch_v1 PASSED [ 11%]
Lint, Tests, Build	Tests unitaires avec couverture	2026-05-11T16:38:26.1749711Z tests/test_composite_score_toggle.py::TestBuildSettingsDictDispatch::test_explicit_v2 PASSED [ 11%]
Lint, Tests, Build	Tests unitaires avec couverture	2026-05-11T16:38:26.1765497Z tests/test_composite_score_toggle.py::TestBuildSettingsDictDispatch::test_invalid_falls_back_v1 PASSED [ 11%]
Lint, Tests, Build	Tests unitaires avec couverture	2026-05-11T16:38:26.1781857Z tests/test_composite_score_toggle.py::TestBuildSettingsDictDispatch::test_string_v2_normalized PASSED [ 11%]
Lint, Tests, Build	Tests unitaires avec couverture	2026-05-11T16:38:26.1802450Z tests/test_composite_score_toggle.py::TestEnrichQualityReportDispatch::test_default_uses_v1 PASSED [ 11%]
Lint, Tests, Build	Tests unitaires avec couverture	2026-05-11T16:38:26.1821769Z tests/test_composite_score_toggle.py::TestEnrichQualityReportDispatch::test_explicit_v1 PASSED [ 11%]
Lint, Tests, Build	Tests unitaires avec couverture	2026-05-11T16:38:26.1840906Z tests/test_composite_score_toggle.py::TestEnrichQualityReportDispatch::test_no_perceptual_report PASSED [ 11%]
Lint, Tests, Build	Tests unitaires avec couverture	2026-05-11T16:38:26.1860370Z tests/test_composite_score_toggle.py::TestEnrichQualityReportDispatch::test_v2_fallback_to_v1_when_v2_missing PASSED [ 11%]
Lint, Tests, Build	Tests unitaires avec couverture	2026-05-11T16:38:26.2421969Z tests/test_composite_score_toggle.py::TestEnrichQualityReportDispatch::test_v2_promotes_v2_score PASSED [ 11%]
Lint, Tests, Build	Tests unitaires avec couverture	2026-05-11T16:38:26.2445608Z tests/test_composite_score_toggle.py::TestCoexistence::test_switch_v1_to_v2_preserves_v1_cache PASSED [ 11%]
Lint, Tests, Build	Tests unitaires avec couverture	2026-05-11T16:38:26.2462182Z tests/test_composite_score_v2.py::TestWeightsSumTo100::test_audio_weights PASSED [ 11%]
Lint, Tests, Build	Tests unitaires avec couverture	2026-05-11T16:38:26.2478199Z tests/test_composite_score_v2.py::TestWeightsSumTo100::test_coherence_weights PASSED [ 11%]
Lint, Tests, Build	Tests unitaires avec couverture	2026-05-11T16:38:26.2494048Z tests/test_composite_score_v2.py::TestWeightsSumTo100::test_global_weights PASSED [ 11%]
Lint, Tests, Build	Tests unitaires avec couverture	2026-05-11T16:38:26.2510276Z tests/test_composite_score_v2.py::TestWeightsSumTo100::test_video_weights PASSED [ 11%]
Lint, Tests, Build	Tests unitaires avec couverture	2026-05-11T16:38:26.2527226Z tests/test_composite_score_v2.py::TestDetermineTierV2::test_bronze_50_boundary PASSED [ 11%]
Lint, Tests, Build	Tests unitaires avec couverture	2026-05-11T16:38:26.2543402Z tests/test_composite_score_v2.py::TestDetermineTierV2::test_bronze_55 PASSED [ 11%]
Lint, Tests, Build	Tests unitaires avec couverture	2026-05-11T16:38:26.2558748Z tests/test_composite_score_v2.py::TestDetermineTierV2::test_gold_80_boundary PASSED [ 11%]
Lint, Tests, Build	Tests unitaires avec couverture	2026-05-11T16:38:26.2574782Z tests/test_composite_score_v2.py::TestDetermineTierV2::test_gold_85 PASSED [ 11%]
Lint, Tests, Build	Tests unitaires avec couverture	2026-05-11T16:38:26.2590745Z tests/test_composite_score_v2.py::TestDetermineTierV2::test_platinum_90_boundary PASSED [ 11%]
Lint, Tests, Build	Tests unitaires avec couverture	2026-05-11T16:38:26.2606551Z tests/test_composite_score_v2.py::TestDetermineTierV2::test_platinum_95 PASSED [ 11%]
Lint, Tests, Build	Tests unitaires avec couverture	2026-05-11T16:38:26.2621757Z tests/test_composite_score_v2.py::TestDetermineTierV2::test_reject_0 PASSED [ 11%]
Lint, Tests, Build	Tests unitaires avec couverture	2026-05-11T16:38:26.2637529Z tests/test_composite_score_v2.py::TestDetermineTierV2::test_reject_45 PASSED [ 11%]
Lint, Tests, Build	Tests unitaires avec couverture	2026-05-11T16:38:26.2653542Z tests/test_composite_score_v2.py::TestDetermineTierV2::test_silver_65_boundary PASSED [ 11%]
Lint, Tests, Build	Tests unitaires avec couverture	2026-05-11T16:38:26.2669737Z tests/test_composite_score_v2.py::TestDetermineTierV2::test_silver_70 PASSED [ 11%]
Lint, Tests, Build	Tests unitaires avec couverture	2026-05-11T16:38:26.2686482Z tests/test_composite_score_v2.py::TestWeightedScoreWithConfidence::test_all_confidence_0_returns_neutral PASSED [ 11%]
Lint, Tests, Build	Tests unitaires avec couverture	2026-05-11T16:38:26.2704173Z tests/test_composite_score_v2.py::TestWeightedScoreWithConfidence::test_all_confidence_1_returns_weighted_mean PASSED [ 11%]
Lint, Tests, Build	Tests unitaires avec couverture	2026-05-11T16:38:26.2719700Z tests/test_composite_score_v2.py::TestWeightedScoreWithConfidence::test_confidence_0_excludes_from_score PASSED [ 11%]
Lint, Tests, Build	Tests unitaires avec couverture	2026-05-11T16:38:26.2735530Z tests/test_composite_score_v2.py::TestWeightedScoreWithConfidence::test_empty_returns_neutral PASSED [ 11%]
Lint, Tests, Build	Tests unitaires avec couverture	2026-05-11T16:38:26.2751955Z tests/test_composite_score_v2.py::TestWeightedScoreWithConfidence::test_partial_confidence_weights_proportionally PASSED [ 11%]
Lint, Tests, Build	Tests unitaires avec couverture	2026-05-11T16:38:26.2769889Z tests/test_composite_score_v2.py::TestBuildVideoSubscores::test_4k_resolution_platinum PASSED [ 11%]
Lint, Tests, Build	Tests unitaires avec couverture	2026-05-11T16:38:26.2786624Z tests/test_composite_score_v2.py::TestBuildVideoSubscores::test_contains_3_subscores_without_lpips PASSED [ 11%]
Lint, Tests, Build	Tests unitaires avec couverture	2026-05-11T16:38:26.2803209Z tests/test_composite_score_v2.py::TestBuildVideoSubscores::test_dv_profile_5_flag PASSED [ 11%]
Lint, Tests, Build	Tests unitaires avec couverture	2026-05-11T16:38:26.2819273Z tests/test_composite_score_v2.py::TestBuildVideoSubscores::test_fake_4k_downgrades_to_reject PASSED [ 11%]
Lint, Tests, Build	Tests unitaires avec couverture	2026-05-11T16:38:26.2835463Z tests/test_composite_score_v2.py::TestBuildVideoSubscores::test_hdr10_without_maxcll_flag PASSED [ 11%]
Lint, Tests, Build	Tests unitaires avec couverture	2026-05-11T16:38:26.2851930Z tests/test_composite_score_v2.py::TestBuildVideoSubscores::test_labels_fr_present PASSED [ 11%]
Lint, Tests, Build	Tests unitaires avec couverture	2026-05-11T16:38:26.2869022Z tests/test_composite_score_v2.py::TestBuildVideoSubscores::test_lpips_adds_4th_subscore PASSED [ 11%]
Lint, Tests, Build	Tests unitaires avec couverture	2026-05-11T16:38:26.2887053Z tests/test_composite_score_v2.py::TestBuildAudioSubscores::test_drc_cinema_highest PASSED [ 11%]
Lint, Tests, Build	Tests unitaires avec couverture	2026-05-11T16:38:26.2904214Z tests/test_composite_score_v2.py::TestBuildAudioSubscores::test_fingerprint_fpcalc_high PASSED [ 11%]
Lint, Tests, Build	Tests unitaires avec couverture	2026-05-11T16:38:26.2920835Z tests/test_composite_score_v2.py::TestBuildAudioSubscores::test_lossless_spectral_platinum PASSED [ 11%]
Lint, Tests, Build	Tests unitaires avec couverture	2026-05-11T16:38:26.2936875Z tests/test_composite_score_v2.py::TestBuildAudioSubscores::test_low_bitrate_lossy_bronze PASSED [ 12%]
Lint, Tests, Build	Tests unitaires avec couverture	2026-05-11T16:38:26.2953586Z tests/test_composite_score_v2.py::TestBuildAudioSubscores::test_reserve_has_zero_confidence PASSED [ 12%]
Lint, Tests, Build	Tests unitaires avec couverture	2026-05-11T16:38:26.2970565Z tests/test_composite_score_v2.py::TestBuildAudioSubscores::test_returns_5_subscores_with_reserve PASSED [ 12%]
Lint, Tests, Build	Tests unitaires avec couverture	2026-05-11T16:38:26.2987971Z tests/test_composite_score_v2.py::TestBuildCoherenceSubscores::test_nfo_consistent_with_tmdb PASSED [ 12%]
Lint, Tests, Build	Tests unitaires avec couverture	2026-05-11T16:38:26.3004378Z tests/test_composite_score_v2.py::TestBuildCoherenceSubscores::test_nfo_inconsistent PASSED [ 12%]
Lint, Tests, Build	Tests unitaires avec couverture	2026-05-11T16:38:26.3021035Z tests/test_composite_score_v2.py::TestBuildCoherenceSubscores::test_runtime_match_100 PASSED [ 12%]
Lint, Tests, Build	Tests unitaires avec couverture	2026-05-11T16:38:26.3037168Z tests/test_composite_score_v2.py::TestBuildCoherenceSubscores::test_runtime_mismatch_40 PASSED [ 12%]
Lint, Tests, Build	Tests unitaires avec couverture	2026-05-11T16:38:26.3092794Z tests/test_composite_score_v2.py::TestContextualAdjustments::test_rule1_encode_noise_malus PASSED [ 12%]
Lint, Tests, Build	Tests unitaires avec couverture	2026-05-11T16:38:26.3094403Z tests/test_composite_score_v2.py::TestContextualAdjustments::test_rule1_film_grain_bonus PASSED [ 12%]
Lint, Tests, Build	Tests unitaires avec couverture	2026-05-11T16:38:26.3095642Z tests/test_composite_score_v2.py::TestContextualAdjustments::test_rule1_partial_dnr_malus PASSED [ 12%]
Lint, Tests, Build	Tests unitaires avec couverture	2026-05-11T16:38:26.3107957Z tests/test_composite_score_v2.py::TestContextualAdjustments::test_rule2_av1_afgs1_bonus PASSED [ 12%]
Lint, Tests, Build	Tests unitaires avec couverture	2026-05-11T16:38:26.3123823Z tests/test_composite_score_v2.py::TestContextualAdjustments::test_rule3_dv_profile_5_malus PASSED [ 12%]
Lint, Tests, Build	Tests unitaires avec couverture	2026-05-11T16:38:26.3140339Z tests/test_composite_score_v2.py::TestContextualAdjustments::test_rule4_hdr_metadata_missing_malus PASSED [ 12%]
Lint, Tests, Build	Tests unitaires avec couverture	2026-05-11T16:38:26.3157197Z tests/test_composite_score_v2.py::TestContextualAdjustments::test_rule5_imax_expansion_bonus PASSED [ 12%]
Lint, Tests, Build	Tests unitaires avec couverture	2026-05-11T16:38:26.3173724Z tests/test_composite_score_v2.py::TestContextualAdjustments::test_rule5_imax_typed_bonus PASSED [ 12%]
Lint, Tests, Build	Tests unitaires avec couverture	2026-05-11T16:38:26.3190846Z tests/test_composite_score_v2.py::TestContextualAdjustments::test_rule6_fake_lossless_malus PASSED [ 12%]
Lint, Tests, Build	Tests unitaires avec couverture	2026-05-11T16:38:26.3209038Z tests/test_composite_score_v2.py::TestContextualAdjustments::test_rule8_animation_skips_grain_penalties PASSED [ 12%]
Lint, Tests, Build	Tests unitaires avec couverture	2026-05-11T16:38:26.3226231Z tests/test_composite_score_v2.py::TestContextualAdjustments::test_rule9_vintage_reduces_grain_bonus PASSED [ 12%]
Lint, Tests, Build	Tests unitaires avec couverture	2026-05-11T16:38:26.3243453Z tests/test_composite_score_v2.py::TestOrchestrator::test_compute_category_from_subs PASSED [ 12%]
Lint, Tests, Build	Tests unitaires avec couverture	2026-05-11T16:38:26.3261932Z tests/test_composite_score_v2.py::TestOrchestrator::test_compute_global_animation_ignores_grain_penalty PASSED [ 12%]
Lint, Tests, Build	Tests unitaires avec couverture	2026-05-11T16:38:26.3279906Z tests/test_composite_score_v2.py::TestOrchestrator::test_compute_global_empty_confidence_fallback PASSED [ 12%]
Lint, Tests, Build	Tests unitaires avec couverture	2026-05-11T16:38:26.3297720Z tests/test_composite_score_v2.py::TestOrchestrator::test_compute_global_fake_4k_reject PASSED [ 12%]
Lint, Tests, Build	Tests unitaires avec couverture	2026-05-11T16:38:26.3315597Z tests/test_composite_score_v2.py::TestOrchestrator::test_compute_global_perfect_uhd_hdr_platinum PASSED [ 12%]
Lint, Tests, Build	Tests unitaires avec couverture	2026-05-11T16:38:26.3333690Z tests/test_composite_score_v2.py::TestOrchestrator::test_lpips_included_when_provided PASSED [ 12%]
Lint, Tests, Build	Tests unitaires avec couverture	2026-05-11T16:38:26.3351081Z tests/test_composite_score_v2.py::TestCollectWarnings::test_dv_profile_5_warning PASSED [ 12%]
Lint, Tests, Build	Tests unitaires avec couverture	2026-05-11T16:38:26.3367305Z tests/test_composite_score_v2.py::TestCollectWarnings::test_fake_lossless_warning PASSED [ 12%]
Lint, Tests, Build	Tests unitaires avec couverture	2026-05-11T16:38:26.3383461Z tests/test_composite_score_v2.py::TestCollectWarnings::test_imbalance_warning PASSED [ 12%]
Lint, Tests, Build	Tests unitaires avec couverture	2026-05-11T16:38:26.3399789Z tests/test_composite_score_v2.py::TestCollectWarnings::test_low_confidence_warning PASSED [ 12%]
Lint, Tests, Build	Tests unitaires avec couverture	2026-05-11T16:38:26.3415626Z tests/test_composite_score_v2.py::TestCollectWarnings::test_no_warnings_perfect_file PASSED [ 12%]
Lint, Tests, Build	Tests unitaires avec couverture	2026-05-11T16:38:26.3431970Z tests/test_composite_score_v2.py::TestCollectWarnings::test_runtime_mismatch_warning PASSED [ 12%]
Lint, Tests, Build	Tests unitaires avec couverture	2026-05-11T16:38:26.3448930Z tests/test_composite_score_v2.py::TestCollectWarnings::test_short_file_warning PASSED [ 12%]
Lint, Tests, Build	Tests unitaires avec couverture	2026-05-11T16:38:26.3470080Z tests/test_composite_score_v2.py::TestSerialization::test_global_score_result_to_dict PASSED [ 12%]
Lint, Tests, Build	Tests unitaires avec couverture	2026-05-11T16:38:27.2238981Z tests/test_concurrency.py::StateDirRaceTests::test_start_plan_and_save_settings_parallel PASSED [ 12%]
Lint, Tests, Build	Tests unitaires avec couverture	2026-05-11T16:38:39.9170810Z tests/test_concurrency.py::MemoryStabilityTests::test_100_runs_memory_stable PASSED [ 12%]
Lint, Tests, Build	Tests unitaires avec couverture	2026-05-11T16:38:40.3289502Z tests/test_concurrency.py::GetStatusConcurrencyTests::test_get_status_during_active_run PASSED [ 12%]
Lint, Tests, Build	Tests unitaires avec couverture	2026-05-11T16:38:40.8942292Z tests/test_concurrency.py::TwoAppliesSimultaneousTests::test_two_applies_simultaneous_one_refused PASSED [ 12%]
Lint, Tests, Build	Tests unitaires avec couverture	2026-05-11T16:38:41.6475595Z tests/test_concurrency.py::ApplyUndoSimultaneousTests::test_apply_and_undo_simultaneous_serialized PASSED [ 12%]
Lint, Tests, Build	Tests unitaires avec couverture	2026-05-11T16:38:41.9166433Z tests/test_concurrency.py::CancelDuringApplyTests::test_cancel_during_scan PASSED [ 12%]
Lint, Tests, Build	Tests unitaires avec couverture	2026-05-11T16:38:41.9193296Z tests/test_contrast_wcag.py::ContrastWcagTests::test_cinema_contrast PASSED [ 12%]
Lint, Tests, Build	Tests unitaires avec couverture	2026-05-11T16:38:41.9211776Z tests/test_contrast_wcag.py::ContrastWcagTests::test_luxe_contrast PASSED [ 13%]
Lint, Tests, Build	Tests unitaires avec couverture	2026-05-11T16:38:41.9229926Z tests/test_contrast_wcag.py::ContrastWcagTests::test_neon_contrast PASSED [ 13%]
Lint, Tests, Build	Tests unitaires avec couverture	2026-05-11T16:38:41.9249985Z tests/test_contrast_wcag.py::ContrastWcagTests::test_studio_contrast PASSED [ 13%]
Lint, Tests, Build	Tests unitaires avec couverture	2026-05-11T16:38:41.9268782Z tests/test_core_heuristics.py::CoreHeuristicsTests::test_clean_title_guess_removes_audio_channel_artifacts PASSED [ 13%]
Lint, Tests, Build	Tests unitaires avec couverture	2026-05-11T16:38:41.9285373Z tests/test_core_heuristics.py::CoreHeuristicsTests::test_confidence_levels PASSED [ 13%]
Lint, Tests, Build	Tests unitaires avec couverture	2026-05-11T16:38:41.9304628Z tests/test_core_heuristics.py::CoreHeuristicsTests::test_expand_tmdb_queries_keeps_alias_and_deduplicates PASSED [ 13%]
Lint, Tests, Build	Tests unitaires avec couverture	2026-05-11T16:38:41.9323139Z tests/test_core_heuristics.py::CoreHeuristicsTests::test_extract_trailing_sequel_num PASSED [ 13%]
Lint, Tests, Build	Tests unitaires avec couverture	2026-05-11T16:38:41.9339116Z tests/test_core_heuristics.py::CoreHeuristicsTests::test_extract_year_prefers_parenthesized_or_last PASSED [ 13%]
Lint, Tests, Build	Tests unitaires avec couverture	2026-05-11T16:38:41.9387643Z tests/test_core_heuristics.py::CoreHeuristicsTests::test_files_identical_quick_uses_hash_cache PASSED [ 13%]
Lint, Tests, Build	Tests unitaires avec couverture	2026-05-11T16:38:41.9429315Z tests/test_core_heuristics.py::CoreHeuristicsTests::test_find_duplicate_targets_marks_existing_folder_as_mergeable PASSED [ 13%]
Lint, Tests, Build	Tests unitaires avec couverture	2026-05-11T16:38:41.9445887Z tests/test_core_heuristics.py::CoreHeuristicsTests::test_infer_name_year_conflict_prefers_video_parenthesized PASSED [ 13%]
Lint, Tests, Build	Tests unitaires avec couverture	2026-05-11T16:38:41.9462309Z tests/test_core_heuristics.py::CoreHeuristicsTests::test_infer_name_year_handles_remaster_years PASSED [ 13%]
Lint, Tests, Build	Tests unitaires avec couverture	2026-05-11T16:38:41.9486636Z tests/test_core_heuristics.py::CoreHeuristicsTests::test_looks_tv_like_not_triggered_by_many_movies_without_episode_markers PASSED [ 13%]
Lint, Tests, Build	Tests unitaires avec couverture	2026-05-11T16:38:41.9509428Z tests/test_core_heuristics.py::CoreHeuristicsTests::test_looks_tv_like_with_episode_markers PASSED [ 13%]
Lint, Tests, Build	Tests unitaires avec couverture	2026-05-11T16:38:41.9968026Z tests/test_core_heuristics.py::CoreHeuristicsTests::test_nfo_consistency_accepts_video_title_before_parenthesized_year PASSED [ 13%]
Lint, Tests, Build	Tests unitaires avec couverture	2026-05-11T16:38:41.9999960Z tests/test_core_heuristics.py::CoreHeuristicsTests::test_nfo_consistency_avoids_single_token_false_positive PASSED [ 13%]
Lint, Tests, Build	Tests unitaires avec couverture	2026-05-11T16:38:42.0040066Z tests/test_core_heuristics.py::CoreHeuristicsTests::test_nfo_consistency_keeps_rejecting_bac_nord_wrong_nfo PASSED [ 13%]
Lint, Tests, Build	Tests unitaires avec couverture	2026-05-11T16:38:42.0126029Z tests/test_core_heuristics.py::CoreHeuristicsTests::test_nfo_consistency_keeps_rejecting_burn_e_wrong_nfo PASSED [ 13%]
Lint, Tests, Build	Tests unitaires avec couverture	2026-05-11T16:38:42.0142752Z tests/test_core_heuristics.py::CoreHeuristicsTests::test_nfo_soft_consistent_accepts_medium_match_when_year_matches PASSED [ 13%]
Lint, Tests, Build	Tests unitaires avec couverture	2026-05-11T16:38:42.0161744Z tests/test_core_heuristics.py::CoreHeuristicsTests::test_pick_best_candidate_prefers_consensus_sources PASSED [ 13%]
Lint, Tests, Build	Tests unitaires avec couverture	2026-05-11T16:38:42.0374904Z tests/test_core_heuristics.py::CoreHeuristicsTests::test_plan_library_cancel_requested_returns_partial_without_exception PASSED [ 13%]
Lint, Tests, Build	Tests unitaires avec couverture	2026-05-11T16:38:42.0437590Z tests/test_core_heuristics.py::CoreHeuristicsTests::test_plan_library_collects_ignored_extensions_breakdown PASSED [ 13%]
Lint, Tests, Build	Tests unitaires avec couverture	2026-05-11T16:38:42.0538476Z tests/test_core_heuristics.py::CoreHeuristicsTests::test_plan_library_keeps_descending_when_parent_only_has_bonus_video PASSED [ 13%]
Lint, Tests, Build	Tests unitaires avec couverture	2026-05-11T16:38:42.0639692Z tests/test_core_heuristics.py::CoreHeuristicsTests::test_plan_library_scans_nested_collection_folders_recursively PASSED [ 13%]
Lint, Tests, Build	Tests unitaires avec couverture	2026-05-11T16:38:42.0657319Z tests/test_core_heuristics.py::CoreHeuristicsTests::test_should_reject_nfo_year_relaxes_for_remaster_context PASSED [ 13%]
Lint, Tests, Build	Tests unitaires avec couverture	2026-05-11T16:38:42.2831799Z tests/test_core_heuristics.py::CoreHeuristicsTests::test_stream_scan_targets_is_lazy_and_plan_results_stay_stable_on_large_tree PASSED [ 13%]
Lint, Tests, Build	Tests unitaires avec couverture	2026-05-11T16:38:42.2851637Z tests/test_core_heuristics.py::CoreHeuristicsTests::test_tmdb_confidence_boosts_to_high_when_year_matches PASSED [ 13%]
Lint, Tests, Build	Tests unitaires avec couverture	2026-05-11T16:38:42.2869020Z tests/test_core_heuristics.py::CoreHeuristicsTests::test_tmdb_confidence_not_dropped_to_low_after_year_reject PASSED [ 13%]
Lint, Tests, Build	Tests unitaires avec couverture	2026-05-11T16:38:42.2884476Z tests/test_core_heuristics.py::CoreHeuristicsTests::test_tmdb_poster_thumb_url PASSED [ 13%]
Lint, Tests, Build	Tests unitaires avec couverture	2026-05-11T16:38:42.2919509Z tests/test_core_heuristics.py::CoreHeuristicsTests::test_tmdb_prefers_matching_sequel_number PASSED [ 13%]
Lint, Tests, Build	Tests unitaires avec couverture	2026-05-11T16:38:42.7604562Z tests/test_critical_flow_integration.py::CriticalFlowIntegrationTests::test_plan_validation_duplicates_survive_reconfigured_api_instances PASSED [ 13%]
Lint, Tests, Build	Tests unitaires avec couverture	2026-05-11T16:38:43.6195540Z tests/test_critical_flow_integration.py::CriticalFlowIntegrationTests::test_real_apply_and_undo_use_disk_state_logs_and_sqlite_journal PASSED [ 13%]
Lint, Tests, Build	Tests unitaires avec couverture	2026-05-11T16:38:43.6213937Z tests/test_custom_rules.py::TestOperators::test_between PASSED           [ 13%]
Lint, Tests, Build	Tests unitaires avec couverture	2026-05-11T16:38:43.6230912Z tests/test_custom_rules.py::TestOperators::test_contains_list PASSED     [ 13%]
Lint, Tests, Build	Tests unitaires avec couverture	2026-05-11T16:38:43.6246937Z tests/test_custom_rules.py::TestOperators::test_contains_str PASSED      [ 13%]
Lint, Tests, Build	Tests unitaires avec couverture	2026-05-11T16:38:43.6263497Z tests/test_custom_rules.py::TestOperators::test_eq PASSED                [ 13%]
Lint, Tests, Build	Tests unitaires avec couverture	2026-05-11T16:38:43.6279393Z tests/test_custom_rules.py::TestOperators::test_ge PASSED                [ 13%]
Lint, Tests, Build	Tests unitaires avec couverture	2026-05-11T16:38:43.6295275Z tests/test_custom_rules.py::TestOperators::test_gt PASSED                [ 13%]
Lint, Tests, Build	Tests unitaires avec couverture	2026-05-11T16:38:43.6310571Z tests/test_custom_rules.py::TestOperators::test_in PASSED                [ 13%]
Lint, Tests, Build	Tests unitaires avec couverture	2026-05-11T16:38:43.6326342Z tests/test_custom_rules.py::TestOperators::test_le PASSED                [ 13%]
Lint, Tests, Build	Tests unitaires avec couverture	2026-05-11T16:38:43.6342293Z tests/test_custom_rules.py::TestOperators::test_lt PASSED                [ 14%]
Lint, Tests, Build	Tests unitaires avec couverture	2026-05-11T16:38:43.6357812Z tests/test_custom_rules.py::TestOperators::test_ne PASSED                [ 14%]
Lint, Tests, Build	Tests unitaires avec couverture	2026-05-11T16:38:43.6373668Z tests/test_custom_rules.py::TestOperators::test_not_contains PASSED      [ 14%]
Lint, Tests, Build	Tests unitaires avec couverture	2026-05-11T16:38:43.6389976Z tests/test_custom_rules.py::TestOperators::test_not_in PASSED            [ 14%]
Lint, Tests, Build	Tests unitaires avec couverture	2026-05-11T16:38:43.6408610Z tests/test_custom_rules.py::TestEvaluateRule::test_all_match PASSED      [ 14%]
Lint, Tests, Build	Tests unitaires avec couverture	2026-05-11T16:38:43.6425600Z tests/test_custom_rules.py::TestEvaluateRule::test_all_one_fails PASSED  [ 14%]
Lint, Tests, Build	Tests unitaires avec couverture	2026-05-11T16:38:43.6442509Z tests/test_custom_rules.py::TestEvaluateRule::test_any_one_matches PASSED [ 14%]
Lint, Tests, Build	Tests unitaires avec couverture	2026-05-11T16:38:43.6459146Z tests/test_custom_rules.py::TestEvaluateRule::test_empty_conditions PASSED [ 14%]
Lint, Tests, Build	Tests unitaires avec couverture	2026-05-11T16:38:43.6475609Z tests/test_custom_rules.py::TestEvaluateRule::test_unknown_field_ignored PASSED [ 14%]
Lint, Tests, Build	Tests unitaires avec couverture	2026-05-11T16:38:43.6492669Z tests/test_custom_rules.py::TestEvaluateRule::test_unknown_operator_ignored PASSED [ 14%]
Lint, Tests, Build	Tests unitaires avec couverture	2026-05-11T16:38:43.6511041Z tests/test_custom_rules.py::TestApplyActions::test_cap_max_no_effect PASSED [ 14%]
Lint, Tests, Build	Tests unitaires avec couverture	2026-05-11T16:38:43.6527204Z tests/test_custom_rules.py::TestApplyActions::test_cap_max_triggers PASSED [ 14%]
Lint, Tests, Build	Tests unitaires avec couverture	2026-05-11T16:38:43.6544091Z tests/test_custom_rules.py::TestApplyActions::test_cap_min PASSED        [ 14%]
Lint, Tests, Build	Tests unitaires avec couverture	2026-05-11T16:38:43.6561135Z tests/test_custom_rules.py::TestApplyActions::test_flag_warning PASSED   [ 14%]
Lint, Tests, Build	Tests unitaires avec couverture	2026-05-11T16:38:43.6578216Z tests/test_custom_rules.py::TestApplyActions::test_force_score PASSED    [ 14%]
Lint, Tests, Build	Tests unitaires avec couverture	2026-05-11T16:38:43.6595088Z tests/test_custom_rules.py::TestApplyActions::test_force_tier PASSED     [ 14%]
Lint, Tests, Build	Tests unitaires avec couverture	2026-05-11T16:38:43.6612028Z tests/test_custom_rules.py::TestApplyActions::test_score_delta_negative_clamped PASSED [ 14%]
Lint, Tests, Build	Tests unitaires avec couverture	2026-05-11T16:38:43.6629234Z tests/test_custom_rules.py::TestApplyActions::test_score_delta_positive PASSED [ 14%]
Lint, Tests, Build	Tests unitaires avec couverture	2026-05-11T16:38:43.6645695Z tests/test_custom_rules.py::TestApplyActions::test_score_multiplier PASSED [ 14%]
Lint, Tests, Build	Tests unitaires avec couverture	2026-05-11T16:38:43.6663469Z tests/test_custom_rules.py::TestApplyPriority::test_disabled_rule_skipped PASSED [ 14%]
Lint, Tests, Build	Tests unitaires avec couverture	2026-05-11T16:38:43.6680005Z tests/test_custom_rules.py::TestApplyPriority::test_no_rules PASSED      [ 14%]
Lint, Tests, Build	Tests unitaires avec couverture	2026-05-11T16:38:43.6696500Z tests/test_custom_rules.py::TestApplyPriority::test_none_rules PASSED    [ 14%]
Lint, Tests, Build	Tests unitaires avec couverture	2026-05-11T16:38:43.6714059Z tests/test_custom_rules.py::TestApplyPriority::test_priority_order PASSED [ 14%]
Lint, Tests, Build	Tests unitaires avec couverture	2026-05-11T16:38:43.6732706Z tests/test_custom_rules.py::TestValidation::test_between_requires_pair PASSED [ 14%]
Lint, Tests, Build	Tests unitaires avec couverture	2026-05-11T16:38:43.6749546Z tests/test_custom_rules.py::TestValidation::test_no_conditions PASSED    [ 14%]
Lint, Tests, Build	Tests unitaires avec couverture	2026-05-11T16:38:43.6765413Z tests/test_custom_rules.py::TestValidation::test_not_a_list PASSED       [ 14%]
Lint, Tests, Build	Tests unitaires avec couverture	2026-05-11T16:38:43.6782559Z tests/test_custom_rules.py::TestValidation::test_too_many_conditions PASSED [ 14%]
Lint, Tests, Build	Tests unitaires avec couverture	2026-05-11T16:38:43.6799100Z tests/test_custom_rules.py::TestValidation::test_too_many_rules PASSED   [ 14%]
Lint, Tests, Build	Tests unitaires avec couverture	2026-05-11T16:38:43.6815925Z tests/test_custom_rules.py::TestValidation::test_unknown_action_type PASSED [ 14%]
Lint, Tests, Build	Tests unitaires avec couverture	2026-05-11T16:38:43.6832672Z tests/test_custom_rules.py::TestValidation::test_unknown_field_rejected PASSED [ 14%]
Lint, Tests, Build	Tests unitaires avec couverture	2026-05-11T16:38:43.6849950Z tests/test_custom_rules.py::TestValidation::test_unknown_operator_rejected PASSED [ 14%]
Lint, Tests, Build	Tests unitaires avec couverture	2026-05-11T16:38:43.6866675Z tests/test_custom_rules.py::TestValidation::test_valid_rule PASSED       [ 14%]
Lint, Tests, Build	Tests unitaires avec couverture	2026-05-11T16:38:43.6884089Z tests/test_custom_rules.py::TestFields::test_all_11_operators_declared PASSED [ 14%]
Lint, Tests, Build	Tests unitaires avec couverture	2026-05-11T16:38:43.6900966Z tests/test_custom_rules.py::TestFields::test_all_17_fields_declared PASSED [ 14%]
Lint, Tests, Build	Tests unitaires avec couverture	2026-05-11T16:38:43.6917911Z tests/test_custom_rules.py::TestFields::test_all_7_actions_declared PASSED [ 14%]
Lint, Tests, Build	Tests unitaires avec couverture	2026-05-11T16:38:43.6936333Z tests/test_custom_rules.py::TestTemplates::test_casual_rules_valid PASSED [ 14%]
Lint, Tests, Build	Tests unitaires avec couverture	2026-05-11T16:38:43.6955573Z tests/test_custom_rules.py::TestTemplates::test_get_template PASSED      [ 14%]
Lint, Tests, Build	Tests unitaires avec couverture	2026-05-11T16:38:43.6972086Z tests/test_custom_rules.py::TestTemplates::test_get_template_unknown PASSED [ 14%]
Lint, Tests, Build	Tests unitaires avec couverture	2026-05-11T16:38:43.6993752Z tests/test_custom_rules.py::TestTemplates::test_list_templates PASSED    [ 14%]
Lint, Tests, Build	Tests unitaires avec couverture	2026-05-11T16:38:43.7011320Z tests/test_custom_rules.py::TestTemplates::test_purist_rules_valid PASSED [ 15%]
Lint, Tests, Build	Tests unitaires avec couverture	2026-05-11T16:38:43.7027663Z tests/test_custom_rules.py::TestTemplates::test_three_templates_present PASSED [ 15%]
Lint, Tests, Build	Tests unitaires avec couverture	2026-05-11T16:38:43.7045708Z tests/test_custom_rules.py::TestTemplates::test_trash_rules_valid PASSED [ 15%]
Lint, Tests, Build	Tests unitaires avec couverture	2026-05-11T16:38:43.7075834Z tests/test_custom_rules.py::TestInjectionScoring::test_custom_rules_modify_score PASSED [ 15%]
Lint, Tests, Build	Tests unitaires avec couverture	2026-05-11T16:38:43.7097904Z tests/test_custom_rules.py::TestInjectionScoring::test_force_tier_from_rule PASSED [ 15%]
Lint, Tests, Build	Tests unitaires avec couverture	2026-05-11T16:38:43.7125648Z tests/test_custom_rules.py::TestInjectionScoring::test_no_custom_rules_no_change PASSED [ 15%]
Lint, Tests, Build	Tests unitaires avec couverture	2026-05-11T16:38:43.7153573Z tests/test_custom_rules_ui.py::CustomRulesUiContractTests::test_dashboard_css_has_rule_card PASSED [ 15%]
Lint, Tests, Build	Tests unitaires avec couverture	2026-05-11T16:38:43.7172441Z tests/test_custom_rules_ui.py::CustomRulesUiContractTests::test_dashboard_exports_open_function PASSED [ 15%]
Lint, Tests, Build	Tests unitaires avec couverture	2026-05-11T16:38:43.7191070Z tests/test_custom_rules_ui.py::CustomRulesUiContractTests::test_dashboard_has_import_export PASSED [ 15%]
Lint, Tests, Build	Tests unitaires avec couverture	2026-05-11T16:38:43.7209629Z tests/test_custom_rules_ui.py::CustomRulesUiContractTests::test_dashboard_js_has_all_17_fields PASSED [ 15%]
Lint, Tests, Build	Tests unitaires avec couverture	2026-05-11T16:38:43.7228755Z tests/test_custom_rules_ui.py::CustomRulesUiContractTests::test_dashboard_quality_imports_editor SKIPPED [ 15%]
Lint, Tests, Build	Tests unitaires avec couverture	2026-05-11T16:38:43.7246759Z tests/test_custom_rules_ui.py::CustomRulesUiContractTests::test_dashboard_uses_apipost PASSED [ 15%]
Lint, Tests, Build	Tests unitaires avec couverture	2026-05-11T16:38:43.7267647Z tests/test_custom_rules_ui.py::CustomRulesUiContractTests::test_desktop_css_has_rule_card PASSED [ 15%]
Lint, Tests, Build	Tests unitaires avec couverture	2026-05-11T16:38:43.7285432Z tests/test_custom_rules_ui.py::CustomRulesUiContractTests::test_desktop_exports_open_function PASSED [ 15%]
Lint, Tests, Build	Tests unitaires avec couverture	2026-05-11T16:38:43.7303320Z tests/test_custom_rules_ui.py::CustomRulesUiContractTests::test_desktop_has_import_export PASSED [ 15%]
Lint, Tests, Build	Tests unitaires avec couverture	2026-05-11T16:38:43.7321148Z tests/test_custom_rules_ui.py::CustomRulesUiContractTests::test_desktop_js_has_all_11_operators PASSED [ 15%]
Lint, Tests, Build	Tests unitaires avec couverture	2026-05-11T16:38:43.7339076Z tests/test_custom_rules_ui.py::CustomRulesUiContractTests::test_desktop_js_has_all_17_fields PASSED [ 15%]
Lint, Tests, Build	Tests unitaires avec couverture	2026-05-11T16:38:43.7356900Z tests/test_custom_rules_ui.py::CustomRulesUiContractTests::test_desktop_js_has_all_7_actions PASSED [ 15%]
Lint, Tests, Build	Tests unitaires avec couverture	2026-05-11T16:38:43.7374671Z tests/test_custom_rules_ui.py::CustomRulesUiContractTests::test_desktop_uses_pywebview PASSED [ 15%]
Lint, Tests, Build	Tests unitaires avec couverture	2026-05-11T16:38:43.7391218Z tests/test_custom_rules_ui.py::CustomRulesUiContractTests::test_files_exist PASSED [ 15%]
Lint, Tests, Build	Tests unitaires avec couverture	2026-05-11T16:38:43.7414005Z tests/test_custom_rules_ui.py::CustomRulesUiContractTests::test_index_html_has_custom_rules_card PASSED [ 15%]
Lint, Tests, Build	Tests unitaires avec couverture	2026-05-11T16:38:43.7436690Z tests/test_custom_rules_ui.py::CustomRulesUiContractTests::test_index_html_has_template_buttons PASSED [ 15%]
Lint, Tests, Build	Tests unitaires avec couverture	2026-05-11T16:38:43.7461535Z tests/test_custom_rules_ui.py::CustomRulesUiContractTests::test_index_html_loads_editor_script PASSED [ 15%]
Lint, Tests, Build	Tests unitaires avec couverture	2026-05-11T16:38:43.7483262Z tests/test_custom_rules_ui.py::CustomRulesUiContractTests::test_simulator_accepts_overrides PASSED [ 15%]
Lint, Tests, Build	Tests unitaires avec couverture	2026-05-11T16:38:44.3302346Z tests/test_dashboard.py::DashboardApiTests::test_get_dashboard_contains_expected_sections_and_bins PASSED [ 15%]
Lint, Tests, Build	Tests unitaires avec couverture	2026-05-11T16:38:44.8664165Z tests/test_dashboard.py::DashboardApiTests::test_get_dashboard_invalidates_cache_when_plan_changes PASSED [ 15%]
Lint, Tests, Build	Tests unitaires avec couverture	2026-05-11T16:38:45.4999063Z tests/test_dashboard.py::DashboardApiTests::test_get_dashboard_latest_and_no_scores_fallback PASSED [ 15%]
Lint, Tests, Build	Tests unitaires avec couverture	2026-05-11T16:38:46.5675825Z tests/test_dashboard.py::DashboardApiTests::test_get_dashboard_logs_structured_error_and_returns_clean_message PASSED [ 15%]
Lint, Tests, Build	Tests unitaires avec couverture	2026-05-11T16:38:47.4183699Z tests/test_dashboard.py::DashboardApiTests::test_get_dashboard_reuses_cache_on_second_open PASSED [ 15%]
Lint, Tests, Build	Tests unitaires avec couverture	2026-05-11T16:38:50.2719621Z tests/test_dashboard_cache.py::DashboardCacheTests::test_get_dashboard_invalidates_cache_when_plan_changes PASSED [ 15%]
Lint, Tests, Build	Tests unitaires avec couverture	2026-05-11T16:38:52.2579081Z tests/test_dashboard_cache.py::DashboardCacheTests::test_get_dashboard_reuses_cache_on_second_open PASSED [ 15%]
Lint, Tests, Build	Tests unitaires avec couverture	2026-05-11T16:38:52.2605617Z tests/test_dashboard_infra.py::RateLimiterUnitTests::test_blocked_at_threshold PASSED [ 15%]
Lint, Tests, Build	Tests unitaires avec couverture	2026-05-11T16:38:52.2628889Z tests/test_dashboard_infra.py::RateLimiterUnitTests::test_different_ips_independent PASSED [ 15%]
Lint, Tests, Build	Tests unitaires avec couverture	2026-05-11T16:38:52.4159803Z tests/test_dashboard_infra.py::RateLimiterUnitTests::test_expiry_after_window PASSED [ 15%]
Lint, Tests, Build	Tests unitaires avec couverture	2026-05-11T16:38:52.4177913Z tests/test_dashboard_infra.py::RateLimiterUnitTests::test_global_cap_blocks_across_ips PASSED [ 15%]
Lint, Tests, Build	Tests unitaires avec couverture	2026-05-11T16:38:52.4194465Z tests/test_dashboard_infra.py::RateLimiterUnitTests::test_not_blocked_before_threshold PASSED [ 15%]
Lint, Tests, Build	Tests unitaires avec couverture	2026-05-11T16:38:52.4210542Z tests/test_dashboard_infra.py::RateLimiterUnitTests::test_record_success_clears_failures_for_ip PASSED [ 15%]
Lint, Tests, Build	Tests unitaires avec couverture	2026-05-11T16:38:52.4227118Z tests/test_dashboard_infra.py::RateLimiterUnitTests::test_reset_clears_all_failures PASSED [ 15%]
Lint, Tests, Build	Tests unitaires avec couverture	2026-05-11T16:38:52.4249587Z tests/test_dashboard_infra.py::FindActiveRunIdTests::test_done_run_not_returned PASSED [ 15%]
Lint, Tests, Build	Tests unitaires avec couverture	2026-05-11T16:38:52.4269647Z tests/test_dashboard_infra.py::FindActiveRunIdTests::test_no_active_run PASSED [ 15%]
Lint, Tests, Build	Tests unitaires avec couverture	2026-05-11T16:38:52.4290512Z tests/test_dashboard_infra.py::FindActiveRunIdTests::test_with_mock_active_run PASSED [ 16%]
Lint, Tests, Build	Tests unitaires avec couverture	2026-05-11T16:38:52.7786140Z tests/test_dashboard_infra.py::DashboardStaticFileTests::test_dashboard_cache_header PASSED [ 16%]
Lint, Tests, Build	Tests unitaires avec couverture	2026-05-11T16:38:52.7824350Z tests/test_dashboard_infra.py::DashboardStaticFileTests::test_dashboard_index_explicit PASSED [ 16%]
Lint, Tests, Build	Tests unitaires avec couverture	2026-05-11T16:38:52.7858075Z tests/test_dashboard_infra.py::DashboardStaticFileTests::test_dashboard_nonexistent_file_returns_404 PASSED [ 16%]
Lint, Tests, Build	Tests unitaires avec couverture	2026-05-11T16:38:52.7893204Z tests/test_dashboard_infra.py::DashboardStaticFileTests::test_dashboard_path_traversal_blocked PASSED [ 16%]
Lint, Tests, Build	Tests unitaires avec couverture	2026-05-11T16:38:52.7927960Z tests/test_dashboard_infra.py::DashboardStaticFileTests::test_dashboard_path_traversal_encoded_blocked PASSED [ 16%]
Lint, Tests, Build	Tests unitaires avec couverture	2026-05-11T16:38:52.7964540Z tests/test_dashboard_infra.py::DashboardStaticFileTests::test_dashboard_root_serves_index PASSED [ 16%]
Lint, Tests, Build	Tests unitaires avec couverture	2026-05-11T16:38:52.8000906Z tests/test_dashboard_infra.py::DashboardStaticFileTests::test_dashboard_without_slash_serves_index PASSED [ 16%]
Lint, Tests, Build	Tests unitaires avec couverture	2026-05-11T16:38:52.8036296Z tests/test_dashboard_infra.py::DashboardStaticFileTests::test_health_contains_last_event_ts PASSED [ 16%]
Lint, Tests, Build	Tests unitaires avec couverture	2026-05-11T16:38:52.8066757Z tests/test_dashboard_infra.py::DashboardStaticFileTests::test_health_no_active_run_id_when_idle PASSED [ 16%]
Lint, Tests, Build	Tests unitaires avec couverture	2026-05-11T16:38:52.8097796Z tests/test_dashboard_infra.py::DashboardStaticFileTests::test_health_returns_active_run_id_when_present PASSED [ 16%]
Lint, Tests, Build	Tests unitaires avec couverture	2026-05-11T16:38:53.5584009Z tests/test_dashboard_infra.py::DashboardStaticFileTests::test_last_event_ts_updates_after_save_settings PASSED [ 16%]
Lint, Tests, Build	Tests unitaires avec couverture	2026-05-11T16:38:53.8825730Z tests/test_dashboard_infra.py::RateLimitHttpTests::test_rate_limit_blocks_after_5_failures PASSED [ 16%]
Lint, Tests, Build	Tests unitaires avec couverture	2026-05-11T16:38:54.8836453Z tests/test_dashboard_infra.py::RateLimitHttpTests::test_rate_limit_does_not_block_valid_requests_before_threshold PASSED [ 16%]
Lint, Tests, Build	Tests unitaires avec couverture	2026-05-11T16:38:55.1997453Z tests/test_dashboard_shell.py::DashboardShellHttpTests::test_app_js_served PASSED [ 16%]
Lint, Tests, Build	Tests unitaires avec couverture	2026-05-11T16:38:55.2093114Z tests/test_dashboard_shell.py::DashboardShellHttpTests::test_core_modules_served PASSED [ 16%]
Lint, Tests, Build	Tests unitaires avec couverture	2026-05-11T16:38:55.2129050Z tests/test_dashboard_shell.py::DashboardShellHttpTests::test_font_served_with_correct_mime PASSED [ 16%]
Lint, Tests, Build	Tests unitaires avec couverture	2026-05-11T16:38:55.2169589Z tests/test_dashboard_shell.py::DashboardShellHttpTests::test_health_accessible_for_version_check PASSED [ 16%]
Lint, Tests, Build	Tests unitaires avec couverture	2026-05-11T16:38:55.2204751Z tests/test_dashboard_shell.py::DashboardShellHttpTests::test_index_html_has_login_form PASSED [ 16%]
Lint, Tests, Build	Tests unitaires avec couverture	2026-05-11T16:38:55.2223708Z tests/test_dashboard_shell.py::DashboardShellHttpTests::test_index_html_has_sidebar_nav SKIPPED [ 16%]
Lint, Tests, Build	Tests unitaires avec couverture	2026-05-11T16:38:55.2258547Z tests/test_dashboard_shell.py::DashboardShellHttpTests::test_index_html_has_view_placeholders PASSED [ 16%]
Lint, Tests, Build	Tests unitaires avec couverture	2026-05-11T16:38:55.2291818Z tests/test_dashboard_shell.py::DashboardShellHttpTests::test_index_html_links_css PASSED [ 16%]
Lint, Tests, Build	Tests unitaires avec couverture	2026-05-11T16:38:55.2326891Z tests/test_dashboard_shell.py::DashboardShellHttpTests::test_index_html_loads_app_js_as_module PASSED [ 16%]
Lint, Tests, Build	Tests unitaires avec couverture	2026-05-11T16:38:55.2362213Z tests/test_dashboard_shell.py::DashboardShellHttpTests::test_login_invalid_token_returns_401 PASSED [ 16%]
Lint, Tests, Build	Tests unitaires avec couverture	2026-05-11T16:38:55.2408068Z tests/test_dashboard_shell.py::DashboardShellHttpTests::test_login_valid_token_gets_settings PASSED [ 16%]
Lint, Tests, Build	Tests unitaires avec couverture	2026-05-11T16:38:55.2443764Z tests/test_dashboard_shell.py::DashboardShellHttpTests::test_login_view_served PASSED [ 16%]
Lint, Tests, Build	Tests unitaires avec couverture	2026-05-11T16:38:55.2486335Z tests/test_dashboard_shell.py::DashboardShellHttpTests::test_static_files_accessible_without_auth PASSED [ 16%]
Lint, Tests, Build	Tests unitaires avec couverture	2026-05-11T16:38:55.7536202Z tests/test_dashboard_shell.py::DashboardShellHttpTests::test_styles_css_served PASSED [ 16%]
Lint, Tests, Build	Tests unitaires avec couverture	2026-05-11T16:38:55.7567405Z tests/test_dashboard_shell.py::DashboardShellStructureTests::test_all_expected_files_exist PASSED [ 16%]
Lint, Tests, Build	Tests unitaires avec couverture	2026-05-11T16:38:55.7588100Z tests/test_dashboard_shell.py::DashboardShellStructureTests::test_api_js_exposes_settings_cache_wrapper PASSED [ 16%]
Lint, Tests, Build	Tests unitaires avec couverture	2026-05-11T16:38:55.7608409Z tests/test_dashboard_shell.py::DashboardShellStructureTests::test_api_js_handles_401_redirect PASSED [ 16%]
Lint, Tests, Build	Tests unitaires avec couverture	2026-05-11T16:38:55.7626486Z tests/test_dashboard_shell.py::DashboardShellStructureTests::test_api_js_handles_429 PASSED [ 16%]
Lint, Tests, Build	Tests unitaires avec couverture	2026-05-11T16:38:55.7646060Z tests/test_dashboard_shell.py::DashboardShellStructureTests::test_app_js_registers_all_routes PASSED [ 16%]
Lint, Tests, Build	Tests unitaires avec couverture	2026-05-11T16:38:55.7668765Z tests/test_dashboard_shell.py::DashboardShellStructureTests::test_app_js_uses_cached_get_settings_at_boot PASSED [ 16%]
Lint, Tests, Build	Tests unitaires avec couverture	2026-05-11T16:38:55.7690527Z tests/test_dashboard_shell.py::DashboardShellStructureTests::test_css_has_cinemalux_tokens PASSED [ 16%]
Lint, Tests, Build	Tests unitaires avec couverture	2026-05-11T16:38:55.7711343Z tests/test_dashboard_shell.py::DashboardShellStructureTests::test_css_has_responsive_breakpoints PASSED [ 16%]
Lint, Tests, Build	Tests unitaires avec couverture	2026-05-11T16:38:55.7730801Z tests/test_dashboard_shell.py::DashboardShellStructureTests::test_dom_js_has_escape_html PASSED [ 16%]
Lint, Tests, Build	Tests unitaires avec couverture	2026-05-11T16:38:55.7754169Z tests/test_dashboard_shell.py::DashboardShellStructureTests::test_js_modules_use_export PASSED [ 16%]
Lint, Tests, Build	Tests unitaires avec couverture	2026-05-11T16:38:55.7773978Z tests/test_dashboard_shell.py::DashboardShellStructureTests::test_login_view_handles_persist_checkbox PASSED [ 16%]
Lint, Tests, Build	Tests unitaires avec couverture	2026-05-11T16:38:55.7793362Z tests/test_dashboard_shell.py::DashboardShellStructureTests::test_router_has_auth_guard PASSED [ 17%]
Lint, Tests, Build	Tests unitaires avec couverture	2026-05-11T16:38:55.7811670Z tests/test_dashboard_shell.py::DashboardShellStructureTests::test_state_has_polling_management PASSED [ 17%]
Lint, Tests, Build	Tests unitaires avec couverture	2026-05-11T16:38:55.7832646Z tests/test_dashboard_shell.py::DashboardShellStructureTests::test_state_has_token_management PASSED [ 17%]
Lint, Tests, Build	Tests unitaires avec couverture	2026-05-11T16:38:55.9191958Z tests/test_db_backup.py::BackupDbFunctionTests::test_backup_creates_dest_dir PASSED [ 17%]
Lint, Tests, Build	Tests unitaires avec couverture	2026-05-11T16:38:56.0815567Z tests/test_db_backup.py::BackupDbFunctionTests::test_backup_creates_valid_copy PASSED [ 17%]
Lint, Tests, Build	Tests unitaires avec couverture	2026-05-11T16:38:56.1859974Z tests/test_db_backup.py::BackupDbFunctionTests::test_backup_raises_on_missing_source PASSED [ 17%]
Lint, Tests, Build	Tests unitaires avec couverture	2026-05-11T16:38:56.1889108Z tests/test_db_backup.py::ListAndRotateBackupsTests::test_list_backups_missing_dir_returns_empty PASSED [ 17%]
Lint, Tests, Build	Tests unitaires avec couverture	2026-05-11T16:38:56.1931295Z tests/test_db_backup.py::ListAndRotateBackupsTests::test_list_backups_sorted_recent_first PASSED [ 17%]
Lint, Tests, Build	Tests unitaires avec couverture	2026-05-11T16:38:56.1973805Z tests/test_db_backup.py::ListAndRotateBackupsTests::test_list_backups_stem_filter PASSED [ 17%]
Lint, Tests, Build	Tests unitaires avec couverture	2026-05-11T16:38:56.2066526Z tests/test_db_backup.py::ListAndRotateBackupsTests::test_rotate_keeps_n_most_recent PASSED [ 17%]
Lint, Tests, Build	Tests unitaires avec couverture	2026-05-11T16:38:56.2119761Z tests/test_db_backup.py::ListAndRotateBackupsTests::test_rotate_no_op_when_below_max PASSED [ 17%]
Lint, Tests, Build	Tests unitaires avec couverture	2026-05-11T16:38:56.3231721Z tests/test_db_backup.py::BackupWithRotationTests::test_creates_named_backup PASSED [ 17%]
Lint, Tests, Build	Tests unitaires avec couverture	2026-05-11T16:38:56.4005910Z tests/test_db_backup.py::BackupWithRotationTests::test_returns_none_for_missing_source PASSED [ 17%]
Lint, Tests, Build	Tests unitaires avec couverture	2026-05-11T16:38:56.8671574Z tests/test_db_backup.py::BackupWithRotationTests::test_rotates_after_backup PASSED [ 17%]
Lint, Tests, Build	Tests unitaires avec couverture	2026-05-11T16:38:57.2216096Z tests/test_db_backup.py::RestoreBackupTests::test_restore_creates_guard_backup PASSED [ 17%]
Lint, Tests, Build	Tests unitaires avec couverture	2026-05-11T16:38:57.4130271Z tests/test_db_backup.py::RestoreBackupTests::test_restore_raises_on_missing_backup PASSED [ 17%]
Lint, Tests, Build	Tests unitaires avec couverture	2026-05-11T16:38:57.7815934Z tests/test_db_backup.py::RestoreBackupTests::test_restore_replaces_target PASSED [ 17%]
Lint, Tests, Build	Tests unitaires avec couverture	2026-05-11T16:38:58.0133157Z tests/test_db_backup.py::SQLiteStoreBackupIntegrationTests::test_backup_now_creates_named_backup PASSED [ 17%]
Lint, Tests, Build	Tests unitaires avec couverture	2026-05-11T16:38:58.0160681Z tests/test_db_backup.py::SQLiteStoreBackupIntegrationTests::test_backup_now_returns_none_if_no_db PASSED [ 17%]
Lint, Tests, Build	Tests unitaires avec couverture	2026-05-11T16:38:58.3685864Z tests/test_db_backup.py::SQLiteStoreBackupIntegrationTests::test_initialize_creates_backup_when_db_exists PASSED [ 17%]
Lint, Tests, Build	Tests unitaires avec couverture	2026-05-11T16:38:58.5964519Z tests/test_db_backup.py::SQLiteStoreBackupIntegrationTests::test_initialize_no_backup_on_fresh_install PASSED [ 17%]
Lint, Tests, Build	Tests unitaires avec couverture	2026-05-11T16:38:59.7704728Z tests/test_db_backup.py::SQLiteStoreBackupIntegrationTests::test_initialize_rotates_old_backups PASSED [ 17%]
Lint, Tests, Build	Tests unitaires avec couverture	2026-05-11T16:38:59.7729853Z tests/test_db_backup.py::ApplyChangesIntegrationBackupTests::test_apply_support_imports_backup_helper PASSED [ 17%]
Lint, Tests, Build	Tests unitaires avec couverture	2026-05-11T16:39:00.0984517Z tests/test_db_backup.py::ApplyChangesIntegrationBackupTests::test_backup_now_called_via_post_apply_hook PASSED [ 17%]
Lint, Tests, Build	Tests unitaires avec couverture	2026-05-11T16:39:00.4966606Z tests/test_db_indexes.py::QualityReportsIndexesTests::test_group_by_tier_uses_index PASSED [ 17%]
Lint, Tests, Build	Tests unitaires avec couverture	2026-05-11T16:39:00.7431840Z tests/test_db_indexes.py::QualityReportsIndexesTests::test_idx_score_exists PASSED [ 17%]
Lint, Tests, Build	Tests unitaires avec couverture	2026-05-11T16:39:00.9375820Z tests/test_db_indexes.py::QualityReportsIndexesTests::test_idx_tier_exists PASSED [ 17%]
Lint, Tests, Build	Tests unitaires avec couverture	2026-05-11T16:39:01.3742799Z tests/test_db_indexes.py::QualityReportsIndexesTests::test_order_by_score_uses_index PASSED [ 17%]
Lint, Tests, Build	Tests unitaires avec couverture	2026-05-11T16:39:01.7557600Z tests/test_db_indexes.py::QualityReportsIndexesTests::test_schema_version_at_least_20 PASSED [ 17%]
Lint, Tests, Build	Tests unitaires avec couverture	2026-05-11T16:39:02.0087746Z tests/test_db_integrity_boot.py::IntegrityCheckBootTests::test_corrupted_header_detected PASSED [ 17%]
Lint, Tests, Build	Tests unitaires avec couverture	2026-05-11T16:39:02.2739225Z tests/test_db_integrity_boot.py::IntegrityCheckBootTests::test_corrupted_page_detected PASSED [ 17%]
Lint, Tests, Build	Tests unitaires avec couverture	2026-05-11T16:39:02.5790837Z tests/test_db_integrity_boot.py::IntegrityCheckBootTests::test_fresh_db_integrity_ok PASSED [ 17%]
Lint, Tests, Build	Tests unitaires avec couverture	2026-05-11T16:39:02.5819396Z tests/test_db_integrity_boot.py::IntegrityCheckBootTests::test_integrity_status_unknown_before_initialize PASSED [ 17%]
Lint, Tests, Build	Tests unitaires avec couverture	2026-05-11T16:39:02.7661626Z tests/test_db_pragma_optimize_and_restore.py::PragmaOptimizeAtCloseTests::test_close_best_effort_on_sqlite_error PASSED [ 17%]
Lint, Tests, Build	Tests unitaires avec couverture	2026-05-11T16:39:03.0840777Z tests/test_db_pragma_optimize_and_restore.py::PragmaOptimizeAtCloseTests::test_close_callable_multiple_times PASSED [ 17%]
Lint, Tests, Build	Tests unitaires avec couverture	2026-05-11T16:39:03.3945795Z tests/test_db_pragma_optimize_and_restore.py::PragmaOptimizeAtCloseTests::test_close_executes_pragma_optimize PASSED [ 17%]
Lint, Tests, Build	Tests unitaires avec couverture	2026-05-11T16:39:03.3972595Z tests/test_db_pragma_optimize_and_restore.py::PragmaOptimizeAtCloseTests::test_close_silent_when_db_missing PASSED [ 17%]
Lint, Tests, Build	Tests unitaires avec couverture	2026-05-11T16:39:04.1271112Z tests/test_db_pragma_optimize_and_restore.py::IntegrityCheckAutoRestoreTests::test_corruption_with_backup_triggers_restore PASSED [ 17%]
Lint, Tests, Build	Tests unitaires avec couverture	2026-05-11T16:39:04.5443848Z tests/test_db_pragma_optimize_and_restore.py::IntegrityCheckAutoRestoreTests::test_corruption_without_backup_emits_corrupt_no_backup PASSED [ 17%]
Lint, Tests, Build	Tests unitaires avec couverture	2026-05-11T16:39:04.7632231Z tests/test_db_pragma_optimize_and_restore.py::IntegrityCheckAutoRestoreTests::test_fresh_install_no_event PASSED [ 17%]
Lint, Tests, Build	Tests unitaires avec couverture	2026-05-11T16:39:04.7658986Z tests/test_db_pragma_optimize_and_restore.py::IntegrityCheckAutoRestoreTests::test_integrity_event_property_default_none PASSED [ 18%]
Lint, Tests, Build	Tests unitaires avec couverture	2026-05-11T16:39:04.7691143Z tests/test_db_pragma_optimize_and_restore.py::IntegrityNotificationPublishTests::test_publish_helper_creates_notification_for_corrupt_no_backup PASSED [ 18%]
Lint, Tests, Build	Tests unitaires avec couverture	2026-05-11T16:39:04.7720730Z tests/test_db_pragma_optimize_and_restore.py::IntegrityNotificationPublishTests::test_publish_helper_creates_notification_for_restore_failed PASSED [ 18%]
Lint, Tests, Build	Tests unitaires avec couverture	2026-05-11T16:39:04.7750099Z tests/test_db_pragma_optimize_and_restore.py::IntegrityNotificationPublishTests::test_publish_helper_creates_notification_for_restored PASSED [ 18%]
Lint, Tests, Build	Tests unitaires avec couverture	2026-05-11T16:39:04.7775540Z tests/test_db_pragma_optimize_and_restore.py::IntegrityNotificationPublishTests::test_publish_helper_no_op_when_no_event PASSED [ 18%]
Lint, Tests, Build	Tests unitaires avec couverture	2026-05-11T16:39:04.7802482Z tests/test_db_pragma_optimize_and_restore.py::IntegrityNotificationPublishTests::test_publish_helper_tolerant_to_unknown_status PASSED [ 18%]
Lint, Tests, Build	Tests unitaires avec couverture	2026-05-11T16:39:05.0596283Z tests/test_db_robustness.py::MigrationRobustnessTests::test_migration_alter_table_add_column_already_exists PASSED [ 18%]
Lint, Tests, Build	Tests unitaires avec couverture	2026-05-11T16:39:05.1351017Z tests/test_db_robustness.py::MigrationRobustnessTests::test_migration_fails_midway_rollback PASSED [ 18%]
Lint, Tests, Build	Tests unitaires avec couverture	2026-05-11T16:39:05.3059464Z tests/test_db_robustness.py::MigrationRobustnessTests::test_migration_idempotent PASSED [ 18%]
Lint, Tests, Build	Tests unitaires avec couverture	2026-05-11T16:39:05.7658582Z tests/test_db_robustness.py::MigrationRobustnessTests::test_migration_on_old_db PASSED [ 18%]
Lint, Tests, Build	Tests unitaires avec couverture	2026-05-11T16:39:05.9408131Z tests/test_db_robustness.py::MigrationRobustnessTests::test_migration_real_sql_error_still_raises PASSED [ 18%]
Lint, Tests, Build	Tests unitaires avec couverture	2026-05-11T16:39:06.7083160Z tests/test_db_robustness.py::DbLockingTests::test_concurrent_sqlite_store_creation PASSED [ 18%]
Lint, Tests, Build	Tests unitaires avec couverture	2026-05-11T16:39:07.0597888Z tests/test_db_robustness.py::DbLockingTests::test_db_locked_busy_timeout_configured PASSED [ 18%]
Lint, Tests, Build	Tests unitaires avec couverture	2026-05-11T16:39:07.3905129Z tests/test_db_robustness.py::ApplyOperationsOrphanTests::test_orphan_apply_operations_do_not_crash PASSED [ 18%]
Lint, Tests, Build	Tests unitaires avec couverture	2026-05-11T16:39:07.7050763Z tests/test_db_robustness.py::UnscoredFilmCountTests::test_unscored_count_returns_correct_value PASSED [ 18%]
Lint, Tests, Build	Tests unitaires avec couverture	2026-05-11T16:39:07.7068590Z tests/test_demo_mode.py::DemoModeStaticTests::test_callables_exposed PASSED [ 18%]
Lint, Tests, Build	Tests unitaires avec couverture	2026-05-11T16:39:07.7084333Z tests/test_demo_mode.py::DemoModeStaticTests::test_demo_films_count PASSED [ 18%]
Lint, Tests, Build	Tests unitaires avec couverture	2026-05-11T16:39:07.7101034Z tests/test_demo_mode.py::DemoModeStaticTests::test_demo_films_have_required_fields PASSED [ 18%]
Lint, Tests, Build	Tests unitaires avec couverture	2026-05-11T16:39:07.7117507Z tests/test_demo_mode.py::DemoModeStaticTests::test_demo_tiers_balanced PASSED [ 18%]
Lint, Tests, Build	Tests unitaires avec couverture	2026-05-11T16:39:07.9098434Z tests/test_demo_mode.py::DemoModeBackendCycleTests::test_initially_inactive PASSED [ 18%]
Lint, Tests, Build	Tests unitaires avec couverture	2026-05-11T16:39:10.2590726Z tests/test_demo_mode.py::DemoModeBackendCycleTests::test_start_creates_run_quality_reports_and_plan_jsonl PASSED [ 18%]
Lint, Tests, Build	Tests unitaires avec couverture	2026-05-11T16:39:12.3750204Z tests/test_demo_mode.py::DemoModeBackendCycleTests::test_start_twice_is_rejected PASSED [ 18%]
Lint, Tests, Build	Tests unitaires avec couverture	2026-05-11T16:39:14.7630013Z tests/test_demo_mode.py::DemoModeBackendCycleTests::test_stop_removes_run_quality_reports_and_run_dir PASSED [ 18%]
Lint, Tests, Build	Tests unitaires avec couverture	2026-05-11T16:39:14.7659889Z tests/test_demo_mode.py::DemoModeFrontendStructureTests::test_app_js_imports_wizard PASSED [ 18%]
Lint, Tests, Build	Tests unitaires avec couverture	2026-05-11T16:39:14.7677525Z tests/test_demo_mode.py::DemoModeFrontendStructureTests::test_styles_present PASSED [ 18%]
Lint, Tests, Build	Tests unitaires avec couverture	2026-05-11T16:39:14.7693878Z tests/test_demo_mode.py::DemoModeFrontendStructureTests::test_wizard_calls_api PASSED [ 18%]
Lint, Tests, Build	Tests unitaires avec couverture	2026-05-11T16:39:14.7711967Z tests/test_demo_mode.py::DemoModeFrontendStructureTests::test_wizard_exports PASSED [ 18%]
Lint, Tests, Build	Tests unitaires avec couverture	2026-05-11T16:39:14.7732555Z tests/test_design_system_v5.py::SharedCssFilesTests::test_five_files_present PASSED [ 18%]
Lint, Tests, Build	Tests unitaires avec couverture	2026-05-11T16:39:14.7749851Z tests/test_design_system_v5.py::SharedCssFilesTests::test_shared_directory_exists PASSED [ 18%]
Lint, Tests, Build	Tests unitaires avec couverture	2026-05-11T16:39:14.7769114Z tests/test_design_system_v5.py::TokensCssTests::test_5_severities_defined PASSED [ 18%]
Lint, Tests, Build	Tests unitaires avec couverture	2026-05-11T16:39:14.7787594Z tests/test_design_system_v5.py::TokensCssTests::test_5_tier_colors_defined PASSED [ 18%]
Lint, Tests, Build	Tests unitaires avec couverture	2026-05-11T16:39:14.7806289Z tests/test_design_system_v5.py::TokensCssTests::test_density_variants PASSED [ 18%]
Lint, Tests, Build	Tests unitaires avec couverture	2026-05-11T16:39:14.7825220Z tests/test_design_system_v5.py::TokensCssTests::test_motion_tokens PASSED [ 18%]
Lint, Tests, Build	Tests unitaires avec couverture	2026-05-11T16:39:14.7843929Z tests/test_design_system_v5.py::TokensCssTests::test_radius_scale PASSED [ 18%]
Lint, Tests, Build	Tests unitaires avec couverture	2026-05-11T16:39:14.7862266Z tests/test_design_system_v5.py::TokensCssTests::test_reduced_motion_fallback_present PASSED [ 18%]
Lint, Tests, Build	Tests unitaires avec couverture	2026-05-11T16:39:14.7880519Z tests/test_design_system_v5.py::TokensCssTests::test_spacing_grid_4px PASSED [ 18%]
Lint, Tests, Build	Tests unitaires avec couverture	2026-05-11T16:39:14.7899267Z tests/test_design_system_v5.py::TokensCssTests::test_typography_tokens PASSED [ 18%]
Lint, Tests, Build	Tests unitaires avec couverture	2026-05-11T16:39:14.7917752Z tests/test_design_system_v5.py::TokensCssTests::test_unknown_tier_defined PASSED [ 18%]
Lint, Tests, Build	Tests unitaires avec couverture	2026-05-11T16:39:14.7936842Z tests/test_design_system_v5.py::ThemesCssTests::test_4_themes_defined PASSED [ 18%]
Lint, Tests, Build	Tests unitaires avec couverture	2026-05-11T16:39:14.7954941Z tests/test_design_system_v5.py::ThemesCssTests::test_each_theme_defines_bg_surface_accent PASSED [ 19%]
Lint, Tests, Build	Tests unitaires avec couverture	2026-05-11T16:39:14.7973562Z tests/test_design_system_v5.py::ThemesCssTests::test_themes_only_redefine_surfaces_accents PASSED [ 19%]
Lint, Tests, Build	Tests unitaires avec couverture	2026-05-11T16:39:14.7993627Z tests/test_design_system_v5.py::AnimationsCssTests::test_core_keyframes PASSED [ 19%]
Lint, Tests, Build	Tests unitaires avec couverture	2026-05-11T16:39:14.8012266Z tests/test_design_system_v5.py::AnimationsCssTests::test_stagger_class PASSED [ 19%]
Lint, Tests, Build	Tests unitaires avec couverture	2026-05-11T16:39:14.8034026Z tests/test_design_system_v5.py::ComponentsCssTests::test_v5_badges PASSED [ 19%]
Lint, Tests, Build	Tests unitaires avec couverture	2026-05-11T16:39:14.8054200Z tests/test_design_system_v5.py::ComponentsCssTests::test_v5_button_variants PASSED [ 19%]
Lint, Tests, Build	Tests unitaires avec couverture	2026-05-11T16:39:14.8074515Z tests/test_design_system_v5.py::ComponentsCssTests::test_v5_card_tiers PASSED [ 19%]
Lint, Tests, Build	Tests unitaires avec couverture	2026-05-11T16:39:14.8094507Z tests/test_design_system_v5.py::ComponentsCssTests::test_v5_modal_components PASSED [ 19%]
Lint, Tests, Build	Tests unitaires avec couverture	2026-05-11T16:39:14.8114503Z tests/test_design_system_v5.py::ComponentsCssTests::test_v5_table_components PASSED [ 19%]
Lint, Tests, Build	Tests unitaires avec couverture	2026-05-11T16:39:14.8135025Z tests/test_design_system_v5.py::ComponentsCssTests::test_v5_toast_severities PASSED [ 19%]
Lint, Tests, Build	Tests unitaires avec couverture	2026-05-11T16:39:14.8154246Z tests/test_design_system_v5.py::UtilitiesCssTests::test_flex_utilities PASSED [ 19%]
Lint, Tests, Build	Tests unitaires avec couverture	2026-05-11T16:39:14.8172711Z tests/test_design_system_v5.py::UtilitiesCssTests::test_responsive_breakpoints PASSED [ 19%]
Lint, Tests, Build	Tests unitaires avec couverture	2026-05-11T16:39:14.8190851Z tests/test_design_system_v5.py::UtilitiesCssTests::test_spacing_utilities PASSED [ 19%]
Lint, Tests, Build	Tests unitaires avec couverture	2026-05-11T16:39:14.8209733Z tests/test_design_system_v5.py::UtilitiesCssTests::test_text_utilities PASSED [ 19%]
Lint, Tests, Build	Tests unitaires avec couverture	2026-05-11T16:39:14.8229113Z tests/test_design_system_v5.py::IndexHtmlIntegrationTests::test_dashboard_loads_shared_before_legacy PASSED [ 19%]
Lint, Tests, Build	Tests unitaires avec couverture	2026-05-11T16:39:14.8247628Z tests/test_design_system_v5.py::IndexHtmlIntegrationTests::test_dashboard_uses_absolute_shared_path PASSED [ 19%]
Lint, Tests, Build	Tests unitaires avec couverture	2026-05-11T16:39:14.8270326Z tests/test_design_system_v5.py::IndexHtmlIntegrationTests::test_desktop_loads_all_5_shared PASSED [ 19%]
Lint, Tests, Build	Tests unitaires avec couverture	2026-05-11T16:39:14.8293763Z tests/test_design_system_v5.py::IndexHtmlIntegrationTests::test_desktop_loads_shared_before_legacy PASSED [ 19%]
Lint, Tests, Build	Tests unitaires avec couverture	2026-05-11T16:39:14.8449684Z tests/test_design_system_v5.py::RestSharedHandlerTests::test_shared_404_for_unknown_file PASSED [ 19%]
Lint, Tests, Build	Tests unitaires avec couverture	2026-05-11T16:39:14.8484988Z tests/test_design_system_v5.py::RestSharedHandlerTests::test_shared_animations_css_served PASSED [ 19%]
Lint, Tests, Build	Tests unitaires avec couverture	2026-05-11T16:39:14.8520212Z tests/test_design_system_v5.py::RestSharedHandlerTests::test_shared_components_css_served PASSED [ 19%]
Lint, Tests, Build	Tests unitaires avec couverture	2026-05-11T16:39:14.8555157Z tests/test_design_system_v5.py::RestSharedHandlerTests::test_shared_path_traversal_blocked PASSED [ 19%]
Lint, Tests, Build	Tests unitaires avec couverture	2026-05-11T16:39:14.8847376Z tests/test_design_system_v5.py::RestSharedHandlerTests::test_shared_themes_css_served PASSED [ 19%]
Lint, Tests, Build	Tests unitaires avec couverture	2026-05-11T16:39:14.8883171Z tests/test_design_system_v5.py::RestSharedHandlerTests::test_shared_tokens_css_served PASSED [ 19%]
Lint, Tests, Build	Tests unitaires avec couverture	2026-05-11T16:39:15.3925603Z tests/test_design_system_v5.py::RestSharedHandlerTests::test_shared_utilities_css_served PASSED [ 19%]
Lint, Tests, Build	Tests unitaires avec couverture	2026-05-11T16:39:15.3957952Z tests/test_dev_tooling_contracts.py::DevToolingContractsTests::test_check_project_uses_quality_gate_stack PASSED [ 19%]
Lint, Tests, Build	Tests unitaires avec couverture	2026-05-11T16:39:15.3975775Z tests/test_dev_tooling_contracts.py::DevToolingContractsTests::test_ci_workflow_documents_windows_quality_build_and_optional_signing PASSED [ 19%]
Lint, Tests, Build	Tests unitaires avec couverture	2026-05-11T16:39:15.3994055Z tests/test_dev_tooling_contracts.py::DevToolingContractsTests::test_dev_readme_documents_opt_in_live_verification PASSED [ 19%]
Lint, Tests, Build	Tests unitaires avec couverture	2026-05-11T16:39:15.4010681Z tests/test_dev_tooling_contracts.py::DevToolingContractsTests::test_pre_commit_config_keeps_local_ruff_hooks PASSED [ 19%]
Lint, Tests, Build	Tests unitaires avec couverture	2026-05-11T16:39:15.4028108Z tests/test_dev_tooling_contracts.py::DevToolingContractsTests::test_pyproject_declares_ruff_and_coverage_settings PASSED [ 19%]
Lint, Tests, Build	Tests unitaires avec couverture	2026-05-11T16:39:15.4054474Z tests/test_dev_tooling_contracts.py::DevToolingContractsTests::test_recursive_compile_helper_skips_tooling_artifacts PASSED [ 19%]
Lint, Tests, Build	Tests unitaires avec couverture	2026-05-11T16:39:15.4073415Z tests/test_dev_tooling_contracts.py::DevToolingContractsTests::test_requirements_dev_pins_quality_toolchain PASSED [ 19%]
Lint, Tests, Build	Tests unitaires avec couverture	2026-05-11T16:39:15.4090657Z tests/test_doc_consistency.py::ClaudeMdMetricsConsistencyTests::test_audit_files_exist SKIPPED [ 19%]
Lint, Tests, Build	Tests unitaires avec couverture	2026-05-11T16:39:15.4105651Z tests/test_doc_consistency.py::ClaudeMdMetricsConsistencyTests::test_claude_md_doc_consistency_test_referenced SKIPPED [ 19%]
Lint, Tests, Build	Tests unitaires avec couverture	2026-05-11T16:39:15.4120278Z tests/test_doc_consistency.py::ClaudeMdMetricsConsistencyTests::test_claude_md_mentionne_dette_technique SKIPPED [ 19%]
Lint, Tests, Build	Tests unitaires avec couverture	2026-05-11T16:39:15.4133477Z tests/test_doc_consistency.py::ClaudeMdMetricsConsistencyTests::test_claude_md_mentionne_remediation_plan SKIPPED [ 19%]
Lint, Tests, Build	Tests unitaires avec couverture	2026-05-11T16:39:15.4148043Z tests/test_doc_consistency.py::ClaudeMdMetricsConsistencyTests::test_claude_md_mentionne_verification_continue SKIPPED [ 19%]
Lint, Tests, Build	Tests unitaires avec couverture	2026-05-11T16:39:15.4162557Z tests/test_doc_consistency.py::ClaudeMdMetricsConsistencyTests::test_claude_md_not_revendique_note_9_9 SKIPPED [ 19%]
Lint, Tests, Build	Tests unitaires avec couverture	2026-05-11T16:39:15.4176256Z tests/test_doc_consistency.py::ClaudeMdMetricsConsistencyTests::test_measurement_script_exists_and_runnable SKIPPED [ 19%]
Lint, Tests, Build	Tests unitaires avec couverture	2026-05-11T16:39:15.4204655Z tests/test_doc_consistency.py::HistoricalSnapshotPresenceTests::test_at_least_one_metrics_snapshot_exists PASSED [ 19%]
Lint, Tests, Build	Tests unitaires avec couverture	2026-05-11T16:39:15.4222341Z tests/test_dolby_vision.py::TestExtractDvConfiguration::test_empty_list_returns_none PASSED [ 20%]
Lint, Tests, Build	Tests unitaires avec couverture	2026-05-11T16:39:15.4238477Z tests/test_dolby_vision.py::TestExtractDvConfiguration::test_finds_dovi_in_side_data PASSED [ 20%]
Lint, Tests, Build	Tests unitaires avec couverture	2026-05-11T16:39:15.4254545Z tests/test_dolby_vision.py::TestExtractDvConfiguration::test_flags_as_strings PASSED [ 20%]
Lint, Tests, Build	Tests unitaires avec couverture	2026-05-11T16:39:15.4270756Z tests/test_dolby_vision.py::TestExtractDvConfiguration::test_malformed_side_data PASSED [ 20%]
Lint, Tests, Build	Tests unitaires avec couverture	2026-05-11T16:39:15.4286549Z tests/test_dolby_vision.py::TestExtractDvConfiguration::test_no_dovi_returns_none PASSED [ 20%]
Lint, Tests, Build	Tests unitaires avec couverture	2026-05-11T16:39:15.4302300Z tests/test_dolby_vision.py::TestExtractDvConfiguration::test_none_input_returns_none PASSED [ 20%]
Lint, Tests, Build	Tests unitaires avec couverture	2026-05-11T16:39:15.4319878Z tests/test_dolby_vision.py::TestClassifyDvProfile::test_profile_5 PASSED [ 20%]
Lint, Tests, Build	Tests unitaires avec couverture	2026-05-11T16:39:15.4335893Z tests/test_dolby_vision.py::TestClassifyDvProfile::test_profile_7_via_el_flag PASSED [ 20%]
Lint, Tests, Build	Tests unitaires avec couverture	2026-05-11T16:39:15.4351744Z tests/test_dolby_vision.py::TestClassifyDvProfile::test_profile_7_via_profile_flag PASSED [ 20%]
Lint, Tests, Build	Tests unitaires avec couverture	2026-05-11T16:39:15.4367773Z tests/test_dolby_vision.py::TestClassifyDvProfile::test_profile_8_1_hdr10_full PASSED [ 20%]
Lint, Tests, Build	Tests unitaires avec couverture	2026-05-11T16:39:15.4383389Z tests/test_dolby_vision.py::TestClassifyDvProfile::test_profile_8_2_sdr PASSED [ 20%]
Lint, Tests, Build	Tests unitaires avec couverture	2026-05-11T16:39:15.4399325Z tests/test_dolby_vision.py::TestClassifyDvProfile::test_profile_8_4_hlg PASSED [ 20%]
Lint, Tests, Build	Tests unitaires avec couverture	2026-05-11T16:39:15.4414746Z tests/test_dolby_vision.py::TestClassifyDvProfile::test_profile_8_unknown_compat PASSED [ 20%]
Lint, Tests, Build	Tests unitaires avec couverture	2026-05-11T16:39:15.4430617Z tests/test_dolby_vision.py::TestClassifyDvProfile::test_unknown_profile PASSED [ 20%]
Lint, Tests, Build	Tests unitaires avec couverture	2026-05-11T16:39:15.4447300Z tests/test_dolby_vision.py::TestDetectInvalidDv::test_no_rpu_invalid PASSED [ 20%]
Lint, Tests, Build	Tests unitaires avec couverture	2026-05-11T16:39:15.4462877Z tests/test_dolby_vision.py::TestDetectInvalidDv::test_not_present_returns_none PASSED [ 20%]
Lint, Tests, Build	Tests unitaires avec couverture	2026-05-11T16:39:15.4478372Z tests/test_dolby_vision.py::TestDetectInvalidDv::test_profile_7_el_missing PASSED [ 20%]
Lint, Tests, Build	Tests unitaires avec couverture	2026-05-11T16:39:15.4493620Z tests/test_dolby_vision.py::TestDetectInvalidDv::test_profile_7_el_present_valid PASSED [ 20%]
Lint, Tests, Build	Tests unitaires avec couverture	2026-05-11T16:39:15.4509689Z tests/test_dolby_vision.py::TestDetectInvalidDv::test_valid_returns_none PASSED [ 20%]
Lint, Tests, Build	Tests unitaires avec couverture	2026-05-11T16:39:15.4527272Z tests/test_dolby_vision.py::TestComputeDvQualityScore::test_not_present_returns_0 PASSED [ 20%]
Lint, Tests, Build	Tests unitaires avec couverture	2026-05-11T16:39:15.4543124Z tests/test_dolby_vision.py::TestComputeDvQualityScore::test_profile_5_penalized PASSED [ 20%]
Lint, Tests, Build	Tests unitaires avec couverture	2026-05-11T16:39:15.4558701Z tests/test_dolby_vision.py::TestComputeDvQualityScore::test_profile_7 PASSED [ 20%]
Lint, Tests, Build	Tests unitaires avec couverture	2026-05-11T16:39:15.4574047Z tests/test_dolby_vision.py::TestComputeDvQualityScore::test_profile_8_1_top PASSED [ 20%]
Lint, Tests, Build	Tests unitaires avec couverture	2026-05-11T16:39:15.4591053Z tests/test_dolby_vision.py::TestAnalyzeDvFromFrameData::test_dv_no_rpu_warning_overridden PASSED [ 20%]
Lint, Tests, Build	Tests unitaires avec couverture	2026-05-11T16:39:15.4607051Z tests/test_dolby_vision.py::TestAnalyzeDvFromFrameData::test_profile_5_warning_set PASSED [ 20%]
Lint, Tests, Build	Tests unitaires avec couverture	2026-05-11T16:39:15.4623725Z tests/test_dolby_vision.py::TestAnalyzeDvFromFrameData::test_profile_7_el_missing_warning PASSED [ 20%]
Lint, Tests, Build	Tests unitaires avec couverture	2026-05-11T16:39:15.4639743Z tests/test_dolby_vision.py::TestAnalyzeDvFromFrameData::test_profile_8_1_in_frame PASSED [ 20%]
Lint, Tests, Build	Tests unitaires avec couverture	2026-05-11T16:39:15.4654871Z tests/test_dolby_vision.py::TestAnalyzeDvFromFrameData::test_sdr_no_dv PASSED [ 20%]
Lint, Tests, Build	Tests unitaires avec couverture	2026-05-11T16:39:15.4671440Z tests/test_dolby_vision.py::TestAnalyzeDvFromFrameData::test_stream_side_data_fallback PASSED [ 20%]
Lint, Tests, Build	Tests unitaires avec couverture	2026-05-11T16:39:15.4694379Z tests/test_dolby_vision.py::TestIntegrationNormalize::test_video_dict_contains_dv_fields PASSED [ 20%]
Lint, Tests, Build	Tests unitaires avec couverture	2026-05-11T16:39:15.4711309Z tests/test_dolby_vision.py::TestIntegrationNormalize::test_video_dict_without_dv PASSED [ 20%]
Lint, Tests, Build	Tests unitaires avec couverture	2026-05-11T16:39:15.4729387Z tests/test_dolby_vision.py::TestConstants::test_all_profiles_have_labels PASSED [ 20%]
Lint, Tests, Build	Tests unitaires avec couverture	2026-05-11T16:39:15.4746227Z tests/test_domain_core.py::WindowsSafeTests::test_collapses_whitespace PASSED [ 20%]
Lint, Tests, Build	Tests unitaires avec couverture	2026-05-11T16:39:15.4762030Z tests/test_domain_core.py::WindowsSafeTests::test_empty_input_becomes_untitled PASSED [ 20%]
Lint, Tests, Build	Tests unitaires avec couverture	2026-05-11T16:39:15.4838117Z tests/test_domain_core.py::WindowsSafeTests::test_nfc_normalization_keeps_accents PASSED [ 20%]
Lint, Tests, Build	Tests unitaires avec couverture	2026-05-11T16:39:15.4854514Z tests/test_domain_core.py::WindowsSafeTests::test_reserved_dos_names_prefixed_with_underscore PASSED [ 20%]
Lint, Tests, Build	Tests unitaires avec couverture	2026-05-11T16:39:15.4870027Z tests/test_domain_core.py::WindowsSafeTests::test_strips_reserved_chars PASSED [ 20%]
Lint, Tests, Build	Tests unitaires avec couverture	2026-05-11T16:39:15.4885585Z tests/test_domain_core.py::WindowsSafeTests::test_strips_trailing_dots PASSED [ 20%]
Lint, Tests, Build	Tests unitaires avec couverture	2026-05-11T16:39:15.4901837Z tests/test_domain_core.py::WindowsSafeTests::test_truncates_to_180_chars PASSED [ 20%]
Lint, Tests, Build	Tests unitaires avec couverture	2026-05-11T16:39:15.4920071Z tests/test_domain_core.py::EnsureInsideRootTests::test_inside_is_ok PASSED [ 21%]
Lint, Tests, Build	Tests unitaires avec couverture	2026-05-11T16:39:15.4937854Z tests/test_domain_core.py::EnsureInsideRootTests::test_outside_raises PASSED [ 21%]
Lint, Tests, Build	Tests unitaires avec couverture	2026-05-11T16:39:15.4954661Z tests/test_domain_core.py::SidecarMatchingTests::test_exact_match PASSED [ 21%]
Lint, Tests, Build	Tests unitaires avec couverture	2026-05-11T16:39:15.4970012Z tests/test_domain_core.py::SidecarMatchingTests::test_prefix_match PASSED [ 21%]
Lint, Tests, Build	Tests unitaires avec couverture	2026-05-11T16:39:15.4986739Z tests/test_domain_core.py::SidecarMatchingTests::test_unrelated_no_match PASSED [ 21%]
Lint, Tests, Build	Tests unitaires avec couverture	2026-05-11T16:39:15.5004545Z tests/test_domain_core.py::BuildCandidatesFromNfoTests::test_fallback_on_original_title PASSED [ 21%]
Lint, Tests, Build	Tests unitaires avec couverture	2026-05-11T16:39:15.5021115Z tests/test_domain_core.py::BuildCandidatesFromNfoTests::test_returns_candidate_with_fields PASSED [ 21%]
Lint, Tests, Build	Tests unitaires avec couverture	2026-05-11T16:39:15.5053548Z tests/test_domain_core.py::ParseMovieNfoRuntimeTests::test_kodi_runtime_in_minutes PASSED [ 21%]
Lint, Tests, Build	Tests unitaires avec couverture	2026-05-11T16:39:15.5082764Z tests/test_domain_core.py::ParseMovieNfoRuntimeTests::test_kodi_runtime_with_suffix_min PASSED [ 21%]
Lint, Tests, Build	Tests unitaires avec couverture	2026-05-11T16:39:15.5153984Z tests/test_domain_core.py::ParseMovieNfoRuntimeTests::test_runtime_absent_returns_none PASSED [ 21%]
Lint, Tests, Build	Tests unitaires avec couverture	2026-05-11T16:39:15.5183832Z tests/test_domain_core.py::ParseMovieNfoRuntimeTests::test_runtime_invalid_text_ignored PASSED [ 21%]
Lint, Tests, Build	Tests unitaires avec couverture	2026-05-11T16:39:15.5220589Z tests/test_domain_core.py::ParseMovieNfoRuntimeTests::test_runtime_outliers_rejected PASSED [ 21%]
Lint, Tests, Build	Tests unitaires avec couverture	2026-05-11T16:39:15.5251082Z tests/test_domain_core.py::ParseMovieNfoRuntimeTests::test_tmm_durationinseconds_fallback PASSED [ 21%]
Lint, Tests, Build	Tests unitaires avec couverture	2026-05-11T16:39:15.5278448Z tests/test_domain_core.py::NfoConsistencyCheckTests::test_both_match_when_folder_and_file_align PASSED [ 21%]
Lint, Tests, Build	Tests unitaires avec couverture	2026-05-11T16:39:15.5294318Z tests/test_domain_core.py::NfoConsistencyCheckTests::test_empty_nfo_titles_fail_gracefully PASSED [ 21%]
Lint, Tests, Build	Tests unitaires avec couverture	2026-05-11T16:39:15.5319679Z tests/test_domain_core.py::NfoConsistencyCheckTests::test_filename_only_match_is_partial PASSED [ 21%]
Lint, Tests, Build	Tests unitaires avec couverture	2026-05-11T16:39:15.5346010Z tests/test_domain_core.py::NfoConsistencyCheckTests::test_folder_only_match_is_partial PASSED [ 21%]
Lint, Tests, Build	Tests unitaires avec couverture	2026-05-11T16:39:15.5371881Z tests/test_domain_core.py::NfoConsistencyCheckTests::test_legacy_nfo_consistent_backward_compat PASSED [ 21%]
Lint, Tests, Build	Tests unitaires avec couverture	2026-05-11T16:39:15.5396946Z tests/test_domain_core.py::NfoConsistencyCheckTests::test_no_match_both_fail PASSED [ 21%]
Lint, Tests, Build	Tests unitaires avec couverture	2026-05-11T16:39:15.5414957Z tests/test_domain_core.py::ComputeConfidenceNfoPartialMatchTests::test_nfo_partial_match_ignored_when_source_is_not_nfo PASSED [ 21%]
Lint, Tests, Build	Tests unitaires avec couverture	2026-05-11T16:39:15.5432092Z tests/test_domain_core.py::ComputeConfidenceNfoPartialMatchTests::test_nfo_source_full_match_scores_higher_than_partial PASSED [ 21%]
Lint, Tests, Build	Tests unitaires avec couverture	2026-05-11T16:39:15.5449468Z tests/test_domain_core.py::WarningFlagsNfoFileMismatchTests::test_flag_absent_when_full_match PASSED [ 21%]
Lint, Tests, Build	Tests unitaires avec couverture	2026-05-11T16:39:15.5465184Z tests/test_domain_core.py::WarningFlagsNfoFileMismatchTests::test_flag_absent_when_nfo_rejected PASSED [ 21%]
Lint, Tests, Build	Tests unitaires avec couverture	2026-05-11T16:39:15.5481721Z tests/test_domain_core.py::WarningFlagsNfoFileMismatchTests::test_flag_present_when_nfo_ok_and_partial PASSED [ 21%]
Lint, Tests, Build	Tests unitaires avec couverture	2026-05-11T16:39:15.5498913Z tests/test_domain_core.py::ConfigImmutabilityTests::test_frozen_rejects_mutation PASSED [ 21%]
Lint, Tests, Build	Tests unitaires avec couverture	2026-05-11T16:39:15.5517310Z tests/test_domain_core.py::ConfigImmutabilityTests::test_replace_produces_new_instance PASSED [ 21%]
Lint, Tests, Build	Tests unitaires avec couverture	2026-05-11T16:39:15.5534287Z tests/test_drc_classification.py::TestClassifyDrc::test_both_none_unknown PASSED [ 21%]
Lint, Tests, Build	Tests unitaires avec couverture	2026-05-11T16:39:15.5550961Z tests/test_drc_classification.py::TestClassifyDrc::test_broadcast_compressed PASSED [ 21%]
Lint, Tests, Build	Tests unitaires avec couverture	2026-05-11T16:39:15.5566404Z tests/test_drc_classification.py::TestClassifyDrc::test_cinema_combined_2_via_crest PASSED [ 21%]
Lint, Tests, Build	Tests unitaires avec couverture	2026-05-11T16:39:15.5582222Z tests/test_drc_classification.py::TestClassifyDrc::test_cinema_combined_2_via_lra PASSED [ 21%]
Lint, Tests, Build	Tests unitaires avec couverture	2026-05-11T16:39:15.5598893Z tests/test_drc_classification.py::TestClassifyDrc::test_cinema_high_combined_3 PASSED [ 21%]
Lint, Tests, Build	Tests unitaires avec couverture	2026-05-11T16:39:15.5614921Z tests/test_drc_classification.py::TestClassifyDrc::test_cinema_high_confidence PASSED [ 21%]
Lint, Tests, Build	Tests unitaires avec couverture	2026-05-11T16:39:15.5631889Z tests/test_drc_classification.py::TestClassifyDrc::test_crest_only_cinema PASSED [ 21%]
Lint, Tests, Build	Tests unitaires avec couverture	2026-05-11T16:39:15.5649087Z tests/test_drc_classification.py::TestClassifyDrc::test_edge_crest_exactly_cinema_threshold PASSED [ 21%]
Lint, Tests, Build	Tests unitaires avec couverture	2026-05-11T16:39:15.5665445Z tests/test_drc_classification.py::TestClassifyDrc::test_edge_crest_just_below_standard PASSED [ 21%]
Lint, Tests, Build	Tests unitaires avec couverture	2026-05-11T16:39:15.5681400Z tests/test_drc_classification.py::TestClassifyDrc::test_low_values_broadcast PASSED [ 21%]
Lint, Tests, Build	Tests unitaires avec couverture	2026-05-11T16:39:15.5698220Z tests/test_drc_classification.py::TestClassifyDrc::test_lra_only_cinema PASSED [ 21%]
Lint, Tests, Build	Tests unitaires avec couverture	2026-05-11T16:39:15.5715437Z tests/test_drc_classification.py::TestClassifyDrc::test_standard PASSED  [ 21%]
Lint, Tests, Build	Tests unitaires avec couverture	2026-05-11T16:39:15.5752679Z tests/test_drc_classification.py::TestIntegrationInAudioPerceptual::test_drc_fields_populated PASSED [ 21%]
Lint, Tests, Build	Tests unitaires avec couverture	2026-05-11T16:39:15.5786997Z tests/test_drc_classification.py::TestIntegrationInAudioPerceptual::test_drc_none_when_astats_loudnorm_both_fail PASSED [ 21%]
Lint, Tests, Build	Tests unitaires avec couverture	2026-05-11T16:39:15.5807142Z tests/test_drc_classification.py::TestAudioPerceptualSerialization::test_to_dict_contains_drc_block PASSED [ 22%]
Lint, Tests, Build	Tests unitaires avec couverture	2026-05-11T16:39:15.5827662Z tests/test_duplicate_compare.py::ResolutionCompareTests::test_1080_vs_720 PASSED [ 22%]
Lint, Tests, Build	Tests unitaires avec couverture	2026-05-11T16:39:15.5845399Z tests/test_duplicate_compare.py::ResolutionCompareTests::test_4k_vs_1080 PASSED [ 22%]
Lint, Tests, Build	Tests unitaires avec couverture	2026-05-11T16:39:15.5862753Z tests/test_duplicate_compare.py::ResolutionCompareTests::test_same_resolution PASSED [ 22%]
Lint, Tests, Build	Tests unitaires avec couverture	2026-05-11T16:39:15.5881194Z tests/test_duplicate_compare.py::HdrCompareTests::test_dv_vs_hdr10 PASSED [ 22%]
Lint, Tests, Build	Tests unitaires avec couverture	2026-05-11T16:39:15.5898156Z tests/test_duplicate_compare.py::HdrCompareTests::test_hdr10_vs_sdr PASSED [ 22%]
Lint, Tests, Build	Tests unitaires avec couverture	2026-05-11T16:39:15.5916042Z tests/test_duplicate_compare.py::HdrCompareTests::test_sdr_vs_sdr PASSED [ 22%]
Lint, Tests, Build	Tests unitaires avec couverture	2026-05-11T16:39:15.5935022Z tests/test_duplicate_compare.py::VideoCodecCompareTests::test_av1_vs_hevc PASSED [ 22%]
Lint, Tests, Build	Tests unitaires avec couverture	2026-05-11T16:39:15.5953387Z tests/test_duplicate_compare.py::VideoCodecCompareTests::test_hevc_vs_h264 PASSED [ 22%]
Lint, Tests, Build	Tests unitaires avec couverture	2026-05-11T16:39:15.5972088Z tests/test_duplicate_compare.py::AudioCompareTests::test_same_codec_more_channels PASSED [ 22%]
Lint, Tests, Build	Tests unitaires avec couverture	2026-05-11T16:39:15.5990374Z tests/test_duplicate_compare.py::AudioCompareTests::test_truehd_vs_ac3 PASSED [ 22%]
Lint, Tests, Build	Tests unitaires avec couverture	2026-05-11T16:39:15.6008317Z tests/test_duplicate_compare.py::BitrateCompareTests::test_different_codec_skip_bitrate PASSED [ 22%]
Lint, Tests, Build	Tests unitaires avec couverture	2026-05-11T16:39:15.6026476Z tests/test_duplicate_compare.py::BitrateCompareTests::test_same_codec_higher_bitrate PASSED [ 22%]
Lint, Tests, Build	Tests unitaires avec couverture	2026-05-11T16:39:15.6045349Z tests/test_duplicate_compare.py::EqualityTests::test_identical_probes PASSED [ 22%]
Lint, Tests, Build	Tests unitaires avec couverture	2026-05-11T16:39:15.6063746Z tests/test_duplicate_compare.py::EqualityTests::test_tie_threshold PASSED [ 22%]
Lint, Tests, Build	Tests unitaires avec couverture	2026-05-11T16:39:15.6081741Z tests/test_duplicate_compare.py::ProbeManquanteTests::test_both_probes_missing PASSED [ 22%]
Lint, Tests, Build	Tests unitaires avec couverture	2026-05-11T16:39:15.6099750Z tests/test_duplicate_compare.py::ProbeManquanteTests::test_one_probe_missing PASSED [ 22%]
Lint, Tests, Build	Tests unitaires avec couverture	2026-05-11T16:39:15.6118324Z tests/test_duplicate_compare.py::ProbeManquanteTests::test_partial_probe PASSED [ 22%]
Lint, Tests, Build	Tests unitaires avec couverture	2026-05-11T16:39:15.6136407Z tests/test_duplicate_compare.py::RankDuplicatesTests::test_rank_3_files PASSED [ 22%]
Lint, Tests, Build	Tests unitaires avec couverture	2026-05-11T16:39:15.6153322Z tests/test_duplicate_compare.py::RankDuplicatesTests::test_rank_empty_list PASSED [ 22%]
Lint, Tests, Build	Tests unitaires avec couverture	2026-05-11T16:39:15.6170882Z tests/test_duplicate_compare.py::RankDuplicatesTests::test_rank_has_score PASSED [ 22%]
Lint, Tests, Build	Tests unitaires avec couverture	2026-05-11T16:39:15.6189054Z tests/test_duplicate_compare.py::ScoreWeightTests::test_hdr_outweighs_single_audio_criterion PASSED [ 22%]
Lint, Tests, Build	Tests unitaires avec couverture	2026-05-11T16:39:15.6207608Z tests/test_duplicate_compare.py::ScoreWeightTests::test_resolution_outweighs_codec PASSED [ 22%]
Lint, Tests, Build	Tests unitaires avec couverture	2026-05-11T16:39:15.6226542Z tests/test_duplicate_compare.py::ComparisonResultStructureTests::test_criteria_names PASSED [ 22%]
Lint, Tests, Build	Tests unitaires avec couverture	2026-05-11T16:39:15.6244452Z tests/test_duplicate_compare.py::ComparisonResultStructureTests::test_result_has_all_fields PASSED [ 22%]
Lint, Tests, Build	Tests unitaires avec couverture	2026-05-11T16:39:15.6263077Z tests/test_duplicate_compare.py::ComparisonResultStructureTests::test_size_savings PASSED [ 22%]
Lint, Tests, Build	Tests unitaires avec couverture	2026-05-11T16:39:15.6280629Z tests/test_duplicate_compare.py::EdgeCaseTests::test_determine_winner_just_above PASSED [ 22%]
Lint, Tests, Build	Tests unitaires avec couverture	2026-05-11T16:39:15.6296057Z tests/test_duplicate_compare.py::EdgeCaseTests::test_determine_winner_tie_exact PASSED [ 22%]
Lint, Tests, Build	Tests unitaires avec couverture	2026-05-11T16:39:15.6313482Z tests/test_duplicate_compare.py::EdgeCaseTests::test_empty_probe PASSED  [ 22%]
Lint, Tests, Build	Tests unitaires avec couverture	2026-05-11T16:39:15.6332452Z tests/test_duplicate_compare.py::EdgeCaseTests::test_probe_with_zero_height PASSED [ 22%]
Lint, Tests, Build	Tests unitaires avec couverture	2026-05-11T16:39:15.6355065Z tests/test_duplicate_compare_ui.py::ExecutionCompareStructureTests::test_build_comparison_html PASSED [ 22%]
Lint, Tests, Build	Tests unitaires avec couverture	2026-05-11T16:39:15.6372138Z tests/test_duplicate_compare_ui.py::ExecutionCompareStructureTests::test_comparison_details_table_still_present PASSED [ 22%]
Lint, Tests, Build	Tests unitaires avec couverture	2026-05-11T16:39:15.6388804Z tests/test_duplicate_compare_ui.py::ExecutionCompareStructureTests::test_comparison_has_side_by_side_cards PASSED [ 22%]
Lint, Tests, Build	Tests unitaires avec couverture	2026-05-11T16:39:15.6404716Z tests/test_duplicate_compare_ui.py::ExecutionCompareStructureTests::test_criterion_badge PASSED [ 22%]
Lint, Tests, Build	Tests unitaires avec couverture	2026-05-11T16:39:15.6422648Z tests/test_duplicate_compare_ui.py::ExecutionCompareStructureTests::test_fallback_without_comparison PASSED [ 22%]
Lint, Tests, Build	Tests unitaires avec couverture	2026-05-11T16:39:15.6439480Z tests/test_duplicate_compare_ui.py::ExecutionCompareStructureTests::test_file_name_in_card PASSED [ 22%]
Lint, Tests, Build	Tests unitaires avec couverture	2026-05-11T16:39:15.6455295Z tests/test_duplicate_compare_ui.py::ExecutionCompareStructureTests::test_format_file_size PASSED [ 22%]
Lint, Tests, Build	Tests unitaires avec couverture	2026-05-11T16:39:15.6475656Z tests/test_duplicate_compare_ui.py::ExecutionCompareStructureTests::test_format_file_size_units PASSED [ 22%]
Lint, Tests, Build	Tests unitaires avec couverture	2026-05-11T16:39:15.6492440Z tests/test_duplicate_compare_ui.py::ExecutionCompareStructureTests::test_quality_info_in_card PASSED [ 22%]
Lint, Tests, Build	Tests unitaires avec couverture	2026-05-11T16:39:15.6509089Z tests/test_duplicate_compare_ui.py::ExecutionCompareStructureTests::test_recommendation_display PASSED [ 23%]
Lint, Tests, Build	Tests unitaires avec couverture	2026-05-11T16:39:15.6525253Z tests/test_duplicate_compare_ui.py::ExecutionCompareStructureTests::test_render_comparison_badge PASSED [ 23%]
Lint, Tests, Build	Tests unitaires avec couverture	2026-05-11T16:39:15.6541553Z tests/test_duplicate_compare_ui.py::ExecutionCompareStructureTests::test_show_comparison_modal PASSED [ 23%]
Lint, Tests, Build	Tests unitaires avec couverture	2026-05-11T16:39:15.6557202Z tests/test_duplicate_compare_ui.py::ExecutionCompareStructureTests::test_size_savings_display PASSED [ 23%]
Lint, Tests, Build	Tests unitaires avec couverture	2026-05-11T16:39:15.6574219Z tests/test_duplicate_compare_ui.py::ExecutionCompareStructureTests::test_verdict_displayed_in_card PASSED [ 23%]
Lint, Tests, Build	Tests unitaires avec couverture	2026-05-11T16:39:15.6599570Z tests/test_duplicate_compare_ui.py::DesktopHtmlCompareTests::test_modal_compare_exists PASSED [ 23%]
Lint, Tests, Build	Tests unitaires avec couverture	2026-05-11T16:39:15.6616567Z tests/test_duplicate_compare_ui.py::DesktopHtmlCompareTests::test_modal_compare_has_body PASSED [ 23%]
Lint, Tests, Build	Tests unitaires avec couverture	2026-05-11T16:39:15.6633720Z tests/test_duplicate_compare_ui.py::DesktopHtmlCompareTests::test_modal_compare_has_close PASSED [ 23%]
Lint, Tests, Build	Tests unitaires avec couverture	2026-05-11T16:39:15.6656998Z tests/test_duplicate_compare_ui.py::DesktopCssCompareTests::test_compare_score_class PASSED [ 23%]
Lint, Tests, Build	Tests unitaires avec couverture	2026-05-11T16:39:15.6673729Z tests/test_duplicate_compare_ui.py::DesktopCssCompareTests::test_compare_table_class PASSED [ 23%]
Lint, Tests, Build	Tests unitaires avec couverture	2026-05-11T16:39:15.6690900Z tests/test_duplicate_compare_ui.py::DesktopCssCompareTests::test_compare_winner_class PASSED [ 23%]
Lint, Tests, Build	Tests unitaires avec couverture	2026-05-11T16:39:15.6709854Z tests/test_duplicate_compare_ui.py::DashboardReviewCompareTests::test_build_dash_comparison_html SKIPPED [ 23%]
Lint, Tests, Build	Tests unitaires avec couverture	2026-05-11T16:39:15.6728258Z tests/test_duplicate_compare_ui.py::DashboardReviewCompareTests::test_comparison_cards_side_by_side SKIPPED [ 23%]
Lint, Tests, Build	Tests unitaires avec couverture	2026-05-11T16:39:15.6746656Z tests/test_duplicate_compare_ui.py::DashboardReviewCompareTests::test_comparison_check_in_preview SKIPPED [ 23%]
Lint, Tests, Build	Tests unitaires avec couverture	2026-05-11T16:39:15.6764241Z tests/test_duplicate_compare_ui.py::DashboardReviewCompareTests::test_comparison_quality_info_dashboard SKIPPED [ 23%]
Lint, Tests, Build	Tests unitaires avec couverture	2026-05-11T16:39:15.6781947Z tests/test_duplicate_compare_ui.py::DashboardReviewCompareTests::test_comparison_table_in_dashboard SKIPPED [ 23%]
Lint, Tests, Build	Tests unitaires avec couverture	2026-05-11T16:39:15.6799302Z tests/test_duplicate_compare_ui.py::DashboardReviewCompareTests::test_comparison_verdict_dashboard SKIPPED [ 23%]
Lint, Tests, Build	Tests unitaires avec couverture	2026-05-11T16:39:15.6817128Z tests/test_duplicate_compare_ui.py::DashboardReviewCompareTests::test_fallback_without_comparison_dashboard SKIPPED [ 23%]
Lint, Tests, Build	Tests unitaires avec couverture	2026-05-11T16:39:15.6834638Z tests/test_duplicate_compare_ui.py::DashboardReviewCompareTests::test_format_size SKIPPED [ 23%]
Lint, Tests, Build	Tests unitaires avec couverture	2026-05-11T16:39:15.6852248Z tests/test_duplicate_compare_ui.py::DashboardReviewCompareTests::test_format_size_units SKIPPED [ 23%]
Lint, Tests, Build	Tests unitaires avec couverture	2026-05-11T16:39:15.6870526Z tests/test_duplicate_compare_ui.py::DashboardReviewCompareTests::test_groups_iteration SKIPPED [ 23%]
Lint, Tests, Build	Tests unitaires avec couverture	2026-05-11T16:39:15.6892288Z tests/test_duplicate_compare_ui.py::DashboardReviewCompareTests::test_size_savings_in_dashboard SKIPPED [ 23%]
Lint, Tests, Build	Tests unitaires avec couverture	2026-05-11T16:39:15.6918342Z tests/test_duplicate_compare_ui.py::DashboardCssCompareTests::test_compare_score_class PASSED [ 23%]
Lint, Tests, Build	Tests unitaires avec couverture	2026-05-11T16:39:15.6935321Z tests/test_duplicate_compare_ui.py::DashboardCssCompareTests::test_compare_table_class PASSED [ 23%]
Lint, Tests, Build	Tests unitaires avec couverture	2026-05-11T16:39:15.6954028Z tests/test_duplicate_v4.py::PerceptualCriterionTests::test_perceptual_better_wins PASSED [ 23%]
Lint, Tests, Build	Tests unitaires avec couverture	2026-05-11T16:39:15.6971657Z tests/test_duplicate_v4.py::PerceptualCriterionTests::test_perceptual_missing_no_crash PASSED [ 23%]
Lint, Tests, Build	Tests unitaires avec couverture	2026-05-11T16:39:15.6989685Z tests/test_duplicate_v4.py::PerceptualCriterionTests::test_perceptual_one_missing PASSED [ 23%]
Lint, Tests, Build	Tests unitaires avec couverture	2026-05-11T16:39:15.7008312Z tests/test_duplicate_v4.py::SubtitlesCriterionTests::test_subtitles_both_no_criterion PASSED [ 23%]
Lint, Tests, Build	Tests unitaires avec couverture	2026-05-11T16:39:15.7026009Z tests/test_duplicate_v4.py::SubtitlesCriterionTests::test_subtitles_fr_a_wins PASSED [ 23%]
Lint, Tests, Build	Tests unitaires avec couverture	2026-05-11T16:39:15.7044189Z tests/test_duplicate_v4.py::SubtitlesCriterionTests::test_subtitles_none_no_criterion PASSED [ 23%]
Lint, Tests, Build	Tests unitaires avec couverture	2026-05-11T16:39:15.7064463Z tests/test_duplicate_v4.py::ExistingCriteriaUnchangedTests::test_seven_base_criteria_present PASSED [ 23%]
Lint, Tests, Build	Tests unitaires avec couverture	2026-05-11T16:39:15.7082218Z tests/test_edition.py::ExtractEditionTests::test_anniversary_edition PASSED [ 23%]
Lint, Tests, Build	Tests unitaires avec couverture	2026-05-11T16:39:15.7099793Z tests/test_edition.py::ExtractEditionTests::test_directors_cut_apostrophe PASSED [ 23%]
Lint, Tests, Build	Tests unitaires avec couverture	2026-05-11T16:39:15.7115656Z tests/test_edition.py::ExtractEditionTests::test_directors_cut_dots PASSED [ 23%]
Lint, Tests, Build	Tests unitaires avec couverture	2026-05-11T16:39:15.7131719Z tests/test_edition.py::ExtractEditionTests::test_extended_edition PASSED [ 23%]
Lint, Tests, Build	Tests unitaires avec couverture	2026-05-11T16:39:15.7147714Z tests/test_edition.py::ExtractEditionTests::test_final_cut PASSED        [ 23%]
Lint, Tests, Build	Tests unitaires avec couverture	2026-05-11T16:39:15.7163490Z tests/test_edition.py::ExtractEditionTests::test_imax PASSED             [ 23%]
Lint, Tests, Build	Tests unitaires avec couverture	2026-05-11T16:39:15.7179380Z tests/test_edition.py::ExtractEditionTests::test_no_edition PASSED       [ 23%]
Lint, Tests, Build	Tests unitaires avec couverture	2026-05-11T16:39:15.7195122Z tests/test_edition.py::ExtractEditionTests::test_strip_edition PASSED    [ 23%]
Lint, Tests, Build	Tests unitaires avec couverture	2026-05-11T16:39:15.7212612Z tests/test_edition.py::PlanRowEditionTests::test_deserialize_with_edition PASSED [ 23%]
Lint, Tests, Build	Tests unitaires avec couverture	2026-05-11T16:39:15.7228617Z tests/test_edition.py::PlanRowEditionTests::test_deserialize_without_edition PASSED [ 24%]
Lint, Tests, Build	Tests unitaires avec couverture	2026-05-11T16:39:15.7245009Z tests/test_edition.py::PlanRowEditionTests::test_planrow_with_edition PASSED [ 24%]
Lint, Tests, Build	Tests unitaires avec couverture	2026-05-11T16:39:15.7261144Z tests/test_edition.py::PlanRowEditionTests::test_planrow_without_edition PASSED [ 24%]
Lint, Tests, Build	Tests unitaires avec couverture	2026-05-11T16:39:15.7279033Z tests/test_edition.py::NamingEditionTests::test_edition_simple_with_value PASSED [ 24%]
Lint, Tests, Build	Tests unitaires avec couverture	2026-05-11T16:39:15.7295298Z tests/test_edition.py::NamingEditionTests::test_edition_tag_empty PASSED [ 24%]
Lint, Tests, Build	Tests unitaires avec couverture	2026-05-11T16:39:15.7311815Z tests/test_edition.py::NamingEditionTests::test_edition_tag_with_value PASSED [ 24%]
Lint, Tests, Build	Tests unitaires avec couverture	2026-05-11T16:39:15.7328011Z tests/test_edition.py::NamingEditionTests::test_edition_vars_in_known PASSED [ 24%]
Lint, Tests, Build	Tests unitaires avec couverture	2026-05-11T16:39:15.7344697Z tests/test_edition.py::NamingEditionTests::test_validate_template_accepts_edition PASSED [ 24%]
Lint, Tests, Build	Tests unitaires avec couverture	2026-05-11T16:39:15.7361177Z tests/test_edition.py::DuplicateEditionTests::test_different_editions_different_keys PASSED [ 24%]
Lint, Tests, Build	Tests unitaires avec couverture	2026-05-11T16:39:15.7377415Z tests/test_edition.py::DuplicateEditionTests::test_edition_vs_no_edition_different_keys PASSED [ 24%]
Lint, Tests, Build	Tests unitaires avec couverture	2026-05-11T16:39:15.7393707Z tests/test_edition.py::DuplicateEditionTests::test_no_edition_backward_compat PASSED [ 24%]
Lint, Tests, Build	Tests unitaires avec couverture	2026-05-11T16:39:15.7409397Z tests/test_edition.py::DuplicateEditionTests::test_same_edition_same_key PASSED [ 24%]
Lint, Tests, Build	Tests unitaires avec couverture	2026-05-11T16:39:15.7427301Z tests/test_edition.py::EditionUiTests::test_app_css_edition SKIPPED      [ 24%]
Lint, Tests, Build	Tests unitaires avec couverture	2026-05-11T16:39:15.7445859Z tests/test_edition.py::EditionUiTests::test_dash_css_edition SKIPPED     [ 24%]
Lint, Tests, Build	Tests unitaires avec couverture	2026-05-11T16:39:15.7463319Z tests/test_edition.py::EditionUiTests::test_review_js_edition_badge SKIPPED [ 24%]
Lint, Tests, Build	Tests unitaires avec couverture	2026-05-11T16:39:15.7480778Z tests/test_edition.py::EditionUiTests::test_validation_js_edition_badge SKIPPED [ 24%]
Lint, Tests, Build	Tests unitaires avec couverture	2026-05-11T16:39:15.7498288Z tests/test_edition.py::EditionIntegrationTests::test_conformance_with_edition_template PASSED [ 24%]
Lint, Tests, Build	Tests unitaires avec couverture	2026-05-11T16:39:15.7514460Z tests/test_edition.py::EditionIntegrationTests::test_edition_none_clean_template PASSED [ 24%]
Lint, Tests, Build	Tests unitaires avec couverture	2026-05-11T16:39:15.7530123Z tests/test_edition.py::EditionIntegrationTests::test_no_edition_unchanged PASSED [ 24%]
Lint, Tests, Build	Tests unitaires avec couverture	2026-05-11T16:39:15.7548310Z tests/test_edition.py::EditionIntegrationTests::test_strip_then_clean_title PASSED [ 24%]
Lint, Tests, Build	Tests unitaires avec couverture	2026-05-11T16:39:15.7566031Z tests/test_email_report.py::EmailBuildTests::test_body_contains_summary PASSED [ 24%]
Lint, Tests, Build	Tests unitaires avec couverture	2026-05-11T16:39:15.7582077Z tests/test_email_report.py::EmailBuildTests::test_body_post_apply PASSED [ 24%]
Lint, Tests, Build	Tests unitaires avec couverture	2026-05-11T16:39:15.7597858Z tests/test_email_report.py::EmailBuildTests::test_subject_post_apply PASSED [ 24%]
Lint, Tests, Build	Tests unitaires avec couverture	2026-05-11T16:39:15.7613849Z tests/test_email_report.py::EmailBuildTests::test_subject_post_scan PASSED [ 24%]
Lint, Tests, Build	Tests unitaires avec couverture	2026-05-11T16:39:15.7633371Z tests/test_email_report.py::SmtpSendTests::test_missing_host_returns_false PASSED [ 24%]
Lint, Tests, Build	Tests unitaires avec couverture	2026-05-11T16:39:15.7679406Z tests/test_email_report.py::SmtpSendTests::test_port_465_uses_ssl PASSED [ 24%]
Lint, Tests, Build	Tests unitaires avec couverture	2026-05-11T16:39:15.7703121Z tests/test_email_report.py::SmtpSendTests::test_send_failure_no_crash PASSED [ 24%]
Lint, Tests, Build	Tests unitaires avec couverture	2026-05-11T16:39:15.7750157Z tests/test_email_report.py::SmtpSendTests::test_send_success PASSED      [ 24%]
Lint, Tests, Build	Tests unitaires avec couverture	2026-05-11T16:39:15.7769758Z tests/test_email_report.py::DispatchGuardTests::test_disabled_no_send PASSED [ 24%]
Lint, Tests, Build	Tests unitaires avec couverture	2026-05-11T16:39:15.7788830Z tests/test_email_report.py::DispatchGuardTests::test_on_scan_disabled_no_send PASSED [ 24%]
Lint, Tests, Build	Tests unitaires avec couverture	2026-05-11T16:39:15.7814639Z tests/test_email_report.py::EmailSettingsTests::test_defaults PASSED     [ 24%]
Lint, Tests, Build	Tests unitaires avec couverture	2026-05-11T16:39:15.7875283Z tests/test_email_report.py::EmailSettingsTests::test_round_trip PASSED   [ 24%]
Lint, Tests, Build	Tests unitaires avec couverture	2026-05-11T16:39:15.7896382Z tests/test_email_report.py::EmailEndpointAndUiTests::test_endpoint_exists PASSED [ 24%]
Lint, Tests, Build	Tests unitaires avec couverture	2026-05-11T16:39:15.7924354Z tests/test_email_report.py::EmailEndpointAndUiTests::test_ui_section_present PASSED [ 24%]
Lint, Tests, Build	Tests unitaires avec couverture	2026-05-11T16:39:15.7943553Z tests/test_empty_state_component.py::EmptyStateComponentTests::test_buildEmptyState_function_exists PASSED [ 24%]
Lint, Tests, Build	Tests unitaires avec couverture	2026-05-11T16:39:15.7968185Z tests/test_empty_state_component.py::EmptyStateComponentTests::test_css_classes_defined PASSED [ 24%]
Lint, Tests, Build	Tests unitaires avec couverture	2026-05-11T16:39:15.7986285Z tests/test_empty_state_component.py::EmptyStateComponentTests::test_dashboard_es_module_mirror_exists PASSED [ 24%]
Lint, Tests, Build	Tests unitaires avec couverture	2026-05-11T16:39:15.8005694Z tests/test_empty_state_component.py::EmptyStateComponentTests::test_dashboard_quality_uses_component SKIPPED [ 24%]
Lint, Tests, Build	Tests unitaires avec couverture	2026-05-11T16:39:15.8034839Z tests/test_empty_state_component.py::EmptyStateComponentTests::test_library_history_use_component_indirectly PASSED [ 24%]
Lint, Tests, Build	Tests unitaires avec couverture	2026-05-11T16:39:15.8060909Z tests/test_empty_state_component.py::EmptyStateComponentTests::test_views_use_component PASSED [ 25%]
Lint, Tests, Build	Tests unitaires avec couverture	2026-05-11T16:39:15.8079264Z tests/test_encode_analysis.py::UpscaleTests::test_1080p_h264_low PASSED  [ 25%]
Lint, Tests, Build	Tests unitaires avec couverture	2026-05-11T16:39:15.8096127Z tests/test_encode_analysis.py::UpscaleTests::test_1080p_hevc_low PASSED  [ 25%]
Lint, Tests, Build	Tests unitaires avec couverture	2026-05-11T16:39:15.8113134Z tests/test_encode_analysis.py::UpscaleTests::test_4k_av1_low_bitrate PASSED [ 25%]
Lint, Tests, Build	Tests unitaires avec couverture	2026-05-11T16:39:15.8129774Z tests/test_encode_analysis.py::UpscaleTests::test_4k_h264_any_bitrate PASSED [ 25%]
Lint, Tests, Build	Tests unitaires avec couverture	2026-05-11T16:39:15.8145293Z tests/test_encode_analysis.py::UpscaleTests::test_4k_hevc_low_bitrate PASSED [ 25%]
Lint, Tests, Build	Tests unitaires avec couverture	2026-05-11T16:39:15.8162112Z tests/test_encode_analysis.py::UpscaleTests::test_720p_low PASSED        [ 25%]
Lint, Tests, Build	Tests unitaires avec couverture	2026-05-11T16:39:15.8179792Z tests/test_encode_analysis.py::NotUpscaleTests::test_1080p_h264_normal PASSED [ 25%]
Lint, Tests, Build	Tests unitaires avec couverture	2026-05-11T16:39:15.8196454Z tests/test_encode_analysis.py::NotUpscaleTests::test_1080p_hevc_normal PASSED [ 25%]
Lint, Tests, Build	Tests unitaires avec couverture	2026-05-11T16:39:15.8213009Z tests/test_encode_analysis.py::NotUpscaleTests::test_4k_hevc_high PASSED [ 25%]
Lint, Tests, Build	Tests unitaires avec couverture	2026-05-11T16:39:15.8229828Z tests/test_encode_analysis.py::NotUpscaleTests::test_720p_normal PASSED  [ 25%]
Lint, Tests, Build	Tests unitaires avec couverture	2026-05-11T16:39:15.8246920Z tests/test_encode_analysis.py::FourKLightTests::test_4k_hevc_15mbps PASSED [ 25%]
Lint, Tests, Build	Tests unitaires avec couverture	2026-05-11T16:39:15.8262667Z tests/test_encode_analysis.py::FourKLightTests::test_4k_hevc_5mbps PASSED [ 25%]
Lint, Tests, Build	Tests unitaires avec couverture	2026-05-11T16:39:15.8279457Z tests/test_encode_analysis.py::FourKLightTests::test_4k_hevc_above_25mbps PASSED [ 25%]
Lint, Tests, Build	Tests unitaires avec couverture	2026-05-11T16:39:15.8296841Z tests/test_encode_analysis.py::FourKLightTests::test_mutual_exclusion_upscale_vs_light PASSED [ 25%]
Lint, Tests, Build	Tests unitaires avec couverture	2026-05-11T16:39:15.8314023Z tests/test_encode_analysis.py::ReencodeTests::test_1080p_h264_very_low PASSED [ 25%]
Lint, Tests, Build	Tests unitaires avec couverture	2026-05-11T16:39:15.8330394Z tests/test_encode_analysis.py::ReencodeTests::test_1080p_hevc_above_threshold PASSED [ 25%]
Lint, Tests, Build	Tests unitaires avec couverture	2026-05-11T16:39:15.8346552Z tests/test_encode_analysis.py::ReencodeTests::test_1080p_hevc_very_low PASSED [ 25%]
Lint, Tests, Build	Tests unitaires avec couverture	2026-05-11T16:39:15.8361888Z tests/test_encode_analysis.py::ReencodeTests::test_720p_very_low PASSED  [ 25%]
Lint, Tests, Build	Tests unitaires avec couverture	2026-05-11T16:39:15.8379566Z tests/test_encode_analysis.py::ReencodeTests::test_sd_very_low PASSED    [ 25%]
Lint, Tests, Build	Tests unitaires avec couverture	2026-05-11T16:39:15.8396490Z tests/test_encode_analysis.py::GuardTests::test_bitrate_none PASSED      [ 25%]
Lint, Tests, Build	Tests unitaires avec couverture	2026-05-11T16:39:15.8413015Z tests/test_encode_analysis.py::GuardTests::test_bitrate_zero PASSED      [ 25%]
Lint, Tests, Build	Tests unitaires avec couverture	2026-05-11T16:39:15.8429625Z tests/test_encode_analysis.py::GuardTests::test_codec_empty PASSED       [ 25%]
Lint, Tests, Build	Tests unitaires avec couverture	2026-05-11T16:39:15.8446430Z tests/test_encode_analysis.py::GuardTests::test_empty_dict PASSED        [ 25%]
Lint, Tests, Build	Tests unitaires avec couverture	2026-05-11T16:39:15.8461880Z tests/test_encode_analysis.py::GuardTests::test_height_zero PASSED       [ 25%]
Lint, Tests, Build	Tests unitaires avec couverture	2026-05-11T16:39:15.8478908Z tests/test_encode_analysis.py::GuardTests::test_none_dict PASSED         [ 25%]
Lint, Tests, Build	Tests unitaires avec couverture	2026-05-11T16:39:15.8497552Z tests/test_encode_analysis.py::UiBadgeTests::test_dashboard_4k_light_badge SKIPPED [ 25%]
Lint, Tests, Build	Tests unitaires avec couverture	2026-05-11T16:39:15.8515609Z tests/test_encode_analysis.py::UiBadgeTests::test_dashboard_upscale_badge SKIPPED [ 25%]
Lint, Tests, Build	Tests unitaires avec couverture	2026-05-11T16:39:15.8533112Z tests/test_encode_analysis.py::UiBadgeTests::test_desktop_4k_light_badge SKIPPED [ 25%]
Lint, Tests, Build	Tests unitaires avec couverture	2026-05-11T16:39:15.8551207Z tests/test_encode_analysis.py::UiBadgeTests::test_desktop_css_4k_light SKIPPED [ 25%]
Lint, Tests, Build	Tests unitaires avec couverture	2026-05-11T16:39:15.8569035Z tests/test_encode_analysis.py::UiBadgeTests::test_desktop_css_reencode SKIPPED [ 25%]
Lint, Tests, Build	Tests unitaires avec couverture	2026-05-11T16:39:15.8586839Z tests/test_encode_analysis.py::UiBadgeTests::test_desktop_css_upscale SKIPPED [ 25%]
Lint, Tests, Build	Tests unitaires avec couverture	2026-05-11T16:39:15.8604478Z tests/test_encode_analysis.py::UiBadgeTests::test_desktop_reencode_badge SKIPPED [ 25%]
Lint, Tests, Build	Tests unitaires avec couverture	2026-05-11T16:39:15.8622545Z tests/test_encode_analysis.py::UiBadgeTests::test_desktop_upscale_badge SKIPPED [ 25%]
Lint, Tests, Build	Tests unitaires avec couverture	2026-05-11T16:39:15.8658152Z tests/test_error_resilience.py::ParseMovieNfoResilienceTests::test_binary_garbage_returns_none PASSED [ 25%]
Lint, Tests, Build	Tests unitaires avec couverture	2026-05-11T16:39:15.8689847Z tests/test_error_resilience.py::ParseMovieNfoResilienceTests::test_corrupt_xml_returns_none PASSED [ 25%]
Lint, Tests, Build	Tests unitaires avec couverture	2026-05-11T16:39:15.8718831Z tests/test_error_resilience.py::ParseMovieNfoResilienceTests::test_empty_file_returns_none PASSED [ 25%]
Lint, Tests, Build	Tests unitaires avec couverture	2026-05-11T16:39:15.8742112Z tests/test_error_resilience.py::ParseMovieNfoResilienceTests::test_missing_file_returns_none PASSED [ 25%]
Lint, Tests, Build	Tests unitaires avec couverture	2026-05-11T16:39:15.8774028Z tests/test_error_resilience.py::ParseMovieNfoResilienceTests::test_valid_nfo_still_works PASSED [ 25%]
Lint, Tests, Build	Tests unitaires avec couverture	2026-05-11T16:39:15.8798073Z tests/test_error_resilience.py::FindBestNfoResilienceTests::test_missing_folder_returns_none PASSED [ 25%]
Lint, Tests, Build	Tests unitaires avec couverture	2026-05-11T16:39:15.8816395Z tests/test_error_resilience.py::PlanRowFromJsonableResilienceTests::test_empty_dict_returns_row_with_defaults PASSED [ 26%]
Lint, Tests, Build	Tests unitaires avec couverture	2026-05-11T16:39:15.8832594Z tests/test_error_resilience.py::PlanRowFromJsonableResilienceTests::test_none_returns_none PASSED [ 26%]
Lint, Tests, Build	Tests unitaires avec couverture	2026-05-11T16:39:15.8848566Z tests/test_error_resilience.py::PlanRowFromJsonableResilienceTests::test_partial_data_returns_row PASSED [ 26%]
Lint, Tests, Build	Tests unitaires avec couverture	2026-05-11T16:39:15.8865018Z tests/test_error_resilience.py::PlanRowFromJsonableResilienceTests::test_valid_data_works PASSED [ 26%]
Lint, Tests, Build	Tests unitaires avec couverture	2026-05-11T16:39:15.8881984Z tests/test_error_resilience.py::PlanRowFromJsonableResilienceTests::test_wrong_types_returns_none PASSED [ 26%]
Lint, Tests, Build	Tests unitaires avec couverture	2026-05-11T16:39:15.8912470Z tests/test_error_resilience.py::ClassifyCleanableResilienceTests::test_empty_dir_returns_empty PASSED [ 26%]
Lint, Tests, Build	Tests unitaires avec couverture	2026-05-11T16:39:15.8936809Z tests/test_error_resilience.py::ClassifyCleanableResilienceTests::test_nonexistent_dir_returns_invalid PASSED [ 26%]
Lint, Tests, Build	Tests unitaires avec couverture	2026-05-11T16:39:16.0381790Z tests/test_error_resilience.py::DecodeRowJsonResilienceTests::test_corrupt_json_returns_default_with_warning PASSED [ 26%]
Lint, Tests, Build	Tests unitaires avec couverture	2026-05-11T16:39:16.1955928Z tests/test_error_resilience.py::DecodeRowJsonResilienceTests::test_valid_json_decoded PASSED [ 26%]
Lint, Tests, Build	Tests unitaires avec couverture	2026-05-11T16:39:16.3389466Z tests/test_error_resilience.py::DecodeRowJsonResilienceTests::test_wrong_type_returns_default_with_warning PASSED [ 26%]
Lint, Tests, Build	Tests unitaires avec couverture	2026-05-11T16:39:16.3414820Z tests/test_expert_mode.py::ExpertModeBackendTests::test_expert_mode_default_false PASSED [ 26%]
Lint, Tests, Build	Tests unitaires avec couverture	2026-05-11T16:39:16.3430969Z tests/test_expert_mode.py::ExpertModeBackendTests::test_expert_mode_missing_defaults_to_false PASSED [ 26%]
Lint, Tests, Build	Tests unitaires avec couverture	2026-05-11T16:39:16.3446511Z tests/test_expert_mode.py::ExpertModeBackendTests::test_expert_mode_normalized_native_bool PASSED [ 26%]
Lint, Tests, Build	Tests unitaires avec couverture	2026-05-11T16:39:16.3462421Z tests/test_expert_mode.py::ExpertModeBackendTests::test_expert_mode_normalized_true_string PASSED [ 26%]
Lint, Tests, Build	Tests unitaires avec couverture	2026-05-11T16:39:16.3616798Z tests/test_expert_mode.py::ExpertModeBackendTests::test_expert_mode_round_trip PASSED [ 26%]
Lint, Tests, Build	Tests unitaires avec couverture	2026-05-11T16:39:16.3635174Z tests/test_expert_mode.py::ExpertModeFrontendTests::test_advanced_flag_used SKIPPED [ 26%]
Lint, Tests, Build	Tests unitaires avec couverture	2026-05-11T16:39:16.3653441Z tests/test_expert_mode.py::ExpertModeFrontendTests::test_apply_expert_mode_helper SKIPPED [ 26%]
Lint, Tests, Build	Tests unitaires avec couverture	2026-05-11T16:39:16.3671540Z tests/test_expert_mode.py::ExpertModeFrontendTests::test_css_filter_advanced SKIPPED [ 26%]
Lint, Tests, Build	Tests unitaires avec couverture	2026-05-11T16:39:16.3690462Z tests/test_expert_mode.py::ExpertModeFrontendTests::test_expert_toggle_present SKIPPED [ 26%]
Lint, Tests, Build	Tests unitaires avec couverture	2026-05-11T16:39:16.3709986Z tests/test_explain_score.py::FactorEnrichmentTests::test_direction_classification PASSED [ 26%]
Lint, Tests, Build	Tests unitaires avec couverture	2026-05-11T16:39:16.3726939Z tests/test_explain_score.py::FactorEnrichmentTests::test_weighted_delta_audio PASSED [ 26%]
Lint, Tests, Build	Tests unitaires avec couverture	2026-05-11T16:39:16.3743779Z tests/test_explain_score.py::FactorEnrichmentTests::test_weighted_delta_custom_counts_as_video PASSED [ 26%]
Lint, Tests, Build	Tests unitaires avec couverture	2026-05-11T16:39:16.3761462Z tests/test_explain_score.py::FactorEnrichmentTests::test_weighted_delta_extras PASSED [ 26%]
Lint, Tests, Build	Tests unitaires avec couverture	2026-05-11T16:39:16.3778311Z tests/test_explain_score.py::FactorEnrichmentTests::test_weighted_delta_video PASSED [ 26%]
Lint, Tests, Build	Tests unitaires avec couverture	2026-05-11T16:39:16.3796011Z tests/test_explain_score.py::FactorEnrichmentTests::test_weighted_delta_zero_stays_zero PASSED [ 26%]
Lint, Tests, Build	Tests unitaires avec couverture	2026-05-11T16:39:16.3814212Z tests/test_explain_score.py::CategoriesBreakdownTests::test_breakdown_contribution_sums_approx_score PASSED [ 26%]
Lint, Tests, Build	Tests unitaires avec couverture	2026-05-11T16:39:16.3831256Z tests/test_explain_score.py::CategoriesBreakdownTests::test_breakdown_counts_positive_and_negative PASSED [ 26%]
Lint, Tests, Build	Tests unitaires avec couverture	2026-05-11T16:39:16.3847902Z tests/test_explain_score.py::CategoriesBreakdownTests::test_breakdown_has_french_label PASSED [ 26%]
Lint, Tests, Build	Tests unitaires avec couverture	2026-05-11T16:39:16.3864445Z tests/test_explain_score.py::CategoriesBreakdownTests::test_breakdown_includes_all_three PASSED [ 26%]
Lint, Tests, Build	Tests unitaires avec couverture	2026-05-11T16:39:16.3882211Z tests/test_explain_score.py::CategoriesBreakdownTests::test_breakdown_weight_pct_sums_to_100 PASSED [ 26%]
Lint, Tests, Build	Tests unitaires avec couverture	2026-05-11T16:39:16.3899726Z tests/test_explain_score.py::BaselineTests::test_baseline_includes_all_thresholds PASSED [ 26%]
Lint, Tests, Build	Tests unitaires avec couverture	2026-05-11T16:39:16.3916941Z tests/test_explain_score.py::BaselineTests::test_baseline_uses_legacy_threshold_names PASSED [ 26%]
Lint, Tests, Build	Tests unitaires avec couverture	2026-05-11T16:39:16.3933689Z tests/test_explain_score.py::BaselineTests::test_next_tier_none_when_platinum PASSED [ 26%]
Lint, Tests, Build	Tests unitaires avec couverture	2026-05-11T16:39:16.3950589Z tests/test_explain_score.py::BaselineTests::test_next_tier_when_close_to_platinum PASSED [ 26%]
Lint, Tests, Build	Tests unitaires avec couverture	2026-05-11T16:39:16.3968873Z tests/test_explain_score.py::SuggestionsTests::test_4k_light_triggers_suggestion PASSED [ 26%]
Lint, Tests, Build	Tests unitaires avec couverture	2026-05-11T16:39:16.3985184Z tests/test_explain_score.py::SuggestionsTests::test_generic_suggestion_when_close_to_next_tier PASSED [ 26%]
Lint, Tests, Build	Tests unitaires avec couverture	2026-05-11T16:39:16.4002503Z tests/test_explain_score.py::SuggestionsTests::test_no_suggestion_when_no_negative_and_far_from_next PASSED [ 26%]
Lint, Tests, Build	Tests unitaires avec couverture	2026-05-11T16:39:16.4019367Z tests/test_explain_score.py::SuggestionsTests::test_suggestions_are_unique PASSED [ 26%]
Lint, Tests, Build	Tests unitaires avec couverture	2026-05-11T16:39:16.4037444Z tests/test_explain_score.py::SuggestionsTests::test_upscale_triggers_suggestion PASSED [ 26%]
Lint, Tests, Build	Tests unitaires avec couverture	2026-05-11T16:39:16.4055643Z tests/test_explain_score.py::NarrativeTests::test_narrative_handles_no_factors PASSED [ 27%]
Lint, Tests, Build	Tests unitaires avec couverture	2026-05-11T16:39:16.4073038Z tests/test_explain_score.py::NarrativeTests::test_narrative_mentions_best_and_worst_category PASSED [ 27%]
Lint, Tests, Build	Tests unitaires avec couverture	2026-05-11T16:39:16.4090347Z tests/test_explain_score.py::NarrativeTests::test_narrative_mentions_distance_to_next_tier_when_close PASSED [ 27%]
Lint, Tests, Build	Tests unitaires avec couverture	2026-05-11T16:39:16.4106797Z tests/test_explain_score.py::NarrativeTests::test_narrative_mentions_score_and_tier PASSED [ 27%]
Lint, Tests, Build	Tests unitaires avec couverture	2026-05-11T16:39:16.4123675Z tests/test_explain_score.py::NarrativeTests::test_narrative_skips_distance_when_far PASSED [ 27%]
Lint, Tests, Build	Tests unitaires avec couverture	2026-05-11T16:39:16.4142308Z tests/test_explain_score.py::TopPositiveNegativeTests::test_top_3_limit PASSED [ 27%]
Lint, Tests, Build	Tests unitaires avec couverture	2026-05-11T16:39:16.4159860Z tests/test_explain_score.py::TopPositiveNegativeTests::test_top_negative_sorted_by_weighted_impact PASSED [ 27%]
Lint, Tests, Build	Tests unitaires avec couverture	2026-05-11T16:39:16.4177433Z tests/test_explain_score.py::TopPositiveNegativeTests::test_top_positive_sorted_by_weighted_impact PASSED [ 27%]
Lint, Tests, Build	Tests unitaires avec couverture	2026-05-11T16:39:16.4195882Z tests/test_explain_score.py::RobustnessTests::test_handles_malformed_factor PASSED [ 27%]
Lint, Tests, Build	Tests unitaires avec couverture	2026-05-11T16:39:16.4212219Z tests/test_explain_score.py::RobustnessTests::test_handles_missing_weights_key PASSED [ 27%]
Lint, Tests, Build	Tests unitaires avec couverture	2026-05-11T16:39:16.4231371Z tests/test_explain_score.py::RobustnessTests::test_handles_negative_weights_gracefully PASSED [ 27%]
Lint, Tests, Build	Tests unitaires avec couverture	2026-05-11T16:39:16.4253964Z tests/test_export_support.py::TestHtmlReport::test_contains_html_structure PASSED [ 27%]
Lint, Tests, Build	Tests unitaires avec couverture	2026-05-11T16:39:16.4273910Z tests/test_export_support.py::TestHtmlReport::test_contains_run_id PASSED [ 27%]
Lint, Tests, Build	Tests unitaires avec couverture	2026-05-11T16:39:16.4293826Z tests/test_export_support.py::TestHtmlReport::test_contains_stats_cards PASSED [ 27%]
Lint, Tests, Build	Tests unitaires avec couverture	2026-05-11T16:39:16.4313377Z tests/test_export_support.py::TestHtmlReport::test_contains_svg_chart PASSED [ 27%]
Lint, Tests, Build	Tests unitaires avec couverture	2026-05-11T16:39:16.4333139Z tests/test_export_support.py::TestHtmlReport::test_contains_table PASSED [ 27%]
Lint, Tests, Build	Tests unitaires avec couverture	2026-05-11T16:39:16.4352486Z tests/test_export_support.py::TestHtmlReport::test_empty_rows PASSED     [ 27%]
Lint, Tests, Build	Tests unitaires avec couverture	2026-05-11T16:39:16.4372769Z tests/test_export_support.py::TestHtmlReport::test_html_escapes_title PASSED [ 27%]
Lint, Tests, Build	Tests unitaires avec couverture	2026-05-11T16:39:16.4392049Z tests/test_export_support.py::TestBuildNfoXml::test_basic_nfo PASSED     [ 27%]
Lint, Tests, Build	Tests unitaires avec couverture	2026-05-11T16:39:16.4408318Z tests/test_export_support.py::TestBuildNfoXml::test_no_original_title_when_same PASSED [ 27%]
Lint, Tests, Build	Tests unitaires avec couverture	2026-05-11T16:39:16.4424756Z tests/test_export_support.py::TestBuildNfoXml::test_no_year_zero PASSED  [ 27%]
Lint, Tests, Build	Tests unitaires avec couverture	2026-05-11T16:39:16.4441862Z tests/test_export_support.py::TestBuildNfoXml::test_original_title PASSED [ 27%]
Lint, Tests, Build	Tests unitaires avec couverture	2026-05-11T16:39:16.4458965Z tests/test_export_support.py::TestBuildNfoXml::test_with_imdb_id PASSED  [ 27%]
Lint, Tests, Build	Tests unitaires avec couverture	2026-05-11T16:39:16.4476012Z tests/test_export_support.py::TestBuildNfoXml::test_with_tmdb_id PASSED  [ 27%]
Lint, Tests, Build	Tests unitaires avec couverture	2026-05-11T16:39:16.4495673Z tests/test_export_support.py::TestExportNfoForRun::test_dry_run_no_file_written PASSED [ 27%]
Lint, Tests, Build	Tests unitaires avec couverture	2026-05-11T16:39:16.4529470Z tests/test_export_support.py::TestExportNfoForRun::test_overwrite_existing_nfo PASSED [ 27%]
Lint, Tests, Build	Tests unitaires avec couverture	2026-05-11T16:39:16.4562888Z tests/test_export_support.py::TestExportNfoForRun::test_skip_existing_nfo PASSED [ 27%]
Lint, Tests, Build	Tests unitaires avec couverture	2026-05-11T16:39:16.4579208Z tests/test_export_support.py::TestExportNfoForRun::test_skip_no_data PASSED [ 27%]
Lint, Tests, Build	Tests unitaires avec couverture	2026-05-11T16:39:16.4611124Z tests/test_export_support.py::TestExportNfoForRun::test_write_nfo_real PASSED [ 27%]
Lint, Tests, Build	Tests unitaires avec couverture	2026-05-11T16:39:16.4629479Z tests/test_export_support.py::TestCsvEnrichedPayload::test_csv_has_enriched_columns PASSED [ 27%]
Lint, Tests, Build	Tests unitaires avec couverture	2026-05-11T16:39:16.4647175Z tests/test_export_support.py::TestCsvEnrichedPayload::test_csv_row_data PASSED [ 27%]
Lint, Tests, Build	Tests unitaires avec couverture	2026-05-11T16:39:16.4665619Z tests/test_export_support.py::TestHdrLabel::test_dolby_vision PASSED     [ 27%]
Lint, Tests, Build	Tests unitaires avec couverture	2026-05-11T16:39:16.4681257Z tests/test_export_support.py::TestHdrLabel::test_dv_plus_hdr10 PASSED    [ 27%]
Lint, Tests, Build	Tests unitaires avec couverture	2026-05-11T16:39:16.4697329Z tests/test_export_support.py::TestHdrLabel::test_hdr10 PASSED            [ 27%]
Lint, Tests, Build	Tests unitaires avec couverture	2026-05-11T16:39:16.4715353Z tests/test_export_support.py::TestHdrLabel::test_sdr PASSED              [ 27%]
Lint, Tests, Build	Tests unitaires avec couverture	2026-05-11T16:39:16.4907261Z tests/test_fake_4k_detection.py::TestComputeFftHfRatio::test_bicubic_upscale_low_hf PASSED [ 27%]
Lint, Tests, Build	Tests unitaires avec couverture	2026-05-11T16:39:16.4923215Z tests/test_fake_4k_detection.py::TestComputeFftHfRatio::test_empty_pixels PASSED [ 27%]
Lint, Tests, Build	Tests unitaires avec couverture	2026-05-11T16:39:16.4945511Z tests/test_fake_4k_detection.py::TestComputeFftHfRatio::test_high_freq_pattern_high_ratio PASSED [ 27%]
Lint, Tests, Build	Tests unitaires avec couverture	2026-05-11T16:39:16.4961579Z tests/test_fake_4k_detection.py::TestComputeFftHfRatio::test_invalid_dimensions PASSED [ 27%]
Lint, Tests, Build	Tests unitaires avec couverture	2026-05-11T16:39:16.4984933Z tests/test_fake_4k_detection.py::TestComputeFftHfRatio::test_uniform_returns_zero PASSED [ 27%]
Lint, Tests, Build	Tests unitaires avec couverture	2026-05-11T16:39:16.5008180Z tests/test_fake_4k_detection.py::TestComputeFftHfRatio::test_white_noise_moderate_hf PASSED [ 28%]
Lint, Tests, Build	Tests unitaires avec couverture	2026-05-11T16:39:16.5027231Z tests/test_fake_4k_detection.py::TestIsFrameUsable::test_dark_rejected PASSED [ 28%]
Lint, Tests, Build	Tests unitaires avec couverture	2026-05-11T16:39:16.5045389Z tests/test_fake_4k_detection.py::TestIsFrameUsable::test_normal_frame_accepted PASSED [ 28%]
Lint, Tests, Build	Tests unitaires avec couverture	2026-05-11T16:39:16.5061550Z tests/test_fake_4k_detection.py::TestIsFrameUsable::test_truncated_rejected PASSED [ 28%]
Lint, Tests, Build	Tests unitaires avec couverture	2026-05-11T16:39:16.5077023Z tests/test_fake_4k_detection.py::TestIsFrameUsable::test_uniform_rejected_low_variance PASSED [ 28%]
Lint, Tests, Build	Tests unitaires avec couverture	2026-05-11T16:39:16.5094685Z tests/test_fake_4k_detection.py::TestIsFrameUsable::test_variance_none_accepted PASSED [ 28%]
Lint, Tests, Build	Tests unitaires avec couverture	2026-05-11T16:39:16.5111591Z tests/test_fake_4k_detection.py::TestIsFrameUsable::test_zero_dimensions_rejected PASSED [ 28%]
Lint, Tests, Build	Tests unitaires avec couverture	2026-05-11T16:39:16.5129333Z tests/test_fake_4k_detection.py::TestComputeFftHfRatioMedian::test_all_unusable_none PASSED [ 28%]
Lint, Tests, Build	Tests unitaires avec couverture	2026-05-11T16:39:16.5145534Z tests/test_fake_4k_detection.py::TestComputeFftHfRatioMedian::test_empty_list_none PASSED [ 28%]
Lint, Tests, Build	Tests unitaires avec couverture	2026-05-11T16:39:16.5169873Z tests/test_fake_4k_detection.py::TestComputeFftHfRatioMedian::test_filters_dark_frames PASSED [ 28%]
Lint, Tests, Build	Tests unitaires avec couverture	2026-05-11T16:39:16.5192609Z tests/test_fake_4k_detection.py::TestComputeFftHfRatioMedian::test_filters_uniform_frames PASSED [ 28%]
Lint, Tests, Build	Tests unitaires avec couverture	2026-05-11T16:39:16.5227167Z tests/test_fake_4k_detection.py::TestComputeFftHfRatioMedian::test_median_of_3_frames PASSED [ 28%]
Lint, Tests, Build	Tests unitaires avec couverture	2026-05-11T16:39:16.5245438Z tests/test_fake_4k_detection.py::TestClassifyFake4kFft::test_insufficient_frames_none PASSED [ 28%]
Lint, Tests, Build	Tests unitaires avec couverture	2026-05-11T16:39:16.5261931Z tests/test_fake_4k_detection.py::TestClassifyFake4kFft::test_not_applicable_1080p PASSED [ 28%]
Lint, Tests, Build	Tests unitaires avec couverture	2026-05-11T16:39:16.5278027Z tests/test_fake_4k_detection.py::TestClassifyFake4kFft::test_not_applicable_animation PASSED [ 28%]
Lint, Tests, Build	Tests unitaires avec couverture	2026-05-11T16:39:16.5294764Z tests/test_fake_4k_detection.py::TestClassifyFake4kFft::test_ratio_005_fake_bicubic PASSED [ 28%]
Lint, Tests, Build	Tests unitaires avec couverture	2026-05-11T16:39:16.5312116Z tests/test_fake_4k_detection.py::TestClassifyFake4kFft::test_ratio_010_ambiguous PASSED [ 28%]
Lint, Tests, Build	Tests unitaires avec couverture	2026-05-11T16:39:16.5328201Z tests/test_fake_4k_detection.py::TestClassifyFake4kFft::test_ratio_018_native_boundary PASSED [ 28%]
Lint, Tests, Build	Tests unitaires avec couverture	2026-05-11T16:39:16.5344672Z tests/test_fake_4k_detection.py::TestClassifyFake4kFft::test_ratio_020_native PASSED [ 28%]
Lint, Tests, Build	Tests unitaires avec couverture	2026-05-11T16:39:16.5361282Z tests/test_fake_4k_detection.py::TestClassifyFake4kFft::test_ratio_0_fake_bicubic PASSED [ 28%]
Lint, Tests, Build	Tests unitaires avec couverture	2026-05-11T16:39:16.5378462Z tests/test_fake_4k_detection.py::TestCombineVerdicts::test_both_fake_confirmed PASSED [ 28%]
Lint, Tests, Build	Tests unitaires avec couverture	2026-05-11T16:39:16.5394809Z tests/test_fake_4k_detection.py::TestCombineVerdicts::test_both_none_ambiguous PASSED [ 28%]
Lint, Tests, Build	Tests unitaires avec couverture	2026-05-11T16:39:16.5411544Z tests/test_fake_4k_detection.py::TestCombineVerdicts::test_fft_none_ssim_fake PASSED [ 28%]
Lint, Tests, Build	Tests unitaires avec couverture	2026-05-11T16:39:16.5428052Z tests/test_fake_4k_detection.py::TestCombineVerdicts::test_fft_none_ssim_native PASSED [ 28%]
Lint, Tests, Build	Tests unitaires avec couverture	2026-05-11T16:39:16.5449353Z tests/test_fake_4k_detection.py::TestCombineVerdicts::test_neither_fake_native PASSED [ 28%]
Lint, Tests, Build	Tests unitaires avec couverture	2026-05-11T16:39:16.5466392Z tests/test_fake_4k_detection.py::TestCombineVerdicts::test_only_fft_fake_probable PASSED [ 28%]
Lint, Tests, Build	Tests unitaires avec couverture	2026-05-11T16:39:16.5482599Z tests/test_fake_4k_detection.py::TestCombineVerdicts::test_only_ssim_fake_probable PASSED [ 28%]
Lint, Tests, Build	Tests unitaires avec couverture	2026-05-11T16:39:16.5499312Z tests/test_fake_4k_detection.py::TestCombineVerdicts::test_ssim_minus_one_treated_as_none PASSED [ 28%]
Lint, Tests, Build	Tests unitaires avec couverture	2026-05-11T16:39:16.5517919Z tests/test_fake_4k_detection.py::TestVideoPerceptualSerialization::test_to_dict_contains_fake_4k_block PASSED [ 28%]
Lint, Tests, Build	Tests unitaires avec couverture	2026-05-11T16:39:16.5535778Z tests/test_fake_4k_detection.py::TestVideoPerceptualSerialization::test_to_dict_none_ratio_stays_none PASSED [ 28%]
Lint, Tests, Build	Tests unitaires avec couverture	2026-05-11T16:39:16.5559559Z tests/test_fake_4k_detection.py::TestSpecContainsUpscaleDetection::test_hiddenimport PASSED [ 28%]
Lint, Tests, Build	Tests unitaires avec couverture	2026-05-11T16:39:16.5586480Z tests/test_film_detail_v5.py::FilmSupportBackendTests::test_get_film_full_no_run PASSED [ 28%]
Lint, Tests, Build	Tests unitaires avec couverture	2026-05-11T16:39:16.5627300Z tests/test_film_detail_v5.py::FilmSupportBackendTests::test_get_film_full_perceptual_includes_v2_payload PASSED [ 28%]
Lint, Tests, Build	Tests unitaires avec couverture	2026-05-11T16:39:16.5667894Z tests/test_film_detail_v5.py::FilmSupportBackendTests::test_get_film_full_probe_present PASSED [ 28%]
Lint, Tests, Build	Tests unitaires avec couverture	2026-05-11T16:39:16.5709191Z tests/test_film_detail_v5.py::FilmSupportBackendTests::test_get_film_full_resolves_run_id_when_none PASSED [ 28%]
Lint, Tests, Build	Tests unitaires avec couverture	2026-05-11T16:39:16.5748269Z tests/test_film_detail_v5.py::FilmSupportBackendTests::test_get_film_full_returns_complete_payload PASSED [ 28%]
Lint, Tests, Build	Tests unitaires avec couverture	2026-05-11T16:39:16.5788774Z tests/test_film_detail_v5.py::FilmSupportBackendTests::test_get_film_full_row_details PASSED [ 28%]
Lint, Tests, Build	Tests unitaires avec couverture	2026-05-11T16:39:16.5818325Z tests/test_film_detail_v5.py::FilmSupportBackendTests::test_get_film_full_unknown_row PASSED [ 28%]
Lint, Tests, Build	Tests unitaires avec couverture	2026-05-11T16:39:16.5841802Z tests/test_film_detail_v5.py::TrifilmsApiEndpointTests::test_film_support_module_imported PASSED [ 28%]
Lint, Tests, Build	Tests unitaires avec couverture	2026-05-11T16:39:16.5863039Z tests/test_film_detail_v5.py::TrifilmsApiEndpointTests::test_get_film_full_endpoint_exposed PASSED [ 29%]
Lint, Tests, Build	Tests unitaires avec couverture	2026-05-11T16:39:16.5882923Z tests/test_film_detail_v5.py::FilmDetailDesktopViewTests::test_4_tabs_defined PASSED [ 29%]
Lint, Tests, Build	Tests unitaires avec couverture	2026-05-11T16:39:16.5902247Z tests/test_film_detail_v5.py::FilmDetailDesktopViewTests::test_analysis_tab_uses_renderScoreV2Container PASSED [ 29%]
Lint, Tests, Build	Tests unitaires avec couverture	2026-05-11T16:39:16.5920956Z tests/test_film_detail_v5.py::FilmDetailDesktopViewTests::test_hero_has_back_button PASSED [ 29%]
Lint, Tests, Build	Tests unitaires avec couverture	2026-05-11T16:39:16.5940414Z tests/test_film_detail_v5.py::FilmDetailDesktopViewTests::test_hero_uses_score_v2_if_available PASSED [ 29%]
Lint, Tests, Build	Tests unitaires avec couverture	2026-05-11T16:39:16.5959311Z tests/test_film_detail_v5.py::FilmDetailDesktopViewTests::test_keyboard_arrow_navigation_between_tabs PASSED [ 29%]
Lint, Tests, Build	Tests unitaires avec couverture	2026-05-11T16:39:16.5978168Z tests/test_film_detail_v5.py::FilmDetailDesktopViewTests::test_mount_and_unmount_exposed PASSED [ 29%]
Lint, Tests, Build	Tests unitaires avec couverture	2026-05-11T16:39:16.5995727Z tests/test_film_detail_v5.py::FilmDetailDesktopViewTests::test_rescan_action_binding PASSED [ 29%]
Lint, Tests, Build	Tests unitaires avec couverture	2026-05-11T16:39:16.6014478Z tests/test_film_detail_v5.py::FilmDetailDesktopViewTests::test_uses_get_film_full_endpoint PASSED [ 29%]
Lint, Tests, Build	Tests unitaires avec couverture	2026-05-11T16:39:16.6033692Z tests/test_film_detail_v5.py::FilmDetailDesktopViewTests::test_window_film_detail_global PASSED [ 29%]
Lint, Tests, Build	Tests unitaires avec couverture	2026-05-11T16:39:16.6053473Z tests/test_film_detail_v5.py::RouterFilmRouteTests::test_film_mount_calls_film_detail PASSED [ 29%]
Lint, Tests, Build	Tests unitaires avec couverture	2026-05-11T16:39:16.6071970Z tests/test_film_detail_v5.py::RouterFilmRouteTests::test_film_overlay_ensure PASSED [ 29%]
Lint, Tests, Build	Tests unitaires avec couverture	2026-05-11T16:39:16.6090679Z tests/test_film_detail_v5.py::RouterFilmRouteTests::test_film_overlay_hidden_on_other_views PASSED [ 29%]
Lint, Tests, Build	Tests unitaires avec couverture	2026-05-11T16:39:16.6109386Z tests/test_film_detail_v5.py::RouterFilmRouteTests::test_film_route_prefix_detected PASSED [ 29%]
Lint, Tests, Build	Tests unitaires avec couverture	2026-05-11T16:39:16.6128511Z tests/test_film_detail_v5.py::RouterFilmRouteTests::test_navigate_to_film_helper PASSED [ 29%]
Lint, Tests, Build	Tests unitaires avec couverture	2026-05-11T16:39:16.6149733Z tests/test_film_detail_v5.py::CssVague4Tests::test_backdrop_blur_effect PASSED [ 29%]
Lint, Tests, Build	Tests unitaires avec couverture	2026-05-11T16:39:16.6171818Z tests/test_film_detail_v5.py::CssVague4Tests::test_film_hero_classes PASSED [ 29%]
Lint, Tests, Build	Tests unitaires avec couverture	2026-05-11T16:39:16.6191721Z tests/test_film_detail_v5.py::CssVague4Tests::test_film_overlay_classes PASSED [ 29%]
Lint, Tests, Build	Tests unitaires avec couverture	2026-05-11T16:39:16.6212843Z tests/test_film_detail_v5.py::CssVague4Tests::test_film_overview_classes PASSED [ 29%]
Lint, Tests, Build	Tests unitaires avec couverture	2026-05-11T16:39:16.6234164Z tests/test_film_detail_v5.py::CssVague4Tests::test_film_tabs_classes PASSED [ 29%]
Lint, Tests, Build	Tests unitaires avec couverture	2026-05-11T16:39:16.6256036Z tests/test_film_detail_v5.py::CssVague4Tests::test_film_timeline_classes PASSED [ 29%]
Lint, Tests, Build	Tests unitaires avec couverture	2026-05-11T16:39:16.6277404Z tests/test_film_detail_v5.py::CssVague4Tests::test_film_timeline_dot_types PASSED [ 29%]
Lint, Tests, Build	Tests unitaires avec couverture	2026-05-11T16:39:16.6302040Z tests/test_film_detail_v5.py::IntegrationVague4Tests::test_index_html_loads_film_detail_script PASSED [ 29%]
Lint, Tests, Build	Tests unitaires avec couverture	2026-05-11T16:39:16.6327592Z tests/test_film_detail_v5_ported.py::FilmDetailV5PortedTests::test_4_tabs_preserved PASSED [ 29%]
Lint, Tests, Build	Tests unitaires avec couverture	2026-05-11T16:39:16.6344251Z tests/test_film_detail_v5_ported.py::FilmDetailV5PortedTests::test_es_module_drawer_export PASSED [ 29%]
Lint, Tests, Build	Tests unitaires avec couverture	2026-05-11T16:39:16.6360136Z tests/test_film_detail_v5_ported.py::FilmDetailV5PortedTests::test_es_module_init PASSED [ 29%]
Lint, Tests, Build	Tests unitaires avec couverture	2026-05-11T16:39:16.6376521Z tests/test_film_detail_v5_ported.py::FilmDetailV5PortedTests::test_get_film_full_used PASSED [ 29%]
Lint, Tests, Build	Tests unitaires avec couverture	2026-05-11T16:39:16.6392359Z tests/test_film_detail_v5_ported.py::FilmDetailV5PortedTests::test_helpers_imported PASSED [ 29%]
Lint, Tests, Build	Tests unitaires avec couverture	2026-05-11T16:39:16.6409272Z tests/test_film_detail_v5_ported.py::FilmDetailV5PortedTests::test_no_iife PASSED [ 29%]
Lint, Tests, Build	Tests unitaires avec couverture	2026-05-11T16:39:16.6426265Z tests/test_film_detail_v5_ported.py::FilmDetailV5PortedTests::test_no_pywebview_api PASSED [ 29%]
Lint, Tests, Build	Tests unitaires avec couverture	2026-05-11T16:39:16.6444189Z tests/test_film_detail_v5_ported.py::FilmDetailV5PortedTests::test_v2_04_allsettled PASSED [ 29%]
Lint, Tests, Build	Tests unitaires avec couverture	2026-05-11T16:39:16.6461279Z tests/test_film_history.py::FilmIdentityKeyTests::test_dict_identity PASSED [ 29%]
Lint, Tests, Build	Tests unitaires avec couverture	2026-05-11T16:39:16.6478415Z tests/test_film_history.py::FilmIdentityKeyTests::test_same_film_different_runs_same_key PASSED [ 29%]
Lint, Tests, Build	Tests unitaires avec couverture	2026-05-11T16:39:16.6494602Z tests/test_film_history.py::FilmIdentityKeyTests::test_with_edition PASSED [ 29%]
Lint, Tests, Build	Tests unitaires avec couverture	2026-05-11T16:39:16.6511724Z tests/test_film_history.py::FilmIdentityKeyTests::test_with_tmdb_id PASSED [ 29%]
Lint, Tests, Build	Tests unitaires avec couverture	2026-05-11T16:39:16.6528053Z tests/test_film_history.py::FilmIdentityKeyTests::test_without_tmdb_id PASSED [ 29%]
Lint, Tests, Build	Tests unitaires avec couverture	2026-05-11T16:39:16.6577414Z tests/test_film_history.py::TimelineReconstructionTests::test_apply_creates_apply_event PASSED [ 29%]
Lint, Tests, Build	Tests unitaires avec couverture	2026-05-11T16:39:16.6621888Z tests/test_film_history.py::TimelineReconstructionTests::test_events_sorted_by_timestamp PASSED [ 29%]
Lint, Tests, Build	Tests unitaires avec couverture	2026-05-11T16:39:16.6667297Z tests/test_film_history.py::TimelineReconstructionTests::test_incompatible_plan_jsonl_skipped PASSED [ 29%]
Lint, Tests, Build	Tests unitaires avec couverture	2026-05-11T16:39:16.6711663Z tests/test_film_history.py::TimelineReconstructionTests::test_one_run_one_scan PASSED [ 29%]
Lint, Tests, Build	Tests unitaires avec couverture	2026-05-11T16:39:16.6770434Z tests/test_film_history.py::TimelineReconstructionTests::test_quality_report_creates_score_event PASSED [ 30%]
Lint, Tests, Build	Tests unitaires avec couverture	2026-05-11T16:39:16.6829355Z tests/test_film_history.py::TimelineReconstructionTests::test_two_runs_same_film PASSED [ 30%]
Lint, Tests, Build	Tests unitaires avec couverture	2026-05-11T16:39:16.6851878Z tests/test_film_history.py::ApiEndpointTests::test_get_film_history_empty_id PASSED [ 30%]
Lint, Tests, Build	Tests unitaires avec couverture	2026-05-11T16:39:16.6872400Z tests/test_film_history.py::ApiEndpointTests::test_get_film_history_exists PASSED [ 30%]
Lint, Tests, Build	Tests unitaires avec couverture	2026-05-11T16:39:16.7713176Z tests/test_film_history.py::ApiEndpointTests::test_list_films_default PASSED [ 30%]
Lint, Tests, Build	Tests unitaires avec couverture	2026-05-11T16:39:16.7734894Z tests/test_film_history.py::ApiEndpointTests::test_list_films_with_history_exists PASSED [ 30%]
Lint, Tests, Build	Tests unitaires avec couverture	2026-05-11T16:39:16.7770074Z tests/test_film_history.py::UiFilmHistoryTests::test_app_css_timeline_classes PASSED [ 30%]
Lint, Tests, Build	Tests unitaires avec couverture	2026-05-11T16:39:16.7786683Z tests/test_film_history.py::UiFilmHistoryTests::test_dash_css_timeline_classes PASSED [ 30%]
Lint, Tests, Build	Tests unitaires avec couverture	2026-05-11T16:39:16.7803279Z tests/test_film_history.py::UiFilmHistoryTests::test_dashboard_history_button PASSED [ 30%]
Lint, Tests, Build	Tests unitaires avec couverture	2026-05-11T16:39:16.7820569Z tests/test_film_history.py::UiFilmHistoryTests::test_desktop_history_button PASSED [ 30%]
Lint, Tests, Build	Tests unitaires avec couverture	2026-05-11T16:39:16.7838494Z tests/test_film_history.py::EdgeCaseTests::test_film_renamed_still_linked_by_tmdb PASSED [ 30%]
Lint, Tests, Build	Tests unitaires avec couverture	2026-05-11T16:39:16.7864039Z tests/test_film_history.py::EdgeCaseTests::test_zero_runs_empty_result PASSED [ 30%]
Lint, Tests, Build	Tests unitaires avec couverture	2026-05-11T16:39:16.7895785Z tests/test_film_history_ui.py::FilmHistoryUITests::test_film_history_modal_exists PASSED [ 30%]
Lint, Tests, Build	Tests unitaires avec couverture	2026-05-11T16:39:16.7913164Z tests/test_film_history_ui.py::FilmHistoryUITests::test_full_render_composition PASSED [ 30%]
Lint, Tests, Build	Tests unitaires avec couverture	2026-05-11T16:39:16.7930298Z tests/test_film_history_ui.py::FilmHistoryUITests::test_header_uses_tierPill PASSED [ 30%]
Lint, Tests, Build	Tests unitaires avec couverture	2026-05-11T16:39:16.7946647Z tests/test_film_history_ui.py::FilmHistoryUITests::test_opens_modal_instead_of_overwriting_inspector PASSED [ 30%]
Lint, Tests, Build	Tests unitaires avec couverture	2026-05-11T16:39:16.7962731Z tests/test_film_history_ui.py::FilmHistoryUITests::test_score_delta_colored PASSED [ 30%]
Lint, Tests, Build	Tests unitaires avec couverture	2026-05-11T16:39:16.7979415Z tests/test_film_history_ui.py::FilmHistoryUITests::test_shortened_paths_helper PASSED [ 30%]
Lint, Tests, Build	Tests unitaires avec couverture	2026-05-11T16:39:16.7996509Z tests/test_film_history_ui.py::FilmHistoryUITests::test_sparkline_svg_uses_thresholds PASSED [ 30%]
Lint, Tests, Build	Tests unitaires avec couverture	2026-05-11T16:39:16.8013223Z tests/test_film_history_ui.py::FilmHistoryUITests::test_sparkline_svg_viewbox PASSED [ 30%]
Lint, Tests, Build	Tests unitaires avec couverture	2026-05-11T16:39:16.8030096Z tests/test_film_history_ui.py::FilmHistoryUITests::test_timeline_connector_line PASSED [ 30%]
Lint, Tests, Build	Tests unitaires avec couverture	2026-05-11T16:39:16.8047525Z tests/test_film_history_ui.py::FilmHistoryUITests::test_timeline_event_types_supported PASSED [ 30%]
Lint, Tests, Build	Tests unitaires avec couverture	2026-05-11T16:39:16.8065772Z tests/test_film_history_ui.py::FilmHistoryUITests::test_timeline_icons_present PASSED [ 30%]
Lint, Tests, Build	Tests unitaires avec couverture	2026-05-11T16:39:16.8090509Z tests/test_focus_visible.py::FocusVisibleTests::test_focus_ring_token_per_theme PASSED [ 30%]
Lint, Tests, Build	Tests unitaires avec couverture	2026-05-11T16:39:16.8115896Z tests/test_focus_visible.py::FocusVisibleTests::test_focus_visible_global_rule PASSED [ 30%]
Lint, Tests, Build	Tests unitaires avec couverture	2026-05-11T16:39:16.8144599Z tests/test_focus_visible.py::FocusVisibleTests::test_no_orphan_outline_none PASSED [ 30%]
Lint, Tests, Build	Tests unitaires avec couverture	2026-05-11T16:39:16.8168610Z tests/test_focus_visible.py::FocusVisibleTests::test_skip_focus_when_not_visible PASSED [ 30%]
Lint, Tests, Build	Tests unitaires avec couverture	2026-05-11T16:39:16.8188606Z tests/test_format_locale.py::DashboardFormatModuleTests::test_byte_units_locale_aware PASSED [ 30%]
Lint, Tests, Build	Tests unitaires avec couverture	2026-05-11T16:39:16.8210589Z tests/test_format_locale.py::DashboardFormatModuleTests::test_exports_compat_helpers PASSED [ 30%]
Lint, Tests, Build	Tests unitaires avec couverture	2026-05-11T16:39:16.8237104Z tests/test_format_locale.py::DashboardFormatModuleTests::test_exports_v604_helpers PASSED [ 30%]
Lint, Tests, Build	Tests unitaires avec couverture	2026-05-11T16:39:16.8257231Z tests/test_format_locale.py::DashboardFormatModuleTests::test_imports_get_locale_from_i18n PASSED [ 30%]
Lint, Tests, Build	Tests unitaires avec couverture	2026-05-11T16:39:16.8273992Z tests/test_format_locale.py::DashboardFormatModuleTests::test_locale_map_present PASSED [ 30%]
Lint, Tests, Build	Tests unitaires avec couverture	2026-05-11T16:39:16.8290484Z tests/test_format_locale.py::DashboardFormatModuleTests::test_module_file_exists PASSED [ 30%]
Lint, Tests, Build	Tests unitaires avec couverture	2026-05-11T16:39:16.8307442Z tests/test_format_locale.py::DashboardFormatModuleTests::test_uses_intl_datetimeformat PASSED [ 30%]
Lint, Tests, Build	Tests unitaires avec couverture	2026-05-11T16:39:16.8324299Z tests/test_format_locale.py::DashboardFormatModuleTests::test_uses_intl_numberformat PASSED [ 30%]
Lint, Tests, Build	Tests unitaires avec couverture	2026-05-11T16:39:16.8341380Z tests/test_format_locale.py::DashboardFormatModuleTests::test_uses_intl_relativetimeformat PASSED [ 30%]
Lint, Tests, Build	Tests unitaires avec couverture	2026-05-11T16:39:16.8360703Z tests/test_format_locale.py::DesktopFormatModuleTests::test_byte_units_locale_aware PASSED [ 30%]
Lint, Tests, Build	Tests unitaires avec couverture	2026-05-11T16:39:16.8376689Z tests/test_format_locale.py::DesktopFormatModuleTests::test_module_file_exists PASSED [ 30%]
Lint, Tests, Build	Tests unitaires avec couverture	2026-05-11T16:39:16.8393621Z tests/test_format_locale.py::DesktopFormatModuleTests::test_reads_locale_from_localstorage PASSED [ 30%]
Lint, Tests, Build	Tests unitaires avec couverture	2026-05-11T16:39:16.8409746Z tests/test_format_locale.py::DesktopFormatModuleTests::test_uses_intl_apis PASSED [ 31%]
Lint, Tests, Build	Tests unitaires avec couverture	2026-05-11T16:39:16.8433630Z tests/test_format_locale.py::DesktopFormatModuleTests::test_window_exposes_compat_helpers PASSED [ 31%]
Lint, Tests, Build	Tests unitaires avec couverture	2026-05-11T16:39:16.8462053Z tests/test_format_locale.py::DesktopFormatModuleTests::test_window_exposes_v604_helpers PASSED [ 31%]
Lint, Tests, Build	Tests unitaires avec couverture	2026-05-11T16:39:16.8498529Z tests/test_format_locale.py::CallSiteRefactorTests::test_call_sites_delegate_to_formatters PASSED [ 31%]
Lint, Tests, Build	Tests unitaires avec couverture	2026-05-11T16:39:16.8567184Z tests/test_format_locale.py::CallSiteRefactorTests::test_no_naked_fr_FR_locale_string_in_dashboard_views PASSED [ 31%]
Lint, Tests, Build	Tests unitaires avec couverture	2026-05-11T16:39:16.8595468Z tests/test_frontend_dedup_audit.py::FrontendDedupInventoryTests::test_dedup_savings_potential_measured PASSED [ 31%]
Lint, Tests, Build	Tests unitaires avec couverture	2026-05-11T16:39:16.8666648Z tests/test_frontend_dedup_audit.py::FrontendDedupInventoryTests::test_known_pairs_still_diverge PASSED [ 31%]
Lint, Tests, Build	Tests unitaires avec couverture	2026-05-11T16:39:16.8693701Z tests/test_frontend_dedup_audit.py::FrontendDedupInventoryTests::test_shared_names_match_inventory PASSED [ 31%]
Lint, Tests, Build	Tests unitaires avec couverture	2026-05-11T16:39:16.8715952Z tests/test_fs_safety.py::RunWithTimeoutTests::test_minimum_timeout_clamped PASSED [ 31%]
Lint, Tests, Build	Tests unitaires avec couverture	2026-05-11T16:39:16.8736236Z tests/test_fs_safety.py::RunWithTimeoutTests::test_returns_default_on_exception PASSED [ 31%]
Lint, Tests, Build	Tests unitaires avec couverture	2026-05-11T16:39:17.1818354Z tests/test_fs_safety.py::RunWithTimeoutTests::test_returns_default_on_timeout PASSED [ 31%]
Lint, Tests, Build	Tests unitaires avec couverture	2026-05-11T16:39:17.1840494Z tests/test_fs_safety.py::RunWithTimeoutTests::test_returns_value_when_fn_completes PASSED [ 31%]
Lint, Tests, Build	Tests unitaires avec couverture	2026-05-11T16:39:17.1870199Z tests/test_fs_safety.py::PathAccessTests::test_is_dir_accessible_dir PASSED [ 31%]
Lint, Tests, Build	Tests unitaires avec couverture	2026-05-11T16:39:17.1901968Z tests/test_fs_safety.py::PathAccessTests::test_is_dir_accessible_file PASSED [ 31%]
Lint, Tests, Build	Tests unitaires avec couverture	2026-05-11T16:39:17.1928265Z tests/test_fs_safety.py::PathAccessTests::test_is_path_accessible_existing_dir PASSED [ 31%]
Lint, Tests, Build	Tests unitaires avec couverture	2026-05-11T16:39:17.1954407Z tests/test_fs_safety.py::PathAccessTests::test_is_path_accessible_missing PASSED [ 31%]
Lint, Tests, Build	Tests unitaires avec couverture	2026-05-11T16:39:17.4990150Z tests/test_fs_safety.py::PathAccessTests::test_is_path_accessible_returns_false_on_timeout PASSED [ 31%]
Lint, Tests, Build	Tests unitaires avec couverture	2026-05-11T16:39:17.5021856Z tests/test_fs_safety.py::PathAccessTests::test_safe_path_exists_3_states PASSED [ 31%]
Lint, Tests, Build	Tests unitaires avec couverture	2026-05-11T16:39:17.8063477Z tests/test_fs_safety.py::PathAccessTests::test_safe_path_exists_returns_none_on_timeout PASSED [ 31%]
Lint, Tests, Build	Tests unitaires avec couverture	2026-05-11T16:39:17.8082270Z tests/test_fs_safety.py::DefaultTimeoutConstantTests::test_default_is_reasonable PASSED [ 31%]
Lint, Tests, Build	Tests unitaires avec couverture	2026-05-11T16:39:17.8099443Z tests/test_fuzzy_matching.py::SeqRatioRapidfuzzTests::test_accents PASSED [ 31%]
Lint, Tests, Build	Tests unitaires avec couverture	2026-05-11T16:39:17.8116238Z tests/test_fuzzy_matching.py::SeqRatioRapidfuzzTests::test_different_strings PASSED [ 31%]
Lint, Tests, Build	Tests unitaires avec couverture	2026-05-11T16:39:17.8132387Z tests/test_fuzzy_matching.py::SeqRatioRapidfuzzTests::test_empty_both PASSED [ 31%]
Lint, Tests, Build	Tests unitaires avec couverture	2026-05-11T16:39:17.8148720Z tests/test_fuzzy_matching.py::SeqRatioRapidfuzzTests::test_identical_strings PASSED [ 31%]
Lint, Tests, Build	Tests unitaires avec couverture	2026-05-11T16:39:17.8164659Z tests/test_fuzzy_matching.py::SeqRatioRapidfuzzTests::test_one_empty PASSED [ 31%]
Lint, Tests, Build	Tests unitaires avec couverture	2026-05-11T16:39:17.8204543Z tests/test_fuzzy_matching.py::SeqRatioRapidfuzzTests::test_performance_1000_calls PASSED [ 31%]
Lint, Tests, Build	Tests unitaires avec couverture	2026-05-11T16:39:17.8220687Z tests/test_fuzzy_matching.py::SeqRatioRapidfuzzTests::test_returns_float_0_1 PASSED [ 31%]
Lint, Tests, Build	Tests unitaires avec couverture	2026-05-11T16:39:17.8236677Z tests/test_fuzzy_matching.py::SeqRatioRapidfuzzTests::test_similar_strings PASSED [ 31%]
Lint, Tests, Build	Tests unitaires avec couverture	2026-05-11T16:39:17.8253019Z tests/test_fuzzy_matching.py::SeqRatioRapidfuzzTests::test_word_order_basic PASSED [ 31%]
Lint, Tests, Build	Tests unitaires avec couverture	2026-05-11T16:39:17.8290393Z tests/test_fuzzy_matching.py::FuzzyUtilsTests::test_fuzzy_match_accents PASSED [ 31%]
Lint, Tests, Build	Tests unitaires avec couverture	2026-05-11T16:39:17.8307035Z tests/test_fuzzy_matching.py::FuzzyUtilsTests::test_fuzzy_match_below_threshold PASSED [ 31%]
Lint, Tests, Build	Tests unitaires avec couverture	2026-05-11T16:39:17.8323464Z tests/test_fuzzy_matching.py::FuzzyUtilsTests::test_fuzzy_match_different_films PASSED [ 31%]
Lint, Tests, Build	Tests unitaires avec couverture	2026-05-11T16:39:17.8339690Z tests/test_fuzzy_matching.py::FuzzyUtilsTests::test_fuzzy_match_empty PASSED [ 31%]
Lint, Tests, Build	Tests unitaires avec couverture	2026-05-11T16:39:17.8355475Z tests/test_fuzzy_matching.py::FuzzyUtilsTests::test_fuzzy_match_exact PASSED [ 31%]
Lint, Tests, Build	Tests unitaires avec couverture	2026-05-11T16:39:17.8371851Z tests/test_fuzzy_matching.py::FuzzyUtilsTests::test_normalize_accents PASSED [ 31%]
Lint, Tests, Build	Tests unitaires avec couverture	2026-05-11T16:39:17.8388007Z tests/test_fuzzy_matching.py::FuzzyUtilsTests::test_normalize_empty PASSED [ 31%]
Lint, Tests, Build	Tests unitaires avec couverture	2026-05-11T16:39:17.8404610Z tests/test_fuzzy_matching.py::FuzzyUtilsTests::test_normalize_punctuation PASSED [ 31%]
Lint, Tests, Build	Tests unitaires avec couverture	2026-05-11T16:39:17.8423067Z tests/test_fuzzy_matching.py::JellyfinFuzzyTests::test_sync_different_films_not_matched PASSED [ 31%]
Lint, Tests, Build	Tests unitaires avec couverture	2026-05-11T16:39:17.8438888Z tests/test_fuzzy_matching.py::JellyfinFuzzyTests::test_sync_exact_match PASSED [ 31%]
Lint, Tests, Build	Tests unitaires avec couverture	2026-05-11T16:39:17.8456191Z tests/test_fuzzy_matching.py::JellyfinFuzzyTests::test_sync_fuzzy_accent_match PASSED [ 31%]
Lint, Tests, Build	Tests unitaires avec couverture	2026-05-11T16:39:17.8475537Z tests/test_fuzzy_matching.py::RadarrFuzzyTests::test_radarr_fuzzy_accent PASSED [ 32%]
Lint, Tests, Build	Tests unitaires avec couverture	2026-05-11T16:39:17.8493466Z tests/test_fuzzy_matching.py::WatchlistFuzzyTests::test_watchlist_exact_still_works PASSED [ 32%]
Lint, Tests, Build	Tests unitaires avec couverture	2026-05-11T16:39:17.8509963Z tests/test_fuzzy_matching.py::WatchlistFuzzyTests::test_watchlist_fuzzy_accent PASSED [ 32%]
Lint, Tests, Build	Tests unitaires avec couverture	2026-05-11T16:39:17.8527800Z tests/test_fuzzy_matching.py::WatchlistFuzzyTests::test_watchlist_fuzzy_article_order PASSED [ 32%]
Lint, Tests, Build	Tests unitaires avec couverture	2026-05-11T16:39:17.8544831Z tests/test_fuzzy_matching.py::WatchlistFuzzyTests::test_watchlist_fuzzy_below_threshold PASSED [ 32%]
Lint, Tests, Build	Tests unitaires avec couverture	2026-05-11T16:39:17.8563510Z tests/test_fuzzy_matching.py::WatchlistFuzzyTests::test_watchlist_fuzzy_year_protection PASSED [ 32%]
Lint, Tests, Build	Tests unitaires avec couverture	2026-05-11T16:39:17.8579890Z tests/test_genre_rules.py::CanonicalGenreTests::test_case_insensitive PASSED [ 32%]
Lint, Tests, Build	Tests unitaires avec couverture	2026-05-11T16:39:17.8596730Z tests/test_genre_rules.py::CanonicalGenreTests::test_english_canonical PASSED [ 32%]
Lint, Tests, Build	Tests unitaires avec couverture	2026-05-11T16:39:17.8612638Z tests/test_genre_rules.py::CanonicalGenreTests::test_french_aliases PASSED [ 32%]
Lint, Tests, Build	Tests unitaires avec couverture	2026-05-11T16:39:17.8628968Z tests/test_genre_rules.py::CanonicalGenreTests::test_unknown_returns_none PASSED [ 32%]
Lint, Tests, Build	Tests unitaires avec couverture	2026-05-11T16:39:17.8645833Z tests/test_genre_rules.py::DetectPrimaryGenreTests::test_empty_returns_none PASSED [ 32%]
Lint, Tests, Build	Tests unitaires avec couverture	2026-05-11T16:39:17.8661693Z tests/test_genre_rules.py::DetectPrimaryGenreTests::test_mixed_known_unknown PASSED [ 32%]
Lint, Tests, Build	Tests unitaires avec couverture	2026-05-11T16:39:17.8677417Z tests/test_genre_rules.py::DetectPrimaryGenreTests::test_priority_action_over_drama PASSED [ 32%]
Lint, Tests, Build	Tests unitaires avec couverture	2026-05-11T16:39:17.8692832Z tests/test_genre_rules.py::DetectPrimaryGenreTests::test_priority_animation_over_action PASSED [ 32%]
Lint, Tests, Build	Tests unitaires avec couverture	2026-05-11T16:39:17.8708734Z tests/test_genre_rules.py::DetectPrimaryGenreTests::test_priority_horror_over_thriller PASSED [ 32%]
Lint, Tests, Build	Tests unitaires avec couverture	2026-05-11T16:39:17.8724573Z tests/test_genre_rules.py::DetectPrimaryGenreTests::test_single_genre PASSED [ 32%]
Lint, Tests, Build	Tests unitaires avec couverture	2026-05-11T16:39:17.8740902Z tests/test_genre_rules.py::DetectPrimaryGenreTests::test_unknown_genres_return_none PASSED [ 32%]
Lint, Tests, Build	Tests unitaires avec couverture	2026-05-11T16:39:17.8757712Z tests/test_genre_rules.py::GetGenreRulesTests::test_action_has_leniency_above_1 PASSED [ 32%]
Lint, Tests, Build	Tests unitaires avec couverture	2026-05-11T16:39:17.8773017Z tests/test_genre_rules.py::GetGenreRulesTests::test_animation_has_leniency_below_1 PASSED [ 32%]
Lint, Tests, Build	Tests unitaires avec couverture	2026-05-11T16:39:17.8788851Z tests/test_genre_rules.py::GetGenreRulesTests::test_horror_has_hdr_bonus PASSED [ 32%]
Lint, Tests, Build	Tests unitaires avec couverture	2026-05-11T16:39:17.8805212Z tests/test_genre_rules.py::GetGenreRulesTests::test_unknown_returns_none PASSED [ 32%]
Lint, Tests, Build	Tests unitaires avec couverture	2026-05-11T16:39:17.8822310Z tests/test_genre_rules.py::ComputeGenreAdjustmentsTests::test_action_720p_heavily_penalized PASSED [ 32%]
Lint, Tests, Build	Tests unitaires avec couverture	2026-05-11T16:39:17.8838322Z tests/test_genre_rules.py::ComputeGenreAdjustmentsTests::test_action_hdr_atmos_gets_bonuses PASSED [ 32%]
Lint, Tests, Build	Tests unitaires avec couverture	2026-05-11T16:39:17.8853660Z tests/test_genre_rules.py::ComputeGenreAdjustmentsTests::test_animation_grain_penalty PASSED [ 32%]
Lint, Tests, Build	Tests unitaires avec couverture	2026-05-11T16:39:17.8869525Z tests/test_genre_rules.py::ComputeGenreAdjustmentsTests::test_animation_hevc_gets_modern_bonus PASSED [ 32%]
Lint, Tests, Build	Tests unitaires avec couverture	2026-05-11T16:39:17.8885369Z tests/test_genre_rules.py::ComputeGenreAdjustmentsTests::test_documentary_720p_barely_penalized PASSED [ 32%]
Lint, Tests, Build	Tests unitaires avec couverture	2026-05-11T16:39:17.8901299Z tests/test_genre_rules.py::ComputeGenreAdjustmentsTests::test_factors_have_standard_format PASSED [ 32%]
Lint, Tests, Build	Tests unitaires avec couverture	2026-05-11T16:39:17.8916970Z tests/test_genre_rules.py::ComputeGenreAdjustmentsTests::test_horror_hdr_gives_big_bonus PASSED [ 32%]
Lint, Tests, Build	Tests unitaires avec couverture	2026-05-11T16:39:17.8932603Z tests/test_genre_rules.py::ComputeGenreAdjustmentsTests::test_no_genre_returns_zero PASSED [ 32%]
Lint, Tests, Build	Tests unitaires avec couverture	2026-05-11T16:39:17.8949212Z tests/test_genre_rules.py::AdjustBitrateThresholdTests::test_action_increases_threshold PASSED [ 32%]
Lint, Tests, Build	Tests unitaires avec couverture	2026-05-11T16:39:17.8966016Z tests/test_genre_rules.py::AdjustBitrateThresholdTests::test_animation_reduces_threshold PASSED [ 32%]
Lint, Tests, Build	Tests unitaires avec couverture	2026-05-11T16:39:17.8983213Z tests/test_genre_rules.py::AdjustBitrateThresholdTests::test_unknown_genre_unchanged PASSED [ 32%]
Lint, Tests, Build	Tests unitaires avec couverture	2026-05-11T16:39:17.9003546Z tests/test_github_community_templates.py::CommunityTemplatesTests::test_all_required_files_present PASSED [ 32%]
Lint, Tests, Build	Tests unitaires avec couverture	2026-05-11T16:39:17.9021356Z tests/test_github_community_templates.py::CommunityTemplatesTests::test_code_of_conduct_french PASSED [ 32%]
Lint, Tests, Build	Tests unitaires avec couverture	2026-05-11T16:39:17.9038439Z tests/test_github_community_templates.py::CommunityTemplatesTests::test_contributing_has_essential_sections PASSED [ 32%]
Lint, Tests, Build	Tests unitaires avec couverture	2026-05-11T16:39:17.9055690Z tests/test_github_community_templates.py::CommunityTemplatesTests::test_security_has_contact PASSED [ 32%]
Lint, Tests, Build	Tests unitaires avec couverture	2026-05-11T16:39:17.9655105Z tests/test_github_community_templates.py::CommunityTemplatesTests::test_yaml_files_valid_yaml PASSED [ 32%]
Lint, Tests, Build	Tests unitaires avec couverture	2026-05-11T16:39:18.0989598Z tests/test_global_dashboard.py::GlobalDashboardDbTests::test_get_global_tier_distribution_empty PASSED [ 32%]
Lint, Tests, Build	Tests unitaires avec couverture	2026-05-11T16:39:18.5727412Z tests/test_global_dashboard.py::GlobalDashboardDbTests::test_get_global_tier_distribution_with_data PASSED [ 32%]
Lint, Tests, Build	Tests unitaires avec couverture	2026-05-11T16:39:18.8854669Z tests/test_global_dashboard.py::GlobalDashboardDbTests::test_get_runs_summary PASSED [ 33%]
Lint, Tests, Build	Tests unitaires avec couverture	2026-05-11T16:39:19.0096477Z tests/test_global_dashboard.py::GlobalDashboardDbTests::test_get_top_anomaly_codes_empty PASSED [ 33%]
Lint, Tests, Build	Tests unitaires avec couverture	2026-05-11T16:39:19.4421316Z tests/test_global_dashboard.py::GlobalDashboardDbTests::test_get_top_anomaly_codes_with_data PASSED [ 33%]
Lint, Tests, Build	Tests unitaires avec couverture	2026-05-11T16:39:19.6262072Z tests/test_global_dashboard.py::GlobalDashboardApiTests::test_get_global_stats_empty PASSED [ 33%]
Lint, Tests, Build	Tests unitaires avec couverture	2026-05-11T16:39:20.5954514Z tests/test_global_dashboard.py::GlobalDashboardApiTests::test_get_global_stats_with_runs PASSED [ 33%]
Lint, Tests, Build	Tests unitaires avec couverture	2026-05-11T16:39:22.0986879Z tests/test_global_dashboard.py::GlobalDashboardApiTests::test_trend_indicator_down PASSED [ 33%]
Lint, Tests, Build	Tests unitaires avec couverture	2026-05-11T16:39:23.6164494Z tests/test_global_dashboard.py::GlobalDashboardApiTests::test_trend_indicator_up PASSED [ 33%]
Lint, Tests, Build	Tests unitaires avec couverture	2026-05-11T16:39:23.9806794Z tests/test_global_dashboard.py::GlobalDashboardApiTests::test_unscored_films_count PASSED [ 33%]
Lint, Tests, Build	Tests unitaires avec couverture	2026-05-11T16:39:23.9914150Z tests/test_global_dashboard.py::GlobalDashboardUiContractTests::test_global_activity_table PASSED [ 33%]
Lint, Tests, Build	Tests unitaires avec couverture	2026-05-11T16:39:23.9931149Z tests/test_global_dashboard.py::GlobalDashboardUiContractTests::test_global_anomalies_table PASSED [ 33%]
Lint, Tests, Build	Tests unitaires avec couverture	2026-05-11T16:39:23.9947836Z tests/test_global_dashboard.py::GlobalDashboardUiContractTests::test_global_distribution_container PASSED [ 33%]
Lint, Tests, Build	Tests unitaires avec couverture	2026-05-11T16:39:23.9965253Z tests/test_global_dashboard.py::GlobalDashboardUiContractTests::test_global_kpi_elements_exist PASSED [ 33%]
Lint, Tests, Build	Tests unitaires avec couverture	2026-05-11T16:39:23.9981768Z tests/test_global_dashboard.py::GlobalDashboardUiContractTests::test_global_panel_exists PASSED [ 33%]
Lint, Tests, Build	Tests unitaires avec couverture	2026-05-11T16:39:23.9998165Z tests/test_global_dashboard.py::GlobalDashboardUiContractTests::test_global_timeline_chart_container PASSED [ 33%]
Lint, Tests, Build	Tests unitaires avec couverture	2026-05-11T16:39:24.0015496Z tests/test_global_dashboard.py::GlobalDashboardUiContractTests::test_js_calls_get_global_stats_api PASSED [ 33%]
Lint, Tests, Build	Tests unitaires avec couverture	2026-05-11T16:39:24.0036128Z tests/test_global_dashboard.py::GlobalDashboardUiContractTests::test_js_has_global_stats_functions PASSED [ 33%]
Lint, Tests, Build	Tests unitaires avec couverture	2026-05-11T16:39:24.0052415Z tests/test_global_dashboard.py::GlobalDashboardUiContractTests::test_quality_mode_toggle_exists PASSED [ 33%]
Lint, Tests, Build	Tests unitaires avec couverture	2026-05-11T16:39:24.0071089Z tests/test_global_dashboard.py::GlobalDashboardUiContractTests::test_svg_chart_uses_tier_colors PASSED [ 33%]
Lint, Tests, Build	Tests unitaires avec couverture	2026-05-11T16:39:24.0090294Z tests/test_global_dashboard.py::GlobalDashboardUiContractTests::test_trend_rendering PASSED [ 33%]
Lint, Tests, Build	Tests unitaires avec couverture	2026-05-11T16:39:24.0115305Z tests/test_glossary_tooltips.py::GlossaryTooltipTests::test_accessibility_attributes PASSED [ 33%]
Lint, Tests, Build	Tests unitaires avec couverture	2026-05-11T16:39:24.0137996Z tests/test_glossary_tooltips.py::GlossaryTooltipTests::test_component_file_exists PASSED [ 33%]
Lint, Tests, Build	Tests unitaires avec couverture	2026-05-11T16:39:24.0161107Z tests/test_glossary_tooltips.py::GlossaryTooltipTests::test_css_styles_present PASSED [ 33%]
Lint, Tests, Build	Tests unitaires avec couverture	2026-05-11T16:39:24.0184696Z tests/test_glossary_tooltips.py::GlossaryTooltipTests::test_essential_terms_present PASSED [ 33%]
Lint, Tests, Build	Tests unitaires avec couverture	2026-05-11T16:39:24.0207326Z tests/test_glossary_tooltips.py::GlossaryTooltipTests::test_glossary_constant_exported PASSED [ 33%]
Lint, Tests, Build	Tests unitaires avec couverture	2026-05-11T16:39:24.0235136Z tests/test_glossary_tooltips.py::GlossaryTooltipTests::test_glossary_has_minimum_terms PASSED [ 33%]
Lint, Tests, Build	Tests unitaires avec couverture	2026-05-11T16:39:24.0257623Z tests/test_glossary_tooltips.py::GlossaryTooltipTests::test_init_called_in_app PASSED [ 33%]
Lint, Tests, Build	Tests unitaires avec couverture	2026-05-11T16:39:24.0279877Z tests/test_glossary_tooltips.py::GlossaryTooltipTests::test_init_function_exported PASSED [ 33%]
Lint, Tests, Build	Tests unitaires avec couverture	2026-05-11T16:39:24.0302215Z tests/test_glossary_tooltips.py::GlossaryTooltipTests::test_keyboard_close_handler PASSED [ 33%]
Lint, Tests, Build	Tests unitaires avec couverture	2026-05-11T16:39:24.0324570Z tests/test_glossary_tooltips.py::GlossaryTooltipTests::test_tooltip_function_exported PASSED [ 33%]
Lint, Tests, Build	Tests unitaires avec couverture	2026-05-11T16:39:24.0355119Z tests/test_glossary_tooltips.py::GlossaryTooltipTests::test_tooltip_injected_in_views PASSED [ 33%]
Lint, Tests, Build	Tests unitaires avec couverture	2026-05-11T16:39:24.0379700Z tests/test_glossary_tooltips.py::GlossaryTooltipTests::test_xss_protection PASSED [ 33%]
Lint, Tests, Build	Tests unitaires avec couverture	2026-05-11T16:39:24.0397381Z tests/test_grain_intelligence.py::TestClassifyFilmEraV2::test_1975_is_16mm_era PASSED [ 33%]
Lint, Tests, Build	Tests unitaires avec couverture	2026-05-11T16:39:24.0413319Z tests/test_grain_intelligence.py::TestClassifyFilmEraV2::test_1985_is_35mm_classic PASSED [ 33%]
Lint, Tests, Build	Tests unitaires avec couverture	2026-05-11T16:39:24.0429423Z tests/test_grain_intelligence.py::TestClassifyFilmEraV2::test_2003_is_late_film PASSED [ 33%]
Lint, Tests, Build	Tests unitaires avec couverture	2026-05-11T16:39:24.0445744Z tests/test_grain_intelligence.py::TestClassifyFilmEraV2::test_2010_is_transition PASSED [ 33%]
Lint, Tests, Build	Tests unitaires avec couverture	2026-05-11T16:39:24.0461952Z tests/test_grain_intelligence.py::TestClassifyFilmEraV2::test_2018_is_digital_modern PASSED [ 33%]
Lint, Tests, Build	Tests unitaires avec couverture	2026-05-11T16:39:24.0478275Z tests/test_grain_intelligence.py::TestClassifyFilmEraV2::test_2023_is_digital_hdr_era PASSED [ 33%]
Lint, Tests, Build	Tests unitaires avec couverture	2026-05-11T16:39:24.0494853Z tests/test_grain_intelligence.py::TestClassifyFilmEraV2::test_70mm_format_override PASSED [ 33%]
Lint, Tests, Build	Tests unitaires avec couverture	2026-05-11T16:39:24.0510754Z tests/test_grain_intelligence.py::TestClassifyFilmEraV2::test_unknown_year_negative PASSED [ 33%]
Lint, Tests, Build	Tests unitaires avec couverture	2026-05-11T16:39:24.0526949Z tests/test_grain_intelligence.py::TestClassifyFilmEraV2::test_unknown_year_zero PASSED [ 33%]
Lint, Tests, Build	Tests unitaires avec couverture	2026-05-11T16:39:24.0544499Z tests/test_grain_intelligence.py::TestDetectFilmFormatHint::test_keyword_70mm PASSED [ 34%]
Lint, Tests, Build	Tests unitaires avec couverture	2026-05-11T16:39:24.0560766Z tests/test_grain_intelligence.py::TestDetectFilmFormatHint::test_keyword_imax_film PASSED [ 34%]
Lint, Tests, Build	Tests unitaires avec couverture	2026-05-11T16:39:24.0576565Z tests/test_grain_intelligence.py::TestDetectFilmFormatHint::test_modern_high_res_returns_none PASSED [ 34%]
Lint, Tests, Build	Tests unitaires avec couverture	2026-05-11T16:39:24.0592678Z tests/test_grain_intelligence.py::TestDetectFilmFormatHint::test_none_returns_none PASSED [ 34%]
Lint, Tests, Build	Tests unitaires avec couverture	2026-05-11T16:39:24.0608920Z tests/test_grain_intelligence.py::TestDetectFilmFormatHint::test_res_8k_pre_2000 PASSED [ 34%]
Lint, Tests, Build	Tests unitaires avec couverture	2026-05-11T16:39:24.0625480Z tests/test_grain_intelligence.py::TestDetectFilmFormatHint::test_runtime_long_pre_1990 PASSED [ 34%]
Lint, Tests, Build	Tests unitaires avec couverture	2026-05-11T16:39:24.0643435Z tests/test_grain_intelligence.py::TestGetExpectedGrainSignature::test_16mm_horror PASSED [ 34%]
Lint, Tests, Build	Tests unitaires avec couverture	2026-05-11T16:39:24.0660202Z tests/test_grain_intelligence.py::TestGetExpectedGrainSignature::test_a24_digital_modern PASSED [ 34%]
Lint, Tests, Build	Tests unitaires avec couverture	2026-05-11T16:39:24.0676549Z tests/test_grain_intelligence.py::TestGetExpectedGrainSignature::test_animation_aplats PASSED [ 34%]
Lint, Tests, Build	Tests unitaires avec couverture	2026-05-11T16:39:24.0693225Z tests/test_grain_intelligence.py::TestGetExpectedGrainSignature::test_fallback_era_profile PASSED [ 34%]
Lint, Tests, Build	Tests unitaires avec couverture	2026-05-11T16:39:24.0709501Z tests/test_grain_intelligence.py::TestGetExpectedGrainSignature::test_fallback_unknown_era PASSED [ 34%]
Lint, Tests, Build	Tests unitaires avec couverture	2026-05-11T16:39:24.0725538Z tests/test_grain_intelligence.py::TestGetExpectedGrainSignature::test_nolan_syncopy_digital PASSED [ 34%]
Lint, Tests, Build	Tests unitaires avec couverture	2026-05-11T16:39:24.0742091Z tests/test_grain_intelligence.py::TestGetExpectedGrainSignature::test_nolan_syncopy_hdr_era PASSED [ 34%]
Lint, Tests, Build	Tests unitaires avec couverture	2026-05-11T16:39:24.0759037Z tests/test_grain_intelligence.py::TestGetExpectedGrainSignature::test_pixar_animation_studio PASSED [ 34%]
Lint, Tests, Build	Tests unitaires avec couverture	2026-05-11T16:39:24.0776250Z tests/test_grain_intelligence.py::TestHasAfgs1InSideData::test_empty PASSED [ 34%]
Lint, Tests, Build	Tests unitaires avec couverture	2026-05-11T16:39:24.0792632Z tests/test_grain_intelligence.py::TestHasAfgs1InSideData::test_itut_t35_aomedia_pattern PASSED [ 34%]
Lint, Tests, Build	Tests unitaires avec couverture	2026-05-11T16:39:24.0817618Z tests/test_grain_intelligence.py::TestHasAfgs1InSideData::test_no_afgs1 PASSED [ 34%]
Lint, Tests, Build	Tests unitaires avec couverture	2026-05-11T16:39:24.0854474Z tests/test_grain_intelligence.py::TestHasAfgs1InSideData::test_string_marker PASSED [ 34%]
Lint, Tests, Build	Tests unitaires avec couverture	2026-05-11T16:39:24.0878687Z tests/test_grain_intelligence.py::TestExtractAv1FilmGrainParams::test_av1_with_afgs1 PASSED [ 34%]
Lint, Tests, Build	Tests unitaires avec couverture	2026-05-11T16:39:24.0900180Z tests/test_grain_intelligence.py::TestExtractAv1FilmGrainParams::test_av1_without_afgs1 PASSED [ 34%]
Lint, Tests, Build	Tests unitaires avec couverture	2026-05-11T16:39:24.0927944Z tests/test_grain_intelligence.py::TestExtractAv1FilmGrainParams::test_ffprobe_error PASSED [ 34%]
Lint, Tests, Build	Tests unitaires avec couverture	2026-05-11T16:39:24.0949627Z tests/test_grain_intelligence.py::TestExtractAv1FilmGrainParams::test_hevc_codec_returns_none PASSED [ 34%]
Lint, Tests, Build	Tests unitaires avec couverture	2026-05-11T16:39:24.0966483Z tests/test_grain_intelligence.py::TestExtractAv1FilmGrainParams::test_missing_path PASSED [ 34%]
Lint, Tests, Build	Tests unitaires avec couverture	2026-05-11T16:39:24.0989593Z tests/test_grain_intelligence.py::TestExtractAv1FilmGrainParams::test_timeout PASSED [ 34%]
Lint, Tests, Build	Tests unitaires avec couverture	2026-05-11T16:39:24.1015007Z tests/test_grain_intelligence.py::TestFindFlatZones::test_noisy_frame_fewer_flat PASSED [ 34%]
Lint, Tests, Build	Tests unitaires avec couverture	2026-05-11T16:39:24.1046288Z tests/test_grain_intelligence.py::TestFindFlatZones::test_respects_max_zones PASSED [ 34%]
Lint, Tests, Build	Tests unitaires avec couverture	2026-05-11T16:39:24.1062907Z tests/test_grain_intelligence.py::TestFindFlatZones::test_small_frame_empty PASSED [ 34%]
Lint, Tests, Build	Tests unitaires avec couverture	2026-05-11T16:39:24.1084140Z tests/test_grain_intelligence.py::TestFindFlatZones::test_uniform_frame_many_zones PASSED [ 34%]
Lint, Tests, Build	Tests unitaires avec couverture	2026-05-11T16:39:24.1101764Z tests/test_grain_intelligence.py::TestComputeTemporalCorrelation::test_empty_returns_zero PASSED [ 34%]
Lint, Tests, Build	Tests unitaires avec couverture	2026-05-11T16:39:24.1145687Z tests/test_grain_intelligence.py::TestComputeTemporalCorrelation::test_identical_frames_high PASSED [ 34%]
Lint, Tests, Build	Tests unitaires avec couverture	2026-05-11T16:39:24.1196184Z tests/test_grain_intelligence.py::TestComputeTemporalCorrelation::test_random_noise_low_corr PASSED [ 34%]
Lint, Tests, Build	Tests unitaires avec couverture	2026-05-11T16:39:24.1213254Z tests/test_grain_intelligence.py::TestComputeTemporalCorrelation::test_single_frame_returns_zero PASSED [ 34%]
Lint, Tests, Build	Tests unitaires avec couverture	2026-05-11T16:39:24.1242926Z tests/test_grain_intelligence.py::TestComputeSpatialAutocorr8dir::test_block_8x8_peak_at_lag_8 PASSED [ 34%]
Lint, Tests, Build	Tests unitaires avec couverture	2026-05-11T16:39:24.1259595Z tests/test_grain_intelligence.py::TestComputeSpatialAutocorr8dir::test_empty_zones PASSED [ 34%]
Lint, Tests, Build	Tests unitaires avec couverture	2026-05-11T16:39:24.1293132Z tests/test_grain_intelligence.py::TestComputeSpatialAutocorr8dir::test_white_noise_low_correlations PASSED [ 34%]
Lint, Tests, Build	Tests unitaires avec couverture	2026-05-11T16:39:24.1314677Z tests/test_grain_intelligence.py::TestComputeCrossColorCorrelation::test_correlated_noise_high PASSED [ 34%]
Lint, Tests, Build	Tests unitaires avec couverture	2026-05-11T16:39:24.1334893Z tests/test_grain_intelligence.py::TestComputeCrossColorCorrelation::test_decorrelated_noise_low PASSED [ 34%]
Lint, Tests, Build	Tests unitaires avec couverture	2026-05-11T16:39:24.1351085Z tests/test_grain_intelligence.py::TestComputeCrossColorCorrelation::test_empty_rgb PASSED [ 34%]
Lint, Tests, Build	Tests unitaires avec couverture	2026-05-11T16:39:24.1367671Z tests/test_grain_intelligence.py::TestComputeCrossColorCorrelation::test_frames_rgb_none PASSED [ 34%]
Lint, Tests, Build	Tests unitaires avec couverture	2026-05-11T16:39:24.2031027Z tests/test_grain_intelligence.py::TestClassifyGrainNature::test_encode_noise_verdict PASSED [ 35%]
Lint, Tests, Build	Tests unitaires avec couverture	2026-05-11T16:39:24.2689064Z tests/test_grain_intelligence.py::TestClassifyGrainNature::test_film_grain_verdict PASSED [ 35%]
Lint, Tests, Build	Tests unitaires avec couverture	2026-05-11T16:39:24.2706790Z tests/test_grain_intelligence.py::TestClassifyGrainNature::test_insufficient_frames_unknown PASSED [ 35%]
Lint, Tests, Build	Tests unitaires avec couverture	2026-05-11T16:39:24.2738205Z tests/test_grain_intelligence.py::TestDetectPartialDnr::test_low_texture_high_grain_not_dnr PASSED [ 35%]
Lint, Tests, Build	Tests unitaires avec couverture	2026-05-11T16:39:24.2769241Z tests/test_grain_intelligence.py::TestDetectPartialDnr::test_low_texture_low_grain_is_dnr PASSED [ 35%]
Lint, Tests, Build	Tests unitaires avec couverture	2026-05-11T16:39:24.2785165Z tests/test_grain_intelligence.py::TestDetectPartialDnr::test_no_frames_insufficient PASSED [ 35%]
Lint, Tests, Build	Tests unitaires avec couverture	2026-05-11T16:39:24.2815974Z tests/test_grain_intelligence.py::TestDetectPartialDnr::test_normal_texture_not_dnr PASSED [ 35%]
Lint, Tests, Build	Tests unitaires avec couverture	2026-05-11T16:39:24.2834555Z tests/test_grain_intelligence.py::TestGrainAnalysisSerialization::test_to_dict_contains_grain_intelligence_block PASSED [ 35%]
Lint, Tests, Build	Tests unitaires avec couverture	2026-05-11T16:39:24.2877600Z tests/test_grain_intelligence.py::TestSettings::test_default_enabled PASSED [ 35%]
Lint, Tests, Build	Tests unitaires avec couverture	2026-05-11T16:39:24.2938427Z tests/test_grain_intelligence.py::TestSettings::test_roundtrip_false PASSED [ 35%]
Lint, Tests, Build	Tests unitaires avec couverture	2026-05-11T16:39:24.2962102Z tests/test_grain_intelligence.py::TestSpecContainsGrainModules::test_hiddenimports PASSED [ 35%]
Lint, Tests, Build	Tests unitaires avec couverture	2026-05-11T16:39:24.2978883Z tests/test_hdr_analysis.py::TestParseRatio::test_fraction PASSED         [ 35%]
Lint, Tests, Build	Tests unitaires avec couverture	2026-05-11T16:39:24.2995212Z tests/test_hdr_analysis.py::TestParseRatio::test_malformed_string PASSED [ 35%]
Lint, Tests, Build	Tests unitaires avec couverture	2026-05-11T16:39:24.3011529Z tests/test_hdr_analysis.py::TestParseRatio::test_none_returns_0 PASSED   [ 35%]
Lint, Tests, Build	Tests unitaires avec couverture	2026-05-11T16:39:24.3028150Z tests/test_hdr_analysis.py::TestParseRatio::test_plain_float PASSED      [ 35%]
Lint, Tests, Build	Tests unitaires avec couverture	2026-05-11T16:39:24.3044073Z tests/test_hdr_analysis.py::TestParseRatio::test_plain_int PASSED        [ 35%]
Lint, Tests, Build	Tests unitaires avec couverture	2026-05-11T16:39:24.3059541Z tests/test_hdr_analysis.py::TestParseRatio::test_valid_ratio PASSED      [ 35%]
Lint, Tests, Build	Tests unitaires avec couverture	2026-05-11T16:39:24.3075596Z tests/test_hdr_analysis.py::TestParseRatio::test_zero_denominator PASSED [ 35%]
Lint, Tests, Build	Tests unitaires avec couverture	2026-05-11T16:39:24.3093018Z tests/test_hdr_analysis.py::TestDetectHdrType::test_dolby_vision_via_side_data PASSED [ 35%]
Lint, Tests, Build	Tests unitaires avec couverture	2026-05-11T16:39:24.3109004Z tests/test_hdr_analysis.py::TestDetectHdrType::test_hdr10_plus_via_side_data PASSED [ 35%]
Lint, Tests, Build	Tests unitaires avec couverture	2026-05-11T16:39:24.3125120Z tests/test_hdr_analysis.py::TestDetectHdrType::test_hdr10_standard PASSED [ 35%]
Lint, Tests, Build	Tests unitaires avec couverture	2026-05-11T16:39:24.3141214Z tests/test_hdr_analysis.py::TestDetectHdrType::test_hdr10_without_mastering_still_classified PASSED [ 35%]
Lint, Tests, Build	Tests unitaires avec couverture	2026-05-11T16:39:24.3156631Z tests/test_hdr_analysis.py::TestDetectHdrType::test_hlg_via_transfer PASSED [ 35%]
Lint, Tests, Build	Tests unitaires avec couverture	2026-05-11T16:39:24.3172875Z tests/test_hdr_analysis.py::TestDetectHdrType::test_hlg_via_transfer_named PASSED [ 35%]
Lint, Tests, Build	Tests unitaires avec couverture	2026-05-11T16:39:24.3189105Z tests/test_hdr_analysis.py::TestDetectHdrType::test_priority_hlg_over_hdr10 PASSED [ 35%]
Lint, Tests, Build	Tests unitaires avec couverture	2026-05-11T16:39:24.3205118Z tests/test_hdr_analysis.py::TestDetectHdrType::test_sdr_default PASSED   [ 35%]
Lint, Tests, Build	Tests unitaires avec couverture	2026-05-11T16:39:24.3221669Z tests/test_hdr_analysis.py::TestDetectHdrType::test_sdr_empty_strings PASSED [ 35%]
Lint, Tests, Build	Tests unitaires avec couverture	2026-05-11T16:39:24.3238045Z tests/test_hdr_analysis.py::TestValidateHdr::test_dv_always_valid PASSED [ 35%]
Lint, Tests, Build	Tests unitaires avec couverture	2026-05-11T16:39:24.3254118Z tests/test_hdr_analysis.py::TestValidateHdr::test_hdr10_low_punch PASSED [ 35%]
Lint, Tests, Build	Tests unitaires avec couverture	2026-05-11T16:39:24.3270251Z tests/test_hdr_analysis.py::TestValidateHdr::test_hdr10_no_maxcll_missing PASSED [ 35%]
Lint, Tests, Build	Tests unitaires avec couverture	2026-05-11T16:39:24.3286136Z tests/test_hdr_analysis.py::TestValidateHdr::test_hdr10_valid PASSED     [ 35%]
Lint, Tests, Build	Tests unitaires avec couverture	2026-05-11T16:39:24.3301718Z tests/test_hdr_analysis.py::TestValidateHdr::test_hlg_always_valid PASSED [ 35%]
Lint, Tests, Build	Tests unitaires avec couverture	2026-05-11T16:39:24.3317507Z tests/test_hdr_analysis.py::TestValidateHdr::test_sdr_bt2020_color_mismatch PASSED [ 35%]
Lint, Tests, Build	Tests unitaires avec couverture	2026-05-11T16:39:24.3335192Z tests/test_hdr_analysis.py::TestComputeHdrQualityScore::test_dv_100 PASSED [ 35%]
Lint, Tests, Build	Tests unitaires avec couverture	2026-05-11T16:39:24.3352013Z tests/test_hdr_analysis.py::TestComputeHdrQualityScore::test_hdr10_invalid_50 PASSED [ 35%]
Lint, Tests, Build	Tests unitaires avec couverture	2026-05-11T16:39:24.3367924Z tests/test_hdr_analysis.py::TestComputeHdrQualityScore::test_hdr10_low_punch_65 PASSED [ 35%]
Lint, Tests, Build	Tests unitaires avec couverture	2026-05-11T16:39:24.3383506Z tests/test_hdr_analysis.py::TestComputeHdrQualityScore::test_hdr10_plus_90 PASSED [ 35%]
Lint, Tests, Build	Tests unitaires avec couverture	2026-05-11T16:39:24.3399431Z tests/test_hdr_analysis.py::TestComputeHdrQualityScore::test_hdr10_valid_85 PASSED [ 35%]
Lint, Tests, Build	Tests unitaires avec couverture	2026-05-11T16:39:24.3414914Z tests/test_hdr_analysis.py::TestComputeHdrQualityScore::test_hlg_75 PASSED [ 35%]
Lint, Tests, Build	Tests unitaires avec couverture	2026-05-11T16:39:24.3431324Z tests/test_hdr_analysis.py::TestComputeHdrQualityScore::test_sdr_40 PASSED [ 35%]
Lint, Tests, Build	Tests unitaires avec couverture	2026-05-11T16:39:24.3448893Z tests/test_hdr_analysis.py::TestAnalyzeHdrFromFrameData::test_dolby_vision_detected PASSED [ 36%]
Lint, Tests, Build	Tests unitaires avec couverture	2026-05-11T16:39:24.3464899Z tests/test_hdr_analysis.py::TestAnalyzeHdrFromFrameData::test_fallback_to_stream_when_no_frame PASSED [ 36%]
Lint, Tests, Build	Tests unitaires avec couverture	2026-05-11T16:39:24.3481843Z tests/test_hdr_analysis.py::TestAnalyzeHdrFromFrameData::test_hdr10_from_frame_side_data PASSED [ 36%]
Lint, Tests, Build	Tests unitaires avec couverture	2026-05-11T16:39:24.3499103Z tests/test_hdr_analysis.py::TestAnalyzeHdrFromFrameData::test_hdr10_low_punch_flag PASSED [ 36%]
Lint, Tests, Build	Tests unitaires avec couverture	2026-05-11T16:39:24.3515122Z tests/test_hdr_analysis.py::TestAnalyzeHdrFromFrameData::test_hdr10_plus_from_side_data PASSED [ 36%]
Lint, Tests, Build	Tests unitaires avec couverture	2026-05-11T16:39:24.3531776Z tests/test_hdr_analysis.py::TestAnalyzeHdrFromFrameData::test_sdr_default PASSED [ 36%]
Lint, Tests, Build	Tests unitaires avec couverture	2026-05-11T16:39:24.3554290Z tests/test_hdr_analysis.py::TestHdr10PlusMultiFrame::test_finds_smpte2094_40 PASSED [ 36%]
Lint, Tests, Build	Tests unitaires avec couverture	2026-05-11T16:39:24.3575188Z tests/test_hdr_analysis.py::TestHdr10PlusMultiFrame::test_malformed_json_returns_false PASSED [ 36%]
Lint, Tests, Build	Tests unitaires avec couverture	2026-05-11T16:39:24.3591164Z tests/test_hdr_analysis.py::TestHdr10PlusMultiFrame::test_missing_path_returns_false PASSED [ 36%]
Lint, Tests, Build	Tests unitaires avec couverture	2026-05-11T16:39:24.3611698Z tests/test_hdr_analysis.py::TestHdr10PlusMultiFrame::test_no_hdr10_plus PASSED [ 36%]
Lint, Tests, Build	Tests unitaires avec couverture	2026-05-11T16:39:24.3633568Z tests/test_hdr_analysis.py::TestHdr10PlusMultiFrame::test_oserror_returns_false PASSED [ 36%]
Lint, Tests, Build	Tests unitaires avec couverture	2026-05-11T16:39:24.3689564Z tests/test_hdr_analysis.py::TestHdr10PlusMultiFrame::test_returncode_error_returns_false PASSED [ 36%]
Lint, Tests, Build	Tests unitaires avec couverture	2026-05-11T16:39:24.3712062Z tests/test_hdr_analysis.py::TestHdr10PlusMultiFrame::test_timeout_returns_false PASSED [ 36%]
Lint, Tests, Build	Tests unitaires avec couverture	2026-05-11T16:39:24.3735140Z tests/test_hdr_analysis.py::TestSpecContainsHdrAnalysis::test_hiddenimport_module PASSED [ 36%]
Lint, Tests, Build	Tests unitaires avec couverture	2026-05-11T16:39:24.3752259Z tests/test_health_trend.py::HealthTrendTests::test_all_points_without_snapshot PASSED [ 36%]
Lint, Tests, Build	Tests unitaires avec couverture	2026-05-11T16:39:24.3768380Z tests/test_health_trend.py::HealthTrendTests::test_delta_negative PASSED [ 36%]
Lint, Tests, Build	Tests unitaires avec couverture	2026-05-11T16:39:24.3784291Z tests/test_health_trend.py::HealthTrendTests::test_delta_positive PASSED [ 36%]
Lint, Tests, Build	Tests unitaires avec couverture	2026-05-11T16:39:24.3800202Z tests/test_health_trend.py::HealthTrendTests::test_delta_zero PASSED     [ 36%]
Lint, Tests, Build	Tests unitaires avec couverture	2026-05-11T16:39:24.3816524Z tests/test_health_trend.py::HealthTrendTests::test_no_runs PASSED        [ 36%]
Lint, Tests, Build	Tests unitaires avec couverture	2026-05-11T16:39:24.3832156Z tests/test_health_trend.py::HealthTrendTests::test_points_without_snapshot_ignored PASSED [ 36%]
Lint, Tests, Build	Tests unitaires avec couverture	2026-05-11T16:39:24.3848650Z tests/test_health_trend.py::HealthTrendTests::test_single_run PASSED     [ 36%]
Lint, Tests, Build	Tests unitaires avec couverture	2026-05-11T16:39:24.3865917Z tests/test_health_trend.py::SubtitleCoverageTests::test_all_complete PASSED [ 36%]
Lint, Tests, Build	Tests unitaires avec couverture	2026-05-11T16:39:24.3881697Z tests/test_health_trend.py::SubtitleCoverageTests::test_empty_rows PASSED [ 36%]
Lint, Tests, Build	Tests unitaires avec couverture	2026-05-11T16:39:24.3898245Z tests/test_health_trend.py::SubtitleCoverageTests::test_some_missing PASSED [ 36%]
Lint, Tests, Build	Tests unitaires avec couverture	2026-05-11T16:39:24.3915680Z tests/test_health_trend.py::SnapshotMetricsTests::test_health_snapshot_keys PASSED [ 36%]
Lint, Tests, Build	Tests unitaires avec couverture	2026-05-11T16:39:24.3934306Z tests/test_health_trend.py::UiHealthTrendTests::test_css_health_chart_dashboard SKIPPED [ 36%]
Lint, Tests, Build	Tests unitaires avec couverture	2026-05-11T16:39:24.3951874Z tests/test_health_trend.py::UiHealthTrendTests::test_css_health_chart_desktop SKIPPED [ 36%]
Lint, Tests, Build	Tests unitaires avec couverture	2026-05-11T16:39:24.3969657Z tests/test_health_trend.py::UiHealthTrendTests::test_dashboard_health_chart SKIPPED [ 36%]
Lint, Tests, Build	Tests unitaires avec couverture	2026-05-11T16:39:24.3987774Z tests/test_health_trend.py::UiHealthTrendTests::test_dashboard_polyline SKIPPED [ 36%]
Lint, Tests, Build	Tests unitaires avec couverture	2026-05-11T16:39:24.4005666Z tests/test_health_trend.py::UiHealthTrendTests::test_dashboard_trend_message SKIPPED [ 36%]
Lint, Tests, Build	Tests unitaires avec couverture	2026-05-11T16:39:24.4023195Z tests/test_health_trend.py::UiHealthTrendTests::test_desktop_health_chart SKIPPED [ 36%]
Lint, Tests, Build	Tests unitaires avec couverture	2026-05-11T16:39:24.4041811Z tests/test_health_trend.py::UiHealthTrendTests::test_desktop_html_container SKIPPED [ 36%]
Lint, Tests, Build	Tests unitaires avec couverture	2026-05-11T16:39:24.4058218Z tests/test_help_logs_button.py::HelpLogsApiTests::test_get_log_paths_method_exists PASSED [ 36%]
Lint, Tests, Build	Tests unitaires avec couverture	2026-05-11T16:39:24.4074897Z tests/test_help_logs_button.py::HelpLogsApiTests::test_get_log_paths_returns_data PASSED [ 36%]
Lint, Tests, Build	Tests unitaires avec couverture	2026-05-11T16:39:24.4090814Z tests/test_help_logs_button.py::HelpLogsApiTests::test_open_logs_folder_method_exists PASSED [ 36%]
Lint, Tests, Build	Tests unitaires avec couverture	2026-05-11T16:39:24.4144374Z tests/test_help_logs_button.py::HelpLogsApiTests::test_open_logs_folder_missing_dir_returns_error PASSED [ 36%]
Lint, Tests, Build	Tests unitaires avec couverture	2026-05-11T16:39:24.4161343Z tests/test_help_logs_button.py::HelpLogsRestSecurityTests::test_open_logs_folder_exposed_via_rest PASSED [ 36%]
Lint, Tests, Build	Tests unitaires avec couverture	2026-05-11T16:39:24.4177457Z tests/test_help_logs_button.py::HelpLogsRestSecurityTests::test_open_path_still_excluded PASSED [ 36%]
Lint, Tests, Build	Tests unitaires avec couverture	2026-05-11T16:39:24.4194999Z tests/test_help_logs_button.py::HelpViewSupportSectionTests::test_dashboard_help_calls_get_log_paths SKIPPED [ 36%]
Lint, Tests, Build	Tests unitaires avec couverture	2026-05-11T16:39:24.4212466Z tests/test_help_logs_button.py::HelpViewSupportSectionTests::test_dashboard_help_calls_open_logs_folder SKIPPED [ 37%]
Lint, Tests, Build	Tests unitaires avec couverture	2026-05-11T16:39:24.4229481Z tests/test_help_logs_button.py::HelpViewSupportSectionTests::test_dashboard_help_has_copy_path_button SKIPPED [ 37%]
Lint, Tests, Build	Tests unitaires avec couverture	2026-05-11T16:39:24.4247014Z tests/test_help_logs_button.py::HelpViewSupportSectionTests::test_dashboard_help_has_open_logs_button SKIPPED [ 37%]
Lint, Tests, Build	Tests unitaires avec couverture	2026-05-11T16:39:24.4264586Z tests/test_help_logs_button.py::HelpViewSupportSectionTests::test_dashboard_help_has_support_actions_container SKIPPED [ 37%]
Lint, Tests, Build	Tests unitaires avec couverture	2026-05-11T16:39:24.4281902Z tests/test_help_logs_button.py::HelpViewSupportSectionTests::test_desktop_help_calls_get_log_paths SKIPPED [ 37%]
Lint, Tests, Build	Tests unitaires avec couverture	2026-05-11T16:39:24.4302484Z tests/test_help_logs_button.py::HelpViewSupportSectionTests::test_desktop_help_calls_open_logs_folder SKIPPED [ 37%]
Lint, Tests, Build	Tests unitaires avec couverture	2026-05-11T16:39:24.4320041Z tests/test_help_logs_button.py::HelpViewSupportSectionTests::test_desktop_help_has_copy_path_button SKIPPED [ 37%]
Lint, Tests, Build	Tests unitaires avec couverture	2026-05-11T16:39:24.4337879Z tests/test_help_logs_button.py::HelpViewSupportSectionTests::test_desktop_help_has_open_logs_button SKIPPED [ 37%]
Lint, Tests, Build	Tests unitaires avec couverture	2026-05-11T16:39:24.4358351Z tests/test_help_logs_button.py::HelpViewSupportCssTests::test_help_support_class PASSED [ 37%]
Lint, Tests, Build	Tests unitaires avec couverture	2026-05-11T16:39:24.4374498Z tests/test_help_logs_button.py::HelpViewSupportCssTests::test_help_support_hint_class PASSED [ 37%]
Lint, Tests, Build	Tests unitaires avec couverture	2026-05-11T16:39:24.4391348Z tests/test_help_logs_button.py::HelpViewSupportCssTests::test_support_actions_class PASSED [ 37%]
Lint, Tests, Build	Tests unitaires avec couverture	2026-05-11T16:39:24.4411449Z tests/test_help_v5_features.py::HelpV5FeaturesTests::test_v1_14_faq_glossaire PASSED [ 37%]
Lint, Tests, Build	Tests unitaires avec couverture	2026-05-11T16:39:24.4427146Z tests/test_help_v5_features.py::HelpV5FeaturesTests::test_v3_08_shortcut_categories PASSED [ 37%]
Lint, Tests, Build	Tests unitaires avec couverture	2026-05-11T16:39:24.4442918Z tests/test_help_v5_features.py::HelpV5FeaturesTests::test_v3_08_shortcuts PASSED [ 37%]
Lint, Tests, Build	Tests unitaires avec couverture	2026-05-11T16:39:24.4459482Z tests/test_help_v5_features.py::HelpV5FeaturesTests::test_v3_13_endpoints PASSED [ 37%]
Lint, Tests, Build	Tests unitaires avec couverture	2026-05-11T16:39:24.4474680Z tests/test_help_v5_features.py::HelpV5FeaturesTests::test_v3_13_github_issues_link PASSED [ 37%]
Lint, Tests, Build	Tests unitaires avec couverture	2026-05-11T16:39:24.4492086Z tests/test_help_v5_features.py::HelpV5FeaturesTests::test_v3_13_support_section PASSED [ 37%]
Lint, Tests, Build	Tests unitaires avec couverture	2026-05-11T16:39:24.4510972Z tests/test_help_v5_ported.py::HelpV5PortedTests::test_es_module_export PASSED [ 37%]
Lint, Tests, Build	Tests unitaires avec couverture	2026-05-11T16:39:24.4526556Z tests/test_help_v5_ported.py::HelpV5PortedTests::test_helpers_imported PASSED [ 37%]
Lint, Tests, Build	Tests unitaires avec couverture	2026-05-11T16:39:24.4542082Z tests/test_help_v5_ported.py::HelpV5PortedTests::test_no_iife PASSED     [ 37%]
Lint, Tests, Build	Tests unitaires avec couverture	2026-05-11T16:39:24.4557608Z tests/test_help_v5_ported.py::HelpV5PortedTests::test_no_pywebview_api PASSED [ 37%]
Lint, Tests, Build	Tests unitaires avec couverture	2026-05-11T16:39:24.4573887Z tests/test_help_v5_ported.py::HelpV5PortedTests::test_v1_14_faq_glossaire PASSED [ 37%]
Lint, Tests, Build	Tests unitaires avec couverture	2026-05-11T16:39:24.4589541Z tests/test_help_v5_ported.py::HelpV5PortedTests::test_v3_08_shortcuts_enriched PASSED [ 37%]
Lint, Tests, Build	Tests unitaires avec couverture	2026-05-11T16:39:24.4607778Z tests/test_help_v5_ported.py::HelpV5PortedTests::test_v3_13_support_section PASSED [ 37%]
Lint, Tests, Build	Tests unitaires avec couverture	2026-05-11T16:39:24.4628256Z tests/test_help_view.py::HelpViewFilesExistTests::test_desktop_help_js_exists PASSED [ 37%]
Lint, Tests, Build	Tests unitaires avec couverture	2026-05-11T16:39:24.4659949Z tests/test_help_view.py::HelpViewDesktopContentTests::test_faq_count_at_least_15 PASSED [ 37%]
Lint, Tests, Build	Tests unitaires avec couverture	2026-05-11T16:39:24.4676194Z tests/test_help_view.py::HelpViewDesktopContentTests::test_faq_covers_core_pain_points PASSED [ 37%]
Lint, Tests, Build	Tests unitaires avec couverture	2026-05-11T16:39:24.4692130Z tests/test_help_view.py::HelpViewDesktopContentTests::test_github_issues_link_present PASSED [ 37%]
Lint, Tests, Build	Tests unitaires avec couverture	2026-05-11T16:39:24.4714312Z tests/test_help_view.py::HelpViewDesktopContentTests::test_glossary_count_at_least_15 PASSED [ 37%]
Lint, Tests, Build	Tests unitaires avec couverture	2026-05-11T16:39:24.4730347Z tests/test_help_view.py::HelpViewDesktopContentTests::test_glossary_covers_core_business_terms PASSED [ 37%]
Lint, Tests, Build	Tests unitaires avec couverture	2026-05-11T16:39:24.4746366Z tests/test_help_view.py::HelpViewDesktopContentTests::test_html_help_script_loaded PASSED [ 37%]
Lint, Tests, Build	Tests unitaires avec couverture	2026-05-11T16:39:24.4761685Z tests/test_help_view.py::HelpViewDesktopContentTests::test_html_sidebar_button_present PASSED [ 37%]
Lint, Tests, Build	Tests unitaires avec couverture	2026-05-11T16:39:24.4779035Z tests/test_help_view.py::HelpViewDesktopContentTests::test_html_view_section_present PASSED [ 37%]
Lint, Tests, Build	Tests unitaires avec couverture	2026-05-11T16:39:24.4794473Z tests/test_help_view.py::HelpViewDesktopContentTests::test_logs_path_visible PASSED [ 37%]
Lint, Tests, Build	Tests unitaires avec couverture	2026-05-11T16:39:24.4810526Z tests/test_help_view.py::HelpViewDesktopContentTests::test_search_input_id PASSED [ 37%]
Lint, Tests, Build	Tests unitaires avec couverture	2026-05-11T16:39:24.4827838Z tests/test_help_view.py::HelpViewDashboardContentTests::test_app_imports_init_help SKIPPED [ 37%]
Lint, Tests, Build	Tests unitaires avec couverture	2026-05-11T16:39:24.4844632Z tests/test_help_view.py::HelpViewDashboardContentTests::test_es_module_export SKIPPED [ 37%]
Lint, Tests, Build	Tests unitaires avec couverture	2026-05-11T16:39:24.4861886Z tests/test_help_view.py::HelpViewDashboardContentTests::test_faq_count_at_least_15 SKIPPED [ 37%]
Lint, Tests, Build	Tests unitaires avec couverture	2026-05-11T16:39:24.4879041Z tests/test_help_view.py::HelpViewDashboardContentTests::test_github_issues_link_present SKIPPED [ 37%]
Lint, Tests, Build	Tests unitaires avec couverture	2026-05-11T16:39:24.4899819Z tests/test_help_view.py::HelpViewDashboardContentTests::test_glossary_count_at_least_15 SKIPPED [ 37%]
Lint, Tests, Build	Tests unitaires avec couverture	2026-05-11T16:39:24.4917389Z tests/test_help_view.py::HelpViewDashboardContentTests::test_glossary_covers_core_business_terms SKIPPED [ 38%]
Lint, Tests, Build	Tests unitaires avec couverture	2026-05-11T16:39:24.4936427Z tests/test_help_view.py::HelpViewDashboardContentTests::test_html_sidebar_link SKIPPED [ 38%]
Lint, Tests, Build	Tests unitaires avec couverture	2026-05-11T16:39:24.4954371Z tests/test_help_view.py::HelpViewDashboardContentTests::test_html_view_container SKIPPED [ 38%]
Lint, Tests, Build	Tests unitaires avec couverture	2026-05-11T16:39:24.4972146Z tests/test_help_view.py::HelpViewDashboardContentTests::test_logs_path_visible SKIPPED [ 38%]
Lint, Tests, Build	Tests unitaires avec couverture	2026-05-11T16:39:24.4989769Z tests/test_help_view.py::HelpViewDashboardContentTests::test_route_registered_in_app_js SKIPPED [ 38%]
Lint, Tests, Build	Tests unitaires avec couverture	2026-05-11T16:39:24.5007384Z tests/test_help_view.py::HelpViewDashboardContentTests::test_search_input_id SKIPPED [ 38%]
Lint, Tests, Build	Tests unitaires avec couverture	2026-05-11T16:39:24.5025076Z tests/test_help_view.py::HelpViewParityTests::test_glossary_terms_match SKIPPED [ 38%]
Lint, Tests, Build	Tests unitaires avec couverture	2026-05-11T16:39:24.5042213Z tests/test_help_view.py::HelpViewParityTests::test_same_faq_count SKIPPED [ 38%]
Lint, Tests, Build	Tests unitaires avec couverture	2026-05-11T16:39:24.5061161Z tests/test_help_view.py::HelpViewParityTests::test_same_glossary_count SKIPPED [ 38%]
Lint, Tests, Build	Tests unitaires avec couverture	2026-05-11T16:39:24.7997053Z tests/test_home_v5.py::PerceptualMixinV2AggregatesTests::test_count_v2_tier_since PASSED [ 38%]
Lint, Tests, Build	Tests unitaires avec couverture	2026-05-11T16:39:25.0988411Z tests/test_home_v5.py::PerceptualMixinV2AggregatesTests::test_count_v2_warnings_flag PASSED [ 38%]
Lint, Tests, Build	Tests unitaires avec couverture	2026-05-11T16:39:25.3820409Z tests/test_home_v5.py::PerceptualMixinV2AggregatesTests::test_get_global_score_v2_trend_groups_by_day PASSED [ 38%]
Lint, Tests, Build	Tests unitaires avec couverture	2026-05-11T16:39:25.6909868Z tests/test_home_v5.py::PerceptualMixinV2AggregatesTests::test_tier_v2_distribution_counts PASSED [ 38%]
Lint, Tests, Build	Tests unitaires avec couverture	2026-05-11T16:39:25.9840894Z tests/test_home_v5.py::PerceptualMixinV2AggregatesTests::test_tier_v2_distribution_empty PASSED [ 38%]
Lint, Tests, Build	Tests unitaires avec couverture	2026-05-11T16:39:26.2913412Z tests/test_home_v5.py::DashboardSupportV5Tests::test_compute_active_insights_filter_hints_structure PASSED [ 38%]
Lint, Tests, Build	Tests unitaires avec couverture	2026-05-11T16:39:26.5970725Z tests/test_home_v5.py::DashboardSupportV5Tests::test_compute_active_insights_limits_to_5 PASSED [ 38%]
Lint, Tests, Build	Tests unitaires avec couverture	2026-05-11T16:39:26.9150192Z tests/test_home_v5.py::DashboardSupportV5Tests::test_compute_active_insights_returns_list PASSED [ 38%]
Lint, Tests, Build	Tests unitaires avec couverture	2026-05-11T16:39:27.2162993Z tests/test_home_v5.py::DashboardSupportV5Tests::test_compute_active_insights_sorts_by_severity PASSED [ 38%]
Lint, Tests, Build	Tests unitaires avec couverture	2026-05-11T16:39:27.5091197Z tests/test_home_v5.py::DashboardSupportV5Tests::test_compute_trend_30days_has_data_for_today PASSED [ 38%]
Lint, Tests, Build	Tests unitaires avec couverture	2026-05-11T16:39:27.7977860Z tests/test_home_v5.py::DashboardSupportV5Tests::test_compute_trend_30days_returns_31_points PASSED [ 38%]
Lint, Tests, Build	Tests unitaires avec couverture	2026-05-11T16:39:28.0824251Z tests/test_home_v5.py::DashboardSupportV5Tests::test_compute_v2_tier_distribution_adds_percentages PASSED [ 38%]
Lint, Tests, Build	Tests unitaires avec couverture	2026-05-11T16:39:28.3952573Z tests/test_home_v5.py::DashboardSupportV5Tests::test_compute_v2_tier_distribution_no_runs PASSED [ 38%]
Lint, Tests, Build	Tests unitaires avec couverture	2026-05-11T16:39:28.3973268Z tests/test_home_v5.py::HomeWidgetsDesktopTests::test_accessibility PASSED [ 38%]
Lint, Tests, Build	Tests unitaires avec couverture	2026-05-11T16:39:28.3991776Z tests/test_home_v5.py::HomeWidgetsDesktopTests::test_api_methods PASSED  [ 38%]
Lint, Tests, Build	Tests unitaires avec couverture	2026-05-11T16:39:28.4010083Z tests/test_home_v5.py::HomeWidgetsDesktopTests::test_exposes_home_widgets_global PASSED [ 38%]
Lint, Tests, Build	Tests unitaires avec couverture	2026-05-11T16:39:28.4028326Z tests/test_home_v5.py::HomeWidgetsDesktopTests::test_icons_defined PASSED [ 38%]
Lint, Tests, Build	Tests unitaires avec couverture	2026-05-11T16:39:28.4046820Z tests/test_home_v5.py::HomeWidgetsDesktopTests::test_stagger_animation_used PASSED [ 38%]
Lint, Tests, Build	Tests unitaires avec couverture	2026-05-11T16:39:28.4065940Z tests/test_home_v5.py::HomeChartsDesktopTests::test_api_methods PASSED   [ 38%]
Lint, Tests, Build	Tests unitaires avec couverture	2026-05-11T16:39:28.4083938Z tests/test_home_v5.py::HomeChartsDesktopTests::test_exposes_home_charts_global PASSED [ 38%]
Lint, Tests, Build	Tests unitaires avec couverture	2026-05-11T16:39:28.4101482Z tests/test_home_v5.py::HomeChartsDesktopTests::test_svg_accessibility PASSED [ 38%]
Lint, Tests, Build	Tests unitaires avec couverture	2026-05-11T16:39:28.4119979Z tests/test_home_v5.py::HomeChartsDesktopTests::test_tier_colors_from_design_system PASSED [ 38%]
Lint, Tests, Build	Tests unitaires avec couverture	2026-05-11T16:39:28.4140668Z tests/test_home_v5.py::HomeDashboardModulesTests::test_charts_es_exports PASSED [ 38%]
Lint, Tests, Build	Tests unitaires avec couverture	2026-05-11T16:39:28.4160237Z tests/test_home_v5.py::HomeDashboardModulesTests::test_charts_imports_escapeHtml PASSED [ 38%]
Lint, Tests, Build	Tests unitaires avec couverture	2026-05-11T16:39:28.4180320Z tests/test_home_v5.py::HomeDashboardModulesTests::test_widgets_es_exports PASSED [ 38%]
Lint, Tests, Build	Tests unitaires avec couverture	2026-05-11T16:39:28.4200429Z tests/test_home_v5.py::HomeDashboardModulesTests::test_widgets_imports_escapeHtml PASSED [ 38%]
Lint, Tests, Build	Tests unitaires avec couverture	2026-05-11T16:39:28.4222230Z tests/test_home_v5.py::Vague2CssTests::test_donut_classes PASSED         [ 38%]
Lint, Tests, Build	Tests unitaires avec couverture	2026-05-11T16:39:28.4243216Z tests/test_home_v5.py::Vague2CssTests::test_home_v5_section PASSED       [ 38%]
Lint, Tests, Build	Tests unitaires avec couverture	2026-05-11T16:39:28.4263850Z tests/test_home_v5.py::Vague2CssTests::test_insight_classes PASSED       [ 38%]
Lint, Tests, Build	Tests unitaires avec couverture	2026-05-11T16:39:28.4286895Z tests/test_home_v5.py::Vague2CssTests::test_kpi_classes PASSED           [ 38%]
Lint, Tests, Build	Tests unitaires avec couverture	2026-05-11T16:39:28.4307068Z tests/test_home_v5.py::Vague2CssTests::test_kpi_tier_variants PASSED     [ 39%]
Lint, Tests, Build	Tests unitaires avec couverture	2026-05-11T16:39:28.4327911Z tests/test_home_v5.py::Vague2CssTests::test_line_classes PASSED          [ 39%]
Lint, Tests, Build	Tests unitaires avec couverture	2026-05-11T16:39:28.4349198Z tests/test_home_v5.py::Vague2CssTests::test_poster_classes PASSED        [ 39%]
Lint, Tests, Build	Tests unitaires avec couverture	2026-05-11T16:39:28.4369828Z tests/test_home_v5.py::IntegrationVague2Tests::test_home_js_has_renderHomeV5Overview PASSED [ 39%]
Lint, Tests, Build	Tests unitaires avec couverture	2026-05-11T16:39:28.4389380Z tests/test_home_v5.py::IntegrationVague2Tests::test_home_js_uses_home_widgets_and_charts PASSED [ 39%]
Lint, Tests, Build	Tests unitaires avec couverture	2026-05-11T16:39:28.4411944Z tests/test_home_v5.py::IntegrationVague2Tests::test_index_html_loads_vague2_scripts PASSED [ 39%]
Lint, Tests, Build	Tests unitaires avec couverture	2026-05-11T16:39:30.8610218Z tests/test_home_v5.py::DashboardSmokeTests::test_modules_import_cleanly PASSED [ 39%]
Lint, Tests, Build	Tests unitaires avec couverture	2026-05-11T16:39:30.8631774Z tests/test_home_v5_features.py::HomeV5FeaturesTests::test_v1_06_integrations_cta PASSED [ 39%]
Lint, Tests, Build	Tests unitaires avec couverture	2026-05-11T16:39:30.8648187Z tests/test_home_v5_features.py::HomeV5FeaturesTests::test_v1_07_probe_banner PASSED [ 39%]
Lint, Tests, Build	Tests unitaires avec couverture	2026-05-11T16:39:30.8664108Z tests/test_home_v5_features.py::HomeV5FeaturesTests::test_v2_04_promise_allsettled PASSED [ 39%]
Lint, Tests, Build	Tests unitaires avec couverture	2026-05-11T16:39:30.8680354Z tests/test_home_v5_features.py::HomeV5FeaturesTests::test_v2_08_skeleton PASSED [ 39%]
Lint, Tests, Build	Tests unitaires avec couverture	2026-05-11T16:39:30.8698620Z tests/test_home_v5_features.py::HomeV5FeaturesTests::test_v3_05_demo_wizard PASSED [ 39%]
Lint, Tests, Build	Tests unitaires avec couverture	2026-05-11T16:39:30.8720368Z tests/test_home_v5_ported.py::HomeV5PortedTests::test_apipost_for_start_plan_uses_kwargs PASSED [ 39%]
Lint, Tests, Build	Tests unitaires avec couverture	2026-05-11T16:39:30.8736105Z tests/test_home_v5_ported.py::HomeV5PortedTests::test_es_module_exports_init PASSED [ 39%]
Lint, Tests, Build	Tests unitaires avec couverture	2026-05-11T16:39:30.8752165Z tests/test_home_v5_ported.py::HomeV5PortedTests::test_imports_helpers PASSED [ 39%]
Lint, Tests, Build	Tests unitaires avec couverture	2026-05-11T16:39:30.8770909Z tests/test_home_v5_ported.py::HomeV5PortedTests::test_no_more_iife PASSED [ 39%]
Lint, Tests, Build	Tests unitaires avec couverture	2026-05-11T16:39:30.8787205Z tests/test_home_v5_ported.py::HomeV5PortedTests::test_no_more_pywebview_api PASSED [ 39%]
Lint, Tests, Build	Tests unitaires avec couverture	2026-05-11T16:39:30.8803558Z tests/test_home_v5_ported.py::HomeV5PortedTests::test_v1_06_integrations_cta_preserved PASSED [ 39%]
Lint, Tests, Build	Tests unitaires avec couverture	2026-05-11T16:39:30.8819418Z tests/test_home_v5_ported.py::HomeV5PortedTests::test_v1_07_banner_preserved PASSED [ 39%]
Lint, Tests, Build	Tests unitaires avec couverture	2026-05-11T16:39:30.8835451Z tests/test_home_v5_ported.py::HomeV5PortedTests::test_v2_04_allsettled_preserved PASSED [ 39%]
Lint, Tests, Build	Tests unitaires avec couverture	2026-05-11T16:39:30.8851692Z tests/test_home_v5_ported.py::HomeV5PortedTests::test_v2_08_skeleton_preserved PASSED [ 39%]
Lint, Tests, Build	Tests unitaires avec couverture	2026-05-11T16:39:30.8869754Z tests/test_home_v5_ported.py::HomeV5PortedTests::test_v3_05_demo_wizard_preserved PASSED [ 39%]
Lint, Tests, Build	Tests unitaires avec couverture	2026-05-11T16:39:30.8890041Z tests/test_http_utils.py::TestMakeSessionWithRetry::test_adapter_mounted_for_http_and_https PASSED [ 39%]
Lint, Tests, Build	Tests unitaires avec couverture	2026-05-11T16:39:30.8907655Z tests/test_http_utils.py::TestMakeSessionWithRetry::test_custom_user_agent PASSED [ 39%]
Lint, Tests, Build	Tests unitaires avec couverture	2026-05-11T16:39:30.8925165Z tests/test_http_utils.py::TestMakeSessionWithRetry::test_default_user_agent PASSED [ 39%]
Lint, Tests, Build	Tests unitaires avec couverture	2026-05-11T16:39:30.8941443Z tests/test_http_utils.py::TestMakeSessionWithRetry::test_defaults_constants PASSED [ 39%]
Lint, Tests, Build	Tests unitaires avec couverture	2026-05-11T16:39:30.8958538Z tests/test_http_utils.py::TestMakeSessionWithRetry::test_retry_config_backoff_factor PASSED [ 39%]
Lint, Tests, Build	Tests unitaires avec couverture	2026-05-11T16:39:30.8975968Z tests/test_http_utils.py::TestMakeSessionWithRetry::test_retry_config_max_attempts PASSED [ 39%]
Lint, Tests, Build	Tests unitaires avec couverture	2026-05-11T16:39:30.8993590Z tests/test_http_utils.py::TestMakeSessionWithRetry::test_retry_config_status_forcelist PASSED [ 39%]
Lint, Tests, Build	Tests unitaires avec couverture	2026-05-11T16:39:30.9012542Z tests/test_http_utils.py::TestMakeSessionWithRetry::test_returns_session_instance PASSED [ 39%]
Lint, Tests, Build	Tests unitaires avec couverture	2026-05-11T16:39:30.9035857Z tests/test_i18n_extraction_frontend.py::FrJsonV6_02KeysTests::test_danger_zone_keys_present PASSED [ 39%]
Lint, Tests, Build	Tests unitaires avec couverture	2026-05-11T16:39:30.9056911Z tests/test_i18n_extraction_frontend.py::FrJsonV6_02KeysTests::test_qij_integrations_keys_present PASSED [ 39%]
Lint, Tests, Build	Tests unitaires avec couverture	2026-05-11T16:39:30.9077993Z tests/test_i18n_extraction_frontend.py::FrJsonV6_02KeysTests::test_qij_journal_keys_present PASSED [ 39%]
Lint, Tests, Build	Tests unitaires avec couverture	2026-05-11T16:39:30.9099237Z tests/test_i18n_extraction_frontend.py::FrJsonV6_02KeysTests::test_qij_quality_keys_present PASSED [ 39%]
Lint, Tests, Build	Tests unitaires avec couverture	2026-05-11T16:39:30.9120458Z tests/test_i18n_extraction_frontend.py::FrJsonV6_02KeysTests::test_settings_groups_keys_present PASSED [ 39%]
Lint, Tests, Build	Tests unitaires avec couverture	2026-05-11T16:39:30.9141596Z tests/test_i18n_extraction_frontend.py::FrJsonV6_02KeysTests::test_settings_sections_keys_present PASSED [ 39%]
Lint, Tests, Build	Tests unitaires avec couverture	2026-05-11T16:39:30.9162632Z tests/test_i18n_extraction_frontend.py::FrJsonV6_02KeysTests::test_sidebar_keys_present PASSED [ 39%]
Lint, Tests, Build	Tests unitaires avec couverture	2026-05-11T16:39:30.9184507Z tests/test_i18n_extraction_frontend.py::FrJsonV6_02KeysTests::test_topbar_keys_present PASSED [ 39%]
Lint, Tests, Build	Tests unitaires avec couverture	2026-05-11T16:39:30.9246261Z tests/test_i18n_extraction_frontend.py::JsImportT_Tests::test_priority_files_import_t PASSED [ 39%]
Lint, Tests, Build	Tests unitaires avec couverture	2026-05-11T16:39:30.9318340Z tests/test_i18n_extraction_frontend.py::JsKeysExistInFrTests::test_all_referenced_keys_exist PASSED [ 39%]
Lint, Tests, Build	Tests unitaires avec couverture	2026-05-11T16:39:30.9354592Z tests/test_i18n_extraction_frontend.py::FrEnMirrorV6_02Tests::test_qij_v6_02_added_keys_have_en PASSED [ 40%]
Lint, Tests, Build	Tests unitaires avec couverture	2026-05-11T16:39:30.9388231Z tests/test_i18n_extraction_frontend.py::FrEnMirrorV6_02Tests::test_settings_v6_02_added_keys_have_en PASSED [ 40%]
Lint, Tests, Build	Tests unitaires avec couverture	2026-05-11T16:39:30.9423473Z tests/test_i18n_extraction_frontend.py::FrEnMirrorV6_02Tests::test_sidebar_topbar_full_parity PASSED [ 40%]
Lint, Tests, Build	Tests unitaires avec couverture	2026-05-11T16:39:30.9461947Z tests/test_i18n_infrastructure.py::I18nBackendTests::test_get_available_locales PASSED [ 40%]
Lint, Tests, Build	Tests unitaires avec couverture	2026-05-11T16:39:30.9501425Z tests/test_i18n_infrastructure.py::I18nBackendTests::test_set_locale_changes_active_locale PASSED [ 40%]
Lint, Tests, Build	Tests unitaires avec couverture	2026-05-11T16:39:30.9540066Z tests/test_i18n_infrastructure.py::I18nBackendTests::test_set_locale_fallback_to_fr_when_key_missing_in_en PASSED [ 40%]
Lint, Tests, Build	Tests unitaires avec couverture	2026-05-11T16:39:30.9582343Z tests/test_i18n_infrastructure.py::I18nBackendTests::test_set_locale_invalid_kept_silent_no_change PASSED [ 40%]
Lint, Tests, Build	Tests unitaires avec couverture	2026-05-11T16:39:30.9618167Z tests/test_i18n_infrastructure.py::I18nBackendTests::test_t_empty_key_returns_empty PASSED [ 40%]
Lint, Tests, Build	Tests unitaires avec couverture	2026-05-11T16:39:30.9654008Z tests/test_i18n_infrastructure.py::I18nBackendTests::test_t_handles_dotted_path_to_nested_dict PASSED [ 40%]
Lint, Tests, Build	Tests unitaires avec couverture	2026-05-11T16:39:30.9689338Z tests/test_i18n_infrastructure.py::I18nBackendTests::test_t_interpolation_missing_var_left_as_is PASSED [ 40%]
Lint, Tests, Build	Tests unitaires avec couverture	2026-05-11T16:39:30.9724801Z tests/test_i18n_infrastructure.py::I18nBackendTests::test_t_interpolation_variable_substitued PASSED [ 40%]
Lint, Tests, Build	Tests unitaires avec couverture	2026-05-11T16:39:30.9760453Z tests/test_i18n_infrastructure.py::I18nBackendTests::test_t_missing_key_returns_key_as_fallback PASSED [ 40%]
Lint, Tests, Build	Tests unitaires avec couverture	2026-05-11T16:39:30.9795392Z tests/test_i18n_infrastructure.py::I18nBackendTests::test_t_returns_french_string_by_default PASSED [ 40%]
Lint, Tests, Build	Tests unitaires avec couverture	2026-05-11T16:39:30.9831707Z tests/test_i18n_infrastructure.py::I18nBackendTests::test_t_returns_key_when_intermediate_node_is_not_dict PASSED [ 40%]
Lint, Tests, Build	Tests unitaires avec couverture	2026-05-11T16:39:30.9850983Z tests/test_i18n_infrastructure.py::SettingsLocaleValidationTests::test_apply_settings_defaults_clamps_invalid_locale_to_fr PASSED [ 40%]
Lint, Tests, Build	Tests unitaires avec couverture	2026-05-11T16:39:30.9868565Z tests/test_i18n_infrastructure.py::SettingsLocaleValidationTests::test_apply_settings_defaults_includes_locale PASSED [ 40%]
Lint, Tests, Build	Tests unitaires avec couverture	2026-05-11T16:39:30.9885550Z tests/test_i18n_infrastructure.py::SettingsLocaleValidationTests::test_apply_settings_defaults_keeps_valid_en PASSED [ 40%]
Lint, Tests, Build	Tests unitaires avec couverture	2026-05-11T16:39:30.9901937Z tests/test_i18n_infrastructure.py::SettingsLocaleValidationTests::test_normalize_locale_accepts_fr_en PASSED [ 40%]
Lint, Tests, Build	Tests unitaires avec couverture	2026-05-11T16:39:30.9918528Z tests/test_i18n_infrastructure.py::SettingsLocaleValidationTests::test_normalize_locale_accepts_uppercase_and_whitespace PASSED [ 40%]
Lint, Tests, Build	Tests unitaires avec couverture	2026-05-11T16:39:30.9935005Z tests/test_i18n_infrastructure.py::SettingsLocaleValidationTests::test_normalize_locale_rejects_unsupported PASSED [ 40%]
Lint, Tests, Build	Tests unitaires avec couverture	2026-05-11T16:39:30.9951709Z tests/test_i18n_infrastructure.py::SettingsLocaleValidationTests::test_supported_locales_contains_fr_and_en PASSED [ 40%]
Lint, Tests, Build	Tests unitaires avec couverture	2026-05-11T16:39:30.9975512Z tests/test_i18n_infrastructure.py::LocalesJsonStructureTests::test_en_json_exists_and_loadable PASSED [ 40%]
Lint, Tests, Build	Tests unitaires avec couverture	2026-05-11T16:39:31.0002059Z tests/test_i18n_infrastructure.py::LocalesJsonStructureTests::test_fr_and_en_have_same_top_level_keys PASSED [ 40%]
Lint, Tests, Build	Tests unitaires avec couverture	2026-05-11T16:39:31.0023399Z tests/test_i18n_infrastructure.py::LocalesJsonStructureTests::test_fr_json_exists_and_loadable PASSED [ 40%]
Lint, Tests, Build	Tests unitaires avec couverture	2026-05-11T16:39:31.0051163Z tests/test_i18n_infrastructure.py::LocalesJsonStructureTests::test_required_categories_present_in_both PASSED [ 40%]
Lint, Tests, Build	Tests unitaires avec couverture	2026-05-11T16:39:31.2247640Z tests/test_i18n_infrastructure.py::RestSetLocaleEndpointTests::test_locales_static_handler_path_traversal_blocked PASSED [ 40%]
Lint, Tests, Build	Tests unitaires avec couverture	2026-05-11T16:39:31.2305189Z tests/test_i18n_infrastructure.py::RestSetLocaleEndpointTests::test_locales_static_handler_serves_en_json PASSED [ 40%]
Lint, Tests, Build	Tests unitaires avec couverture	2026-05-11T16:39:31.2361427Z tests/test_i18n_infrastructure.py::RestSetLocaleEndpointTests::test_locales_static_handler_serves_fr_json PASSED [ 40%]
Lint, Tests, Build	Tests unitaires avec couverture	2026-05-11T16:39:31.2416184Z tests/test_i18n_infrastructure.py::RestSetLocaleEndpointTests::test_locales_static_handler_unknown_locale_returns_404 PASSED [ 40%]
Lint, Tests, Build	Tests unitaires avec couverture	2026-05-11T16:39:31.2529316Z tests/test_i18n_infrastructure.py::RestSetLocaleEndpointTests::test_set_locale_en_roundtrip PASSED [ 40%]
Lint, Tests, Build	Tests unitaires avec couverture	2026-05-11T16:39:31.7592883Z tests/test_i18n_infrastructure.py::RestSetLocaleEndpointTests::test_set_locale_invalid_returns_error PASSED [ 40%]
Lint, Tests, Build	Tests unitaires avec couverture	2026-05-11T16:39:31.7635160Z tests/test_i18n_round_trip.py::RoundTripSwitchTests::test_repeated_set_locale_same_value_idempotent PASSED [ 40%]
Lint, Tests, Build	Tests unitaires avec couverture	2026-05-11T16:39:31.7676459Z tests/test_i18n_round_trip.py::RoundTripSwitchTests::test_round_trip_fr_en_fr_keeps_state_consistent PASSED [ 40%]
Lint, Tests, Build	Tests unitaires avec couverture	2026-05-11T16:39:31.7727104Z tests/test_i18n_round_trip.py::RoundTripSwitchTests::test_round_trip_multiple_keys_consistency PASSED [ 40%]
Lint, Tests, Build	Tests unitaires avec couverture	2026-05-11T16:39:31.7762190Z tests/test_i18n_round_trip.py::CategoryParityTests::test_leaf_count_report_fr_vs_en PASSED [ 40%]
Lint, Tests, Build	Tests unitaires avec couverture	2026-05-11T16:39:31.7796156Z tests/test_i18n_round_trip.py::CategoryParityTests::test_no_dangling_en_keys_outside_fr PASSED [ 40%]
Lint, Tests, Build	Tests unitaires avec couverture	2026-05-11T16:39:31.7823424Z tests/test_i18n_round_trip.py::CategoryParityTests::test_top_level_categories_strict_mirror PASSED [ 40%]
Lint, Tests, Build	Tests unitaires avec couverture	2026-05-11T16:39:31.8487873Z tests/test_i18n_round_trip.py::FrenchStringLeakDetectionTests::test_french_leak_summary_callable PASSED [ 40%]
Lint, Tests, Build	Tests unitaires avec couverture	2026-05-11T16:39:31.8504962Z tests/test_i18n_round_trip.py::FrenchStringLeakDetectionTests::test_report_french_candidates_in_api_layer PASSED [ 40%]
Lint, Tests, Build	Tests unitaires avec couverture	2026-05-11T16:39:31.8525050Z tests/test_i18n_round_trip.py::FrenchStringLeakDetectionTests::test_report_french_candidates_in_dashboard_views PASSED [ 41%]
Lint, Tests, Build	Tests unitaires avec couverture	2026-05-11T16:39:31.8562262Z tests/test_i18n_round_trip.py::InterpolationTests::test_interpolation_numeric_value PASSED [ 41%]
Lint, Tests, Build	Tests unitaires avec couverture	2026-05-11T16:39:31.8600894Z tests/test_i18n_round_trip.py::InterpolationTests::test_interpolation_pattern_in_en_locale PASSED [ 41%]
Lint, Tests, Build	Tests unitaires avec couverture	2026-05-11T16:39:31.8636651Z tests/test_i18n_round_trip.py::InterpolationTests::test_interpolation_with_special_characters PASSED [ 41%]
Lint, Tests, Build	Tests unitaires avec couverture	2026-05-11T16:39:31.8674467Z tests/test_i18n_round_trip.py::InterpolationTests::test_missing_param_keeps_placeholder PASSED [ 41%]
Lint, Tests, Build	Tests unitaires avec couverture	2026-05-11T16:39:31.8711296Z tests/test_i18n_round_trip.py::InterpolationTests::test_nominal_substitution PASSED [ 41%]
Lint, Tests, Build	Tests unitaires avec couverture	2026-05-11T16:39:31.8746665Z tests/test_i18n_round_trip.py::InterpolationTests::test_unused_param_silently_ignored PASSED [ 41%]
Lint, Tests, Build	Tests unitaires avec couverture	2026-05-11T16:39:32.1069823Z tests/test_i18n_round_trip.py::RestRoundTripTests::test_full_round_trip_en_then_back_to_fr PASSED [ 41%]
Lint, Tests, Build	Tests unitaires avec couverture	2026-05-11T16:39:32.6197161Z tests/test_i18n_round_trip.py::RestRoundTripTests::test_set_locale_persisted_in_settings_json PASSED [ 41%]
Lint, Tests, Build	Tests unitaires avec couverture	2026-05-11T16:39:32.6274573Z tests/test_i18n_round_trip.py::LocalePersistenceTests::test_locale_en_persists_across_reads PASSED [ 41%]
Lint, Tests, Build	Tests unitaires avec couverture	2026-05-11T16:39:32.6344687Z tests/test_i18n_round_trip.py::LocalePersistenceTests::test_locale_fr_persists_across_reads PASSED [ 41%]
Lint, Tests, Build	Tests unitaires avec couverture	2026-05-11T16:39:32.6413405Z tests/test_i18n_round_trip.py::LocalePersistenceTests::test_locale_invalid_at_save_falls_back_to_fr PASSED [ 41%]
Lint, Tests, Build	Tests unitaires avec couverture	2026-05-11T16:39:32.6436387Z tests/test_i18n_round_trip.py::JsonStructureHardeningTests::test_en_json_strict_utf8_no_bom PASSED [ 41%]
Lint, Tests, Build	Tests unitaires avec couverture	2026-05-11T16:39:32.6456550Z tests/test_i18n_round_trip.py::JsonStructureHardeningTests::test_fr_json_strict_utf8_no_bom PASSED [ 41%]
Lint, Tests, Build	Tests unitaires avec couverture	2026-05-11T16:39:32.6483416Z tests/test_i18n_round_trip.py::JsonStructureHardeningTests::test_meta_block_present_and_correct PASSED [ 41%]
Lint, Tests, Build	Tests unitaires avec couverture	2026-05-11T16:39:32.6513270Z tests/test_i18n_round_trip.py::JsonStructureHardeningTests::test_no_duplicate_keys_in_serialization PASSED [ 41%]
Lint, Tests, Build	Tests unitaires avec couverture	2026-05-11T16:39:32.6554206Z tests/test_i18n_round_trip.py::JsonStructureHardeningTests::test_no_leaf_value_is_none_or_non_string PASSED [ 41%]
Lint, Tests, Build	Tests unitaires avec couverture	2026-05-11T16:39:32.6590609Z tests/test_i18n_round_trip.py::BackwardCompatTests::test_default_locale_is_fr PASSED [ 41%]
Lint, Tests, Build	Tests unitaires avec couverture	2026-05-11T16:39:32.6633091Z tests/test_i18n_round_trip.py::BackwardCompatTests::test_invalid_locale_falls_back_to_fr_silently PASSED [ 41%]
Lint, Tests, Build	Tests unitaires avec couverture	2026-05-11T16:39:32.6689054Z tests/test_i18n_round_trip.py::BackwardCompatTests::test_missing_key_in_en_falls_back_to_fr PASSED [ 41%]
Lint, Tests, Build	Tests unitaires avec couverture	2026-05-11T16:39:32.6729089Z tests/test_i18n_round_trip.py::BackwardCompatTests::test_missing_key_returns_key_as_last_resort PASSED [ 41%]
Lint, Tests, Build	Tests unitaires avec couverture	2026-05-11T16:39:32.6765189Z tests/test_i18n_round_trip.py::BackwardCompatTests::test_settings_without_locale_field_defaults_to_fr PASSED [ 41%]
Lint, Tests, Build	Tests unitaires avec couverture	2026-05-11T16:39:32.6801913Z tests/test_i18n_round_trip.py::BackwardCompatTests::test_supported_locales_unchanged PASSED [ 41%]
Lint, Tests, Build	Tests unitaires avec couverture	2026-05-11T16:39:32.6824954Z tests/test_i18n_translations.py::EnJsonValidStructureTests::test_en_json_contains_required_top_level PASSED [ 41%]
Lint, Tests, Build	Tests unitaires avec couverture	2026-05-11T16:39:32.6847000Z tests/test_i18n_translations.py::EnJsonValidStructureTests::test_en_json_loads PASSED [ 41%]
Lint, Tests, Build	Tests unitaires avec couverture	2026-05-11T16:39:32.6869665Z tests/test_i18n_translations.py::EnJsonValidStructureTests::test_en_json_meta_is_english PASSED [ 41%]
Lint, Tests, Build	Tests unitaires avec couverture	2026-05-11T16:39:32.6892678Z tests/test_i18n_translations.py::GlossaryTranslationTests::test_glossary_has_at_least_30_terms PASSED [ 41%]
Lint, Tests, Build	Tests unitaires avec couverture	2026-05-11T16:39:32.6914719Z tests/test_i18n_translations.py::GlossaryTranslationTests::test_glossary_required_terms_present PASSED [ 41%]
Lint, Tests, Build	Tests unitaires avec couverture	2026-05-11T16:39:32.6938763Z tests/test_i18n_translations.py::GlossaryTranslationTests::test_glossary_values_are_non_empty_strings PASSED [ 41%]
Lint, Tests, Build	Tests unitaires avec couverture	2026-05-11T16:39:32.6962601Z tests/test_i18n_translations.py::FaqTranslationTests::test_faq_answers_are_substantive PASSED [ 41%]
Lint, Tests, Build	Tests unitaires avec couverture	2026-05-11T16:39:32.6985066Z tests/test_i18n_translations.py::FaqTranslationTests::test_faq_each_entry_has_question_and_answer PASSED [ 41%]
Lint, Tests, Build	Tests unitaires avec couverture	2026-05-11T16:39:32.7007226Z tests/test_i18n_translations.py::FaqTranslationTests::test_faq_has_at_least_15_questions PASSED [ 41%]
Lint, Tests, Build	Tests unitaires avec couverture	2026-05-11T16:39:32.7056089Z tests/test_i18n_translations.py::FrEnParityTests::test_categories_v6_05_have_full_parity PASSED [ 41%]
Lint, Tests, Build	Tests unitaires avec couverture	2026-05-11T16:39:32.7089165Z tests/test_i18n_translations.py::FrEnParityTests::test_every_fr_leaf_key_has_en_equivalent PASSED [ 41%]
Lint, Tests, Build	Tests unitaires avec couverture	2026-05-11T16:39:32.7115587Z tests/test_i18n_translations.py::FrEnParityTests::test_no_empty_string_in_en PASSED [ 41%]
Lint, Tests, Build	Tests unitaires avec couverture	2026-05-11T16:39:32.7142380Z tests/test_i18n_translations.py::FrEnParityTests::test_top_level_categories_match PASSED [ 41%]
Lint, Tests, Build	Tests unitaires avec couverture	2026-05-11T16:39:32.7166794Z tests/test_i18n_translations.py::CommonStringsTests::test_common_has_essential_actions PASSED [ 41%]
Lint, Tests, Build	Tests unitaires avec couverture	2026-05-11T16:39:32.7558447Z tests/test_import_cycle_guard.py::ImportCycleGuardTests::test_domain_core_app_imports_not_growing PASSED [ 41%]
Lint, Tests, Build	Tests unitaires avec couverture	2026-05-11T16:39:32.7937417Z tests/test_import_cycle_guard.py::ImportCycleGuardTests::test_domain_core_does_not_import_ui_layer PASSED [ 41%]
Lint, Tests, Build	Tests unitaires avec couverture	2026-05-11T16:39:32.8314998Z tests/test_import_cycle_guard.py::ImportCycleGuardTests::test_domain_core_loads_within_reasonable_time PASSED [ 41%]
Lint, Tests, Build	Tests unitaires avec couverture	2026-05-11T16:39:33.2093692Z tests/test_incremental_scan.py::IncrementalScanTests::test_incremental_scan_invalidates_changed_folder_only PASSED [ 42%]
Lint, Tests, Build	Tests unitaires avec couverture	2026-05-11T16:39:33.6367383Z tests/test_incremental_scan.py::IncrementalScanTests::test_incremental_scan_matches_full_scan_and_reuses_cache FAILED [ 42%]
Lint, Tests, Build	Tests unitaires avec couverture	2026-05-11T16:39:35.8195589Z tests/test_incremental_scan.py::IncrementalScanTests::test_incremental_second_pass_has_better_or_similar_runtime PASSED [ 42%]
Lint, Tests, Build	Tests unitaires avec couverture	2026-05-11T16:39:36.0812892Z tests/test_incremental_scan.py::IncrementalScanTests::test_v2_prune_removes_deleted_videos FAILED [ 42%]
Lint, Tests, Build	Tests unitaires avec couverture	2026-05-11T16:39:36.3346934Z tests/test_incremental_scan.py::IncrementalScanTests::test_v2_row_cache_invalidates_on_video_change FAILED [ 42%]
Lint, Tests, Build	Tests unitaires avec couverture	2026-05-11T16:39:36.5546641Z tests/test_incremental_scan.py::IncrementalScanTests::test_v2_row_cache_reuses_unchanged_video FAILED [ 42%]
Lint, Tests, Build	Tests unitaires avec couverture	2026-05-11T16:39:36.5565562Z tests/test_infra_errors.py::BoundaryDecoratorTests::test_does_not_catch_system_exit PASSED [ 42%]
Lint, Tests, Build	Tests unitaires avec couverture	2026-05-11T16:39:36.5592662Z tests/test_infra_errors.py::BoundaryDecoratorTests::test_logs_exception_with_trace PASSED [ 42%]
Lint, Tests, Build	Tests unitaires avec couverture	2026-05-11T16:39:36.5608678Z tests/test_infra_errors.py::BoundaryDecoratorTests::test_passes_through_on_success PASSED [ 42%]
Lint, Tests, Build	Tests unitaires avec couverture	2026-05-11T16:39:36.5625299Z tests/test_infra_errors.py::BoundaryDecoratorTests::test_preserves_wrapped_metadata PASSED [ 42%]
Lint, Tests, Build	Tests unitaires avec couverture	2026-05-11T16:39:36.5647895Z tests/test_infra_errors.py::BoundaryDecoratorTests::test_reraise_still_logs PASSED [ 42%]
Lint, Tests, Build	Tests unitaires avec couverture	2026-05-11T16:39:36.5672385Z tests/test_infra_errors.py::BoundaryDecoratorTests::test_returns_default_on_exception PASSED [ 42%]
Lint, Tests, Build	Tests unitaires avec couverture	2026-05-11T16:39:36.5689388Z tests/test_infra_errors.py::BoundaryDecoratorTests::test_typed_exception_in_fn_handled_first PASSED [ 42%]
Lint, Tests, Build	Tests unitaires avec couverture	2026-05-11T16:39:36.5706490Z tests/test_infra_errors.py::BoundaryIntegrationHintTests::test_boundary_is_exported PASSED [ 42%]
Lint, Tests, Build	Tests unitaires avec couverture	2026-05-11T16:39:36.5724233Z tests/test_infra_errors.py::BoundaryIntegrationHintTests::test_callable_without_arguments_raises_type_error PASSED [ 42%]
Lint, Tests, Build	Tests unitaires avec couverture	2026-05-11T16:39:36.5749574Z tests/test_integrity_check.py::MkvHeaderTests::test_invalid_mkv PASSED   [ 42%]
Lint, Tests, Build	Tests unitaires avec couverture	2026-05-11T16:39:36.5773549Z tests/test_integrity_check.py::MkvHeaderTests::test_valid_mkv PASSED     [ 42%]
Lint, Tests, Build	Tests unitaires avec couverture	2026-05-11T16:39:36.5797473Z tests/test_integrity_check.py::MkvHeaderTests::test_valid_webm PASSED    [ 42%]
Lint, Tests, Build	Tests unitaires avec couverture	2026-05-11T16:39:36.5822717Z tests/test_integrity_check.py::Mp4HeaderTests::test_invalid_mp4 PASSED   [ 42%]
Lint, Tests, Build	Tests unitaires avec couverture	2026-05-11T16:39:36.5846423Z tests/test_integrity_check.py::Mp4HeaderTests::test_valid_mov PASSED     [ 42%]
Lint, Tests, Build	Tests unitaires avec couverture	2026-05-11T16:39:36.5870894Z tests/test_integrity_check.py::Mp4HeaderTests::test_valid_mp4 PASSED     [ 42%]
Lint, Tests, Build	Tests unitaires avec couverture	2026-05-11T16:39:36.5895811Z tests/test_integrity_check.py::AviHeaderTests::test_invalid_avi_bad_riff PASSED [ 42%]
Lint, Tests, Build	Tests unitaires avec couverture	2026-05-11T16:39:36.5920032Z tests/test_integrity_check.py::AviHeaderTests::test_valid_avi PASSED     [ 42%]
Lint, Tests, Build	Tests unitaires avec couverture	2026-05-11T16:39:36.5946054Z tests/test_integrity_check.py::TsHeaderTests::test_invalid_ts_wrong_sync PASSED [ 42%]
Lint, Tests, Build	Tests unitaires avec couverture	2026-05-11T16:39:36.5970180Z tests/test_integrity_check.py::TsHeaderTests::test_valid_m2ts PASSED     [ 42%]
Lint, Tests, Build	Tests unitaires avec couverture	2026-05-11T16:39:36.5994076Z tests/test_integrity_check.py::TsHeaderTests::test_valid_ts PASSED       [ 42%]
Lint, Tests, Build	Tests unitaires avec couverture	2026-05-11T16:39:36.6019893Z tests/test_integrity_check.py::WmvHeaderTests::test_valid_wmv PASSED     [ 42%]
Lint, Tests, Build	Tests unitaires avec couverture	2026-05-11T16:39:36.6043721Z tests/test_integrity_check.py::EdgeCaseTests::test_empty_file PASSED     [ 42%]
Lint, Tests, Build	Tests unitaires avec couverture	2026-05-11T16:39:36.6067478Z tests/test_integrity_check.py::EdgeCaseTests::test_file_too_small_mkv PASSED [ 42%]
Lint, Tests, Build	Tests unitaires avec couverture	2026-05-11T16:39:36.6091151Z tests/test_integrity_check.py::EdgeCaseTests::test_file_too_small_ts PASSED [ 42%]
Lint, Tests, Build	Tests unitaires avec couverture	2026-05-11T16:39:36.6114046Z tests/test_integrity_check.py::EdgeCaseTests::test_flv_extension_skip PASSED [ 42%]
Lint, Tests, Build	Tests unitaires avec couverture	2026-05-11T16:39:36.6131405Z tests/test_integrity_check.py::EdgeCaseTests::test_nonexistent_file PASSED [ 42%]
Lint, Tests, Build	Tests unitaires avec couverture	2026-05-11T16:39:36.6158199Z tests/test_integrity_check.py::EdgeCaseTests::test_unknown_extension_skip PASSED [ 42%]
Lint, Tests, Build	Tests unitaires avec couverture	2026-05-11T16:39:36.6175904Z tests/test_integrity_check.py::UiBadgeTests::test_badge_tooltip SKIPPED  [ 42%]
Lint, Tests, Build	Tests unitaires avec couverture	2026-05-11T16:39:36.6193836Z tests/test_integrity_check.py::UiBadgeTests::test_dashboard_badge SKIPPED [ 42%]
Lint, Tests, Build	Tests unitaires avec couverture	2026-05-11T16:39:36.6211682Z tests/test_integrity_check.py::UiBadgeTests::test_dashboard_css SKIPPED  [ 42%]
Lint, Tests, Build	Tests unitaires avec couverture	2026-05-11T16:39:36.6229571Z tests/test_integrity_check.py::UiBadgeTests::test_desktop_badge SKIPPED  [ 42%]
Lint, Tests, Build	Tests unitaires avec couverture	2026-05-11T16:39:36.6248433Z tests/test_integrity_check.py::UiBadgeTests::test_desktop_css SKIPPED    [ 42%]
Lint, Tests, Build	Tests unitaires avec couverture	2026-05-11T16:39:36.6276646Z tests/test_integrity_v4.py::TailCheckTests::test_mkv_null_end PASSED     [ 42%]
Lint, Tests, Build	Tests unitaires avec couverture	2026-05-11T16:39:36.6301966Z tests/test_integrity_v4.py::TailCheckTests::test_mkv_valid PASSED        [ 43%]
Lint, Tests, Build	Tests unitaires avec couverture	2026-05-11T16:39:36.6329536Z tests/test_integrity_v4.py::TailCheckTests::test_mp4_no_moov PASSED      [ 43%]
Lint, Tests, Build	Tests unitaires avec couverture	2026-05-11T16:39:36.6353442Z tests/test_integrity_v4.py::TailCheckTests::test_mp4_with_moov PASSED    [ 43%]
Lint, Tests, Build	Tests unitaires avec couverture	2026-05-11T16:39:36.6378216Z tests/test_integrity_v4.py::TailCheckTests::test_other_format_skip PASSED [ 43%]
Lint, Tests, Build	Tests unitaires avec couverture	2026-05-11T16:39:36.6395632Z tests/test_jellyfin_client.py::TestNormalizeUrl::test_add_http_prefix PASSED [ 43%]
Lint, Tests, Build	Tests unitaires avec couverture	2026-05-11T16:39:36.6411827Z tests/test_jellyfin_client.py::TestNormalizeUrl::test_empty PASSED       [ 43%]
Lint, Tests, Build	Tests unitaires avec couverture	2026-05-11T16:39:36.6428244Z tests/test_jellyfin_client.py::TestNormalizeUrl::test_keep_https PASSED  [ 43%]
Lint, Tests, Build	Tests unitaires avec couverture	2026-05-11T16:39:36.6445183Z tests/test_jellyfin_client.py::TestNormalizeUrl::test_strip_trailing_slash PASSED [ 43%]
Lint, Tests, Build	Tests unitaires avec couverture	2026-05-11T16:39:36.6462451Z tests/test_jellyfin_client.py::TestNormalizeUrl::test_strip_whitespace PASSED [ 43%]
Lint, Tests, Build	Tests unitaires avec couverture	2026-05-11T16:39:36.6479619Z tests/test_jellyfin_client.py::TestBuildAuthHeader::test_contains_token PASSED [ 43%]
Lint, Tests, Build	Tests unitaires avec couverture	2026-05-11T16:39:36.6498386Z tests/test_jellyfin_client.py::TestJellyfinClientInit::test_timeout_clamped_max PASSED [ 43%]
Lint, Tests, Build	Tests unitaires avec couverture	2026-05-11T16:39:36.6515732Z tests/test_jellyfin_client.py::TestJellyfinClientInit::test_timeout_clamped_min PASSED [ 43%]
Lint, Tests, Build	Tests unitaires avec couverture	2026-05-11T16:39:36.6533315Z tests/test_jellyfin_client.py::TestJellyfinClientInit::test_url_normalized PASSED [ 43%]
Lint, Tests, Build	Tests unitaires avec couverture	2026-05-11T16:39:36.6560206Z tests/test_jellyfin_client.py::TestValidateConnection::test_auth_failure PASSED [ 43%]
Lint, Tests, Build	Tests unitaires avec couverture	2026-05-11T16:39:36.6587803Z tests/test_jellyfin_client.py::TestValidateConnection::test_empty_users_list PASSED [ 43%]
Lint, Tests, Build	Tests unitaires avec couverture	2026-05-11T16:39:36.6604803Z tests/test_jellyfin_client.py::TestValidateConnection::test_missing_api_key PASSED [ 43%]
Lint, Tests, Build	Tests unitaires avec couverture	2026-05-11T16:39:36.6622615Z tests/test_jellyfin_client.py::TestValidateConnection::test_missing_url PASSED [ 43%]
Lint, Tests, Build	Tests unitaires avec couverture	2026-05-11T16:39:36.6643611Z tests/test_jellyfin_client.py::TestValidateConnection::test_server_unreachable PASSED [ 43%]
Lint, Tests, Build	Tests unitaires avec couverture	2026-05-11T16:39:36.6675269Z tests/test_jellyfin_client.py::TestValidateConnection::test_success PASSED [ 43%]
Lint, Tests, Build	Tests unitaires avec couverture	2026-05-11T16:39:36.6702649Z tests/test_jellyfin_client.py::TestValidateConnection::test_success_no_admin_falls_back_first PASSED [ 43%]
Lint, Tests, Build	Tests unitaires avec couverture	2026-05-11T16:39:36.6730119Z tests/test_jellyfin_client.py::TestValidateConnection::test_success_picks_admin_from_list PASSED [ 43%]
Lint, Tests, Build	Tests unitaires avec couverture	2026-05-11T16:39:36.6752669Z tests/test_jellyfin_client.py::TestGetLibraries::test_error_propagates PASSED [ 43%]
Lint, Tests, Build	Tests unitaires avec couverture	2026-05-11T16:39:36.6778618Z tests/test_jellyfin_client.py::TestGetLibraries::test_returns_libraries PASSED [ 43%]
Lint, Tests, Build	Tests unitaires avec couverture	2026-05-11T16:39:36.6805046Z tests/test_jellyfin_client.py::TestGetMoviesCount::test_returns_count PASSED [ 43%]
Lint, Tests, Build	Tests unitaires avec couverture	2026-05-11T16:39:36.6833430Z tests/test_jellyfin_client.py::TestRefreshLibrary::test_failure_raises PASSED [ 43%]
Lint, Tests, Build	Tests unitaires avec couverture	2026-05-11T16:39:36.6859537Z tests/test_jellyfin_client.py::TestRefreshLibrary::test_success PASSED   [ 43%]
Lint, Tests, Build	Tests unitaires avec couverture	2026-05-11T16:39:36.6882735Z tests/test_jellyfin_client.py::TestSettingsJellyfinIntegration::test_test_connection_failure PASSED [ 43%]
Lint, Tests, Build	Tests unitaires avec couverture	2026-05-11T16:39:36.6899501Z tests/test_jellyfin_client.py::TestSettingsJellyfinIntegration::test_test_connection_missing_key PASSED [ 43%]
Lint, Tests, Build	Tests unitaires avec couverture	2026-05-11T16:39:36.6915840Z tests/test_jellyfin_client.py::TestSettingsJellyfinIntegration::test_test_connection_missing_url PASSED [ 43%]
Lint, Tests, Build	Tests unitaires avec couverture	2026-05-11T16:39:36.6941717Z tests/test_jellyfin_client.py::TestSettingsJellyfinIntegration::test_test_connection_success PASSED [ 43%]
Lint, Tests, Build	Tests unitaires avec couverture	2026-05-11T16:39:36.6974187Z tests/test_jellyfin_client.py::TestGetAllMovies::test_empty_items PASSED [ 43%]
Lint, Tests, Build	Tests unitaires avec couverture	2026-05-11T16:39:36.6995567Z tests/test_jellyfin_client.py::TestGetAllMovies::test_error_propagates PASSED [ 43%]
Lint, Tests, Build	Tests unitaires avec couverture	2026-05-11T16:39:36.7026828Z tests/test_jellyfin_client.py::TestGetAllMovies::test_returns_movies_with_watched_status PASSED [ 43%]
Lint, Tests, Build	Tests unitaires avec couverture	2026-05-11T16:39:36.7052205Z tests/test_jellyfin_client.py::TestMarkPlayed::test_failure_returns_false PASSED [ 43%]
Lint, Tests, Build	Tests unitaires avec couverture	2026-05-11T16:39:36.7078087Z tests/test_jellyfin_client.py::TestMarkPlayed::test_success PASSED       [ 43%]
Lint, Tests, Build	Tests unitaires avec couverture	2026-05-11T16:39:36.7103430Z tests/test_jellyfin_client.py::TestMarkUnplayed::test_failure_returns_false PASSED [ 43%]
Lint, Tests, Build	Tests unitaires avec couverture	2026-05-11T16:39:36.7127814Z tests/test_jellyfin_client.py::TestMarkUnplayed::test_success PASSED     [ 43%]
Lint, Tests, Build	Tests unitaires avec couverture	2026-05-11T16:39:36.7160123Z tests/test_jellyfin_client.py::TestTriggerJellyfinRefresh::test_failure_logs_warning PASSED [ 43%]
Lint, Tests, Build	Tests unitaires avec couverture	2026-05-11T16:39:36.7181585Z tests/test_jellyfin_client.py::TestTriggerJellyfinRefresh::test_skipped_in_dry_run PASSED [ 43%]
Lint, Tests, Build	Tests unitaires avec couverture	2026-05-11T16:39:36.7204371Z tests/test_jellyfin_client.py::TestTriggerJellyfinRefresh::test_skipped_when_disabled PASSED [ 43%]
Lint, Tests, Build	Tests unitaires avec couverture	2026-05-11T16:39:36.7238260Z tests/test_jellyfin_client.py::TestTriggerJellyfinRefresh::test_triggered_when_enabled PASSED [ 44%]
Lint, Tests, Build	Tests unitaires avec couverture	2026-05-11T16:39:36.7257758Z tests/test_jellyfin_retry_integration.py::JellyfinRetryTests::test_auth_header_preserved PASSED [ 44%]
Lint, Tests, Build	Tests unitaires avec couverture	2026-05-11T16:39:36.7275648Z tests/test_jellyfin_retry_integration.py::JellyfinRetryTests::test_session_uses_retry_helper PASSED [ 44%]
Lint, Tests, Build	Tests unitaires avec couverture	2026-05-11T16:39:36.7294976Z tests/test_jellyfin_retry_integration.py::JellyfinRetryTests::test_user_agent_set PASSED [ 44%]
Lint, Tests, Build	Tests unitaires avec couverture	2026-05-11T16:39:36.7312568Z tests/test_jellyfin_sync.py::TestComputeRetryDelay::test_caps_at_max_delay PASSED [ 44%]
Lint, Tests, Build	Tests unitaires avec couverture	2026-05-11T16:39:36.7328777Z tests/test_jellyfin_sync.py::TestComputeRetryDelay::test_first_attempt_returns_base PASSED [ 44%]
Lint, Tests, Build	Tests unitaires avec couverture	2026-05-11T16:39:36.7344848Z tests/test_jellyfin_sync.py::TestComputeRetryDelay::test_max_retries_increased_to_5 PASSED [ 44%]
Lint, Tests, Build	Tests unitaires avec couverture	2026-05-11T16:39:36.7361221Z tests/test_jellyfin_sync.py::TestComputeRetryDelay::test_second_attempt_doubles PASSED [ 44%]
Lint, Tests, Build	Tests unitaires avec couverture	2026-05-11T16:39:36.7377816Z tests/test_jellyfin_sync.py::TestComputeRetryDelay::test_third_attempt_quadruples PASSED [ 44%]
Lint, Tests, Build	Tests unitaires avec couverture	2026-05-11T16:39:36.7394582Z tests/test_jellyfin_sync.py::TestComputeRetryDelay::test_zero_attempt_returns_base PASSED [ 44%]
Lint, Tests, Build	Tests unitaires avec couverture	2026-05-11T16:39:36.7412408Z tests/test_jellyfin_sync.py::TestNormalizePath::test_backslashes_to_forward PASSED [ 44%]
Lint, Tests, Build	Tests unitaires avec couverture	2026-05-11T16:39:36.7430065Z tests/test_jellyfin_sync.py::TestNormalizePath::test_empty PASSED        [ 44%]
Lint, Tests, Build	Tests unitaires avec couverture	2026-05-11T16:39:36.7447057Z tests/test_jellyfin_sync.py::TestNormalizePath::test_lowercase PASSED    [ 44%]
Lint, Tests, Build	Tests unitaires avec couverture	2026-05-11T16:39:36.7463358Z tests/test_jellyfin_sync.py::TestNormalizePath::test_trailing_slash_removed PASSED [ 44%]
Lint, Tests, Build	Tests unitaires avec couverture	2026-05-11T16:39:36.7480824Z tests/test_jellyfin_sync.py::TestBuildPathMapping::test_empty_operations PASSED [ 44%]
Lint, Tests, Build	Tests unitaires avec couverture	2026-05-11T16:39:36.7497384Z tests/test_jellyfin_sync.py::TestBuildPathMapping::test_ignores_already_undone PASSED [ 44%]
Lint, Tests, Build	Tests unitaires avec couverture	2026-05-11T16:39:36.7513853Z tests/test_jellyfin_sync.py::TestBuildPathMapping::test_ignores_non_move_ops PASSED [ 44%]
Lint, Tests, Build	Tests unitaires avec couverture	2026-05-11T16:39:36.7530661Z tests/test_jellyfin_sync.py::TestBuildPathMapping::test_move_operation PASSED [ 44%]
Lint, Tests, Build	Tests unitaires avec couverture	2026-05-11T16:39:36.7547668Z tests/test_jellyfin_sync.py::TestBuildPathMapping::test_rename_operation PASSED [ 44%]
Lint, Tests, Build	Tests unitaires avec couverture	2026-05-11T16:39:36.7572592Z tests/test_jellyfin_sync.py::TestSnapshotWatched::test_captures_played_movies PASSED [ 44%]
Lint, Tests, Build	Tests unitaires avec couverture	2026-05-11T16:39:36.7595906Z tests/test_jellyfin_sync.py::TestSnapshotWatched::test_client_error_returns_empty PASSED [ 44%]
Lint, Tests, Build	Tests unitaires avec couverture	2026-05-11T16:39:36.7617952Z tests/test_jellyfin_sync.py::TestSnapshotWatched::test_empty_library PASSED [ 44%]
Lint, Tests, Build	Tests unitaires avec couverture	2026-05-11T16:39:36.7640753Z tests/test_jellyfin_sync.py::TestSnapshotWatched::test_no_played_movies PASSED [ 44%]
Lint, Tests, Build	Tests unitaires avec couverture	2026-05-11T16:39:36.7660324Z tests/test_jellyfin_sync.py::TestRestoreWatched::test_empty_snapshot_returns_empty_result PASSED [ 44%]
Lint, Tests, Build	Tests unitaires avec couverture	2026-05-11T16:39:36.7695499Z tests/test_jellyfin_sync.py::TestRestoreWatched::test_mark_played_failure PASSED [ 44%]
Lint, Tests, Build	Tests unitaires avec couverture	2026-05-11T16:39:36.7730248Z tests/test_jellyfin_sync.py::TestRestoreWatched::test_movie_not_found_after_retries PASSED [ 44%]
Lint, Tests, Build	Tests unitaires avec couverture	2026-05-11T16:39:36.7764311Z tests/test_jellyfin_sync.py::TestRestoreWatched::test_multiple_movies_partial_restore PASSED [ 44%]
Lint, Tests, Build	Tests unitaires avec couverture	2026-05-11T16:39:36.7784584Z tests/test_jellyfin_sync.py::TestRestoreWatched::test_no_move_operations_skips PASSED [ 44%]
Lint, Tests, Build	Tests unitaires avec couverture	2026-05-11T16:39:36.7815876Z tests/test_jellyfin_sync.py::TestRestoreWatched::test_successful_restore PASSED [ 44%]
Lint, Tests, Build	Tests unitaires avec couverture	2026-05-11T16:39:36.7837525Z tests/test_jellyfin_sync.py::TestRestoreWatched::test_unwatched_movie_not_in_snapshot PASSED [ 44%]
Lint, Tests, Build	Tests unitaires avec couverture	2026-05-11T16:39:36.7855109Z tests/test_jellyfin_sync.py::TestRestoreResult::test_defaults PASSED     [ 44%]
Lint, Tests, Build	Tests unitaires avec couverture	2026-05-11T16:39:36.7872106Z tests/test_jellyfin_sync.py::TestRestoreResult::test_to_dict PASSED      [ 44%]
Lint, Tests, Build	Tests unitaires avec couverture	2026-05-11T16:39:36.7890023Z tests/test_jellyfin_sync.py::TestWatchedInfo::test_frozen PASSED         [ 44%]
Lint, Tests, Build	Tests unitaires avec couverture	2026-05-11T16:39:36.7908103Z tests/test_jellyfin_sync.py::TestWatchedInfo::test_values PASSED         [ 44%]
Lint, Tests, Build	Tests unitaires avec couverture	2026-05-11T16:39:36.7925639Z tests/test_jellyfin_validation.py::EnrichedMovieTests::test_no_provider_ids PASSED [ 44%]
Lint, Tests, Build	Tests unitaires avec couverture	2026-05-11T16:39:36.7941903Z tests/test_jellyfin_validation.py::EnrichedMovieTests::test_year_and_tmdb_id_present PASSED [ 44%]
Lint, Tests, Build	Tests unitaires avec couverture	2026-05-11T16:39:36.7959309Z tests/test_jellyfin_validation.py::MatchingTests::test_ghost_in_jellyfin PASSED [ 44%]
Lint, Tests, Build	Tests unitaires avec couverture	2026-05-11T16:39:36.7976219Z tests/test_jellyfin_validation.py::MatchingTests::test_match_by_path PASSED [ 44%]
Lint, Tests, Build	Tests unitaires avec couverture	2026-05-11T16:39:36.7993378Z tests/test_jellyfin_validation.py::MatchingTests::test_match_by_title_year_fallback PASSED [ 44%]
Lint, Tests, Build	Tests unitaires avec couverture	2026-05-11T16:39:36.8010247Z tests/test_jellyfin_validation.py::MatchingTests::test_match_by_tmdb_id_fallback PASSED [ 45%]
Lint, Tests, Build	Tests unitaires avec couverture	2026-05-11T16:39:36.8027423Z tests/test_jellyfin_validation.py::MatchingTests::test_missing_in_jellyfin PASSED [ 45%]
Lint, Tests, Build	Tests unitaires avec couverture	2026-05-11T16:39:36.8045972Z tests/test_jellyfin_validation.py::ReportStructureTests::test_metadata_mismatch_title PASSED [ 45%]
Lint, Tests, Build	Tests unitaires avec couverture	2026-05-11T16:39:36.8062402Z tests/test_jellyfin_validation.py::ReportStructureTests::test_report_keys PASSED [ 45%]
Lint, Tests, Build	Tests unitaires avec couverture	2026-05-11T16:39:36.8079156Z tests/test_jellyfin_validation.py::ReportStructureTests::test_zero_divergence PASSED [ 45%]
Lint, Tests, Build	Tests unitaires avec couverture	2026-05-11T16:39:36.8105995Z tests/test_jellyfin_validation.py::EndpointAndUiTests::test_css_sync_classes PASSED [ 45%]
Lint, Tests, Build	Tests unitaires avec couverture	2026-05-11T16:39:36.8126671Z tests/test_jellyfin_validation.py::EndpointAndUiTests::test_endpoint_exists PASSED [ 45%]
Lint, Tests, Build	Tests unitaires avec couverture	2026-05-11T16:39:36.8148937Z tests/test_jellyfin_validation.py::EndpointAndUiTests::test_ui_sync_button PASSED [ 45%]
Lint, Tests, Build	Tests unitaires avec couverture	2026-05-11T16:39:37.3374413Z tests/test_job_runner.py::JobRunnerTests::test_active_run_released_after_cancel_or_failure PASSED [ 45%]
Lint, Tests, Build	Tests unitaires avec couverture	2026-05-11T16:39:37.5314281Z tests/test_job_runner.py::JobRunnerTests::test_cancel_transitions PASSED [ 45%]
Lint, Tests, Build	Tests unitaires avec couverture	2026-05-11T16:39:37.7902485Z tests/test_job_runner.py::JobRunnerTests::test_failed_job_writes_error_row PASSED [ 45%]
Lint, Tests, Build	Tests unitaires avec couverture	2026-05-11T16:39:38.0324379Z tests/test_job_runner.py::JobRunnerTests::test_refuse_second_run_while_running PASSED [ 45%]
Lint, Tests, Build	Tests unitaires avec couverture	2026-05-11T16:39:38.2440603Z tests/test_job_runner.py::JobRunnerTests::test_start_done_transitions PASSED [ 45%]
Lint, Tests, Build	Tests unitaires avec couverture	2026-05-11T16:39:38.2465324Z tests/test_legacy_wiring_v5.py::RouterLegacyWiringTests::test_execution_redirects_to_processing PASSED [ 45%]
Lint, Tests, Build	Tests unitaires avec couverture	2026-05-11T16:39:38.2483651Z tests/test_legacy_wiring_v5.py::RouterLegacyWiringTests::test_history_redirects_to_journal PASSED [ 45%]
Lint, Tests, Build	Tests unitaires avec couverture	2026-05-11T16:39:38.2502056Z tests/test_legacy_wiring_v5.py::RouterLegacyWiringTests::test_jellyfin_plex_radarr_redirect_to_integrations PASSED [ 45%]
Lint, Tests, Build	Tests unitaires avec couverture	2026-05-11T16:39:38.2520151Z tests/test_legacy_wiring_v5.py::RouterLegacyWiringTests::test_legacy_flag_supported PASSED [ 45%]
Lint, Tests, Build	Tests unitaires avec couverture	2026-05-11T16:39:38.2538102Z tests/test_legacy_wiring_v5.py::RouterLegacyWiringTests::test_quality_redirects_to_qij PASSED [ 45%]
Lint, Tests, Build	Tests unitaires avec couverture	2026-05-11T16:39:38.2556297Z tests/test_legacy_wiring_v5.py::RouterLegacyWiringTests::test_settings_redirects_to_settings_v5 PASSED [ 45%]
Lint, Tests, Build	Tests unitaires avec couverture	2026-05-11T16:39:38.2578161Z tests/test_legacy_wiring_v5.py::RouterLegacyWiringTests::test_validation_redirects_to_processing PASSED [ 45%]
Lint, Tests, Build	Tests unitaires avec couverture	2026-05-11T16:39:38.2601466Z tests/test_legacy_wiring_v5.py::IndexHtmlNotifButtonTests::test_notif_button_exists_in_sidebar PASSED [ 45%]
Lint, Tests, Build	Tests unitaires avec couverture	2026-05-11T16:39:38.2622201Z tests/test_legacy_wiring_v5.py::IndexHtmlNotifButtonTests::test_notif_button_has_label PASSED [ 45%]
Lint, Tests, Build	Tests unitaires avec couverture	2026-05-11T16:39:38.2643074Z tests/test_legacy_wiring_v5.py::IndexHtmlNotifButtonTests::test_notif_button_in_sidebar_footer PASSED [ 45%]
Lint, Tests, Build	Tests unitaires avec couverture	2026-05-11T16:39:38.2661724Z tests/test_legacy_wiring_v5.py::AppJsWiringTests::test_listens_to_notif_count_event PASSED [ 45%]
Lint, Tests, Build	Tests unitaires avec couverture	2026-05-11T16:39:38.2680182Z tests/test_legacy_wiring_v5.py::AppJsWiringTests::test_notif_button_bound PASSED [ 45%]
Lint, Tests, Build	Tests unitaires avec couverture	2026-05-11T16:39:38.2699257Z tests/test_legacy_wiring_v5.py::NotifCenterEmitsEventTests::test_desktop_center_emits_custom_event PASSED [ 45%]
Lint, Tests, Build	Tests unitaires avec couverture	2026-05-11T16:39:38.2722125Z tests/test_legacy_wiring_v5.py::CssBadgeUnreadTests::test_has_unread_indicator_styled PASSED [ 45%]
Lint, Tests, Build	Tests unitaires avec couverture	2026-05-11T16:39:38.2739419Z tests/test_librarian.py::CodecObsoleteTests::test_hevc_no_suggestion PASSED [ 45%]
Lint, Tests, Build	Tests unitaires avec couverture	2026-05-11T16:39:38.2756651Z tests/test_librarian.py::CodecObsoleteTests::test_xvid_detected PASSED   [ 45%]
Lint, Tests, Build	Tests unitaires avec couverture	2026-05-11T16:39:38.2773981Z tests/test_librarian.py::DuplicateTests::test_duplicate_flag PASSED      [ 45%]
Lint, Tests, Build	Tests unitaires avec couverture	2026-05-11T16:39:38.2790526Z tests/test_librarian.py::DuplicateTests::test_no_duplicate PASSED        [ 45%]
Lint, Tests, Build	Tests unitaires avec couverture	2026-05-11T16:39:38.2808070Z tests/test_librarian.py::MissingSubtitlesTests::test_missing_fr PASSED   [ 45%]
Lint, Tests, Build	Tests unitaires avec couverture	2026-05-11T16:39:38.2824082Z tests/test_librarian.py::MissingSubtitlesTests::test_no_missing PASSED   [ 45%]
Lint, Tests, Build	Tests unitaires avec couverture	2026-05-11T16:39:38.2841027Z tests/test_librarian.py::UnidentifiedTests::test_tmdb_identified PASSED  [ 45%]
Lint, Tests, Build	Tests unitaires avec couverture	2026-05-11T16:39:38.2857611Z tests/test_librarian.py::UnidentifiedTests::test_unknown_source PASSED   [ 45%]
Lint, Tests, Build	Tests unitaires avec couverture	2026-05-11T16:39:38.2874710Z tests/test_librarian.py::LowResolutionTests::test_1080p_no_suggestion PASSED [ 45%]
Lint, Tests, Build	Tests unitaires avec couverture	2026-05-11T16:39:38.2891507Z tests/test_librarian.py::LowResolutionTests::test_sd_detected PASSED     [ 45%]
Lint, Tests, Build	Tests unitaires avec couverture	2026-05-11T16:39:38.2909559Z tests/test_librarian.py::CollectionsTests::test_collections_info PASSED  [ 45%]
Lint, Tests, Build	Tests unitaires avec couverture	2026-05-11T16:39:38.2928207Z tests/test_librarian.py::PriorityTests::test_high_before_medium PASSED   [ 45%]
Lint, Tests, Build	Tests unitaires avec couverture	2026-05-11T16:39:38.2945930Z tests/test_librarian.py::HealthScoreTests::test_all_healthy PASSED       [ 45%]
Lint, Tests, Build	Tests unitaires avec couverture	2026-05-11T16:39:38.2962778Z tests/test_librarian.py::HealthScoreTests::test_some_problems PASSED     [ 46%]
Lint, Tests, Build	Tests unitaires avec couverture	2026-05-11T16:39:38.2978808Z tests/test_librarian.py::HealthScoreTests::test_zero_films PASSED        [ 46%]
Lint, Tests, Build	Tests unitaires avec couverture	2026-05-11T16:39:38.2996529Z tests/test_librarian.py::UiSuggestionsTests::test_css_suggestion_card_dashboard SKIPPED [ 46%]
Lint, Tests, Build	Tests unitaires avec couverture	2026-05-11T16:39:38.3014125Z tests/test_librarian.py::UiSuggestionsTests::test_css_suggestion_card_desktop SKIPPED [ 46%]
Lint, Tests, Build	Tests unitaires avec couverture	2026-05-11T16:39:38.3031634Z tests/test_librarian.py::UiSuggestionsTests::test_dashboard_librarian_section SKIPPED [ 46%]
Lint, Tests, Build	Tests unitaires avec couverture	2026-05-11T16:39:38.3049210Z tests/test_librarian.py::UiSuggestionsTests::test_dashboard_suggestion_card SKIPPED [ 46%]
Lint, Tests, Build	Tests unitaires avec couverture	2026-05-11T16:39:38.3066720Z tests/test_librarian.py::UiSuggestionsTests::test_desktop_html_container SKIPPED [ 46%]
Lint, Tests, Build	Tests unitaires avec couverture	2026-05-11T16:39:38.3085464Z tests/test_librarian.py::UiSuggestionsTests::test_desktop_librarian_section SKIPPED [ 46%]
Lint, Tests, Build	Tests unitaires avec couverture	2026-05-11T16:39:38.3104313Z tests/test_library_film_v5_features.py::LibraryV5FeaturesTests::test_v2_04_promise_allsettled PASSED [ 46%]
Lint, Tests, Build	Tests unitaires avec couverture	2026-05-11T16:39:38.3120432Z tests/test_library_film_v5_features.py::LibraryV5FeaturesTests::test_v2_08_skeleton PASSED [ 46%]
Lint, Tests, Build	Tests unitaires avec couverture	2026-05-11T16:39:38.3139226Z tests/test_library_film_v5_features.py::FilmDetailV5FeaturesTests::test_v2_04_promise_allsettled PASSED [ 46%]
Lint, Tests, Build	Tests unitaires avec couverture	2026-05-11T16:39:38.3154485Z tests/test_library_film_v5_features.py::FilmDetailV5FeaturesTests::test_v2_08_skeleton PASSED [ 46%]
Lint, Tests, Build	Tests unitaires avec couverture	2026-05-11T16:39:38.3172126Z tests/test_library_film_v5_features.py::FilmDetailV5FeaturesTests::test_v3_06_drawer_mode PASSED [ 46%]
Lint, Tests, Build	Tests unitaires avec couverture	2026-05-11T16:39:38.3205162Z tests/test_library_v5.py::LibrarySupportFilteringTests::test_filter_by_codec PASSED [ 46%]
Lint, Tests, Build	Tests unitaires avec couverture	2026-05-11T16:39:38.3238211Z tests/test_library_v5.py::LibrarySupportFilteringTests::test_filter_by_hdr PASSED [ 46%]
Lint, Tests, Build	Tests unitaires avec couverture	2026-05-11T16:39:38.3267088Z tests/test_library_v5.py::LibrarySupportFilteringTests::test_filter_by_resolution PASSED [ 46%]
Lint, Tests, Build	Tests unitaires avec couverture	2026-05-11T16:39:38.3296800Z tests/test_library_v5.py::LibrarySupportFilteringTests::test_filter_by_tier_v2 PASSED [ 46%]
Lint, Tests, Build	Tests unitaires avec couverture	2026-05-11T16:39:38.3328549Z tests/test_library_v5.py::LibrarySupportFilteringTests::test_filter_by_warnings_dnr_partial PASSED [ 46%]
Lint, Tests, Build	Tests unitaires avec couverture	2026-05-11T16:39:38.3357651Z tests/test_library_v5.py::LibrarySupportFilteringTests::test_filter_search_text PASSED [ 46%]
Lint, Tests, Build	Tests unitaires avec couverture	2026-05-11T16:39:38.3388703Z tests/test_library_v5.py::LibrarySupportFilteringTests::test_filter_year_range PASSED [ 46%]
Lint, Tests, Build	Tests unitaires avec couverture	2026-05-11T16:39:38.3419401Z tests/test_library_v5.py::LibrarySupportFilteringTests::test_get_library_filtered_returns_all_rows_no_filter PASSED [ 46%]
Lint, Tests, Build	Tests unitaires avec couverture	2026-05-11T16:39:38.3448784Z tests/test_library_v5.py::LibrarySupportFilteringTests::test_pagination PASSED [ 46%]
Lint, Tests, Build	Tests unitaires avec couverture	2026-05-11T16:39:38.3480748Z tests/test_library_v5.py::LibrarySupportFilteringTests::test_sort_score_desc PASSED [ 46%]
Lint, Tests, Build	Tests unitaires avec couverture	2026-05-11T16:39:38.3509961Z tests/test_library_v5.py::LibrarySupportFilteringTests::test_sort_title_ascending PASSED [ 46%]
Lint, Tests, Build	Tests unitaires avec couverture	2026-05-11T16:39:38.3539478Z tests/test_library_v5.py::LibrarySupportFilteringTests::test_stats_by_tier_returned PASSED [ 46%]
Lint, Tests, Build	Tests unitaires avec couverture	2026-05-11T16:39:38.3565176Z tests/test_library_v5.py::SmartPlaylistsTests::test_delete_smart_playlist_custom PASSED [ 46%]
Lint, Tests, Build	Tests unitaires avec couverture	2026-05-11T16:39:38.3583136Z tests/test_library_v5.py::SmartPlaylistsTests::test_delete_smart_playlist_preset_protected PASSED [ 46%]
Lint, Tests, Build	Tests unitaires avec couverture	2026-05-11T16:39:38.3602692Z tests/test_library_v5.py::SmartPlaylistsTests::test_get_smart_playlists_includes_presets PASSED [ 46%]
Lint, Tests, Build	Tests unitaires avec couverture	2026-05-11T16:39:38.3624282Z tests/test_library_v5.py::SmartPlaylistsTests::test_save_smart_playlist_creates_new PASSED [ 46%]
Lint, Tests, Build	Tests unitaires avec couverture	2026-05-11T16:39:38.3642164Z tests/test_library_v5.py::SmartPlaylistsTests::test_save_smart_playlist_empty_name PASSED [ 46%]
Lint, Tests, Build	Tests unitaires avec couverture	2026-05-11T16:39:38.3661627Z tests/test_library_v5.py::LibraryComponentsDesktopTests::test_accessibility PASSED [ 46%]
Lint, Tests, Build	Tests unitaires avec couverture	2026-05-11T16:39:38.3679720Z tests/test_library_v5.py::LibraryComponentsDesktopTests::test_api_methods PASSED [ 46%]
Lint, Tests, Build	Tests unitaires avec couverture	2026-05-11T16:39:38.3698005Z tests/test_library_v5.py::LibraryComponentsDesktopTests::test_filter_dimensions_7_categories PASSED [ 46%]
Lint, Tests, Build	Tests unitaires avec couverture	2026-05-11T16:39:38.3716122Z tests/test_library_v5.py::LibraryComponentsDesktopTests::test_sort_change_callback PASSED [ 46%]
Lint, Tests, Build	Tests unitaires avec couverture	2026-05-11T16:39:38.3734126Z tests/test_library_v5.py::LibraryComponentsDesktopTests::test_tier_options_include_5_tiers PASSED [ 46%]
Lint, Tests, Build	Tests unitaires avec couverture	2026-05-11T16:39:38.3752186Z tests/test_library_v5.py::LibraryComponentsDesktopTests::test_warning_short_labels PASSED [ 46%]
Lint, Tests, Build	Tests unitaires avec couverture	2026-05-11T16:39:38.3770231Z tests/test_library_v5.py::LibraryComponentsDesktopTests::test_window_library_components_global PASSED [ 46%]
Lint, Tests, Build	Tests unitaires avec couverture	2026-05-11T16:39:38.3789381Z tests/test_library_v5.py::LibraryComponentsDashboardTests::test_es_module_exports PASSED [ 46%]
Lint, Tests, Build	Tests unitaires avec couverture	2026-05-11T16:39:38.3807370Z tests/test_library_v5.py::LibraryComponentsDashboardTests::test_filter_dimensions_parity PASSED [ 46%]
Lint, Tests, Build	Tests unitaires avec couverture	2026-05-11T16:39:38.3825775Z tests/test_library_v5.py::LibraryComponentsDashboardTests::test_imports_escapeHtml PASSED [ 47%]
Lint, Tests, Build	Tests unitaires avec couverture	2026-05-11T16:39:38.3844537Z tests/test_library_v5.py::LibraryV5ViewTests::test_api_methods PASSED    [ 47%]
Lint, Tests, Build	Tests unitaires avec couverture	2026-05-11T16:39:38.3862536Z tests/test_library_v5.py::LibraryV5ViewTests::test_es_module_export PASSED [ 47%]
Lint, Tests, Build	Tests unitaires avec couverture	2026-05-11T16:39:38.3880798Z tests/test_library_v5.py::LibraryV5ViewTests::test_pagination_support PASSED [ 47%]
Lint, Tests, Build	Tests unitaires avec couverture	2026-05-11T16:39:38.3899847Z tests/test_library_v5.py::LibraryV5ViewTests::test_persists_state_localStorage PASSED [ 47%]
Lint, Tests, Build	Tests unitaires avec couverture	2026-05-11T16:39:38.3917752Z tests/test_library_v5.py::LibraryV5ViewTests::test_uses_get_library_filtered_endpoint PASSED [ 47%]
Lint, Tests, Build	Tests unitaires avec couverture	2026-05-11T16:39:38.3935517Z tests/test_library_v5.py::LibraryV5ViewTests::test_uses_library_components PASSED [ 47%]
Lint, Tests, Build	Tests unitaires avec couverture	2026-05-11T16:39:38.3953540Z tests/test_library_v5.py::LibraryV5ViewTests::test_view_mode_toggle PASSED [ 47%]
Lint, Tests, Build	Tests unitaires avec couverture	2026-05-11T16:39:38.3975722Z tests/test_library_v5.py::CssVague3Tests::test_filter_sidebar_classes PASSED [ 47%]
Lint, Tests, Build	Tests unitaires avec couverture	2026-05-11T16:39:38.3995975Z tests/test_library_v5.py::CssVague3Tests::test_library_score_tier_variants PASSED [ 47%]
Lint, Tests, Build	Tests unitaires avec couverture	2026-05-11T16:39:38.4016797Z tests/test_library_v5.py::CssVague3Tests::test_library_shell_classes PASSED [ 47%]
Lint, Tests, Build	Tests unitaires avec couverture	2026-05-11T16:39:38.4037644Z tests/test_library_v5.py::CssVague3Tests::test_library_table_classes PASSED [ 47%]
Lint, Tests, Build	Tests unitaires avec couverture	2026-05-11T16:39:38.4058833Z tests/test_library_v5.py::CssVague3Tests::test_playlists_classes PASSED  [ 47%]
Lint, Tests, Build	Tests unitaires avec couverture	2026-05-11T16:39:38.4078966Z tests/test_library_v5.py::CssVague3Tests::test_poster_grid_classes PASSED [ 47%]
Lint, Tests, Build	Tests unitaires avec couverture	2026-05-11T16:39:38.4099315Z tests/test_library_v5.py::CssVague3Tests::test_view_toggle_classes PASSED [ 47%]
Lint, Tests, Build	Tests unitaires avec couverture	2026-05-11T16:39:38.4120916Z tests/test_library_v5.py::IntegrationVague3Tests::test_cinesort_api_exposes_new_endpoints PASSED [ 47%]
Lint, Tests, Build	Tests unitaires avec couverture	2026-05-11T16:39:38.4142608Z tests/test_library_v5.py::IntegrationVague3Tests::test_index_html_loads_vague3_scripts PASSED [ 47%]
Lint, Tests, Build	Tests unitaires avec couverture	2026-05-11T16:39:38.4161207Z tests/test_library_v5.py::IntegrationVague3Tests::test_router_integrates_library_v5 PASSED [ 47%]
Lint, Tests, Build	Tests unitaires avec couverture	2026-05-11T16:39:38.4834760Z tests/test_library_v5.py::DashboardSmokeTests::test_dashboard_module_imports_cleanly PASSED [ 47%]
Lint, Tests, Build	Tests unitaires avec couverture	2026-05-11T16:39:38.4855130Z tests/test_library_v5_ported.py::LibraryV5PortedTests::test_apiPost_used PASSED [ 47%]
Lint, Tests, Build	Tests unitaires avec couverture	2026-05-11T16:39:38.4871700Z tests/test_library_v5_ported.py::LibraryV5PortedTests::test_es_module_export PASSED [ 47%]
Lint, Tests, Build	Tests unitaires avec couverture	2026-05-11T16:39:38.4888364Z tests/test_library_v5_ported.py::LibraryV5PortedTests::test_imports_helpers PASSED [ 47%]
Lint, Tests, Build	Tests unitaires avec couverture	2026-05-11T16:39:38.4904552Z tests/test_library_v5_ported.py::LibraryV5PortedTests::test_localstorage_persist PASSED [ 47%]
Lint, Tests, Build	Tests unitaires avec couverture	2026-05-11T16:39:38.4920673Z tests/test_library_v5_ported.py::LibraryV5PortedTests::test_no_more_iife_global PASSED [ 47%]
Lint, Tests, Build	Tests unitaires avec couverture	2026-05-11T16:39:38.4935768Z tests/test_library_v5_ported.py::LibraryV5PortedTests::test_no_pywebview_api PASSED [ 47%]
Lint, Tests, Build	Tests unitaires avec couverture	2026-05-11T16:39:38.4952098Z tests/test_library_v5_ported.py::LibraryV5PortedTests::test_smart_playlists_crud PASSED [ 47%]
Lint, Tests, Build	Tests unitaires avec couverture	2026-05-11T16:39:38.4968162Z tests/test_library_v5_ported.py::LibraryV5PortedTests::test_v2_04_allsettled PASSED [ 47%]
Lint, Tests, Build	Tests unitaires avec couverture	2026-05-11T16:39:38.4984060Z tests/test_library_v5_ported.py::LibraryV5PortedTests::test_v2_08_skeleton PASSED [ 47%]
Lint, Tests, Build	Tests unitaires avec couverture	2026-05-11T16:39:38.5001642Z tests/test_library_v5_ported.py::LibraryV5PortedTests::test_view_mode_toggle_preserved PASSED [ 47%]
Lint, Tests, Build	Tests unitaires avec couverture	2026-05-11T16:39:38.5033541Z tests/test_library_view_contracts.py::LibraryViewContractTests::test_css_has_workflow_steps PASSED [ 47%]
Lint, Tests, Build	Tests unitaires avec couverture	2026-05-11T16:39:38.5050072Z tests/test_library_view_contracts.py::LibraryViewContractTests::test_five_sections_present PASSED [ 47%]
Lint, Tests, Build	Tests unitaires avec couverture	2026-05-11T16:39:38.5066730Z tests/test_library_view_contracts.py::LibraryViewContractTests::test_five_steps_present PASSED [ 47%]
Lint, Tests, Build	Tests unitaires avec couverture	2026-05-11T16:39:38.5089570Z tests/test_library_view_contracts.py::LibraryViewContractTests::test_goto_buttons PASSED [ 47%]
Lint, Tests, Build	Tests unitaires avec couverture	2026-05-11T16:39:38.5099327Z tests/test_library_view_contracts.py::LibraryViewContractTests::test_js_exposes_refresh_function PASSED [ 47%]
Lint, Tests, Build	Tests unitaires avec couverture	2026-05-11T16:39:38.5114705Z tests/test_library_view_contracts.py::LibraryViewContractTests::test_js_uses_pywebview_api PASSED [ 47%]
Lint, Tests, Build	Tests unitaires avec couverture	2026-05-11T16:39:38.5131076Z tests/test_library_view_contracts.py::LibraryViewContractTests::test_kpi_containers PASSED [ 47%]
Lint, Tests, Build	Tests unitaires avec couverture	2026-05-11T16:39:38.5147354Z tests/test_library_view_contracts.py::LibraryViewContractTests::test_library_nav_button_present PASSED [ 47%]
Lint, Tests, Build	Tests unitaires avec couverture	2026-05-11T16:39:38.5163238Z tests/test_library_view_contracts.py::LibraryViewContractTests::test_library_view_section PASSED [ 47%]
Lint, Tests, Build	Tests unitaires avec couverture	2026-05-11T16:39:38.5179317Z tests/test_library_view_contracts.py::LibraryViewContractTests::test_router_registers_library PASSED [ 47%]
Lint, Tests, Build	Tests unitaires avec couverture	2026-05-11T16:39:38.5194980Z tests/test_library_view_contracts.py::LibraryViewContractTests::test_script_loaded_in_index PASSED [ 47%]
Lint, Tests, Build	Tests unitaires avec couverture	2026-05-11T16:39:38.5212919Z tests/test_library_view_contracts.py::LibraryViewContractTests::test_workflow_header_and_steps PASSED [ 48%]
Lint, Tests, Build	Tests unitaires avec couverture	2026-05-11T16:39:38.5232059Z tests/test_library_virtualization.py::DashboardVirtualTableHelperTests::test_helper_below_threshold_falls_through PASSED [ 48%]
Lint, Tests, Build	Tests unitaires avec couverture	2026-05-11T16:39:38.5249685Z tests/test_library_virtualization.py::DashboardVirtualTableHelperTests::test_helper_exports_named_esm PASSED [ 48%]
Lint, Tests, Build	Tests unitaires avec couverture	2026-05-11T16:39:38.5266176Z tests/test_library_virtualization.py::DashboardVirtualTableHelperTests::test_helper_file_exists PASSED [ 48%]
Lint, Tests, Build	Tests unitaires avec couverture	2026-05-11T16:39:38.5283946Z tests/test_library_virtualization.py::DashboardVirtualTableHelperTests::test_helper_finds_scroll_parent PASSED [ 48%]
Lint, Tests, Build	Tests unitaires avec couverture	2026-05-11T16:39:38.5301978Z tests/test_library_virtualization.py::DashboardVirtualTableHelperTests::test_helper_height_reaffinement PASSED [ 48%]
Lint, Tests, Build	Tests unitaires avec couverture	2026-05-11T16:39:38.5319609Z tests/test_library_virtualization.py::DashboardVirtualTableHelperTests::test_helper_returns_destroy_handle PASSED [ 48%]
Lint, Tests, Build	Tests unitaires avec couverture	2026-05-11T16:39:38.5336774Z tests/test_library_virtualization.py::DashboardVirtualTableHelperTests::test_helper_threshold_default_500 PASSED [ 48%]
Lint, Tests, Build	Tests unitaires avec couverture	2026-05-11T16:39:38.5354129Z tests/test_library_virtualization.py::DashboardVirtualTableHelperTests::test_helper_uses_overscan_and_spacers PASSED [ 48%]
Lint, Tests, Build	Tests unitaires avec couverture	2026-05-11T16:39:38.5372296Z tests/test_library_virtualization.py::DashboardVirtualTableHelperTests::test_helper_uses_raf_for_scroll PASSED [ 48%]
Lint, Tests, Build	Tests unitaires avec couverture	2026-05-11T16:39:38.5392350Z tests/test_library_virtualization.py::LibraryViewIntegrationTests::test_library_calls_virtualize_on_render PASSED [ 48%]
Lint, Tests, Build	Tests unitaires avec couverture	2026-05-11T16:39:38.5411049Z tests/test_library_virtualization.py::LibraryViewIntegrationTests::test_library_cleans_up_handle_on_rerender PASSED [ 48%]
Lint, Tests, Build	Tests unitaires avec couverture	2026-05-11T16:39:38.5429754Z tests/test_library_virtualization.py::LibraryViewIntegrationTests::test_library_cleans_up_on_load PASSED [ 48%]
Lint, Tests, Build	Tests unitaires avec couverture	2026-05-11T16:39:38.5448449Z tests/test_library_virtualization.py::LibraryViewIntegrationTests::test_library_exports_unmount PASSED [ 48%]
Lint, Tests, Build	Tests unitaires avec couverture	2026-05-11T16:39:38.5467546Z tests/test_library_virtualization.py::LibraryViewIntegrationTests::test_library_extracts_row_renderer PASSED [ 48%]
Lint, Tests, Build	Tests unitaires avec couverture	2026-05-11T16:39:38.5486166Z tests/test_library_virtualization.py::LibraryViewIntegrationTests::test_library_imports_virtualize PASSED [ 48%]
Lint, Tests, Build	Tests unitaires avec couverture	2026-05-11T16:39:38.5504725Z tests/test_library_virtualization.py::LibraryViewIntegrationTests::test_library_threshold_constant PASSED [ 48%]
Lint, Tests, Build	Tests unitaires avec couverture	2026-05-11T16:39:38.5523698Z tests/test_library_virtualization.py::LibraryViewIntegrationTests::test_library_uses_event_delegation_on_tbody PASSED [ 48%]
Lint, Tests, Build	Tests unitaires avec couverture	2026-05-11T16:39:38.6290733Z tests/test_library_virtualization.py::JsSyntaxTests::test_helper_syntax_valid PASSED [ 48%]
Lint, Tests, Build	Tests unitaires avec couverture	2026-05-11T16:39:38.6883432Z tests/test_library_virtualization.py::JsSyntaxTests::test_library_syntax_valid PASSED [ 48%]
Lint, Tests, Build	Tests unitaires avec couverture	2026-05-11T16:39:38.6903149Z tests/test_library_virtualization.py::WindowingBehaviorTests::test_helper_bounds_visible_window PASSED [ 48%]
Lint, Tests, Build	Tests unitaires avec couverture	2026-05-11T16:39:38.6920904Z tests/test_library_virtualization.py::WindowingBehaviorTests::test_helper_handles_zero_rows_gracefully PASSED [ 48%]
Lint, Tests, Build	Tests unitaires avec couverture	2026-05-11T16:39:38.6940198Z tests/test_library_virtualization.py::WindowingBehaviorTests::test_helper_spacer_height_reflects_data PASSED [ 48%]
Lint, Tests, Build	Tests unitaires avec couverture	2026-05-11T16:39:38.6956225Z tests/test_lighthouse_baseline.py::LighthouseBaselineTests::test_accessibility SKIPPED [ 48%]
Lint, Tests, Build	Tests unitaires avec couverture	2026-05-11T16:39:38.6970015Z tests/test_lighthouse_baseline.py::LighthouseBaselineTests::test_best_practices SKIPPED [ 48%]
Lint, Tests, Build	Tests unitaires avec couverture	2026-05-11T16:39:38.6984461Z tests/test_lighthouse_baseline.py::LighthouseBaselineTests::test_performance SKIPPED [ 48%]
Lint, Tests, Build	Tests unitaires avec couverture	2026-05-11T16:39:38.7003206Z tests/test_local_secret_store.py::DPAPIRoundTripTests::test_empty_secret_protection_is_rejected_cleanly PASSED [ 48%]
Lint, Tests, Build	Tests unitaires avec couverture	2026-05-11T16:39:38.7035861Z tests/test_local_secret_store.py::DPAPIRoundTripTests::test_long_secret_roundtrip PASSED [ 48%]
Lint, Tests, Build	Tests unitaires avec couverture	2026-05-11T16:39:38.7052497Z tests/test_local_secret_store.py::DPAPIRoundTripTests::test_protection_available_on_windows PASSED [ 48%]
Lint, Tests, Build	Tests unitaires avec couverture	2026-05-11T16:39:38.7074876Z tests/test_local_secret_store.py::DPAPIRoundTripTests::test_simple_ascii_roundtrip PASSED [ 48%]
Lint, Tests, Build	Tests unitaires avec couverture	2026-05-11T16:39:38.7097222Z tests/test_local_secret_store.py::DPAPIRoundTripTests::test_utf8_accents_roundtrip PASSED [ 48%]
Lint, Tests, Build	Tests unitaires avec couverture	2026-05-11T16:39:38.7120325Z tests/test_local_secret_store.py::DPAPIRoundTripTests::test_utf8_emoji_roundtrip PASSED [ 48%]
Lint, Tests, Build	Tests unitaires avec couverture	2026-05-11T16:39:38.7143198Z tests/test_local_secret_store.py::DPAPIEntropyIsolationTests::test_each_purpose_yields_distinct_blob PASSED [ 48%]
Lint, Tests, Build	Tests unitaires avec couverture	2026-05-11T16:39:38.7187550Z tests/test_local_secret_store.py::DPAPIEntropyIsolationTests::test_wrong_purpose_fails_decryption PASSED [ 48%]
Lint, Tests, Build	Tests unitaires avec couverture	2026-05-11T16:39:38.7206558Z tests/test_local_secret_store.py::DPAPIInvalidInputTests::test_empty_blob_fails_cleanly PASSED [ 48%]
Lint, Tests, Build	Tests unitaires avec couverture	2026-05-11T16:39:38.7222794Z tests/test_local_secret_store.py::DPAPIInvalidInputTests::test_invalid_base64_blob PASSED [ 48%]
Lint, Tests, Build	Tests unitaires avec couverture	2026-05-11T16:39:38.7239703Z tests/test_local_secret_store.py::DPAPIInvalidInputTests::test_valid_base64_but_not_dpapi_blob PASSED [ 48%]
Lint, Tests, Build	Tests unitaires avec couverture	2026-05-11T16:39:38.7261045Z tests/test_local_secret_store.py::DPAPIPlatformGuardTests::test_protection_unavailable_off_windows SKIPPED [ 48%]
Lint, Tests, Build	Tests unitaires avec couverture	2026-05-11T16:39:38.7277701Z tests/test_log_context.py::RunIdContextVarTests::test_set_get_clear_run_id PASSED [ 48%]
Lint, Tests, Build	Tests unitaires avec couverture	2026-05-11T16:39:38.7294111Z tests/test_log_context.py::RunIdContextVarTests::test_set_run_id_returns_token_resettable PASSED [ 49%]
Lint, Tests, Build	Tests unitaires avec couverture	2026-05-11T16:39:38.7310600Z tests/test_log_context.py::RunIdContextVarTests::test_set_run_id_with_none_clears PASSED [ 49%]
Lint, Tests, Build	Tests unitaires avec couverture	2026-05-11T16:39:38.7327913Z tests/test_log_context.py::RequestIdContextVarTests::test_set_get_clear_request_id PASSED [ 49%]
Lint, Tests, Build	Tests unitaires avec couverture	2026-05-11T16:39:38.7345391Z tests/test_log_context.py::LogContextFilterTests::test_filter_injects_dash_when_unset PASSED [ 49%]
Lint, Tests, Build	Tests unitaires avec couverture	2026-05-11T16:39:38.7365038Z tests/test_log_context.py::LogContextFilterTests::test_filter_injects_request_id_when_set PASSED [ 49%]
Lint, Tests, Build	Tests unitaires avec couverture	2026-05-11T16:39:38.7382711Z tests/test_log_context.py::LogContextFilterTests::test_filter_injects_run_id_when_set PASSED [ 49%]
Lint, Tests, Build	Tests unitaires avec couverture	2026-05-11T16:39:38.7399817Z tests/test_log_context.py::LogContextFilterTests::test_filter_returns_true_always PASSED [ 49%]
Lint, Tests, Build	Tests unitaires avec couverture	2026-05-11T16:39:38.7420107Z tests/test_log_context.py::FormatIntegrationTests::test_format_with_run_id_and_request_id PASSED [ 49%]
Lint, Tests, Build	Tests unitaires avec couverture	2026-05-11T16:39:38.7437599Z tests/test_log_context.py::FormatIntegrationTests::test_format_without_context_uses_dash PASSED [ 49%]
Lint, Tests, Build	Tests unitaires avec couverture	2026-05-11T16:39:38.7464016Z tests/test_log_context.py::ThreadSafetyTests::test_main_thread_unaffected_by_worker PASSED [ 49%]
Lint, Tests, Build	Tests unitaires avec couverture	2026-05-11T16:39:38.7492389Z tests/test_log_context.py::ThreadSafetyTests::test_run_id_isolated_per_thread PASSED [ 49%]
Lint, Tests, Build	Tests unitaires avec couverture	2026-05-11T16:39:38.7510498Z tests/test_log_context.py::InstallLogContextFilterTests::test_install_adds_filter_to_root PASSED [ 49%]
Lint, Tests, Build	Tests unitaires avec couverture	2026-05-11T16:39:38.7528112Z tests/test_log_context.py::InstallLogContextFilterTests::test_install_is_idempotent PASSED [ 49%]
Lint, Tests, Build	Tests unitaires avec couverture	2026-05-11T16:39:38.7545462Z tests/test_log_context.py::ResolveLogLevelTests::test_cinesort_log_level_takes_priority_over_cinesort_debug PASSED [ 49%]
Lint, Tests, Build	Tests unitaires avec couverture	2026-05-11T16:39:38.7561483Z tests/test_log_context.py::ResolveLogLevelTests::test_default_is_info PASSED [ 49%]
Lint, Tests, Build	Tests unitaires avec couverture	2026-05-11T16:39:38.7577137Z tests/test_log_context.py::ResolveLogLevelTests::test_env_cinesort_debug_forces_debug PASSED [ 49%]
Lint, Tests, Build	Tests unitaires avec couverture	2026-05-11T16:39:38.7592857Z tests/test_log_context.py::ResolveLogLevelTests::test_env_cinesort_debug_other_truthy PASSED [ 49%]
Lint, Tests, Build	Tests unitaires avec couverture	2026-05-11T16:39:38.7608868Z tests/test_log_context.py::ResolveLogLevelTests::test_env_cinesort_log_level_overrides PASSED [ 49%]
Lint, Tests, Build	Tests unitaires avec couverture	2026-05-11T16:39:38.7624757Z tests/test_log_context.py::ResolveLogLevelTests::test_invalid_env_log_level_falls_through PASSED [ 49%]
Lint, Tests, Build	Tests unitaires avec couverture	2026-05-11T16:39:38.7640771Z tests/test_log_context.py::ResolveLogLevelTests::test_invalid_setting_falls_back_to_info PASSED [ 49%]
Lint, Tests, Build	Tests unitaires avec couverture	2026-05-11T16:39:38.7656052Z tests/test_log_context.py::ResolveLogLevelTests::test_setting_value_lowercase_normalized PASSED [ 49%]
Lint, Tests, Build	Tests unitaires avec couverture	2026-05-11T16:39:38.7672652Z tests/test_log_context.py::ResolveLogLevelTests::test_setting_value_used PASSED [ 49%]
Lint, Tests, Build	Tests unitaires avec couverture	2026-05-11T16:39:38.7690166Z tests/test_log_context.py::NormalizeLogLevelSettingTests::test_invalid_falls_back_to_info PASSED [ 49%]
Lint, Tests, Build	Tests unitaires avec couverture	2026-05-11T16:39:38.7706364Z tests/test_log_context.py::NormalizeLogLevelSettingTests::test_lowercase_normalized_to_upper PASSED [ 49%]
Lint, Tests, Build	Tests unitaires avec couverture	2026-05-11T16:39:38.7722765Z tests/test_log_context.py::NormalizeLogLevelSettingTests::test_valid_values PASSED [ 49%]
Lint, Tests, Build	Tests unitaires avec couverture	2026-05-11T16:39:38.9867031Z tests/test_log_context.py::RestRequestIdHeaderTests::test_x_request_id_on_health PASSED [ 49%]
Lint, Tests, Build	Tests unitaires avec couverture	2026-05-11T16:39:38.9901436Z tests/test_log_context.py::RestRequestIdHeaderTests::test_x_request_id_on_unauthorized_post PASSED [ 49%]
Lint, Tests, Build	Tests unitaires avec couverture	2026-05-11T16:39:39.5140218Z tests/test_log_context.py::RestRequestIdHeaderTests::test_x_request_id_unique_per_request PASSED [ 49%]
Lint, Tests, Build	Tests unitaires avec couverture	2026-05-11T16:39:39.5159774Z tests/test_log_scrubber.py::ScrubSecretsFunctionTests::test_bearer_token PASSED [ 49%]
Lint, Tests, Build	Tests unitaires avec couverture	2026-05-11T16:39:39.5176109Z tests/test_log_scrubber.py::ScrubSecretsFunctionTests::test_clean_text_unchanged PASSED [ 49%]
Lint, Tests, Build	Tests unitaires avec couverture	2026-05-11T16:39:39.5192334Z tests/test_log_scrubber.py::ScrubSecretsFunctionTests::test_dpapi_secret_blobs_sec_h1 PASSED [ 49%]
Lint, Tests, Build	Tests unitaires avec couverture	2026-05-11T16:39:39.5208586Z tests/test_log_scrubber.py::ScrubSecretsFunctionTests::test_email_smtp_password_sec_h1 PASSED [ 49%]
Lint, Tests, Build	Tests unitaires avec couverture	2026-05-11T16:39:39.5224599Z tests/test_log_scrubber.py::ScrubSecretsFunctionTests::test_empty_string PASSED [ 49%]
Lint, Tests, Build	Tests unitaires avec couverture	2026-05-11T16:39:39.5241528Z tests/test_log_scrubber.py::ScrubSecretsFunctionTests::test_full_settings_dump_no_leak_sec_h1 PASSED [ 49%]
Lint, Tests, Build	Tests unitaires avec couverture	2026-05-11T16:39:39.5257566Z tests/test_log_scrubber.py::ScrubSecretsFunctionTests::test_jellyfin_authorization_header PASSED [ 49%]
Lint, Tests, Build	Tests unitaires avec couverture	2026-05-11T16:39:39.5273031Z tests/test_log_scrubber.py::ScrubSecretsFunctionTests::test_json_dump_with_api_keys PASSED [ 49%]
Lint, Tests, Build	Tests unitaires avec couverture	2026-05-11T16:39:39.5289828Z tests/test_log_scrubber.py::ScrubSecretsFunctionTests::test_non_string_returned_as_is PASSED [ 49%]
Lint, Tests, Build	Tests unitaires avec couverture	2026-05-11T16:39:39.5306493Z tests/test_log_scrubber.py::ScrubSecretsFunctionTests::test_omdb_osdb_api_keys_sec_h1 PASSED [ 49%]
Lint, Tests, Build	Tests unitaires avec couverture	2026-05-11T16:39:39.5322413Z tests/test_log_scrubber.py::ScrubSecretsFunctionTests::test_plex_token_header PASSED [ 49%]
Lint, Tests, Build	Tests unitaires avec couverture	2026-05-11T16:39:39.5338514Z tests/test_log_scrubber.py::ScrubSecretsFunctionTests::test_plex_token_query PASSED [ 49%]
Lint, Tests, Build	Tests unitaires avec couverture	2026-05-11T16:39:39.5353984Z tests/test_log_scrubber.py::ScrubSecretsFunctionTests::test_radarr_api_key PASSED [ 50%]
Lint, Tests, Build	Tests unitaires avec couverture	2026-05-11T16:39:39.5370133Z tests/test_log_scrubber.py::ScrubSecretsFunctionTests::test_smtp_password_json PASSED [ 50%]
Lint, Tests, Build	Tests unitaires avec couverture	2026-05-11T16:39:39.5386375Z tests/test_log_scrubber.py::ScrubSecretsFunctionTests::test_tmdb_api_key_in_query_string PASSED [ 50%]
Lint, Tests, Build	Tests unitaires avec couverture	2026-05-11T16:39:39.5402821Z tests/test_log_scrubber.py::ScrubSecretsFunctionTests::test_tmdb_api_key_uppercase PASSED [ 50%]
Lint, Tests, Build	Tests unitaires avec couverture	2026-05-11T16:39:39.5421985Z tests/test_log_scrubber.py::ScrubFilterIntegrationTests::test_filter_does_not_drop_records PASSED [ 50%]
Lint, Tests, Build	Tests unitaires avec couverture	2026-05-11T16:39:39.5439615Z tests/test_log_scrubber.py::ScrubFilterIntegrationTests::test_filter_scrubs_args PASSED [ 50%]
Lint, Tests, Build	Tests unitaires avec couverture	2026-05-11T16:39:39.5463324Z tests/test_log_scrubber.py::ScrubFilterIntegrationTests::test_filter_scrubs_exc_text_via_exc_info PASSED [ 50%]
Lint, Tests, Build	Tests unitaires avec couverture	2026-05-11T16:39:39.5481458Z tests/test_log_scrubber.py::ScrubFilterIntegrationTests::test_filter_scrubs_simple_message PASSED [ 50%]
Lint, Tests, Build	Tests unitaires avec couverture	2026-05-11T16:39:39.5517384Z tests/test_log_scrubber.py::InstallRotatingLogTests::test_install_attaches_scrubber_to_handler PASSED [ 50%]
Lint, Tests, Build	Tests unitaires avec couverture	2026-05-11T16:39:39.5550359Z tests/test_log_scrubber.py::InstallRotatingLogTests::test_install_creates_log_file PASSED [ 50%]
Lint, Tests, Build	Tests unitaires avec couverture	2026-05-11T16:39:39.5583606Z tests/test_log_scrubber.py::InstallRotatingLogTests::test_install_is_idempotent PASSED [ 50%]
Lint, Tests, Build	Tests unitaires avec couverture	2026-05-11T16:39:39.5601923Z tests/test_log_scrubber.py::InstallGlobalScrubberTests::test_install_adds_filter_to_root PASSED [ 50%]
Lint, Tests, Build	Tests unitaires avec couverture	2026-05-11T16:39:39.5620292Z tests/test_log_scrubber.py::InstallGlobalScrubberTests::test_install_is_idempotent PASSED [ 50%]
Lint, Tests, Build	Tests unitaires avec couverture	2026-05-11T16:39:39.5637801Z tests/test_lpips_compare.py::TestClassifyVerdict::test_different PASSED  [ 50%]
Lint, Tests, Build	Tests unitaires avec couverture	2026-05-11T16:39:39.5653445Z tests/test_lpips_compare.py::TestClassifyVerdict::test_identical PASSED  [ 50%]
Lint, Tests, Build	Tests unitaires avec couverture	2026-05-11T16:39:39.5669457Z tests/test_lpips_compare.py::TestClassifyVerdict::test_none_insufficient PASSED [ 50%]
Lint, Tests, Build	Tests unitaires avec couverture	2026-05-11T16:39:39.5685416Z tests/test_lpips_compare.py::TestClassifyVerdict::test_similar PASSED    [ 50%]
Lint, Tests, Build	Tests unitaires avec couverture	2026-05-11T16:39:39.5701260Z tests/test_lpips_compare.py::TestClassifyVerdict::test_very_different PASSED [ 50%]
Lint, Tests, Build	Tests unitaires avec couverture	2026-05-11T16:39:39.5717325Z tests/test_lpips_compare.py::TestClassifyVerdict::test_very_similar PASSED [ 50%]
Lint, Tests, Build	Tests unitaires avec couverture	2026-05-11T16:39:39.5739553Z tests/test_lpips_compare.py::TestPreprocessFrame::test_dtype_float32 PASSED [ 50%]
Lint, Tests, Build	Tests unitaires avec couverture	2026-05-11T16:39:39.5756215Z tests/test_lpips_compare.py::TestPreprocessFrame::test_empty_pixels PASSED [ 50%]
Lint, Tests, Build	Tests unitaires avec couverture	2026-05-11T16:39:39.5773335Z tests/test_lpips_compare.py::TestPreprocessFrame::test_invalid_dimensions PASSED [ 50%]
Lint, Tests, Build	Tests unitaires avec couverture	2026-05-11T16:39:39.5789136Z tests/test_lpips_compare.py::TestPreprocessFrame::test_mismatched_size PASSED [ 50%]
Lint, Tests, Build	Tests unitaires avec couverture	2026-05-11T16:39:39.5834156Z tests/test_lpips_compare.py::TestPreprocessFrame::test_normalization_range_minus1_plus1 PASSED [ 50%]
Lint, Tests, Build	Tests unitaires avec couverture	2026-05-11T16:39:39.5875121Z tests/test_lpips_compare.py::TestPreprocessFrame::test_returns_shape_1_3_256_256 PASSED [ 50%]
Lint, Tests, Build	Tests unitaires avec couverture	2026-05-11T16:39:39.6729776Z tests/test_lpips_compare.py::TestPreprocessFrame::test_rgb_channels_identical PASSED [ 50%]
Lint, Tests, Build	Tests unitaires avec couverture	2026-05-11T16:39:39.6749536Z tests/test_lpips_compare.py::TestResizeBilinear::test_downscale_halves PASSED [ 50%]
Lint, Tests, Build	Tests unitaires avec couverture	2026-05-11T16:39:39.6766808Z tests/test_lpips_compare.py::TestResizeBilinear::test_identity_when_same_size PASSED [ 50%]
Lint, Tests, Build	Tests unitaires avec couverture	2026-05-11T16:39:39.6785187Z tests/test_lpips_compare.py::TestResizeBilinear::test_upscale_doubles_dimensions PASSED [ 50%]
Lint, Tests, Build	Tests unitaires avec couverture	2026-05-11T16:39:39.6802703Z tests/test_lpips_compare.py::TestDistancePair::test_none_when_input_none PASSED [ 50%]
Lint, Tests, Build	Tests unitaires avec couverture	2026-05-11T16:39:39.6822918Z tests/test_lpips_compare.py::TestDistancePair::test_none_when_ort_absent PASSED [ 50%]
Lint, Tests, Build	Tests unitaires avec couverture	2026-05-11T16:39:39.6839787Z tests/test_lpips_compare.py::TestDistancePair::test_none_when_shapes_differ PASSED [ 50%]
Lint, Tests, Build	Tests unitaires avec couverture	2026-05-11T16:39:39.6857134Z tests/test_lpips_compare.py::TestComparison::test_empty_aligned_returns_insufficient PASSED [ 50%]
Lint, Tests, Build	Tests unitaires avec couverture	2026-05-11T16:39:39.6978547Z tests/test_lpips_compare.py::TestComparison::test_limits_to_max_pairs PASSED [ 50%]
Lint, Tests, Build	Tests unitaires avec couverture	2026-05-11T16:39:39.7148831Z tests/test_lpips_compare.py::TestComparison::test_median_of_5_pairs PASSED [ 50%]
Lint, Tests, Build	Tests unitaires avec couverture	2026-05-11T16:39:39.7172812Z tests/test_lpips_compare.py::TestComparison::test_missing_model_returns_insufficient PASSED [ 50%]
Lint, Tests, Build	Tests unitaires avec couverture	2026-05-11T16:39:39.7192382Z tests/test_lpips_compare.py::TestComparison::test_ort_absent_returns_insufficient PASSED [ 50%]
Lint, Tests, Build	Tests unitaires avec couverture	2026-05-11T16:39:39.7209887Z tests/test_lpips_compare.py::TestLpipsResult::test_frozen_dataclass PASSED [ 50%]
Lint, Tests, Build	Tests unitaires avec couverture	2026-05-11T16:39:39.7228624Z tests/test_lpips_compare.py::TestComparisonReportIntegration::test_with_lpips_insufficient_no_criterion PASSED [ 50%]
Lint, Tests, Build	Tests unitaires avec couverture	2026-05-11T16:39:39.7245618Z tests/test_lpips_compare.py::TestComparisonReportIntegration::test_with_lpips_result_adds_criterion PASSED [ 50%]
Lint, Tests, Build	Tests unitaires avec couverture	2026-05-11T16:39:39.7263863Z tests/test_lpips_compare.py::TestComparisonReportIntegration::test_without_lpips_result PASSED [ 51%]
Lint, Tests, Build	Tests unitaires avec couverture	2026-05-11T16:39:39.7305922Z tests/test_lpips_fallback.py::TestModelMissingGracefulOrchestrator::test_reset_cache_re_enables_warning PASSED [ 51%]
Lint, Tests, Build	Tests unitaires avec couverture	2026-05-11T16:39:39.7328771Z tests/test_lpips_fallback.py::TestModelMissingGracefulOrchestrator::test_returns_insufficient_data_when_model_missing PASSED [ 51%]
Lint, Tests, Build	Tests unitaires avec couverture	2026-05-11T16:39:39.7353322Z tests/test_lpips_fallback.py::TestModelMissingGracefulOrchestrator::test_warning_emitted_once_not_spammed PASSED [ 51%]
Lint, Tests, Build	Tests unitaires avec couverture	2026-05-11T16:39:39.7376447Z tests/test_lpips_fallback.py::TestModelMissingGracefulOrchestrator::test_warning_logged_with_reinstall_hint PASSED [ 51%]
Lint, Tests, Build	Tests unitaires avec couverture	2026-05-11T16:39:39.7402770Z tests/test_lpips_fallback.py::TestModelMissingGracefulLowLevel::test_distance_pair_returns_none_when_model_missing PASSED [ 51%]
Lint, Tests, Build	Tests unitaires avec couverture	2026-05-11T16:39:39.7422180Z tests/test_lpips_fallback.py::TestModelMissingGracefulLowLevel::test_distance_pair_returns_none_when_ort_missing PASSED [ 51%]
Lint, Tests, Build	Tests unitaires avec couverture	2026-05-11T16:39:39.7448532Z tests/test_lpips_fallback.py::TestModelMissingGracefulLowLevel::test_get_session_raises_file_not_found PASSED [ 51%]
Lint, Tests, Build	Tests unitaires avec couverture	2026-05-11T16:39:39.7474131Z tests/test_lpips_fallback.py::TestPipelineContinuesWithoutLpips::test_build_comparison_report_works_with_degraded_lpips PASSED [ 51%]
Lint, Tests, Build	Tests unitaires avec couverture	2026-05-11T16:39:39.7491306Z tests/test_lpips_fallback.py::TestPipelineContinuesWithoutLpips::test_composite_score_v2_handles_lpips_insufficient PASSED [ 51%]
Lint, Tests, Build	Tests unitaires avec couverture	2026-05-11T16:39:39.7508627Z tests/test_lpips_fallback.py::TestPipelineContinuesWithoutLpips::test_composite_score_v2_handles_lpips_none PASSED [ 51%]
Lint, Tests, Build	Tests unitaires avec couverture	2026-05-11T16:39:39.7525726Z tests/test_lpips_fallback.py::TestPublicSignatureUnchanged::test_compute_lpips_comparison_returns_lpips_result PASSED [ 51%]
Lint, Tests, Build	Tests unitaires avec couverture	2026-05-11T16:39:39.7543349Z tests/test_lpips_fallback.py::TestPublicSignatureUnchanged::test_lpips_result_fields PASSED [ 51%]
Lint, Tests, Build	Tests unitaires avec couverture	2026-05-11T16:39:39.7560695Z tests/test_mel_analysis.py::TestMelConversions::test_hz_to_mel_700_is_about_781 PASSED [ 51%]
Lint, Tests, Build	Tests unitaires avec couverture	2026-05-11T16:39:39.7576158Z tests/test_mel_analysis.py::TestMelConversions::test_hz_to_mel_zero PASSED [ 51%]
Lint, Tests, Build	Tests unitaires avec couverture	2026-05-11T16:39:39.7593072Z tests/test_mel_analysis.py::TestMelConversions::test_mel_to_hz_roundtrip PASSED [ 51%]
Lint, Tests, Build	Tests unitaires avec couverture	2026-05-11T16:39:39.7621668Z tests/test_mel_analysis.py::TestBuildMelFilterBank::test_filters_non_negative PASSED [ 51%]
Lint, Tests, Build	Tests unitaires avec couverture	2026-05-11T16:39:39.7643542Z tests/test_mel_analysis.py::TestBuildMelFilterBank::test_filters_peak_near_one PASSED [ 51%]
Lint, Tests, Build	Tests unitaires avec couverture	2026-05-11T16:39:39.7684285Z tests/test_mel_analysis.py::TestBuildMelFilterBank::test_shape PASSED    [ 51%]
Lint, Tests, Build	Tests unitaires avec couverture	2026-05-11T16:39:39.7714009Z tests/test_mel_analysis.py::TestApplyMelFilters::test_non_negative PASSED [ 51%]
Lint, Tests, Build	Tests unitaires avec couverture	2026-05-11T16:39:39.7761342Z tests/test_mel_analysis.py::TestApplyMelFilters::test_output_shape PASSED [ 51%]
Lint, Tests, Build	Tests unitaires avec couverture	2026-05-11T16:39:39.7779286Z tests/test_mel_analysis.py::TestMelToDb::test_clipped_range PASSED       [ 51%]
Lint, Tests, Build	Tests unitaires avec couverture	2026-05-11T16:39:39.7796571Z tests/test_mel_analysis.py::TestDetectSoftClipping::test_insufficient_empty PASSED [ 51%]
Lint, Tests, Build	Tests unitaires avec couverture	2026-05-11T16:39:39.7874615Z tests/test_mel_analysis.py::TestDetectSoftClipping::test_noisy_signal_variable PASSED [ 51%]
Lint, Tests, Build	Tests unitaires avec couverture	2026-05-11T16:39:39.7947964Z tests/test_mel_analysis.py::TestDetectSoftClipping::test_pure_tone_no_harmonics PASSED [ 51%]
Lint, Tests, Build	Tests unitaires avec couverture	2026-05-11T16:39:39.8084770Z tests/test_mel_analysis.py::TestDetectMp3Shelf::test_flat_spectrum_no_shelf PASSED [ 51%]
Lint, Tests, Build	Tests unitaires avec couverture	2026-05-11T16:39:39.8141162Z tests/test_mel_analysis.py::TestDetectMp3Shelf::test_low_sample_rate_no_shelf_mesurable PASSED [ 51%]
Lint, Tests, Build	Tests unitaires avec couverture	2026-05-11T16:39:39.8325234Z tests/test_mel_analysis.py::TestDetectMp3Shelf::test_lowpass_16k_detected_as_shelf PASSED [ 51%]
Lint, Tests, Build	Tests unitaires avec couverture	2026-05-11T16:39:39.8393901Z tests/test_mel_analysis.py::TestDetectAacHoles::test_constant_signal_many_bands_low_variance PASSED [ 51%]
Lint, Tests, Build	Tests unitaires avec couverture	2026-05-11T16:39:39.8409286Z tests/test_mel_analysis.py::TestDetectAacHoles::test_empty_insufficient PASSED [ 51%]
Lint, Tests, Build	Tests unitaires avec couverture	2026-05-11T16:39:39.8542926Z tests/test_mel_analysis.py::TestDetectAacHoles::test_flat_noise_no_severe_holes PASSED [ 51%]
Lint, Tests, Build	Tests unitaires avec couverture	2026-05-11T16:39:39.8562250Z tests/test_mel_analysis.py::TestSpectralFlatness::test_bounded PASSED    [ 51%]
Lint, Tests, Build	Tests unitaires avec couverture	2026-05-11T16:39:39.8578664Z tests/test_mel_analysis.py::TestSpectralFlatness::test_empty PASSED      [ 51%]
Lint, Tests, Build	Tests unitaires avec couverture	2026-05-11T16:39:39.8596150Z tests/test_mel_analysis.py::TestSpectralFlatness::test_peaky_spectrum_low_flatness PASSED [ 51%]
Lint, Tests, Build	Tests unitaires avec couverture	2026-05-11T16:39:39.8615672Z tests/test_mel_analysis.py::TestSpectralFlatness::test_uniform_spectrum_high_flatness PASSED [ 51%]
Lint, Tests, Build	Tests unitaires avec couverture	2026-05-11T16:39:39.8633197Z tests/test_mel_analysis.py::TestComputeMelScore::test_aac_severe_verdict PASSED [ 51%]
Lint, Tests, Build	Tests unitaires avec couverture	2026-05-11T16:39:39.8649291Z tests/test_mel_analysis.py::TestComputeMelScore::test_clean_all_low_metrics PASSED [ 51%]
Lint, Tests, Build	Tests unitaires avec couverture	2026-05-11T16:39:39.8664788Z tests/test_mel_analysis.py::TestComputeMelScore::test_mp3_shelf_verdict PASSED [ 51%]
Lint, Tests, Build	Tests unitaires avec couverture	2026-05-11T16:39:39.8681223Z tests/test_mel_analysis.py::TestComputeMelScore::test_soft_clip_severe_verdict PASSED [ 51%]
Lint, Tests, Build	Tests unitaires avec couverture	2026-05-11T16:39:39.8697979Z tests/test_mel_analysis.py::TestAnalyzeMel::test_empty_samples PASSED    [ 52%]
Lint, Tests, Build	Tests unitaires avec couverture	2026-05-11T16:39:39.8715141Z tests/test_mel_analysis.py::TestAnalyzeMel::test_insufficient_data_too_short PASSED [ 52%]
Lint, Tests, Build	Tests unitaires avec couverture	2026-05-11T16:39:39.8840512Z tests/test_mel_analysis.py::TestAnalyzeMel::test_lowpass_signal_flags_mp3 PASSED [ 52%]
Lint, Tests, Build	Tests unitaires avec couverture	2026-05-11T16:39:39.8939865Z tests/test_mel_analysis.py::TestAnalyzeMel::test_white_noise_produces_result PASSED [ 52%]
Lint, Tests, Build	Tests unitaires avec couverture	2026-05-11T16:39:39.8982384Z tests/test_mel_analysis.py::TestSettings::test_default_enabled PASSED    [ 52%]
Lint, Tests, Build	Tests unitaires avec couverture	2026-05-11T16:39:39.9042888Z tests/test_mel_analysis.py::TestSettings::test_roundtrip_false PASSED    [ 52%]
Lint, Tests, Build	Tests unitaires avec couverture	2026-05-11T16:39:39.9061582Z tests/test_mel_analysis.py::TestAudioPerceptualSerialization::test_mel_block_in_to_dict PASSED [ 52%]
Lint, Tests, Build	Tests unitaires avec couverture	2026-05-11T16:39:39.9087313Z tests/test_mel_analysis.py::TestSpecContainsMelAnalysis::test_hiddenimport PASSED [ 52%]
Lint, Tests, Build	Tests unitaires avec couverture	2026-05-11T16:39:39.9263103Z tests/test_merge_duplicates.py::MergeDuplicatesTests::test_apply_collision_quarantines_instead_of_overwrite PASSED [ 52%]
Lint, Tests, Build	Tests unitaires avec couverture	2026-05-11T16:39:39.9427185Z tests/test_merge_duplicates.py::MergeDuplicatesTests::test_apply_duplicate_identical_file_is_soft_deleted PASSED [ 52%]
Lint, Tests, Build	Tests unitaires avec couverture	2026-05-11T16:39:39.9578343Z tests/test_merge_duplicates.py::MergeDuplicatesTests::test_apply_merge_leftovers_go_to_leftovers_folder PASSED [ 52%]
Lint, Tests, Build	Tests unitaires avec couverture	2026-05-11T16:39:39.9719943Z tests/test_merge_duplicates.py::MergeDuplicatesTests::test_apply_merge_when_rename_target_exists_moves_files_and_removes_source_dir PASSED [ 52%]
Lint, Tests, Build	Tests unitaires avec couverture	2026-05-11T16:39:39.9780454Z tests/test_merge_duplicates.py::MergeDuplicatesTests::test_check_duplicates_marks_mergeable_not_blocking PASSED [ 52%]
Lint, Tests, Build	Tests unitaires avec couverture	2026-05-11T16:39:39.9968545Z tests/test_merge_duplicates.py::MergeDuplicatesTests::test_collection_folder_exists_merge_recursive PASSED [ 52%]
Lint, Tests, Build	Tests unitaires avec couverture	2026-05-11T16:39:40.0048285Z tests/test_merge_duplicates.py::MergeDuplicatesTests::test_collection_sidecar_dedup_avoids_redundant_operations_in_dry_run PASSED [ 52%]
Lint, Tests, Build	Tests unitaires avec couverture	2026-05-11T16:39:40.0254724Z tests/test_merge_duplicates.py::MergeDuplicatesTests::test_conflict_paths_are_unique PASSED [ 52%]
Lint, Tests, Build	Tests unitaires avec couverture	2026-05-11T16:39:40.0289376Z tests/test_merge_duplicates.py::MergeDuplicatesTests::test_is_under_collection_root_respects_configured_collection_folder PASSED [ 52%]
Lint, Tests, Build	Tests unitaires avec couverture	2026-05-11T16:39:40.0476314Z tests/test_merge_duplicates.py::MergeDuplicatesTests::test_sidecar_conflict_kept_both_does_not_block_merge PASSED [ 52%]
Lint, Tests, Build	Tests unitaires avec couverture	2026-05-11T16:39:40.0509755Z tests/test_merge_duplicates.py::MergeDuplicatesTests::test_single_folder_is_conform_requires_matching_title_and_year PASSED [ 52%]
Lint, Tests, Build	Tests unitaires avec couverture	2026-05-11T16:39:40.0527352Z tests/test_metadata_filters.py::TestParseIdetStderr::test_bff_dominant PASSED [ 52%]
Lint, Tests, Build	Tests unitaires avec couverture	2026-05-11T16:39:40.0543697Z tests/test_metadata_filters.py::TestParseIdetStderr::test_empty_stderr PASSED [ 52%]
Lint, Tests, Build	Tests unitaires avec couverture	2026-05-11T16:39:40.0559728Z tests/test_metadata_filters.py::TestParseIdetStderr::test_mixed_tff_bff PASSED [ 52%]
Lint, Tests, Build	Tests unitaires avec couverture	2026-05-11T16:39:40.0575832Z tests/test_metadata_filters.py::TestParseIdetStderr::test_no_match_unknown PASSED [ 52%]
Lint, Tests, Build	Tests unitaires avec couverture	2026-05-11T16:39:40.0591302Z tests/test_metadata_filters.py::TestParseIdetStderr::test_progressive_dominant PASSED [ 52%]
Lint, Tests, Build	Tests unitaires avec couverture	2026-05-11T16:39:40.0607743Z tests/test_metadata_filters.py::TestParseIdetStderr::test_tff_dominant_interlaced PASSED [ 52%]
Lint, Tests, Build	Tests unitaires avec couverture	2026-05-11T16:39:40.0634954Z tests/test_metadata_filters.py::TestDetectInterlacing::test_end_to_end_progressive PASSED [ 52%]
Lint, Tests, Build	Tests unitaires avec couverture	2026-05-11T16:39:40.0651023Z tests/test_metadata_filters.py::TestDetectInterlacing::test_missing_ffmpeg PASSED [ 52%]
Lint, Tests, Build	Tests unitaires avec couverture	2026-05-11T16:39:40.0674181Z tests/test_metadata_filters.py::TestDetectInterlacing::test_timeout_returns_unknown PASSED [ 52%]
Lint, Tests, Build	Tests unitaires avec couverture	2026-05-11T16:39:40.0691053Z tests/test_metadata_filters.py::TestParseLastCrop::test_empty PASSED     [ 52%]
Lint, Tests, Build	Tests unitaires avec couverture	2026-05-11T16:39:40.0706462Z tests/test_metadata_filters.py::TestParseLastCrop::test_multiple_keeps_last PASSED [ 52%]
Lint, Tests, Build	Tests unitaires avec couverture	2026-05-11T16:39:40.0722077Z tests/test_metadata_filters.py::TestParseLastCrop::test_no_match PASSED  [ 52%]
Lint, Tests, Build	Tests unitaires avec couverture	2026-05-11T16:39:40.0738298Z tests/test_metadata_filters.py::TestParseLastCrop::test_single_match PASSED [ 52%]
Lint, Tests, Build	Tests unitaires avec couverture	2026-05-11T16:39:40.0755219Z tests/test_metadata_filters.py::TestClassifyCrop::test_empty_segments_unknown PASSED [ 52%]
Lint, Tests, Build	Tests unitaires avec couverture	2026-05-11T16:39:40.0771039Z tests/test_metadata_filters.py::TestClassifyCrop::test_full_frame PASSED [ 52%]
Lint, Tests, Build	Tests unitaires avec couverture	2026-05-11T16:39:40.0786469Z tests/test_metadata_filters.py::TestClassifyCrop::test_letterbox_2_35 PASSED [ 52%]
Lint, Tests, Build	Tests unitaires avec couverture	2026-05-11T16:39:40.0802473Z tests/test_metadata_filters.py::TestClassifyCrop::test_letterbox_2_39 PASSED [ 52%]
Lint, Tests, Build	Tests unitaires avec couverture	2026-05-11T16:39:40.0818474Z tests/test_metadata_filters.py::TestClassifyCrop::test_letterbox_other PASSED [ 52%]
Lint, Tests, Build	Tests unitaires avec couverture	2026-05-11T16:39:40.0834219Z tests/test_metadata_filters.py::TestClassifyCrop::test_pillarbox PASSED  [ 52%]
Lint, Tests, Build	Tests unitaires avec couverture	2026-05-11T16:39:40.0850384Z tests/test_metadata_filters.py::TestClassifyCrop::test_windowbox PASSED  [ 52%]
Lint, Tests, Build	Tests unitaires avec couverture	2026-05-11T16:39:40.0871919Z tests/test_metadata_filters.py::TestDetectCropSingleSegment::test_end_to_end PASSED [ 52%]
Lint, Tests, Build	Tests unitaires avec couverture	2026-05-11T16:39:40.0892150Z tests/test_metadata_filters.py::TestDetectCropSingleSegment::test_no_crop_line PASSED [ 53%]
Lint, Tests, Build	Tests unitaires avec couverture	2026-05-11T16:39:40.0913196Z tests/test_metadata_filters.py::TestDetectCropSingleSegment::test_timeout PASSED [ 53%]
Lint, Tests, Build	Tests unitaires avec couverture	2026-05-11T16:39:40.0938531Z tests/test_metadata_filters.py::TestDetectCropMultiSegments::test_3_segments PASSED [ 53%]
Lint, Tests, Build	Tests unitaires avec couverture	2026-05-11T16:39:40.0955574Z tests/test_metadata_filters.py::TestParseMpdecimate::test_drops_and_keeps PASSED [ 53%]
Lint, Tests, Build	Tests unitaires avec couverture	2026-05-11T16:39:40.0970894Z tests/test_metadata_filters.py::TestParseMpdecimate::test_empty PASSED   [ 53%]
Lint, Tests, Build	Tests unitaires avec couverture	2026-05-11T16:39:40.0987755Z tests/test_metadata_filters.py::TestParseMpdecimate::test_no_matches PASSED [ 53%]
Lint, Tests, Build	Tests unitaires avec couverture	2026-05-11T16:39:40.1004251Z tests/test_metadata_filters.py::TestClassifyJudder::test_heavy PASSED    [ 53%]
Lint, Tests, Build	Tests unitaires avec couverture	2026-05-11T16:39:40.1019703Z tests/test_metadata_filters.py::TestClassifyJudder::test_light PASSED    [ 53%]
Lint, Tests, Build	Tests unitaires avec couverture	2026-05-11T16:39:40.1035461Z tests/test_metadata_filters.py::TestClassifyJudder::test_none PASSED     [ 53%]
Lint, Tests, Build	Tests unitaires avec couverture	2026-05-11T16:39:40.1051464Z tests/test_metadata_filters.py::TestClassifyJudder::test_pulldown PASSED [ 53%]
Lint, Tests, Build	Tests unitaires avec couverture	2026-05-11T16:39:40.1073405Z tests/test_metadata_filters.py::TestDetectJudder::test_end_to_end PASSED [ 53%]
Lint, Tests, Build	Tests unitaires avec couverture	2026-05-11T16:39:40.1094896Z tests/test_metadata_filters.py::TestDetectJudder::test_timeout_returns_none PASSED [ 53%]
Lint, Tests, Build	Tests unitaires avec couverture	2026-05-11T16:39:40.1112048Z tests/test_metadata_filters.py::TestClassifyImax::test_ar_143_full_frame PASSED [ 53%]
Lint, Tests, Build	Tests unitaires avec couverture	2026-05-11T16:39:40.1127899Z tests/test_metadata_filters.py::TestClassifyImax::test_ar_190_digital PASSED [ 53%]
Lint, Tests, Build	Tests unitaires avec couverture	2026-05-11T16:39:40.1143508Z tests/test_metadata_filters.py::TestClassifyImax::test_expansion_priority_over_container PASSED [ 53%]
Lint, Tests, Build	Tests unitaires avec couverture	2026-05-11T16:39:40.1159503Z tests/test_metadata_filters.py::TestClassifyImax::test_expansion_variable_ar PASSED [ 53%]
Lint, Tests, Build	Tests unitaires avec couverture	2026-05-11T16:39:40.1175643Z tests/test_metadata_filters.py::TestClassifyImax::test_native_high_resolution PASSED [ 53%]
Lint, Tests, Build	Tests unitaires avec couverture	2026-05-11T16:39:40.1191568Z tests/test_metadata_filters.py::TestClassifyImax::test_no_imax_standard PASSED [ 53%]
Lint, Tests, Build	Tests unitaires avec couverture	2026-05-11T16:39:40.1207918Z tests/test_metadata_filters.py::TestClassifyImax::test_tmdb_keyword_fallback PASSED [ 53%]
Lint, Tests, Build	Tests unitaires avec couverture	2026-05-11T16:39:40.1248394Z tests/test_metadata_filters.py::TestSettings::test_defaults PASSED       [ 53%]
Lint, Tests, Build	Tests unitaires avec couverture	2026-05-11T16:39:40.1308767Z tests/test_metadata_filters.py::TestSettings::test_roundtrip PASSED      [ 53%]
Lint, Tests, Build	Tests unitaires avec couverture	2026-05-11T16:39:40.1326718Z tests/test_metadata_filters.py::TestModelSerialization::test_video_perceptual_blocks PASSED [ 53%]
Lint, Tests, Build	Tests unitaires avec couverture	2026-05-11T16:39:40.1349164Z tests/test_metadata_filters.py::TestSpecContainsMetadataAnalysis::test_hiddenimport PASSED [ 53%]
Lint, Tests, Build	Tests unitaires avec couverture	2026-05-11T16:39:40.2435702Z tests/test_migration_021.py::FreshMigration021Tests::test_anomalies_fk_cascade PASSED [ 53%]
Lint, Tests, Build	Tests unitaires avec couverture	2026-05-11T16:39:40.3478739Z tests/test_migration_021.py::FreshMigration021Tests::test_apply_operations_fk_cascade PASSED [ 53%]
Lint, Tests, Build	Tests unitaires avec couverture	2026-05-11T16:39:40.4496484Z tests/test_migration_021.py::FreshMigration021Tests::test_errors_fk_cascade PASSED [ 53%]
Lint, Tests, Build	Tests unitaires avec couverture	2026-05-11T16:39:40.5560930Z tests/test_migration_021.py::FreshMigration021Tests::test_indexes_preserved_anomalies PASSED [ 53%]
Lint, Tests, Build	Tests unitaires avec couverture	2026-05-11T16:39:40.6687353Z tests/test_migration_021.py::FreshMigration021Tests::test_indexes_preserved_apply_operations PASSED [ 53%]
Lint, Tests, Build	Tests unitaires avec couverture	2026-05-11T16:39:40.7819270Z tests/test_migration_021.py::FreshMigration021Tests::test_indexes_preserved_errors PASSED [ 53%]
Lint, Tests, Build	Tests unitaires avec couverture	2026-05-11T16:39:40.9067502Z tests/test_migration_021.py::FreshMigration021Tests::test_indexes_preserved_quality_reports PASSED [ 53%]
Lint, Tests, Build	Tests unitaires avec couverture	2026-05-11T16:39:41.0454144Z tests/test_migration_021.py::FreshMigration021Tests::test_quality_reports_fk_cascade PASSED [ 53%]
Lint, Tests, Build	Tests unitaires avec couverture	2026-05-11T16:39:41.1865722Z tests/test_migration_021.py::FreshMigration021Tests::test_user_version_at_least_21 PASSED [ 53%]
Lint, Tests, Build	Tests unitaires avec couverture	2026-05-11T16:39:41.3520947Z tests/test_migration_021.py::CascadeBehaviorTests::test_delete_batch_cascades_apply_operations PASSED [ 53%]
Lint, Tests, Build	Tests unitaires avec couverture	2026-05-11T16:39:41.4972735Z tests/test_migration_021.py::CascadeBehaviorTests::test_delete_run_cascades_anomalies PASSED [ 53%]
Lint, Tests, Build	Tests unitaires avec couverture	2026-05-11T16:39:41.6604606Z tests/test_migration_021.py::CascadeBehaviorTests::test_delete_run_cascades_errors PASSED [ 53%]
Lint, Tests, Build	Tests unitaires avec couverture	2026-05-11T16:39:41.8152464Z tests/test_migration_021.py::CascadeBehaviorTests::test_delete_run_cascades_quality_reports PASSED [ 53%]
Lint, Tests, Build	Tests unitaires avec couverture	2026-05-11T16:39:41.9783905Z tests/test_migration_021.py::CascadeBehaviorTests::test_delete_run_cascades_to_apply_chain PASSED [ 53%]
Lint, Tests, Build	Tests unitaires avec couverture	2026-05-11T16:39:42.2058207Z tests/test_migration_021.py::ExistingDbMigrationTests::test_v20_to_v21_filters_orphan_quality_reports PASSED [ 53%]
Lint, Tests, Build	Tests unitaires avec couverture	2026-05-11T16:39:42.4832257Z tests/test_migration_021.py::ExistingDbMigrationTests::test_v20_to_v21_preserves_data PASSED [ 53%]
Lint, Tests, Build	Tests unitaires avec couverture	2026-05-11T16:39:42.6184543Z tests/test_migration_021.py::IdempotenceTests::test_double_apply_is_noop PASSED [ 54%]
Lint, Tests, Build	Tests unitaires avec couverture	2026-05-11T16:39:42.6213621Z tests/test_migration_chain.py::MigrationChainAppliesCleanlyTests::test_all_migrations_are_sequentially_numbered PASSED [ 54%]
Lint, Tests, Build	Tests unitaires avec couverture	2026-05-11T16:39:42.7233385Z tests/test_migration_chain.py::MigrationChainAppliesCleanlyTests::test_apply_reaches_latest_version PASSED [ 54%]
Lint, Tests, Build	Tests unitaires avec couverture	2026-05-11T16:39:42.8289748Z tests/test_migration_chain.py::MigrationChainAppliesCleanlyTests::test_at_least_one_cascade_fk_exists PASSED [ 54%]
Lint, Tests, Build	Tests unitaires avec couverture	2026-05-11T16:39:42.9355648Z tests/test_migration_chain.py::MigrationChainAppliesCleanlyTests::test_critical_tables_exist_after_full_chain PASSED [ 54%]
Lint, Tests, Build	Tests unitaires avec couverture	2026-05-11T16:39:43.0390658Z tests/test_migration_chain.py::MigrationChainAppliesCleanlyTests::test_each_step_bumps_user_version PASSED [ 54%]
Lint, Tests, Build	Tests unitaires avec couverture	2026-05-11T16:39:43.1401137Z tests/test_migration_chain.py::MigrationChainAppliesCleanlyTests::test_foreign_keys_pragma_enabled PASSED [ 54%]
Lint, Tests, Build	Tests unitaires avec couverture	2026-05-11T16:39:43.2511139Z tests/test_migration_chain.py::MigrationChainAppliesCleanlyTests::test_integrity_check_clean_after_chain PASSED [ 54%]
Lint, Tests, Build	Tests unitaires avec couverture	2026-05-11T16:39:43.3901960Z tests/test_migration_chain.py::MigrationChainIdempotenceTests::test_double_apply_preserves_data PASSED [ 54%]
Lint, Tests, Build	Tests unitaires avec couverture	2026-05-11T16:39:43.5226399Z tests/test_migration_chain.py::MigrationChainIdempotenceTests::test_double_apply_returns_same_version PASSED [ 54%]
Lint, Tests, Build	Tests unitaires avec couverture	2026-05-11T16:39:43.7157547Z tests/test_migration_chain.py::MigrationChainIdempotenceTests::test_idempotent_alter_table_tolerated PASSED [ 54%]
Lint, Tests, Build	Tests unitaires avec couverture	2026-05-11T16:39:43.7201983Z tests/test_migration_chain.py::BootstrapScriptTests::test_bootstrap_script_contains_critical_tables PASSED [ 54%]
Lint, Tests, Build	Tests unitaires avec couverture	2026-05-11T16:39:43.7247013Z tests/test_migration_chain.py::BootstrapScriptTests::test_bootstrap_script_non_empty PASSED [ 54%]
Lint, Tests, Build	Tests unitaires avec couverture	2026-05-11T16:39:43.8581666Z tests/test_migration_chain.py::MigrationOnEmptyDbTests::test_apply_on_brand_new_db PASSED [ 54%]
Lint, Tests, Build	Tests unitaires avec couverture	2026-05-11T16:39:43.8599275Z tests/test_mkv_title.py::CheckContainerTitleTests::test_different_clean_title PASSED [ 54%]
Lint, Tests, Build	Tests unitaires avec couverture	2026-05-11T16:39:43.8615628Z tests/test_mkv_title.py::CheckContainerTitleTests::test_empty_container_title PASSED [ 54%]
Lint, Tests, Build	Tests unitaires avec couverture	2026-05-11T16:39:43.8632552Z tests/test_mkv_title.py::CheckContainerTitleTests::test_empty_proposed_title PASSED [ 54%]
Lint, Tests, Build	Tests unitaires avec couverture	2026-05-11T16:39:43.8648249Z tests/test_mkv_title.py::CheckContainerTitleTests::test_identical_case_insensitive PASSED [ 54%]
Lint, Tests, Build	Tests unitaires avec couverture	2026-05-11T16:39:43.8664324Z tests/test_mkv_title.py::CheckContainerTitleTests::test_identical_title PASSED [ 54%]
Lint, Tests, Build	Tests unitaires avec couverture	2026-05-11T16:39:43.8680612Z tests/test_mkv_title.py::CheckContainerTitleTests::test_mp4_with_different_title PASSED [ 54%]
Lint, Tests, Build	Tests unitaires avec couverture	2026-05-11T16:39:43.8696768Z tests/test_mkv_title.py::CheckContainerTitleTests::test_null_container_title PASSED [ 54%]
Lint, Tests, Build	Tests unitaires avec couverture	2026-05-11T16:39:43.8713179Z tests/test_mkv_title.py::CheckContainerTitleTests::test_scene_title_mismatch PASSED [ 54%]
Lint, Tests, Build	Tests unitaires avec couverture	2026-05-11T16:39:43.8730006Z tests/test_mkv_title.py::SceneTitleDetectionTests::test_clean_title PASSED [ 54%]
Lint, Tests, Build	Tests unitaires avec couverture	2026-05-11T16:39:43.8746828Z tests/test_mkv_title.py::SceneTitleDetectionTests::test_single_pattern PASSED [ 54%]
Lint, Tests, Build	Tests unitaires avec couverture	2026-05-11T16:39:43.8763037Z tests/test_mkv_title.py::SceneTitleDetectionTests::test_typical_scene PASSED [ 54%]
Lint, Tests, Build	Tests unitaires avec couverture	2026-05-11T16:39:43.8779667Z tests/test_mkv_title.py::SceneTitleDetectionTests::test_year_and_codec PASSED [ 54%]
Lint, Tests, Build	Tests unitaires avec couverture	2026-05-11T16:39:43.8797619Z tests/test_mkv_title.py::ProbeExtractionTests::test_ffprobe_extracts_container_title PASSED [ 54%]
Lint, Tests, Build	Tests unitaires avec couverture	2026-05-11T16:39:43.8815389Z tests/test_mkv_title.py::ProbeExtractionTests::test_ffprobe_no_title PASSED [ 54%]
Lint, Tests, Build	Tests unitaires avec couverture	2026-05-11T16:39:43.8831933Z tests/test_mkv_title.py::ProbeExtractionTests::test_mediainfo_extracts_container_title PASSED [ 54%]
Lint, Tests, Build	Tests unitaires avec couverture	2026-05-11T16:39:43.8847894Z tests/test_mkv_title.py::ProbeExtractionTests::test_mediainfo_movie_field PASSED [ 54%]
Lint, Tests, Build	Tests unitaires avec couverture	2026-05-11T16:39:43.8864596Z tests/test_mkv_title.py::ProbeExtractionTests::test_normalized_probe_has_container_title PASSED [ 54%]
Lint, Tests, Build	Tests unitaires avec couverture	2026-05-11T16:39:43.8883171Z tests/test_mkv_title.py::MkvTitleUiTests::test_app_css_has_mkv_title SKIPPED [ 54%]
Lint, Tests, Build	Tests unitaires avec couverture	2026-05-11T16:39:43.8901048Z tests/test_mkv_title.py::MkvTitleUiTests::test_dash_css_has_mkv_title SKIPPED [ 54%]
Lint, Tests, Build	Tests unitaires avec couverture	2026-05-11T16:39:43.8918912Z tests/test_mkv_title.py::MkvTitleUiTests::test_review_js_has_mkv_title_badge SKIPPED [ 54%]
Lint, Tests, Build	Tests unitaires avec couverture	2026-05-11T16:39:43.8937974Z tests/test_mkv_title.py::MkvTitleUiTests::test_validation_js_has_mkv_title_badge SKIPPED [ 54%]
Lint, Tests, Build	Tests unitaires avec couverture	2026-05-11T16:39:43.8960220Z tests/test_modal_focus_trap_contract.py::ModalFocusTrapContractTests::test_focus_trap_loops_with_tab_and_shift_tab PASSED [ 54%]
Lint, Tests, Build	Tests unitaires avec couverture	2026-05-11T16:39:43.8976555Z tests/test_modal_focus_trap_contract.py::ModalFocusTrapContractTests::test_modal_keydown_keeps_escape_and_restore_focus PASSED [ 54%]
Lint, Tests, Build	Tests unitaires avec couverture	2026-05-11T16:39:43.8993776Z tests/test_modal_focus_trap_contract.py::ModalFocusTrapContractTests::test_modal_module_exposes_focusable_helper PASSED [ 54%]
Lint, Tests, Build	Tests unitaires avec couverture	2026-05-11T16:39:43.9010557Z tests/test_multi_root.py::TestPlanRowSourceRoot::test_can_set_source_root PASSED [ 54%]
Lint, Tests, Build	Tests unitaires avec couverture	2026-05-11T16:39:43.9027125Z tests/test_multi_root.py::TestPlanRowSourceRoot::test_default_is_none PASSED [ 54%]
Lint, Tests, Build	Tests unitaires avec couverture	2026-05-11T16:39:43.9044698Z tests/test_multi_root.py::TestMergeStats::test_merges_dict_fields PASSED [ 55%]
Lint, Tests, Build	Tests unitaires avec couverture	2026-05-11T16:39:43.9061112Z tests/test_multi_root.py::TestMergeStats::test_merges_incremental_cache_stats PASSED [ 55%]
Lint, Tests, Build	Tests unitaires avec couverture	2026-05-11T16:39:43.9077820Z tests/test_multi_root.py::TestMergeStats::test_merges_int_fields PASSED  [ 55%]
Lint, Tests, Build	Tests unitaires avec couverture	2026-05-11T16:39:43.9095148Z tests/test_multi_root.py::TestDetectCrossRootDuplicates::test_case_insensitive_title PASSED [ 55%]
Lint, Tests, Build	Tests unitaires avec couverture	2026-05-11T16:39:43.9112157Z tests/test_multi_root.py::TestDetectCrossRootDuplicates::test_detects_cross_root_duplicate PASSED [ 55%]
Lint, Tests, Build	Tests unitaires avec couverture	2026-05-11T16:39:43.9128381Z tests/test_multi_root.py::TestDetectCrossRootDuplicates::test_no_duplicates PASSED [ 55%]
Lint, Tests, Build	Tests unitaires avec couverture	2026-05-11T16:39:43.9144950Z tests/test_multi_root.py::TestDetectCrossRootDuplicates::test_same_root_not_flagged PASSED [ 55%]
Lint, Tests, Build	Tests unitaires avec couverture	2026-05-11T16:39:43.9199210Z tests/test_multi_root.py::TestPlanMultiRoots::test_inaccessible_root_skipped PASSED [ 55%]
Lint, Tests, Build	Tests unitaires avec couverture	2026-05-11T16:39:43.9356107Z tests/test_multi_root.py::TestPlanMultiRoots::test_single_root_backward_compat FAILED [ 55%]
Lint, Tests, Build	Tests unitaires avec couverture	2026-05-11T16:39:43.9417417Z tests/test_multi_root.py::TestPlanMultiRoots::test_source_root_is_set_on_rows PASSED [ 55%]
Lint, Tests, Build	Tests unitaires avec couverture	2026-05-11T16:39:43.9435143Z tests/test_multi_root.py::TestMigrateRootToRoots::test_empty_root PASSED [ 55%]
Lint, Tests, Build	Tests unitaires avec couverture	2026-05-11T16:39:43.9451460Z tests/test_multi_root.py::TestMigrateRootToRoots::test_legacy_root_migrated PASSED [ 55%]
Lint, Tests, Build	Tests unitaires avec couverture	2026-05-11T16:39:43.9467231Z tests/test_multi_root.py::TestMigrateRootToRoots::test_no_root_at_all PASSED [ 55%]
Lint, Tests, Build	Tests unitaires avec couverture	2026-05-11T16:39:43.9483474Z tests/test_multi_root.py::TestMigrateRootToRoots::test_roots_already_present PASSED [ 55%]
Lint, Tests, Build	Tests unitaires avec couverture	2026-05-11T16:39:43.9500066Z tests/test_multi_root.py::TestMigrateRootToRoots::test_roots_not_list PASSED [ 55%]
Lint, Tests, Build	Tests unitaires avec couverture	2026-05-11T16:39:43.9524205Z tests/test_multi_root.py::TestValidateRoots::test_deduplicates PASSED    [ 55%]
Lint, Tests, Build	Tests unitaires avec couverture	2026-05-11T16:39:43.9541250Z tests/test_multi_root.py::TestValidateRoots::test_detects_inaccessible PASSED [ 55%]
Lint, Tests, Build	Tests unitaires avec couverture	2026-05-11T16:39:43.9569287Z tests/test_multi_root.py::TestValidateRoots::test_detects_nested_roots PASSED [ 55%]
Lint, Tests, Build	Tests unitaires avec couverture	2026-05-11T16:39:43.9586296Z tests/test_multi_root.py::TestValidateRoots::test_empty_list PASSED      [ 55%]
Lint, Tests, Build	Tests unitaires avec couverture	2026-05-11T16:39:43.9603143Z tests/test_multi_root.py::TestValidateRoots::test_strips_empty PASSED    [ 55%]
Lint, Tests, Build	Tests unitaires avec couverture	2026-05-11T16:39:43.9626373Z tests/test_multi_root.py::TestResolveRootsFromPayload::test_empty_root_error PASSED [ 55%]
Lint, Tests, Build	Tests unitaires avec couverture	2026-05-11T16:39:43.9648721Z tests/test_multi_root.py::TestResolveRootsFromPayload::test_fallback_to_root_string PASSED [ 55%]
Lint, Tests, Build	Tests unitaires avec couverture	2026-05-11T16:39:43.9672844Z tests/test_multi_root.py::TestResolveRootsFromPayload::test_roots_from_payload PASSED [ 55%]
Lint, Tests, Build	Tests unitaires avec couverture	2026-05-11T16:39:43.9692070Z tests/test_naming.py::PresetTests::test_custom_preset_default PASSED     [ 55%]
Lint, Tests, Build	Tests unitaires avec couverture	2026-05-11T16:39:43.9708686Z tests/test_naming.py::PresetTests::test_default_preset PASSED            [ 55%]
Lint, Tests, Build	Tests unitaires avec couverture	2026-05-11T16:39:43.9725078Z tests/test_naming.py::PresetTests::test_default_tv_preset PASSED         [ 55%]
Lint, Tests, Build	Tests unitaires avec couverture	2026-05-11T16:39:43.9741398Z tests/test_naming.py::PresetTests::test_jellyfin_preset PASSED           [ 55%]
Lint, Tests, Build	Tests unitaires avec couverture	2026-05-11T16:39:43.9757187Z tests/test_naming.py::PresetTests::test_plex_preset PASSED               [ 55%]
Lint, Tests, Build	Tests unitaires avec couverture	2026-05-11T16:39:43.9774059Z tests/test_naming.py::PresetTests::test_quality_preset PASSED            [ 55%]
Lint, Tests, Build	Tests unitaires avec couverture	2026-05-11T16:39:43.9791617Z tests/test_naming.py::VariablesManquantesTests::test_codec_et_resolution_manquants PASSED [ 55%]
Lint, Tests, Build	Tests unitaires avec couverture	2026-05-11T16:39:43.9808524Z tests/test_naming.py::VariablesManquantesTests::test_resolution_manquante_jellyfin PASSED [ 55%]
Lint, Tests, Build	Tests unitaires avec couverture	2026-05-11T16:39:43.9824841Z tests/test_naming.py::VariablesManquantesTests::test_tmdb_id_manquant_plex PASSED [ 55%]
Lint, Tests, Build	Tests unitaires avec couverture	2026-05-11T16:39:43.9841152Z tests/test_naming.py::VariablesManquantesTests::test_toutes_variables_manquantes_sauf_title PASSED [ 55%]
Lint, Tests, Build	Tests unitaires avec couverture	2026-05-11T16:39:43.9858068Z tests/test_naming.py::AnneeTests::test_annee_zero PASSED                 [ 55%]
Lint, Tests, Build	Tests unitaires avec couverture	2026-05-11T16:39:43.9874814Z tests/test_naming.py::AnneeTests::test_annee_zero_avec_resolution PASSED [ 55%]
Lint, Tests, Build	Tests unitaires avec couverture	2026-05-11T16:39:43.9892081Z tests/test_naming.py::TmdbTagTests::test_tmdb_tag_avec_id PASSED         [ 55%]
Lint, Tests, Build	Tests unitaires avec couverture	2026-05-11T16:39:43.9908899Z tests/test_naming.py::TmdbTagTests::test_tmdb_tag_sans_id PASSED         [ 55%]
Lint, Tests, Build	Tests unitaires avec couverture	2026-05-11T16:39:43.9926658Z tests/test_naming.py::WindowsSafeTests::test_caracteres_interdits_dans_titre PASSED [ 55%]
Lint, Tests, Build	Tests unitaires avec couverture	2026-05-11T16:39:43.9946514Z tests/test_naming.py::WindowsSafeTests::test_emoji_dans_titre PASSED     [ 55%]
Lint, Tests, Build	Tests unitaires avec couverture	2026-05-11T16:39:43.9963483Z tests/test_naming.py::WindowsSafeTests::test_unicode_accents PASSED      [ 56%]
Lint, Tests, Build	Tests unitaires avec couverture	2026-05-11T16:39:43.9980607Z tests/test_naming.py::ValidateTemplateTests::test_accolade_non_fermee PASSED [ 56%]
Lint, Tests, Build	Tests unitaires avec couverture	2026-05-11T16:39:43.9996125Z tests/test_naming.py::ValidateTemplateTests::test_avec_series PASSED     [ 56%]
Lint, Tests, Build	Tests unitaires avec couverture	2026-05-11T16:39:44.0012482Z tests/test_naming.py::ValidateTemplateTests::test_sans_title_ni_series PASSED [ 56%]
Lint, Tests, Build	Tests unitaires avec couverture	2026-05-11T16:39:44.0028746Z tests/test_naming.py::ValidateTemplateTests::test_template_valide PASSED [ 56%]
Lint, Tests, Build	Tests unitaires avec couverture	2026-05-11T16:39:44.0045081Z tests/test_naming.py::ValidateTemplateTests::test_template_valide_complexe PASSED [ 56%]
Lint, Tests, Build	Tests unitaires avec couverture	2026-05-11T16:39:44.0061291Z tests/test_naming.py::ValidateTemplateTests::test_template_vide PASSED   [ 56%]
Lint, Tests, Build	Tests unitaires avec couverture	2026-05-11T16:39:44.0078397Z tests/test_naming.py::ValidateTemplateTests::test_toutes_variables_connues PASSED [ 56%]
Lint, Tests, Build	Tests unitaires avec couverture	2026-05-11T16:39:44.0094559Z tests/test_naming.py::ValidateTemplateTests::test_variable_inconnue PASSED [ 56%]
Lint, Tests, Build	Tests unitaires avec couverture	2026-05-11T16:39:44.0111977Z tests/test_naming.py::FallbackTests::test_resultat_vide_apres_substitution PASSED [ 56%]
Lint, Tests, Build	Tests unitaires avec couverture	2026-05-11T16:39:44.0128401Z tests/test_naming.py::FallbackTests::test_template_none_fallback PASSED  [ 56%]
Lint, Tests, Build	Tests unitaires avec couverture	2026-05-11T16:39:44.0145250Z tests/test_naming.py::FallbackTests::test_template_vide_fallback PASSED  [ 56%]
Lint, Tests, Build	Tests unitaires avec couverture	2026-05-11T16:39:44.0162554Z tests/test_naming.py::BuildNamingContextTests::test_annee_zero_donne_vide PASSED [ 56%]
Lint, Tests, Build	Tests unitaires avec couverture	2026-05-11T16:39:44.0178798Z tests/test_naming.py::BuildNamingContextTests::test_channels_2 PASSED    [ 56%]
Lint, Tests, Build	Tests unitaires avec couverture	2026-05-11T16:39:44.0194815Z tests/test_naming.py::BuildNamingContextTests::test_contexte_avec_probe PASSED [ 56%]
Lint, Tests, Build	Tests unitaires avec couverture	2026-05-11T16:39:44.0211216Z tests/test_naming.py::BuildNamingContextTests::test_contexte_avec_qualite PASSED [ 56%]
Lint, Tests, Build	Tests unitaires avec couverture	2026-05-11T16:39:44.0228072Z tests/test_naming.py::BuildNamingContextTests::test_contexte_avec_tmdb PASSED [ 56%]
Lint, Tests, Build	Tests unitaires avec couverture	2026-05-11T16:39:44.0244421Z tests/test_naming.py::BuildNamingContextTests::test_contexte_minimal PASSED [ 56%]
Lint, Tests, Build	Tests unitaires avec couverture	2026-05-11T16:39:44.0260748Z tests/test_naming.py::BuildNamingContextTests::test_contexte_sans_probe PASSED [ 56%]
Lint, Tests, Build	Tests unitaires avec couverture	2026-05-11T16:39:44.0276623Z tests/test_naming.py::BuildNamingContextTests::test_contexte_tv PASSED   [ 56%]
Lint, Tests, Build	Tests unitaires avec couverture	2026-05-11T16:39:44.0292811Z tests/test_naming.py::BuildNamingContextTests::test_hdr_dolby_vision PASSED [ 56%]
Lint, Tests, Build	Tests unitaires avec couverture	2026-05-11T16:39:44.0309140Z tests/test_naming.py::BuildNamingContextTests::test_resolution_2160 PASSED [ 56%]
Lint, Tests, Build	Tests unitaires avec couverture	2026-05-11T16:39:44.0325823Z tests/test_naming.py::BuildNamingContextTests::test_resolution_720 PASSED [ 56%]
Lint, Tests, Build	Tests unitaires avec couverture	2026-05-11T16:39:44.0342215Z tests/test_naming.py::PathLengthTests::test_path_court_pas_de_warning PASSED [ 56%]
Lint, Tests, Build	Tests unitaires avec couverture	2026-05-11T16:39:44.0357978Z tests/test_naming.py::PathLengthTests::test_path_exact_240_pas_de_warning PASSED [ 56%]
Lint, Tests, Build	Tests unitaires avec couverture	2026-05-11T16:39:44.0375597Z tests/test_naming.py::PathLengthTests::test_path_long_warning PASSED     [ 56%]
Lint, Tests, Build	Tests unitaires avec couverture	2026-05-11T16:39:44.0394894Z tests/test_naming.py::PreviewMockTests::test_mock_context_has_all_vars PASSED [ 56%]
Lint, Tests, Build	Tests unitaires avec couverture	2026-05-11T16:39:44.0411446Z tests/test_naming.py::PreviewMockTests::test_mock_produces_correct_default PASSED [ 56%]
Lint, Tests, Build	Tests unitaires avec couverture	2026-05-11T16:39:44.0429050Z tests/test_naming.py::FolderMatchesTemplateTests::test_annee_manquante PASSED [ 56%]
Lint, Tests, Build	Tests unitaires avec couverture	2026-05-11T16:39:44.0445741Z tests/test_naming.py::FolderMatchesTemplateTests::test_case_insensitive PASSED [ 56%]
Lint, Tests, Build	Tests unitaires avec couverture	2026-05-11T16:39:44.0462427Z tests/test_naming.py::FolderMatchesTemplateTests::test_default_template_match PASSED [ 56%]
Lint, Tests, Build	Tests unitaires avec couverture	2026-05-11T16:39:44.0479260Z tests/test_naming.py::FolderMatchesTemplateTests::test_default_template_no_match PASSED [ 56%]
Lint, Tests, Build	Tests unitaires avec couverture	2026-05-11T16:39:44.0495153Z tests/test_naming.py::FolderMatchesTemplateTests::test_empty_title PASSED [ 56%]
Lint, Tests, Build	Tests unitaires avec couverture	2026-05-11T16:39:44.0511591Z tests/test_naming.py::FolderMatchesTemplateTests::test_jellyfin_template_match_no_probe PASSED [ 56%]
Lint, Tests, Build	Tests unitaires avec couverture	2026-05-11T16:39:44.0530221Z tests/test_naming.py::FolderMatchesTemplateTests::test_old_format_avec_nouveau_template PASSED [ 56%]
Lint, Tests, Build	Tests unitaires avec couverture	2026-05-11T16:39:44.0548264Z tests/test_naming.py::FolderMatchesTemplateTests::test_plex_template_match_without_tmdb PASSED [ 56%]
Lint, Tests, Build	Tests unitaires avec couverture	2026-05-11T16:39:44.0565489Z tests/test_naming.py::FolderMatchesTemplateTests::test_quality_template_match_no_probe PASSED [ 56%]
Lint, Tests, Build	Tests unitaires avec couverture	2026-05-11T16:39:44.0582481Z tests/test_naming.py::FolderMatchesTemplateTests::test_titre_avec_caracteres_speciaux PASSED [ 56%]
Lint, Tests, Build	Tests unitaires avec couverture	2026-05-11T16:39:44.0600364Z tests/test_naming.py::SingleFolderIsConformWithTemplateTests::test_conform_fallback_without_template PASSED [ 56%]
Lint, Tests, Build	Tests unitaires avec couverture	2026-05-11T16:39:44.0617456Z tests/test_naming.py::SingleFolderIsConformWithTemplateTests::test_conform_with_default_template PASSED [ 56%]
Lint, Tests, Build	Tests unitaires avec couverture	2026-05-11T16:39:44.0735032Z tests/test_naming.py::NamingSettingsTests::test_custom_template_preserved PASSED [ 57%]
Lint, Tests, Build	Tests unitaires avec couverture	2026-05-11T16:39:44.0791246Z tests/test_naming.py::NamingSettingsTests::test_default_naming_settings PASSED [ 57%]
Lint, Tests, Build	Tests unitaires avec couverture	2026-05-11T16:39:44.0906050Z tests/test_naming.py::NamingSettingsTests::test_invalid_custom_template_fallback PASSED [ 57%]
Lint, Tests, Build	Tests unitaires avec couverture	2026-05-11T16:39:44.1017125Z tests/test_naming.py::NamingSettingsTests::test_invalid_preset_fallback PASSED [ 57%]
Lint, Tests, Build	Tests unitaires avec couverture	2026-05-11T16:39:44.1127100Z tests/test_naming.py::NamingSettingsTests::test_save_plex_preset PASSED  [ 57%]
Lint, Tests, Build	Tests unitaires avec couverture	2026-05-11T16:39:44.1180687Z tests/test_naming.py::PreviewNamingEndpointTests::test_get_naming_presets PASSED [ 57%]
Lint, Tests, Build	Tests unitaires avec couverture	2026-05-11T16:39:44.1233601Z tests/test_naming.py::PreviewNamingEndpointTests::test_preview_default_template PASSED [ 57%]
Lint, Tests, Build	Tests unitaires avec couverture	2026-05-11T16:39:44.1286287Z tests/test_naming.py::PreviewNamingEndpointTests::test_preview_empty_template_uses_default PASSED [ 57%]
Lint, Tests, Build	Tests unitaires avec couverture	2026-05-11T16:39:44.1339165Z tests/test_naming.py::PreviewNamingEndpointTests::test_preview_invalid_template PASSED [ 57%]
Lint, Tests, Build	Tests unitaires avec couverture	2026-05-11T16:39:44.1391253Z tests/test_naming.py::PreviewNamingEndpointTests::test_preview_jellyfin_template PASSED [ 57%]
Lint, Tests, Build	Tests unitaires avec couverture	2026-05-11T16:39:44.1445686Z tests/test_naming.py::PreviewNamingEndpointTests::test_preview_plex_template PASSED [ 57%]
Lint, Tests, Build	Tests unitaires avec couverture	2026-05-11T16:39:44.1471184Z tests/test_naming_ui.py::NamingHtmlStructureTests::test_movie_template_input PASSED [ 57%]
Lint, Tests, Build	Tests unitaires avec couverture	2026-05-11T16:39:44.1487822Z tests/test_naming_ui.py::NamingHtmlStructureTests::test_preset_dropdown_present PASSED [ 57%]
Lint, Tests, Build	Tests unitaires avec couverture	2026-05-11T16:39:44.1504834Z tests/test_naming_ui.py::NamingHtmlStructureTests::test_preset_has_5_options PASSED [ 57%]
Lint, Tests, Build	Tests unitaires avec couverture	2026-05-11T16:39:44.1520650Z tests/test_naming_ui.py::NamingHtmlStructureTests::test_preview_zone PASSED [ 57%]
Lint, Tests, Build	Tests unitaires avec couverture	2026-05-11T16:39:44.1536560Z tests/test_naming_ui.py::NamingHtmlStructureTests::test_section_eyebrow PASSED [ 57%]
Lint, Tests, Build	Tests unitaires avec couverture	2026-05-11T16:39:44.1552442Z tests/test_naming_ui.py::NamingHtmlStructureTests::test_tv_template_input PASSED [ 57%]
Lint, Tests, Build	Tests unitaires avec couverture	2026-05-11T16:39:44.1569320Z tests/test_naming_ui.py::NamingHtmlStructureTests::test_variables_list_displayed PASSED [ 57%]
Lint, Tests, Build	Tests unitaires avec couverture	2026-05-11T16:39:44.1590729Z tests/test_naming_ui.py::NamingJsStructureTests::test_fetch_naming_preview PASSED [ 57%]
Lint, Tests, Build	Tests unitaires avec couverture	2026-05-11T16:39:44.1606681Z tests/test_naming_ui.py::NamingJsStructureTests::test_gather_includes_naming PASSED [ 57%]
Lint, Tests, Build	Tests unitaires avec couverture	2026-05-11T16:39:44.1621874Z tests/test_naming_ui.py::NamingJsStructureTests::test_hook_naming_events PASSED [ 57%]
Lint, Tests, Build	Tests unitaires avec couverture	2026-05-11T16:39:44.1637689Z tests/test_naming_ui.py::NamingJsStructureTests::test_load_naming_preset PASSED [ 57%]
Lint, Tests, Build	Tests unitaires avec couverture	2026-05-11T16:39:44.1655152Z tests/test_naming_ui.py::NamingJsStructureTests::test_naming_presets_defined PASSED [ 57%]
Lint, Tests, Build	Tests unitaires avec couverture	2026-05-11T16:39:44.1670919Z tests/test_naming_ui.py::NamingJsStructureTests::test_on_preset_change PASSED [ 57%]
Lint, Tests, Build	Tests unitaires avec couverture	2026-05-11T16:39:44.1686654Z tests/test_naming_ui.py::NamingJsStructureTests::test_preview_calls_api PASSED [ 57%]
Lint, Tests, Build	Tests unitaires avec couverture	2026-05-11T16:39:44.1701866Z tests/test_naming_ui.py::NamingJsStructureTests::test_preview_debounce PASSED [ 57%]
Lint, Tests, Build	Tests unitaires avec couverture	2026-05-11T16:39:44.1718100Z tests/test_naming_ui.py::NamingJsStructureTests::test_readonly_toggle PASSED [ 57%]
Lint, Tests, Build	Tests unitaires avec couverture	2026-05-11T16:39:44.1740506Z tests/test_naming_ui.py::NamingCssTests::test_naming_preview_class PASSED [ 57%]
Lint, Tests, Build	Tests unitaires avec couverture	2026-05-11T16:39:44.1756864Z tests/test_naming_ui.py::NamingCssTests::test_naming_preview_error_class PASSED [ 57%]
Lint, Tests, Build	Tests unitaires avec couverture	2026-05-11T16:39:44.1775400Z tests/test_naming_ui.py::DashboardNamingTests::test_shows_custom_template SKIPPED [ 57%]
Lint, Tests, Build	Tests unitaires avec couverture	2026-05-11T16:39:44.1792723Z tests/test_naming_ui.py::DashboardNamingTests::test_shows_naming_label SKIPPED [ 57%]
Lint, Tests, Build	Tests unitaires avec couverture	2026-05-11T16:39:44.1810235Z tests/test_naming_ui.py::DashboardNamingTests::test_shows_naming_preset SKIPPED [ 57%]
Lint, Tests, Build	Tests unitaires avec couverture	2026-05-11T16:39:44.4955474Z tests/test_naming_ui.py::NamingHttpTests::test_presets_endpoint_via_rest PASSED [ 57%]
Lint, Tests, Build	Tests unitaires avec couverture	2026-05-11T16:39:44.4990908Z tests/test_naming_ui.py::NamingHttpTests::test_preview_endpoint_via_rest PASSED [ 57%]
Lint, Tests, Build	Tests unitaires avec couverture	2026-05-11T16:39:45.0144158Z tests/test_naming_ui.py::NamingHttpTests::test_save_naming_preset_via_rest PASSED [ 57%]
Lint, Tests, Build	Tests unitaires avec couverture	2026-05-11T16:39:45.0166230Z tests/test_nav_v5.py::SidebarV5DesktopTests::test_7_nav_items_defined PASSED [ 57%]
Lint, Tests, Build	Tests unitaires avec couverture	2026-05-11T16:39:45.0185092Z tests/test_nav_v5.py::SidebarV5DesktopTests::test_accessibility PASSED   [ 57%]
Lint, Tests, Build	Tests unitaires avec couverture	2026-05-11T16:39:45.0203691Z tests/test_nav_v5.py::SidebarV5DesktopTests::test_api_methods_exposed PASSED [ 57%]
Lint, Tests, Build	Tests unitaires avec couverture	2026-05-11T16:39:45.0221790Z tests/test_nav_v5.py::SidebarV5DesktopTests::test_collapse_persisted_localStorage PASSED [ 57%]
Lint, Tests, Build	Tests unitaires avec couverture	2026-05-11T16:39:45.0239805Z tests/test_nav_v5.py::SidebarV5DesktopTests::test_each_item_has_shortcut PASSED [ 58%]
Lint, Tests, Build	Tests unitaires avec couverture	2026-05-11T16:39:45.0257437Z tests/test_nav_v5.py::SidebarV5DesktopTests::test_exposes_sidebar_v5_global PASSED [ 58%]
Lint, Tests, Build	Tests unitaires avec couverture	2026-05-11T16:39:45.0275687Z tests/test_nav_v5.py::SidebarV5DesktopTests::test_file_exists PASSED     [ 58%]
Lint, Tests, Build	Tests unitaires avec couverture	2026-05-11T16:39:45.0294000Z tests/test_nav_v5.py::SidebarV5DesktopTests::test_keyboard_arrow_navigation PASSED [ 58%]
Lint, Tests, Build	Tests unitaires avec couverture	2026-05-11T16:39:45.0312631Z tests/test_nav_v5.py::TopBarV5DesktopTests::test_4_themes_defined PASSED [ 58%]
Lint, Tests, Build	Tests unitaires avec couverture	2026-05-11T16:39:45.0330584Z tests/test_nav_v5.py::TopBarV5DesktopTests::test_api_methods_exposed PASSED [ 58%]
Lint, Tests, Build	Tests unitaires avec couverture	2026-05-11T16:39:45.0349445Z tests/test_nav_v5.py::TopBarV5DesktopTests::test_exposes_top_bar_v5_global PASSED [ 58%]
Lint, Tests, Build	Tests unitaires avec couverture	2026-05-11T16:39:45.0366714Z tests/test_nav_v5.py::TopBarV5DesktopTests::test_notification_badge_dynamic PASSED [ 58%]
Lint, Tests, Build	Tests unitaires avec couverture	2026-05-11T16:39:45.0384298Z tests/test_nav_v5.py::TopBarV5DesktopTests::test_search_trigger_with_cmdk_hint PASSED [ 58%]
Lint, Tests, Build	Tests unitaires avec couverture	2026-05-11T16:39:45.0402370Z tests/test_nav_v5.py::TopBarV5DesktopTests::test_theme_menu_aria PASSED  [ 58%]
Lint, Tests, Build	Tests unitaires avec couverture	2026-05-11T16:39:45.0420913Z tests/test_nav_v5.py::BreadcrumbDesktopTests::test_accessibility PASSED  [ 58%]
Lint, Tests, Build	Tests unitaires avec couverture	2026-05-11T16:39:45.0438368Z tests/test_nav_v5.py::BreadcrumbDesktopTests::test_exposes_breadcrumb_v5_global PASSED [ 58%]
Lint, Tests, Build	Tests unitaires avec couverture	2026-05-11T16:39:45.0456080Z tests/test_nav_v5.py::BreadcrumbDesktopTests::test_render_function PASSED [ 58%]
Lint, Tests, Build	Tests unitaires avec couverture	2026-05-11T16:39:45.0474865Z tests/test_nav_v5.py::SidebarV5DashboardTests::test_es_module_exports PASSED [ 58%]
Lint, Tests, Build	Tests unitaires avec couverture	2026-05-11T16:39:45.0492398Z tests/test_nav_v5.py::SidebarV5DashboardTests::test_imports_escapeHtml PASSED [ 58%]
Lint, Tests, Build	Tests unitaires avec couverture	2026-05-11T16:39:45.0511230Z tests/test_nav_v5.py::SidebarV5DashboardTests::test_nav_items_parity PASSED [ 58%]
Lint, Tests, Build	Tests unitaires avec couverture	2026-05-11T16:39:45.0530515Z tests/test_nav_v5.py::TopBarV5DashboardTests::test_es_module_exports PASSED [ 58%]
Lint, Tests, Build	Tests unitaires avec couverture	2026-05-11T16:39:45.0549569Z tests/test_nav_v5.py::BreadcrumbDashboardTests::test_es_module_export PASSED [ 58%]
Lint, Tests, Build	Tests unitaires avec couverture	2026-05-11T16:39:45.0568553Z tests/test_nav_v5.py::CommandPaletteV5WrapperTests::test_cmdk_hotkey_still_global PASSED [ 58%]
Lint, Tests, Build	Tests unitaires avec couverture	2026-05-11T16:39:45.0585820Z tests/test_nav_v5.py::CommandPaletteV5WrapperTests::test_legacy_open_preserved PASSED [ 58%]
Lint, Tests, Build	Tests unitaires avec couverture	2026-05-11T16:39:45.0604337Z tests/test_nav_v5.py::CommandPaletteV5WrapperTests::test_window_command_palette_api PASSED [ 58%]
Lint, Tests, Build	Tests unitaires avec couverture	2026-05-11T16:39:45.0623033Z tests/test_nav_v5.py::RouterV5Tests::test_build_breadcrumb_function PASSED [ 58%]
Lint, Tests, Build	Tests unitaires avec couverture	2026-05-11T16:39:45.0641019Z tests/test_nav_v5.py::RouterV5Tests::test_navigateTo_handles_aliases PASSED [ 58%]
Lint, Tests, Build	Tests unitaires avec couverture	2026-05-11T16:39:45.0658936Z tests/test_nav_v5.py::RouterV5Tests::test_new_view_labels_v5 PASSED      [ 58%]
Lint, Tests, Build	Tests unitaires avec couverture	2026-05-11T16:39:45.0677466Z tests/test_nav_v5.py::RouterV5Tests::test_parse_route_function PASSED    [ 58%]
Lint, Tests, Build	Tests unitaires avec couverture	2026-05-11T16:39:45.0696082Z tests/test_nav_v5.py::RouterV5Tests::test_route_aliases_transitoires PASSED [ 58%]
Lint, Tests, Build	Tests unitaires avec couverture	2026-05-11T16:39:45.0717131Z tests/test_nav_v5.py::CssVague1Tests::test_breadcrumb_classes PASSED     [ 58%]
Lint, Tests, Build	Tests unitaires avec couverture	2026-05-11T16:39:45.0737077Z tests/test_nav_v5.py::CssVague1Tests::test_collapsed_sidebar_has_transition PASSED [ 58%]
Lint, Tests, Build	Tests unitaires avec couverture	2026-05-11T16:39:45.0757048Z tests/test_nav_v5.py::CssVague1Tests::test_palette_v5_classes PASSED     [ 58%]
Lint, Tests, Build	Tests unitaires avec couverture	2026-05-11T16:39:45.0776854Z tests/test_nav_v5.py::CssVague1Tests::test_sidebar_classes PASSED        [ 58%]
Lint, Tests, Build	Tests unitaires avec couverture	2026-05-11T16:39:45.0796988Z tests/test_nav_v5.py::CssVague1Tests::test_top_bar_classes PASSED        [ 58%]
Lint, Tests, Build	Tests unitaires avec couverture	2026-05-11T16:39:45.0820919Z tests/test_nav_v5.py::IndexHtmlVague1Tests::test_desktop_loads_nav_v5_scripts PASSED [ 58%]
Lint, Tests, Build	Tests unitaires avec couverture	2026-05-11T16:39:45.1555526Z tests/test_nav_v5.py::DashboardSmokeTests::test_dashboard_modules_import_cleanly PASSED [ 58%]
Lint, Tests, Build	Tests unitaires avec couverture	2026-05-11T16:39:45.1574353Z tests/test_network_utils.py::NetworkUtilsTests::test_build_dashboard_url_http PASSED [ 58%]
Lint, Tests, Build	Tests unitaires avec couverture	2026-05-11T16:39:45.1590840Z tests/test_network_utils.py::NetworkUtilsTests::test_build_dashboard_url_https PASSED [ 58%]
Lint, Tests, Build	Tests unitaires avec couverture	2026-05-11T16:39:45.1607271Z tests/test_network_utils.py::NetworkUtilsTests::test_build_dashboard_url_localhost PASSED [ 58%]
Lint, Tests, Build	Tests unitaires avec couverture	2026-05-11T16:39:45.1648337Z tests/test_network_utils.py::NetworkUtilsTests::test_get_local_ip_fallback_hostname PASSED [ 58%]
Lint, Tests, Build	Tests unitaires avec couverture	2026-05-11T16:39:45.1682859Z tests/test_network_utils.py::NetworkUtilsTests::test_get_local_ip_fallback_localhost PASSED [ 58%]
Lint, Tests, Build	Tests unitaires avec couverture	2026-05-11T16:39:45.1703619Z tests/test_network_utils.py::NetworkUtilsTests::test_get_local_ip_is_valid_format PASSED [ 58%]
Lint, Tests, Build	Tests unitaires avec couverture	2026-05-11T16:39:45.1723453Z tests/test_network_utils.py::NetworkUtilsTests::test_get_local_ip_not_empty PASSED [ 58%]
Lint, Tests, Build	Tests unitaires avec couverture	2026-05-11T16:39:45.1743593Z tests/test_network_utils.py::NetworkUtilsTests::test_get_local_ip_returns_string PASSED [ 59%]
Lint, Tests, Build	Tests unitaires avec couverture	2026-05-11T16:39:45.1765499Z tests/test_network_utils.py::ServerInfoEndpointTests::test_get_server_info_no_server PASSED [ 59%]
Lint, Tests, Build	Tests unitaires avec couverture	2026-05-11T16:39:45.1789329Z tests/test_network_utils.py::ServerInfoEndpointTests::test_get_server_info_with_mock_server PASSED [ 59%]
Lint, Tests, Build	Tests unitaires avec couverture	2026-05-11T16:39:45.1811816Z tests/test_network_utils.py::ServerInfoEndpointTests::test_restart_api_disabled PASSED [ 59%]
Lint, Tests, Build	Tests unitaires avec couverture	2026-05-11T16:39:45.1836314Z tests/test_network_utils.py::ServerInfoEndpointTests::test_restart_api_no_token PASSED [ 59%]
Lint, Tests, Build	Tests unitaires avec couverture	2026-05-11T16:39:45.1854026Z tests/test_nfo_runtime_mismatch.py::DetectNfoRuntimeMismatchTests::test_delta_under_10pct_ignored_even_if_over_8min PASSED [ 59%]
Lint, Tests, Build	Tests unitaires avec couverture	2026-05-11T16:39:45.1870206Z tests/test_nfo_runtime_mismatch.py::DetectNfoRuntimeMismatchTests::test_delta_under_8_minutes_ignored PASSED [ 59%]
Lint, Tests, Build	Tests unitaires avec couverture	2026-05-11T16:39:45.1886625Z tests/test_nfo_runtime_mismatch.py::DetectNfoRuntimeMismatchTests::test_directors_cut_mild_extension_not_flagged PASSED [ 59%]
Lint, Tests, Build	Tests unitaires avec couverture	2026-05-11T16:39:45.1902849Z tests/test_nfo_runtime_mismatch.py::DetectNfoRuntimeMismatchTests::test_extended_cut_over_threshold_flagged PASSED [ 59%]
Lint, Tests, Build	Tests unitaires avec couverture	2026-05-11T16:39:45.1919214Z tests/test_nfo_runtime_mismatch.py::DetectNfoRuntimeMismatchTests::test_large_mismatch_triggers PASSED [ 59%]
Lint, Tests, Build	Tests unitaires avec couverture	2026-05-11T16:39:45.1935947Z tests/test_nfo_runtime_mismatch.py::DetectNfoRuntimeMismatchTests::test_matching_runtime_returns_none PASSED [ 59%]
Lint, Tests, Build	Tests unitaires avec couverture	2026-05-11T16:39:45.1951594Z tests/test_nfo_runtime_mismatch.py::DetectNfoRuntimeMismatchTests::test_no_nfo_runtime_returns_none PASSED [ 59%]
Lint, Tests, Build	Tests unitaires avec couverture	2026-05-11T16:39:45.1967606Z tests/test_nfo_runtime_mismatch.py::DetectNfoRuntimeMismatchTests::test_no_probe_duration_returns_none PASSED [ 59%]
Lint, Tests, Build	Tests unitaires avec couverture	2026-05-11T16:39:45.1983550Z tests/test_nfo_runtime_mismatch.py::DetectNfoRuntimeMismatchTests::test_probe_duration_negative_returns_none PASSED [ 59%]
Lint, Tests, Build	Tests unitaires avec couverture	2026-05-11T16:39:45.1999413Z tests/test_nfo_runtime_mismatch.py::DetectNfoRuntimeMismatchTests::test_probe_duration_zero_returns_none PASSED [ 59%]
Lint, Tests, Build	Tests unitaires avec couverture	2026-05-11T16:39:45.2016820Z tests/test_nfo_runtime_mismatch.py::DetectNfoRuntimeMismatchTests::test_short_film_small_absolute_delta_triggers_on_pct PASSED [ 59%]
Lint, Tests, Build	Tests unitaires avec couverture	2026-05-11T16:39:45.2066442Z tests/test_no_hardcoded_colors.py::HardcodedColorsTests::test_dashboard_styles_minimal_hardcodes PASSED [ 59%]
Lint, Tests, Build	Tests unitaires avec couverture	2026-05-11T16:39:45.2237839Z tests/test_no_hardcoded_colors.py::HardcodedColorsTests::test_dashboard_views_no_inline_hardcodes PASSED [ 59%]
Lint, Tests, Build	Tests unitaires avec couverture	2026-05-11T16:39:45.2331501Z tests/test_no_hardcoded_colors.py::HardcodedColorsTests::test_no_inline_hardcodes_in_components PASSED [ 59%]
Lint, Tests, Build	Tests unitaires avec couverture	2026-05-11T16:39:45.2349213Z tests/test_nonfilm_v4.py::DurationHeuristicTests::test_no_duration_unchanged PASSED [ 59%]
Lint, Tests, Build	Tests unitaires avec couverture	2026-05-11T16:39:45.2365678Z tests/test_nonfilm_v4.py::DurationHeuristicTests::test_normal_duration_no_points PASSED [ 59%]
Lint, Tests, Build	Tests unitaires avec couverture	2026-05-11T16:39:45.2381928Z tests/test_nonfilm_v4.py::DurationHeuristicTests::test_short_duration PASSED [ 59%]
Lint, Tests, Build	Tests unitaires avec couverture	2026-05-11T16:39:45.2398519Z tests/test_nonfilm_v4.py::DurationHeuristicTests::test_very_short_duration PASSED [ 59%]
Lint, Tests, Build	Tests unitaires avec couverture	2026-05-11T16:39:45.2416208Z tests/test_nonfilm_v4.py::NewKeywordsTests::test_blooper PASSED          [ 59%]
Lint, Tests, Build	Tests unitaires avec couverture	2026-05-11T16:39:45.2433917Z tests/test_nonfilm_v4.py::NewKeywordsTests::test_gag_reel PASSED         [ 59%]
Lint, Tests, Build	Tests unitaires avec couverture	2026-05-11T16:39:45.2450566Z tests/test_not_a_movie.py::SuspectNameTests::test_bonus PASSED           [ 59%]
Lint, Tests, Build	Tests unitaires avec couverture	2026-05-11T16:39:45.2466559Z tests/test_not_a_movie.py::SuspectNameTests::test_featurette PASSED      [ 59%]
Lint, Tests, Build	Tests unitaires avec couverture	2026-05-11T16:39:45.2482531Z tests/test_not_a_movie.py::SuspectNameTests::test_making_of PASSED       [ 59%]
Lint, Tests, Build	Tests unitaires avec couverture	2026-05-11T16:39:45.2498506Z tests/test_not_a_movie.py::SuspectNameTests::test_normal_name_no_suspect PASSED [ 59%]
Lint, Tests, Build	Tests unitaires avec couverture	2026-05-11T16:39:45.2514491Z tests/test_not_a_movie.py::SuspectNameTests::test_sample PASSED          [ 59%]
Lint, Tests, Build	Tests unitaires avec couverture	2026-05-11T16:39:45.2530387Z tests/test_not_a_movie.py::SuspectNameTests::test_trailer PASSED         [ 59%]
Lint, Tests, Build	Tests unitaires avec couverture	2026-05-11T16:39:45.2547487Z tests/test_not_a_movie.py::SizeTests::test_large_8go_no_size_points PASSED [ 59%]
Lint, Tests, Build	Tests unitaires avec couverture	2026-05-11T16:39:45.2563534Z tests/test_not_a_movie.py::SizeTests::test_small_150mo PASSED            [ 59%]
Lint, Tests, Build	Tests unitaires avec couverture	2026-05-11T16:39:45.2580180Z tests/test_not_a_movie.py::SizeTests::test_tiny_50mo PASSED              [ 59%]
Lint, Tests, Build	Tests unitaires avec couverture	2026-05-11T16:39:45.2597059Z tests/test_not_a_movie.py::NoTmdbTests::test_confidence_zero PASSED      [ 59%]
Lint, Tests, Build	Tests unitaires avec couverture	2026-05-11T16:39:45.2613070Z tests/test_not_a_movie.py::NoTmdbTests::test_tmdb_match_no_points PASSED [ 59%]
Lint, Tests, Build	Tests unitaires avec couverture	2026-05-11T16:39:45.2628782Z tests/test_not_a_movie.py::NoTmdbTests::test_unknown_source PASSED       [ 59%]
Lint, Tests, Build	Tests unitaires avec couverture	2026-05-11T16:39:45.2645832Z tests/test_not_a_movie.py::ShortTitleTests::test_four_words_no_points PASSED [ 59%]
Lint, Tests, Build	Tests unitaires avec couverture	2026-05-11T16:39:45.2662242Z tests/test_not_a_movie.py::ShortTitleTests::test_one_word PASSED         [ 59%]
Lint, Tests, Build	Tests unitaires avec couverture	2026-05-11T16:39:45.2679445Z tests/test_not_a_movie.py::UncommonExtTests::test_m2ts PASSED            [ 60%]
Lint, Tests, Build	Tests unitaires avec couverture	2026-05-11T16:39:45.2695674Z tests/test_not_a_movie.py::UncommonExtTests::test_mkv_no_points PASSED   [ 60%]
Lint, Tests, Build	Tests unitaires avec couverture	2026-05-11T16:39:45.2712228Z tests/test_not_a_movie.py::UncommonExtTests::test_vob PASSED             [ 60%]
Lint, Tests, Build	Tests unitaires avec couverture	2026-05-11T16:39:45.2728555Z tests/test_not_a_movie.py::CombinationTests::test_film_inconnu_150mo PASSED [ 60%]
Lint, Tests, Build	Tests unitaires avec couverture	2026-05-11T16:39:45.2744988Z tests/test_not_a_movie.py::CombinationTests::test_inception_8go_tmdb PASSED [ 60%]
Lint, Tests, Build	Tests unitaires avec couverture	2026-05-11T16:39:45.2761120Z tests/test_not_a_movie.py::CombinationTests::test_making_of_50mo_no_tmdb PASSED [ 60%]
Lint, Tests, Build	Tests unitaires avec couverture	2026-05-11T16:39:45.2777016Z tests/test_not_a_movie.py::CombinationTests::test_sample_20mo PASSED     [ 60%]
Lint, Tests, Build	Tests unitaires avec couverture	2026-05-11T16:39:45.2793588Z tests/test_not_a_movie.py::CombinationTests::test_trailer_500mo_no_tmdb PASSED [ 60%]
Lint, Tests, Build	Tests unitaires avec couverture	2026-05-11T16:39:45.2810493Z tests/test_not_a_movie.py::ThresholdTests::test_at_threshold PASSED      [ 60%]
Lint, Tests, Build	Tests unitaires avec couverture	2026-05-11T16:39:45.2825957Z tests/test_not_a_movie.py::ThresholdTests::test_below_threshold PASSED   [ 60%]
Lint, Tests, Build	Tests unitaires avec couverture	2026-05-11T16:39:45.2842499Z tests/test_not_a_movie.py::ThresholdTests::test_threshold_value PASSED   [ 60%]
Lint, Tests, Build	Tests unitaires avec couverture	2026-05-11T16:39:45.2859886Z tests/test_not_a_movie.py::EdgeCaseTests::test_empty_name PASSED         [ 60%]
Lint, Tests, Build	Tests unitaires avec couverture	2026-05-11T16:39:45.2876098Z tests/test_not_a_movie.py::EdgeCaseTests::test_none_values PASSED        [ 60%]
Lint, Tests, Build	Tests unitaires avec couverture	2026-05-11T16:39:45.2892763Z tests/test_not_a_movie.py::EdgeCaseTests::test_zero_size PASSED          [ 60%]
Lint, Tests, Build	Tests unitaires avec couverture	2026-05-11T16:39:45.2911018Z tests/test_not_a_movie.py::UiBadgeTests::test_badge_tooltip SKIPPED      [ 60%]
Lint, Tests, Build	Tests unitaires avec couverture	2026-05-11T16:39:45.2928684Z tests/test_not_a_movie.py::UiBadgeTests::test_dashboard_badge_present SKIPPED [ 60%]
Lint, Tests, Build	Tests unitaires avec couverture	2026-05-11T16:39:45.2946118Z tests/test_not_a_movie.py::UiBadgeTests::test_dashboard_css_class SKIPPED [ 60%]
Lint, Tests, Build	Tests unitaires avec couverture	2026-05-11T16:39:45.2963838Z tests/test_not_a_movie.py::UiBadgeTests::test_desktop_badge_present SKIPPED [ 60%]
Lint, Tests, Build	Tests unitaires avec couverture	2026-05-11T16:39:45.2982609Z tests/test_not_a_movie.py::UiBadgeTests::test_desktop_css_class SKIPPED  [ 60%]
Lint, Tests, Build	Tests unitaires avec couverture	2026-05-11T16:39:45.2999913Z tests/test_notifications.py::NotifyServiceSettingsTests::test_disabled_by_default PASSED [ 60%]
Lint, Tests, Build	Tests unitaires avec couverture	2026-05-11T16:39:45.3015959Z tests/test_notifications.py::NotifyServiceSettingsTests::test_enabled_via_settings PASSED [ 60%]
Lint, Tests, Build	Tests unitaires avec couverture	2026-05-11T16:39:45.3031919Z tests/test_notifications.py::NotifyServiceSettingsTests::test_global_disable_overrides_individual PASSED [ 60%]
Lint, Tests, Build	Tests unitaires avec couverture	2026-05-11T16:39:45.3048031Z tests/test_notifications.py::NotifyServiceSettingsTests::test_individual_event_disabled PASSED [ 60%]
Lint, Tests, Build	Tests unitaires avec couverture	2026-05-11T16:39:45.3064208Z tests/test_notifications.py::NotifyServiceSettingsTests::test_individual_events_default_true PASSED [ 60%]
Lint, Tests, Build	Tests unitaires avec couverture	2026-05-11T16:39:45.3081496Z tests/test_notifications.py::NotifyServiceFocusTests::test_no_window_returns_not_focused PASSED [ 60%]
Lint, Tests, Build	Tests unitaires avec couverture	2026-05-11T16:39:45.3103133Z tests/test_notifications.py::NotifyServiceFocusTests::test_should_not_notify_when_focused PASSED [ 60%]
Lint, Tests, Build	Tests unitaires avec couverture	2026-05-11T16:39:45.3119358Z tests/test_notifications.py::NotifyServiceFocusTests::test_should_notify_when_enabled_and_not_focused PASSED [ 60%]
Lint, Tests, Build	Tests unitaires avec couverture	2026-05-11T16:39:45.3141067Z tests/test_notifications.py::NotifyServiceFocusTests::test_should_notify_when_window_not_focused PASSED [ 60%]
Lint, Tests, Build	Tests unitaires avec couverture	2026-05-11T16:39:45.3169998Z tests/test_notifications.py::NotifyServiceQueueTests::test_background_thread_queues PASSED [ 60%]
Lint, Tests, Build	Tests unitaires avec couverture	2026-05-11T16:39:45.3185868Z tests/test_notifications.py::NotifyServiceQueueTests::test_drain_empty_queue PASSED [ 60%]
Lint, Tests, Build	Tests unitaires avec couverture	2026-05-11T16:39:45.3210167Z tests/test_notifications.py::NotifyServiceQueueTests::test_main_thread_delivers_directly PASSED [ 60%]
Lint, Tests, Build	Tests unitaires avec couverture	2026-05-11T16:39:45.3232816Z tests/test_notifications.py::NotifyServiceDeliveryTests::test_no_delivery_when_disabled PASSED [ 60%]
Lint, Tests, Build	Tests unitaires avec couverture	2026-05-11T16:39:45.3252196Z tests/test_notifications.py::NotifyServiceDeliveryTests::test_no_delivery_when_event_disabled PASSED [ 60%]
Lint, Tests, Build	Tests unitaires avec couverture	2026-05-11T16:39:45.3269034Z tests/test_notifications.py::NotificationsModuleTests::test_cleanup_does_not_raise PASSED [ 60%]
Lint, Tests, Build	Tests unitaires avec couverture	2026-05-11T16:39:45.3284783Z tests/test_notifications.py::NotificationsModuleTests::test_import_works PASSED [ 60%]
Lint, Tests, Build	Tests unitaires avec couverture	2026-05-11T16:39:45.3395207Z tests/test_notifications.py::NotificationsUiContractTests::test_notification_settings_in_js PASSED [ 60%]
Lint, Tests, Build	Tests unitaires avec couverture	2026-05-11T16:39:45.3412958Z tests/test_notifications.py::NotificationsUiContractTests::test_notification_toggles_in_html PASSED [ 60%]
Lint, Tests, Build	Tests unitaires avec couverture	2026-05-11T16:39:45.3434204Z tests/test_notifications.py::NotificationsIntegrationTests::test_api_has_notify_service PASSED [ 60%]
Lint, Tests, Build	Tests unitaires avec couverture	2026-05-11T16:39:45.3490486Z tests/test_notifications.py::NotificationsIntegrationTests::test_api_notify_settings_synced_on_save PASSED [ 60%]
Lint, Tests, Build	Tests unitaires avec couverture	2026-05-11T16:39:45.3552015Z tests/test_notifications.py::NotificationsSettingsPersistenceTests::test_settings_round_trip PASSED [ 60%]
Lint, Tests, Build	Tests unitaires avec couverture	2026-05-11T16:39:45.3569708Z tests/test_notifications_v5.py::NotificationStoreTests::test_add_returns_item_with_id PASSED [ 61%]
Lint, Tests, Build	Tests unitaires avec couverture	2026-05-11T16:39:45.3586220Z tests/test_notifications_v5.py::NotificationStoreTests::test_auto_level_from_event_type PASSED [ 61%]
Lint, Tests, Build	Tests unitaires avec couverture	2026-05-11T16:39:45.3602299Z tests/test_notifications_v5.py::NotificationStoreTests::test_category_filter PASSED [ 61%]
Lint, Tests, Build	Tests unitaires avec couverture	2026-05-11T16:39:45.3618914Z tests/test_notifications_v5.py::NotificationStoreTests::test_clear_all PASSED [ 61%]
Lint, Tests, Build	Tests unitaires avec couverture	2026-05-11T16:39:45.3635581Z tests/test_notifications_v5.py::NotificationStoreTests::test_dismiss_removes_from_list PASSED [ 61%]
Lint, Tests, Build	Tests unitaires avec couverture	2026-05-11T16:39:45.3651510Z tests/test_notifications_v5.py::NotificationStoreTests::test_dismiss_unknown_id PASSED [ 61%]
Lint, Tests, Build	Tests unitaires avec couverture	2026-05-11T16:39:45.3668146Z tests/test_notifications_v5.py::NotificationStoreTests::test_list_returns_lifo PASSED [ 61%]
Lint, Tests, Build	Tests unitaires avec couverture	2026-05-11T16:39:45.3685049Z tests/test_notifications_v5.py::NotificationStoreTests::test_ring_buffer_cap PASSED [ 61%]
Lint, Tests, Build	Tests unitaires avec couverture	2026-05-11T16:39:45.3731364Z tests/test_notifications_v5.py::NotificationStoreTests::test_thread_safety PASSED [ 61%]
Lint, Tests, Build	Tests unitaires avec couverture	2026-05-11T16:39:45.3747772Z tests/test_notifications_v5.py::NotificationStoreTests::test_unread_count PASSED [ 61%]
Lint, Tests, Build	Tests unitaires avec couverture	2026-05-11T16:39:45.3765970Z tests/test_notifications_v5.py::NotificationStoreTests::test_unread_only_filter PASSED [ 61%]
Lint, Tests, Build	Tests unitaires avec couverture	2026-05-11T16:39:45.3785393Z tests/test_notifications_v5.py::NotificationsSupportApiTests::test_add_notification_persists PASSED [ 61%]
Lint, Tests, Build	Tests unitaires avec couverture	2026-05-11T16:39:45.3804017Z tests/test_notifications_v5.py::NotificationsSupportApiTests::test_dismiss_roundtrip PASSED [ 61%]
Lint, Tests, Build	Tests unitaires avec couverture	2026-05-11T16:39:45.3824802Z tests/test_notifications_v5.py::NotificationsSupportApiTests::test_emit_from_insights_dedupe PASSED [ 61%]
Lint, Tests, Build	Tests unitaires avec couverture	2026-05-11T16:39:45.3842929Z tests/test_notifications_v5.py::NotificationsSupportApiTests::test_get_notifications_empty PASSED [ 61%]
Lint, Tests, Build	Tests unitaires avec couverture	2026-05-11T16:39:45.3862360Z tests/test_notifications_v5.py::NotificationsSupportApiTests::test_mark_all_read_roundtrip PASSED [ 61%]
Lint, Tests, Build	Tests unitaires avec couverture	2026-05-11T16:39:45.3883929Z tests/test_notifications_v5.py::TrifilmsApiNotificationEndpointsTests::test_endpoints_exposed PASSED [ 61%]
Lint, Tests, Build	Tests unitaires avec couverture	2026-05-11T16:39:45.3904173Z tests/test_notifications_v5.py::TrifilmsApiNotificationEndpointsTests::test_notify_service_center_hook_wired PASSED [ 61%]
Lint, Tests, Build	Tests unitaires avec couverture	2026-05-11T16:39:45.3921945Z tests/test_notifications_v5.py::NotifyServiceHookTests::test_center_hook_called_on_notify PASSED [ 61%]
Lint, Tests, Build	Tests unitaires avec couverture	2026-05-11T16:39:45.3938421Z tests/test_notifications_v5.py::NotifyServiceHookTests::test_notify_service_has_center_hook PASSED [ 61%]
Lint, Tests, Build	Tests unitaires avec couverture	2026-05-11T16:39:45.3957157Z tests/test_notifications_v5.py::NotificationCenterDesktopTests::test_auto_poll_on_load PASSED [ 61%]
Lint, Tests, Build	Tests unitaires avec couverture	2026-05-11T16:39:45.3975037Z tests/test_notifications_v5.py::NotificationCenterDesktopTests::test_badge_updates_via_top_bar PASSED [ 61%]
Lint, Tests, Build	Tests unitaires avec couverture	2026-05-11T16:39:45.3992886Z tests/test_notifications_v5.py::NotificationCenterDesktopTests::test_escape_key_closes_drawer PASSED [ 61%]
Lint, Tests, Build	Tests unitaires avec couverture	2026-05-11T16:39:45.4011308Z tests/test_notifications_v5.py::NotificationCenterDesktopTests::test_exposes_window_notification_center PASSED [ 61%]
Lint, Tests, Build	Tests unitaires avec couverture	2026-05-11T16:39:45.4029004Z tests/test_notifications_v5.py::NotificationCenterDesktopTests::test_filter_states PASSED [ 61%]
Lint, Tests, Build	Tests unitaires avec couverture	2026-05-11T16:39:45.4046908Z tests/test_notifications_v5.py::NotificationCenterDesktopTests::test_public_api_methods PASSED [ 61%]
Lint, Tests, Build	Tests unitaires avec couverture	2026-05-11T16:39:45.4065388Z tests/test_notifications_v5.py::NotificationCenterDesktopTests::test_uses_api_endpoints PASSED [ 61%]
Lint, Tests, Build	Tests unitaires avec couverture	2026-05-11T16:39:45.4084375Z tests/test_notifications_v5.py::TopBarV5NotifIntegrationTests::test_notif_trigger_opens_notification_center PASSED [ 61%]
Lint, Tests, Build	Tests unitaires avec couverture	2026-05-11T16:39:45.4103026Z tests/test_notifications_v5.py::NotificationCenterDashboardTests::test_es_module_exports PASSED [ 61%]
Lint, Tests, Build	Tests unitaires avec couverture	2026-05-11T16:39:45.4120550Z tests/test_notifications_v5.py::NotificationCenterDashboardTests::test_imports_apiPost PASSED [ 61%]
Lint, Tests, Build	Tests unitaires avec couverture	2026-05-11T16:39:45.4138335Z tests/test_notifications_v5.py::NotificationCenterDashboardTests::test_imports_escapeHtml PASSED [ 61%]
Lint, Tests, Build	Tests unitaires avec couverture	2026-05-11T16:39:45.4156667Z tests/test_notifications_v5.py::NotificationCenterDashboardTests::test_uses_custom_event_for_badge PASSED [ 61%]
Lint, Tests, Build	Tests unitaires avec couverture	2026-05-11T16:39:45.4178739Z tests/test_notifications_v5.py::NotifCssTests::test_drawer_classes PASSED [ 61%]
Lint, Tests, Build	Tests unitaires avec couverture	2026-05-11T16:39:45.4198761Z tests/test_notifications_v5.py::NotifCssTests::test_drawer_has_transition PASSED [ 61%]
Lint, Tests, Build	Tests unitaires avec couverture	2026-05-11T16:39:45.4218762Z tests/test_notifications_v5.py::NotifCssTests::test_filter_buttons PASSED [ 61%]
Lint, Tests, Build	Tests unitaires avec couverture	2026-05-11T16:39:45.4239157Z tests/test_notifications_v5.py::NotifCssTests::test_item_state_classes PASSED [ 61%]
Lint, Tests, Build	Tests unitaires avec couverture	2026-05-11T16:39:45.4261499Z tests/test_notifications_v5.py::NotifCssTests::test_level_variants PASSED [ 61%]
Lint, Tests, Build	Tests unitaires avec couverture	2026-05-11T16:39:45.4284980Z tests/test_notifications_v5.py::IndexHtmlNotifIntegrationTests::test_index_html_loads_notification_center PASSED [ 61%]
Lint, Tests, Build	Tests unitaires avec couverture	2026-05-11T16:39:45.4305756Z tests/test_notifications_v5.py::DashboardInsightsMirrorTests::test_global_stats_emits_insights PASSED [ 61%]
Lint, Tests, Build	Tests unitaires avec couverture	2026-05-11T16:39:45.5016829Z tests/test_notifications_v5.py::DashboardSmokeTests::test_dashboard_module_imports_cleanly PASSED [ 62%]
Lint, Tests, Build	Tests unitaires avec couverture	2026-05-11T16:39:45.5034848Z tests/test_package_zip.py::PackageZipTests::test_build_zip_name_contains_version PASSED [ 62%]
Lint, Tests, Build	Tests unitaires avec couverture	2026-05-11T16:39:45.5514534Z tests/test_package_zip.py::PackageZipTests::test_collect_qa_entries_uses_onedir_payload_only PASSED [ 62%]
Lint, Tests, Build	Tests unitaires avec couverture	2026-05-11T16:39:45.5988845Z tests/test_package_zip.py::PackageZipTests::test_collect_release_entries_uses_onefile_payload_only PASSED [ 62%]
Lint, Tests, Build	Tests unitaires avec couverture	2026-05-11T16:39:45.6558187Z tests/test_package_zip.py::PackageZipTests::test_make_qa_zip_keeps_onedir_structure PASSED [ 62%]
Lint, Tests, Build	Tests unitaires avec couverture	2026-05-11T16:39:45.7515483Z tests/test_package_zip.py::PackageZipTests::test_make_source_zip_excludes_noise_and_writes_manifest FAILED [ 62%]
Lint, Tests, Build	Tests unitaires avec couverture	2026-05-11T16:39:45.7600582Z tests/test_package_zip.py::PackageZipTests::test_manifest_uses_repo_relative_paths_when_available PASSED [ 62%]
Lint, Tests, Build	Tests unitaires avec couverture	2026-05-11T16:39:45.8307219Z tests/test_package_zip.py::PackageZipTests::test_source_exclusions_filter_noise_and_keep_essentials FAILED [ 62%]
Lint, Tests, Build	Tests unitaires avec couverture	2026-05-11T16:39:45.8326021Z tests/test_packaging.py::VersionFileTests::test_version_file_exists_and_readable PASSED [ 62%]
Lint, Tests, Build	Tests unitaires avec couverture	2026-05-11T16:39:45.8346210Z tests/test_packaging.py::VersionFileTests::test_version_file_readable_via_api_helper PASSED [ 62%]
Lint, Tests, Build	Tests unitaires avec couverture	2026-05-11T16:39:45.8362495Z tests/test_packaging.py::DependenciesImportTests::test_email_mime_importable PASSED [ 62%]
Lint, Tests, Build	Tests unitaires avec couverture	2026-05-11T16:39:45.8378270Z tests/test_packaging.py::DependenciesImportTests::test_rapidfuzz_importable_or_graceful PASSED [ 62%]
Lint, Tests, Build	Tests unitaires avec couverture	2026-05-11T16:39:45.8393912Z tests/test_packaging.py::DependenciesImportTests::test_smtplib_importable PASSED [ 62%]
Lint, Tests, Build	Tests unitaires avec couverture	2026-05-11T16:39:45.8409662Z tests/test_packaging.py::DependenciesImportTests::test_ssl_importable PASSED [ 62%]
Lint, Tests, Build	Tests unitaires avec couverture	2026-05-11T16:39:45.8428212Z tests/test_packaging.py::CineSortSpecTests::test_themes_css_in_spec_datas PASSED [ 62%]
Lint, Tests, Build	Tests unitaires avec couverture	2026-05-11T16:39:45.8447512Z tests/test_packaging.py::CineSortSpecTests::test_version_in_spec_datas PASSED [ 62%]
Lint, Tests, Build	Tests unitaires avec couverture	2026-05-11T16:39:45.8477174Z tests/test_packaging.py::NoBackupFilesInWebTests::test_no_bak_files_in_web PASSED [ 62%]
Lint, Tests, Build	Tests unitaires avec couverture	2026-05-11T16:39:45.8501486Z tests/test_packaging.py::HiddenImportsIntegrityTests::test_each_cinesort_hiddenimport_is_importable PASSED [ 62%]
Lint, Tests, Build	Tests unitaires avec couverture	2026-05-11T16:39:45.8518061Z tests/test_packaging.py::HiddenImportsIntegrityTests::test_new_v4_modules_present_in_hiddenimports PASSED [ 62%]
Lint, Tests, Build	Tests unitaires avec couverture	2026-05-11T16:39:45.8540082Z tests/test_packaging.py::MeipassFallbackTests::test_meipass_fallback_resolves_dashboard_root PASSED [ 62%]
Lint, Tests, Build	Tests unitaires avec couverture	2026-05-11T16:39:45.8578309Z tests/test_parity_desktop_additions.py::ParityAdditionsTests::test_app_js_has_idle_polling PASSED [ 62%]
Lint, Tests, Build	Tests unitaires avec couverture	2026-05-11T16:39:45.8594446Z tests/test_parity_desktop_additions.py::ParityAdditionsTests::test_compare_perceptual_in_execution PASSED [ 62%]
Lint, Tests, Build	Tests unitaires avec couverture	2026-05-11T16:39:45.8610929Z tests/test_parity_desktop_additions.py::ParityAdditionsTests::test_email_test_button_present PASSED [ 62%]
Lint, Tests, Build	Tests unitaires avec couverture	2026-05-11T16:39:45.8626902Z tests/test_parity_desktop_additions.py::ParityAdditionsTests::test_email_test_handler PASSED [ 62%]
Lint, Tests, Build	Tests unitaires avec couverture	2026-05-11T16:39:45.8642819Z tests/test_parity_desktop_additions.py::ParityAdditionsTests::test_event_ts_backend_endpoint PASSED [ 62%]
Lint, Tests, Build	Tests unitaires avec couverture	2026-05-11T16:39:45.8658944Z tests/test_parity_desktop_additions.py::ParityAdditionsTests::test_https_cert_input_present PASSED [ 62%]
Lint, Tests, Build	Tests unitaires avec couverture	2026-05-11T16:39:45.8674327Z tests/test_parity_desktop_additions.py::ParityAdditionsTests::test_https_checkbox_present PASSED [ 62%]
Lint, Tests, Build	Tests unitaires avec couverture	2026-05-11T16:39:45.8690345Z tests/test_parity_desktop_additions.py::ParityAdditionsTests::test_https_load_save_in_settings_js PASSED [ 62%]
Lint, Tests, Build	Tests unitaires avec couverture	2026-05-11T16:39:45.8708011Z tests/test_parity_desktop_additions.py::ParityAdditionsTests::test_kpi_card_js_exists PASSED [ 62%]
Lint, Tests, Build	Tests unitaires avec couverture	2026-05-11T16:39:45.8724113Z tests/test_parity_desktop_additions.py::ParityAdditionsTests::test_kpi_card_script_loaded PASSED [ 62%]
Lint, Tests, Build	Tests unitaires avec couverture	2026-05-11T16:39:45.8739836Z tests/test_parity_desktop_additions.py::ParityAdditionsTests::test_quality_export_button PASSED [ 62%]
Lint, Tests, Build	Tests unitaires avec couverture	2026-05-11T16:39:45.8755358Z tests/test_parity_desktop_additions.py::ParityAdditionsTests::test_quality_handlers PASSED [ 62%]
Lint, Tests, Build	Tests unitaires avec couverture	2026-05-11T16:39:45.8772099Z tests/test_parity_desktop_additions.py::ParityAdditionsTests::test_quality_import_button PASSED [ 62%]
Lint, Tests, Build	Tests unitaires avec couverture	2026-05-11T16:39:45.8788061Z tests/test_parity_desktop_additions.py::ParityAdditionsTests::test_quality_reset_button PASSED [ 62%]
Lint, Tests, Build	Tests unitaires avec couverture	2026-05-11T16:39:45.8808110Z tests/test_parity_desktop_additions.py::ParityAdditionsTests::test_skeleton_css_present PASSED [ 62%]
Lint, Tests, Build	Tests unitaires avec couverture	2026-05-11T16:39:45.8825795Z tests/test_parity_desktop_additions.py::ParityAdditionsTests::test_skeleton_js_exists PASSED [ 62%]
Lint, Tests, Build	Tests unitaires avec couverture	2026-05-11T16:39:45.8841591Z tests/test_parity_desktop_additions.py::ParityAdditionsTests::test_skeleton_script_loaded PASSED [ 62%]
Lint, Tests, Build	Tests unitaires avec couverture	2026-05-11T16:39:45.8859059Z tests/test_parity_desktop_additions.py::ParityAdditionsTests::test_state_js_has_check_event_changed PASSED [ 62%]
Lint, Tests, Build	Tests unitaires avec couverture	2026-05-11T16:39:45.8875724Z tests/test_perceptual_audio.py::SelectBestTrackTests::test_empty_tracks_returns_none PASSED [ 62%]
Lint, Tests, Build	Tests unitaires avec couverture	2026-05-11T16:39:45.8891723Z tests/test_perceptual_audio.py::SelectBestTrackTests::test_hierarchy_respected PASSED [ 62%]
Lint, Tests, Build	Tests unitaires avec couverture	2026-05-11T16:39:45.8908185Z tests/test_perceptual_audio.py::SelectBestTrackTests::test_truehd_before_ac3 PASSED [ 63%]
Lint, Tests, Build	Tests unitaires avec couverture	2026-05-11T16:39:45.8929709Z tests/test_perceptual_audio.py::LoudnormTests::test_json_parsing_correct PASSED [ 63%]
Lint, Tests, Build	Tests unitaires avec couverture	2026-05-11T16:39:45.8949668Z tests/test_perceptual_audio.py::LoudnormTests::test_lra_verdicts PASSED  [ 63%]
Lint, Tests, Build	Tests unitaires avec couverture	2026-05-11T16:39:45.8969283Z tests/test_perceptual_audio.py::LoudnormTests::test_malformed_json_returns_none PASSED [ 63%]
Lint, Tests, Build	Tests unitaires avec couverture	2026-05-11T16:39:45.8989856Z tests/test_perceptual_audio.py::AstatsTests::test_all_fields_parsed PASSED [ 63%]
Lint, Tests, Build	Tests unitaires avec couverture	2026-05-11T16:39:45.9009364Z tests/test_perceptual_audio.py::AstatsTests::test_partial_parsing PASSED [ 63%]
Lint, Tests, Build	Tests unitaires avec couverture	2026-05-11T16:39:45.9030481Z tests/test_perceptual_audio.py::ClippingTests::test_no_clipping PASSED   [ 63%]
Lint, Tests, Build	Tests unitaires avec couverture	2026-05-11T16:39:45.9050489Z tests/test_perceptual_audio.py::ClippingTests::test_severe_clipping PASSED [ 63%]
Lint, Tests, Build	Tests unitaires avec couverture	2026-05-11T16:39:45.9067750Z tests/test_perceptual_audio.py::AudioScoreTests::test_composite_weighted PASSED [ 63%]
Lint, Tests, Build	Tests unitaires avec couverture	2026-05-11T16:39:45.9085070Z tests/test_perceptual_audio.py::AudioScoreTests::test_true_peak_clipping_penalty PASSED [ 63%]
Lint, Tests, Build	Tests unitaires avec couverture	2026-05-11T16:39:45.9232795Z tests/test_perceptual_audio.py::OrchestratorTests::test_deep_false_skips_astats PASSED [ 63%]
Lint, Tests, Build	Tests unitaires avec couverture	2026-05-11T16:39:45.9374067Z tests/test_perceptual_audio.py::OrchestratorTests::test_mono_track_no_crash PASSED [ 63%]
Lint, Tests, Build	Tests unitaires avec couverture	2026-05-11T16:39:45.9392104Z tests/test_perceptual_audio.py::OrchestratorTests::test_no_tracks_returns_empty PASSED [ 63%]
Lint, Tests, Build	Tests unitaires avec couverture	2026-05-11T16:39:45.9409320Z tests/test_perceptual_batch_parallel.py::TestResolveBatchWorkers::test_auto_min_one_on_low_cpu PASSED [ 63%]
Lint, Tests, Build	Tests unitaires avec couverture	2026-05-11T16:39:45.9425460Z tests/test_perceptual_batch_parallel.py::TestResolveBatchWorkers::test_auto_uses_cpu_capped_at_auto_cap PASSED [ 63%]
Lint, Tests, Build	Tests unitaires avec couverture	2026-05-11T16:39:45.9441153Z tests/test_perceptual_batch_parallel.py::TestResolveBatchWorkers::test_explicit_one_returns_one PASSED [ 63%]
Lint, Tests, Build	Tests unitaires avec couverture	2026-05-11T16:39:45.9457254Z tests/test_perceptual_batch_parallel.py::TestResolveBatchWorkers::test_explicit_workers_clamped_to_max PASSED [ 63%]
Lint, Tests, Build	Tests unitaires avec couverture	2026-05-11T16:39:45.9473406Z tests/test_perceptual_batch_parallel.py::TestResolveBatchWorkers::test_invalid_type_falls_back_to_auto PASSED [ 63%]
Lint, Tests, Build	Tests unitaires avec couverture	2026-05-11T16:39:45.9489028Z tests/test_perceptual_batch_parallel.py::TestResolveBatchWorkers::test_negative_falls_back_to_auto PASSED [ 63%]
Lint, Tests, Build	Tests unitaires avec couverture	2026-05-11T16:39:45.9509367Z tests/test_perceptual_batch_parallel.py::TestResolveBatchWorkers::test_os_cpu_count_returns_none PASSED [ 63%]
Lint, Tests, Build	Tests unitaires avec couverture	2026-05-11T16:39:45.9527675Z tests/test_perceptual_batch_parallel.py::TestRunBatchParallel::test_cancel_event_pre_set_aborts_all PASSED [ 63%]
Lint, Tests, Build	Tests unitaires avec couverture	2026-05-11T16:39:45.9544553Z tests/test_perceptual_batch_parallel.py::TestRunBatchParallel::test_empty_returns_empty_list PASSED [ 63%]
Lint, Tests, Build	Tests unitaires avec couverture	2026-05-11T16:39:45.9606461Z tests/test_perceptual_batch_parallel.py::TestRunBatchParallel::test_one_item_crashes_others_succeed PASSED [ 63%]
Lint, Tests, Build	Tests unitaires avec couverture	2026-05-11T16:39:45.9641433Z tests/test_perceptual_batch_parallel.py::TestRunBatchParallel::test_order_preserved_for_10_items PASSED [ 63%]
Lint, Tests, Build	Tests unitaires avec couverture	2026-05-11T16:39:46.0681197Z tests/test_perceptual_batch_parallel.py::TestRunBatchParallel::test_parallelism_observable_speedup PASSED [ 63%]
Lint, Tests, Build	Tests unitaires avec couverture	2026-05-11T16:39:46.1212292Z tests/test_perceptual_batch_parallel.py::TestRunBatchParallel::test_results_indexed_correctly_with_jitter PASSED [ 63%]
Lint, Tests, Build	Tests unitaires avec couverture	2026-05-11T16:39:46.1229234Z tests/test_perceptual_batch_parallel.py::TestRunBatchParallel::test_serial_fallback_when_max_workers_one PASSED [ 63%]
Lint, Tests, Build	Tests unitaires avec couverture	2026-05-11T16:39:46.1246331Z tests/test_perceptual_batch_parallel.py::TestRunBatchParallel::test_single_item_fast_path_sequential PASSED [ 63%]
Lint, Tests, Build	Tests unitaires avec couverture	2026-05-11T16:39:46.2796143Z tests/test_perceptual_batch_parallel.py::TestAnalyzePerceptualBatch::test_10_films_simulated_perf_observable PASSED [ 63%]
Lint, Tests, Build	Tests unitaires avec couverture	2026-05-11T16:39:46.2818577Z tests/test_perceptual_batch_parallel.py::TestAnalyzePerceptualBatch::test_empty_row_ids PASSED [ 63%]
Lint, Tests, Build	Tests unitaires avec couverture	2026-05-11T16:39:46.2852936Z tests/test_perceptual_batch_parallel.py::TestAnalyzePerceptualBatch::test_explicit_workers_respected PASSED [ 63%]
Lint, Tests, Build	Tests unitaires avec couverture	2026-05-11T16:39:46.2876342Z tests/test_perceptual_batch_parallel.py::TestAnalyzePerceptualBatch::test_kill_switch_disables_parallelism PASSED [ 63%]
Lint, Tests, Build	Tests unitaires avec couverture	2026-05-11T16:39:46.2910045Z tests/test_perceptual_batch_parallel.py::TestAnalyzePerceptualBatch::test_mixed_results_preserved_order PASSED [ 63%]
Lint, Tests, Build	Tests unitaires avec couverture	2026-05-11T16:39:46.2941857Z tests/test_perceptual_batch_parallel.py::TestAnalyzePerceptualBatch::test_settings_lookup_failure_fallback PASSED [ 63%]
Lint, Tests, Build	Tests unitaires avec couverture	2026-05-11T16:39:46.2964024Z tests/test_perceptual_batch_parallel.py::TestAnalyzePerceptualBatch::test_single_film_uses_sequential_mode PASSED [ 63%]
Lint, Tests, Build	Tests unitaires avec couverture	2026-05-11T16:39:46.2998034Z tests/test_perceptual_batch_parallel.py::TestAnalyzePerceptualBatch::test_worker_crash_isolated_does_not_break_batch PASSED [ 63%]
Lint, Tests, Build	Tests unitaires avec couverture	2026-05-11T16:39:46.3040028Z tests/test_perceptual_batch_parallel.py::TestPerceptualWorkersSetting::test_default_values PASSED [ 63%]
Lint, Tests, Build	Tests unitaires avec couverture	2026-05-11T16:39:46.3098792Z tests/test_perceptual_batch_parallel.py::TestPerceptualWorkersSetting::test_kill_switch_persists PASSED [ 63%]
Lint, Tests, Build	Tests unitaires avec couverture	2026-05-11T16:39:46.3156715Z tests/test_perceptual_batch_parallel.py::TestPerceptualWorkersSetting::test_workers_bool_rejected PASSED [ 63%]
Lint, Tests, Build	Tests unitaires avec couverture	2026-05-11T16:39:46.3215128Z tests/test_perceptual_batch_parallel.py::TestPerceptualWorkersSetting::test_workers_clamped_to_16 PASSED [ 64%]
Lint, Tests, Build	Tests unitaires avec couverture	2026-05-11T16:39:46.3272272Z tests/test_perceptual_batch_parallel.py::TestPerceptualWorkersSetting::test_workers_invalid_string_falls_to_zero PASSED [ 64%]
Lint, Tests, Build	Tests unitaires avec couverture	2026-05-11T16:39:46.3330235Z tests/test_perceptual_batch_parallel.py::TestPerceptualWorkersSetting::test_workers_negative_falls_to_zero PASSED [ 64%]
Lint, Tests, Build	Tests unitaires avec couverture	2026-05-11T16:39:46.3387744Z tests/test_perceptual_batch_parallel.py::TestPerceptualWorkersSetting::test_workers_string_auto PASSED [ 64%]
Lint, Tests, Build	Tests unitaires avec couverture	2026-05-11T16:39:46.3447060Z tests/test_perceptual_batch_parallel.py::TestPerceptualWorkersSetting::test_workers_string_numeric PASSED [ 64%]
Lint, Tests, Build	Tests unitaires avec couverture	2026-05-11T16:39:46.3464903Z tests/test_perceptual_comparison.py::PixelDiffTests::test_different_frames_positive PASSED [ 64%]
Lint, Tests, Build	Tests unitaires avec couverture	2026-05-11T16:39:46.3481600Z tests/test_perceptual_comparison.py::PixelDiffTests::test_identical_frames_zero PASSED [ 64%]
Lint, Tests, Build	Tests unitaires avec couverture	2026-05-11T16:39:46.3503540Z tests/test_perceptual_comparison.py::CompareHistogramsTests::test_detail_winner_more_levels PASSED [ 64%]
Lint, Tests, Build	Tests unitaires avec couverture	2026-05-11T16:39:46.3523878Z tests/test_perceptual_comparison.py::CompareHistogramsTests::test_different_histograms_positive_divergence PASSED [ 64%]
Lint, Tests, Build	Tests unitaires avec couverture	2026-05-11T16:39:46.3545964Z tests/test_perceptual_comparison.py::CompareHistogramsTests::test_identical_histograms_zero_divergence PASSED [ 64%]
Lint, Tests, Build	Tests unitaires avec couverture	2026-05-11T16:39:46.3563335Z tests/test_perceptual_comparison.py::CompareCriterionTests::test_higher_is_better_a_wins PASSED [ 64%]
Lint, Tests, Build	Tests unitaires avec couverture	2026-05-11T16:39:46.3579604Z tests/test_perceptual_comparison.py::CompareCriterionTests::test_lower_is_better_a_wins PASSED [ 64%]
Lint, Tests, Build	Tests unitaires avec couverture	2026-05-11T16:39:46.3595974Z tests/test_perceptual_comparison.py::CompareCriterionTests::test_tie_when_delta_small PASSED [ 64%]
Lint, Tests, Build	Tests unitaires avec couverture	2026-05-11T16:39:46.3658622Z tests/test_perceptual_comparison.py::ComparePerFrameTests::test_structure PASSED [ 64%]
Lint, Tests, Build	Tests unitaires avec couverture	2026-05-11T16:39:46.3676950Z tests/test_perceptual_comparison.py::BuildComparisonReportTests::test_a_wins PASSED [ 64%]
Lint, Tests, Build	Tests unitaires avec couverture	2026-05-11T16:39:46.3694190Z tests/test_perceptual_comparison.py::BuildComparisonReportTests::test_criteria_summary_complete PASSED [ 64%]
Lint, Tests, Build	Tests unitaires avec couverture	2026-05-11T16:39:46.3711218Z tests/test_perceptual_comparison.py::BuildComparisonReportTests::test_tie PASSED [ 64%]
Lint, Tests, Build	Tests unitaires avec couverture	2026-05-11T16:39:46.3733980Z tests/test_perceptual_comparison.py::EndpointTests::test_compare_perceptual_exists PASSED [ 64%]
Lint, Tests, Build	Tests unitaires avec couverture	2026-05-11T16:39:46.3751485Z tests/test_perceptual_composite.py::VisualScoreTests::test_all_excellent PASSED [ 64%]
Lint, Tests, Build	Tests unitaires avec couverture	2026-05-11T16:39:46.3767973Z tests/test_perceptual_composite.py::VisualScoreTests::test_all_poor PASSED [ 64%]
Lint, Tests, Build	Tests unitaires avec couverture	2026-05-11T16:39:46.3785848Z tests/test_perceptual_composite.py::AudioScoreTests::test_audio_score_from_model PASSED [ 64%]
Lint, Tests, Build	Tests unitaires avec couverture	2026-05-11T16:39:46.3802520Z tests/test_perceptual_composite.py::AudioScoreTests::test_no_track_returns_zero PASSED [ 64%]
Lint, Tests, Build	Tests unitaires avec couverture	2026-05-11T16:39:46.3821320Z tests/test_perceptual_composite.py::GlobalScoreTests::test_60_40_ratio PASSED [ 64%]
Lint, Tests, Build	Tests unitaires avec couverture	2026-05-11T16:39:46.3837954Z tests/test_perceptual_composite.py::GlobalScoreTests::test_no_audio_100_percent_video PASSED [ 64%]
Lint, Tests, Build	Tests unitaires avec couverture	2026-05-11T16:39:46.3854809Z tests/test_perceptual_composite.py::TierTests::test_bon PASSED           [ 64%]
Lint, Tests, Build	Tests unitaires avec couverture	2026-05-11T16:39:46.3870216Z tests/test_perceptual_composite.py::TierTests::test_degrade PASSED       [ 64%]
Lint, Tests, Build	Tests unitaires avec couverture	2026-05-11T16:39:46.3886533Z tests/test_perceptual_composite.py::TierTests::test_excellent PASSED     [ 64%]
Lint, Tests, Build	Tests unitaires avec couverture	2026-05-11T16:39:46.3902318Z tests/test_perceptual_composite.py::TierTests::test_mediocre PASSED      [ 64%]
Lint, Tests, Build	Tests unitaires avec couverture	2026-05-11T16:39:46.3918644Z tests/test_perceptual_composite.py::TierTests::test_reference PASSED     [ 64%]
Lint, Tests, Build	Tests unitaires avec couverture	2026-05-11T16:39:46.3936159Z tests/test_perceptual_composite.py::CrossVerdictsTests::test_audio_crushed PASSED [ 64%]
Lint, Tests, Build	Tests unitaires avec couverture	2026-05-11T16:39:46.3951908Z tests/test_perceptual_composite.py::CrossVerdictsTests::test_dnr_upscale_combo PASSED [ 64%]
Lint, Tests, Build	Tests unitaires avec couverture	2026-05-11T16:39:46.3968813Z tests/test_perceptual_composite.py::CrossVerdictsTests::test_mastering_reference PASSED [ 64%]
Lint, Tests, Build	Tests unitaires avec couverture	2026-05-11T16:39:46.3985557Z tests/test_perceptual_composite.py::CrossVerdictsTests::test_no_verdicts_when_conditions_not_met PASSED [ 64%]
Lint, Tests, Build	Tests unitaires avec couverture	2026-05-11T16:39:46.4002993Z tests/test_perceptual_composite.py::BuildResultTests::test_full_result PASSED [ 64%]
Lint, Tests, Build	Tests unitaires avec couverture	2026-05-11T16:39:46.4021026Z tests/test_perceptual_composite.py::BuildResultTests::test_video_only_no_audio PASSED [ 64%]
Lint, Tests, Build	Tests unitaires avec couverture	2026-05-11T16:39:46.4139122Z tests/test_perceptual_edge_cases.py::ShortFilmTests::test_short_film_no_crash PASSED [ 64%]
Lint, Tests, Build	Tests unitaires avec couverture	2026-05-11T16:39:46.4195623Z tests/test_perceptual_edge_cases.py::AudioOnlyTests::test_audio_only_visual_zero PASSED [ 64%]
Lint, Tests, Build	Tests unitaires avec couverture	2026-05-11T16:39:46.4212786Z tests/test_perceptual_edge_cases.py::VideoOnlyTests::test_global_score_no_audio PASSED [ 64%]
Lint, Tests, Build	Tests unitaires avec couverture	2026-05-11T16:39:46.4229806Z tests/test_perceptual_edge_cases.py::VideoOnlyTests::test_video_only_audio_zero PASSED [ 64%]
Lint, Tests, Build	Tests unitaires avec couverture	2026-05-11T16:39:46.4253381Z tests/test_perceptual_edge_cases.py::FfmpegAbsentTests::test_ffmpeg_missing_graceful PASSED [ 64%]
Lint, Tests, Build	Tests unitaires avec couverture	2026-05-11T16:39:46.4298247Z tests/test_perceptual_edge_cases.py::ProbeFailedTests::test_probe_failed_graceful PASSED [ 65%]
Lint, Tests, Build	Tests unitaires avec couverture	2026-05-11T16:39:46.4321524Z tests/test_perceptual_edge_cases.py::DisabledTests::test_disabled_no_analysis PASSED [ 65%]
Lint, Tests, Build	Tests unitaires avec couverture	2026-05-11T16:39:46.4339064Z tests/test_perceptual_edge_cases.py::SettingsExtremeTests::test_settings_max_values PASSED [ 65%]
Lint, Tests, Build	Tests unitaires avec couverture	2026-05-11T16:39:46.4355889Z tests/test_perceptual_edge_cases.py::SettingsExtremeTests::test_settings_min_values PASSED [ 65%]
Lint, Tests, Build	Tests unitaires avec couverture	2026-05-11T16:39:46.5956870Z tests/test_perceptual_edge_cases.py::PersistenceRoundtripTests::test_db_roundtrip_identical PASSED [ 65%]
Lint, Tests, Build	Tests unitaires avec couverture	2026-05-11T16:39:46.5975755Z tests/test_perceptual_edge_cases.py::CalibrationStubTests::test_calibration_disabled PASSED [ 65%]
Lint, Tests, Build	Tests unitaires avec couverture	2026-05-11T16:39:46.5993804Z tests/test_perceptual_frame_extraction.py::ComputeTimestampsTests::test_deterministic_same_input_same_output PASSED [ 65%]
Lint, Tests, Build	Tests unitaires avec couverture	2026-05-11T16:39:46.6010121Z tests/test_perceptual_frame_extraction.py::ComputeTimestampsTests::test_frames_count_clamped_5_to_50 PASSED [ 65%]
Lint, Tests, Build	Tests unitaires avec couverture	2026-05-11T16:39:46.6027167Z tests/test_perceptual_frame_extraction.py::ComputeTimestampsTests::test_precision_3_decimals PASSED [ 65%]
Lint, Tests, Build	Tests unitaires avec couverture	2026-05-11T16:39:46.6043453Z tests/test_perceptual_frame_extraction.py::ComputeTimestampsTests::test_short_film_minimum_3_frames PASSED [ 65%]
Lint, Tests, Build	Tests unitaires avec couverture	2026-05-11T16:39:46.6058841Z tests/test_perceptual_frame_extraction.py::ComputeTimestampsTests::test_skip_0_includes_all PASSED [ 65%]
Lint, Tests, Build	Tests unitaires avec couverture	2026-05-11T16:39:46.6075245Z tests/test_perceptual_frame_extraction.py::ComputeTimestampsTests::test_skip_5_percent PASSED [ 65%]
Lint, Tests, Build	Tests unitaires avec couverture	2026-05-11T16:39:46.6091598Z tests/test_perceptual_frame_extraction.py::ComputeTimestampsTests::test_zero_duration_empty PASSED [ 65%]
Lint, Tests, Build	Tests unitaires avec couverture	2026-05-11T16:39:46.6108937Z tests/test_perceptual_frame_extraction.py::ParseRawFrameTests::test_10bit_correct PASSED [ 65%]
Lint, Tests, Build	Tests unitaires avec couverture	2026-05-11T16:39:46.6125035Z tests/test_perceptual_frame_extraction.py::ParseRawFrameTests::test_8bit_correct PASSED [ 65%]
Lint, Tests, Build	Tests unitaires avec couverture	2026-05-11T16:39:46.6141094Z tests/test_perceptual_frame_extraction.py::ParseRawFrameTests::test_truncated_data_returns_empty PASSED [ 65%]
Lint, Tests, Build	Tests unitaires avec couverture	2026-05-11T16:39:46.6166982Z tests/test_perceptual_frame_extraction.py::IsValidFrameTests::test_high_variance_valid PASSED [ 65%]
Lint, Tests, Build	Tests unitaires avec couverture	2026-05-11T16:39:46.6190807Z tests/test_perceptual_frame_extraction.py::IsValidFrameTests::test_low_variance_invalid PASSED [ 65%]
Lint, Tests, Build	Tests unitaires avec couverture	2026-05-11T16:39:46.6207260Z tests/test_perceptual_frame_extraction.py::IsValidFrameTests::test_truncated_data_invalid PASSED [ 65%]
Lint, Tests, Build	Tests unitaires avec couverture	2026-05-11T16:39:46.6224511Z tests/test_perceptual_frame_extraction.py::InterFrameDiffTests::test_different_frames_positive_diff PASSED [ 65%]
Lint, Tests, Build	Tests unitaires avec couverture	2026-05-11T16:39:46.6240711Z tests/test_perceptual_frame_extraction.py::InterFrameDiffTests::test_identical_frames_zero_diff PASSED [ 65%]
Lint, Tests, Build	Tests unitaires avec couverture	2026-05-11T16:39:46.6261038Z tests/test_perceptual_frame_extraction.py::ExtractSingleFrameTests::test_downscale_4k PASSED [ 65%]
Lint, Tests, Build	Tests unitaires avec couverture	2026-05-11T16:39:46.6280076Z tests/test_perceptual_frame_extraction.py::ExtractSingleFrameTests::test_no_downscale_1080p PASSED [ 65%]
Lint, Tests, Build	Tests unitaires avec couverture	2026-05-11T16:39:46.6299449Z tests/test_perceptual_frame_extraction.py::ExtractSingleFrameTests::test_pix_fmt_by_bit_depth PASSED [ 65%]
Lint, Tests, Build	Tests unitaires avec couverture	2026-05-11T16:39:46.6535899Z tests/test_perceptual_frame_extraction.py::ExtractRepresentativeFramesTests::test_black_frames_skipped_and_replaced PASSED [ 65%]
Lint, Tests, Build	Tests unitaires avec couverture	2026-05-11T16:39:46.6761127Z tests/test_perceptual_frame_extraction.py::ExtractRepresentativeFramesTests::test_diversity_similar_frames_replaced PASSED [ 65%]
Lint, Tests, Build	Tests unitaires avec couverture	2026-05-11T16:39:46.6776824Z tests/test_perceptual_frame_extraction.py::ExtractRepresentativeFramesTests::test_empty_file_no_crash PASSED [ 65%]
Lint, Tests, Build	Tests unitaires avec couverture	2026-05-11T16:39:46.6806788Z tests/test_perceptual_frame_extraction.py::ExtractRepresentativeFramesTests::test_ffmpeg_failure_returns_empty PASSED [ 65%]
Lint, Tests, Build	Tests unitaires avec couverture	2026-05-11T16:39:46.6955425Z tests/test_perceptual_frame_extraction.py::ExtractRepresentativeFramesTests::test_replacement_exhausted_graceful PASSED [ 65%]
Lint, Tests, Build	Tests unitaires avec couverture	2026-05-11T16:39:46.7178862Z tests/test_perceptual_frame_extraction.py::ExtractRepresentativeFramesTests::test_returns_correct_structure PASSED [ 65%]
Lint, Tests, Build	Tests unitaires avec couverture	2026-05-11T16:39:46.7199671Z tests/test_perceptual_frame_extraction.py::ExtractRepresentativeFramesTests::test_timeout_passed_to_runner PASSED [ 65%]
Lint, Tests, Build	Tests unitaires avec couverture	2026-05-11T16:39:46.7225520Z tests/test_perceptual_grain_analysis.py::EstimateGrainTests::test_flat_image_low_grain PASSED [ 65%]
Lint, Tests, Build	Tests unitaires avec couverture	2026-05-11T16:39:46.7270494Z tests/test_perceptual_grain_analysis.py::EstimateGrainTests::test_noisy_image_high_grain PASSED [ 65%]
Lint, Tests, Build	Tests unitaires avec couverture	2026-05-11T16:39:46.7328558Z tests/test_perceptual_grain_analysis.py::EstimateGrainTests::test_uniformity_artificial_high PASSED [ 65%]
Lint, Tests, Build	Tests unitaires avec couverture	2026-05-11T16:39:46.7496377Z tests/test_perceptual_grain_analysis.py::EstimateGrainTests::test_uniformity_natural PASSED [ 65%]
Lint, Tests, Build	Tests unitaires avec couverture	2026-05-11T16:39:46.7514133Z tests/test_perceptual_grain_analysis.py::ClassifyFilmEraTests::test_eras PASSED [ 65%]
Lint, Tests, Build	Tests unitaires avec couverture	2026-05-11T16:39:46.7560033Z tests/test_perceptual_grain_analysis.py::AnalyzeGrainVerdictTests::test_animation_skip PASSED [ 65%]
Lint, Tests, Build	Tests unitaires avec couverture	2026-05-11T16:39:46.8017958Z tests/test_perceptual_grain_analysis.py::AnalyzeGrainVerdictTests::test_bruit_numerique_post2015 PASSED [ 65%]
Lint, Tests, Build	Tests unitaires avec couverture	2026-05-11T16:39:46.8043414Z tests/test_perceptual_grain_analysis.py::AnalyzeGrainVerdictTests::test_dnr_suspect_pre2002 PASSED [ 65%]
Lint, Tests, Build	Tests unitaires avec couverture	2026-05-11T16:39:46.8068686Z tests/test_perceptual_grain_analysis.py::AnalyzeGrainVerdictTests::test_grain_absent_suspect_pre2002 PASSED [ 66%]
Lint, Tests, Build	Tests unitaires avec couverture	2026-05-11T16:39:46.8126414Z tests/test_perceptual_grain_analysis.py::AnalyzeGrainVerdictTests::test_grain_artificiel_suspect PASSED [ 66%]
Lint, Tests, Build	Tests unitaires avec couverture	2026-05-11T16:39:46.8582827Z tests/test_perceptual_grain_analysis.py::AnalyzeGrainVerdictTests::test_grain_naturel_preserve_pre2002 PASSED [ 66%]
Lint, Tests, Build	Tests unitaires avec couverture	2026-05-11T16:39:46.8616107Z tests/test_perceptual_grain_analysis.py::AnalyzeGrainVerdictTests::test_high_budget_adjusts_score PASSED [ 66%]
Lint, Tests, Build	Tests unitaires avec couverture	2026-05-11T16:39:46.8641022Z tests/test_perceptual_grain_analysis.py::AnalyzeGrainVerdictTests::test_image_propre_post2012 PASSED [ 66%]
Lint, Tests, Build	Tests unitaires avec couverture	2026-05-11T16:39:46.8674687Z tests/test_perceptual_grain_analysis.py::AnalyzeGrainVerdictTests::test_major_studio_adjusts_score PASSED [ 66%]
Lint, Tests, Build	Tests unitaires avec couverture	2026-05-11T16:39:46.8700192Z tests/test_perceptual_grain_analysis.py::AnalyzeGrainVerdictTests::test_unknown_year_low_confidence PASSED [ 66%]
Lint, Tests, Build	Tests unitaires avec couverture	2026-05-11T16:39:46.8720083Z tests/test_perceptual_grain_analysis.py::TmdbCacheBackwardTests::test_old_cache_entry_no_genres PASSED [ 66%]
Lint, Tests, Build	Tests unitaires avec couverture	2026-05-11T16:39:46.8743986Z tests/test_perceptual_infra.py::FfmpegRunnerTests::test_resolve_ffmpeg_empty_path_uses_which PASSED [ 66%]
Lint, Tests, Build	Tests unitaires avec couverture	2026-05-11T16:39:46.8779867Z tests/test_perceptual_infra.py::FfmpegRunnerTests::test_resolve_ffmpeg_from_ffprobe_sibling PASSED [ 66%]
Lint, Tests, Build	Tests unitaires avec couverture	2026-05-11T16:39:46.8801092Z tests/test_perceptual_infra.py::FfmpegRunnerTests::test_resolve_ffmpeg_not_found_returns_which PASSED [ 66%]
Lint, Tests, Build	Tests unitaires avec couverture	2026-05-11T16:39:46.8821839Z tests/test_perceptual_infra.py::FfmpegRunnerTests::test_run_ffmpeg_binary_returns_bytes PASSED [ 66%]
Lint, Tests, Build	Tests unitaires avec couverture	2026-05-11T16:39:46.8843123Z tests/test_perceptual_infra.py::FfmpegRunnerTests::test_run_ffmpeg_text_returns_strings PASSED [ 66%]
Lint, Tests, Build	Tests unitaires avec couverture	2026-05-11T16:39:46.9918215Z tests/test_perceptual_infra.py::PerceptualDbTests::test_get_nonexistent_returns_none PASSED [ 66%]
Lint, Tests, Build	Tests unitaires avec couverture	2026-05-11T16:39:47.1938306Z tests/test_perceptual_infra.py::PerceptualDbTests::test_list_reports PASSED [ 66%]
Lint, Tests, Build	Tests unitaires avec couverture	2026-05-11T16:39:47.3537990Z tests/test_perceptual_infra.py::PerceptualDbTests::test_upsert_and_get_roundtrip PASSED [ 66%]
Lint, Tests, Build	Tests unitaires avec couverture	2026-05-11T16:39:47.5452857Z tests/test_perceptual_infra.py::PerceptualDbTests::test_upsert_update_existing PASSED [ 66%]
Lint, Tests, Build	Tests unitaires avec couverture	2026-05-11T16:39:47.5471415Z tests/test_perceptual_infra.py::ModelSerializationTests::test_audio_perceptual_to_dict PASSED [ 66%]
Lint, Tests, Build	Tests unitaires avec couverture	2026-05-11T16:39:47.5488063Z tests/test_perceptual_infra.py::ModelSerializationTests::test_grain_analysis_to_dict PASSED [ 66%]
Lint, Tests, Build	Tests unitaires avec couverture	2026-05-11T16:39:47.5503947Z tests/test_perceptual_infra.py::ModelSerializationTests::test_perceptual_result_none_components PASSED [ 66%]
Lint, Tests, Build	Tests unitaires avec couverture	2026-05-11T16:39:47.5522887Z tests/test_perceptual_infra.py::ModelSerializationTests::test_perceptual_result_to_dict PASSED [ 66%]
Lint, Tests, Build	Tests unitaires avec couverture	2026-05-11T16:39:47.5540659Z tests/test_perceptual_infra.py::ModelSerializationTests::test_video_perceptual_to_dict PASSED [ 66%]
Lint, Tests, Build	Tests unitaires avec couverture	2026-05-11T16:39:47.5557074Z tests/test_perceptual_infra.py::ConstantsCoherenceTests::test_audio_weights_sum_100 PASSED [ 66%]
Lint, Tests, Build	Tests unitaires avec couverture	2026-05-11T16:39:47.5574442Z tests/test_perceptual_infra.py::ConstantsCoherenceTests::test_engine_version_set PASSED [ 66%]
Lint, Tests, Build	Tests unitaires avec couverture	2026-05-11T16:39:47.5591623Z tests/test_perceptual_infra.py::ConstantsCoherenceTests::test_global_weights_sum_100 PASSED [ 66%]
Lint, Tests, Build	Tests unitaires avec couverture	2026-05-11T16:39:47.5607393Z tests/test_perceptual_infra.py::ConstantsCoherenceTests::test_major_studios_non_empty PASSED [ 66%]
Lint, Tests, Build	Tests unitaires avec couverture	2026-05-11T16:39:47.5623308Z tests/test_perceptual_infra.py::ConstantsCoherenceTests::test_tiers_ordered PASSED [ 66%]
Lint, Tests, Build	Tests unitaires avec couverture	2026-05-11T16:39:47.5639223Z tests/test_perceptual_infra.py::ConstantsCoherenceTests::test_visual_weights_sum_100 PASSED [ 66%]
Lint, Tests, Build	Tests unitaires avec couverture	2026-05-11T16:39:47.5670928Z tests/test_perceptual_infra.py::SettingsDefaultsTests::test_all_perceptual_settings_present PASSED [ 66%]
Lint, Tests, Build	Tests unitaires avec couverture	2026-05-11T16:39:47.5691682Z tests/test_perceptual_infra.py::SettingsDefaultsTests::test_hiddenimports_perceptual_in_spec PASSED [ 66%]
Lint, Tests, Build	Tests unitaires avec couverture	2026-05-11T16:39:47.5751200Z tests/test_perceptual_infra.py::SettingsDefaultsTests::test_perceptual_settings_roundtrip PASSED [ 66%]
Lint, Tests, Build	Tests unitaires avec couverture	2026-05-11T16:39:47.5774048Z tests/test_perceptual_infra.py::SchemaMigrationTests::test_migration_file_exists PASSED [ 66%]
Lint, Tests, Build	Tests unitaires avec couverture	2026-05-11T16:39:47.5792227Z tests/test_perceptual_orchestration.py::SettingsDictTests::test_all_keys_present PASSED [ 66%]
Lint, Tests, Build	Tests unitaires avec couverture	2026-05-11T16:39:47.5813843Z tests/test_perceptual_orchestration.py::EndpointsExposedTests::test_methods_exist PASSED [ 66%]
Lint, Tests, Build	Tests unitaires avec couverture	2026-05-11T16:39:47.5842533Z tests/test_perceptual_orchestration.py::GetPerceptualReportTests::test_cache_hit_returns_existing PASSED [ 66%]
Lint, Tests, Build	Tests unitaires avec couverture	2026-05-11T16:39:47.5862266Z tests/test_perceptual_orchestration.py::GetPerceptualReportTests::test_disabled_returns_error PASSED [ 66%]
Lint, Tests, Build	Tests unitaires avec couverture	2026-05-11T16:39:47.5883722Z tests/test_perceptual_orchestration.py::GetPerceptualReportTests::test_ffmpeg_not_found PASSED [ 66%]
Lint, Tests, Build	Tests unitaires avec couverture	2026-05-11T16:39:47.5921250Z tests/test_perceptual_orchestration.py::GetPerceptualReportTests::test_force_bypasses_cache PASSED [ 66%]
Lint, Tests, Build	Tests unitaires avec couverture	2026-05-11T16:39:47.5964773Z tests/test_perceptual_orchestration.py::GetPerceptualReportTests::test_probe_incomplete PASSED [ 66%]
Lint, Tests, Build	Tests unitaires avec couverture	2026-05-11T16:39:47.6001243Z tests/test_perceptual_orchestration.py::GetPerceptualReportTests::test_row_not_found PASSED [ 66%]
Lint, Tests, Build	Tests unitaires avec couverture	2026-05-11T16:39:47.6027063Z tests/test_perceptual_orchestration.py::GetPerceptualReportTests::test_run_not_found PASSED [ 67%]
Lint, Tests, Build	Tests unitaires avec couverture	2026-05-11T16:39:47.6059107Z tests/test_perceptual_orchestration.py::BatchTests::test_batch_empty PASSED [ 67%]
Lint, Tests, Build	Tests unitaires avec couverture	2026-05-11T16:39:47.6091389Z tests/test_perceptual_orchestration.py::BatchTests::test_batch_with_mixed_results PASSED [ 67%]
Lint, Tests, Build	Tests unitaires avec couverture	2026-05-11T16:39:47.6112435Z tests/test_perceptual_orchestration.py::EnrichQualityReportTests::test_enriched_when_available PASSED [ 67%]
Lint, Tests, Build	Tests unitaires avec couverture	2026-05-11T16:39:47.6135248Z tests/test_perceptual_orchestration.py::EnrichQualityReportTests::test_not_enriched_when_absent PASSED [ 67%]
Lint, Tests, Build	Tests unitaires avec couverture	2026-05-11T16:39:47.7637201Z tests/test_perceptual_orchestration.py::PersistenceTests::test_db_roundtrip PASSED [ 67%]
Lint, Tests, Build	Tests unitaires avec couverture	2026-05-11T16:39:47.7655346Z tests/test_perceptual_parallel.py::TestResolveMaxWorkers::test_auto_deep_compare_scales_up_to_four PASSED [ 67%]
Lint, Tests, Build	Tests unitaires avec couverture	2026-05-11T16:39:47.7671820Z tests/test_perceptual_parallel.py::TestResolveMaxWorkers::test_auto_single_film_uses_half_cpu_capped PASSED [ 67%]
Lint, Tests, Build	Tests unitaires avec couverture	2026-05-11T16:39:47.7689887Z tests/test_perceptual_parallel.py::TestResolveMaxWorkers::test_invalid_intent_fallbacks_to_single_film PASSED [ 67%]
Lint, Tests, Build	Tests unitaires avec couverture	2026-05-11T16:39:47.7709242Z tests/test_perceptual_parallel.py::TestResolveMaxWorkers::test_invalid_mode_fallbacks_to_auto PASSED [ 67%]
Lint, Tests, Build	Tests unitaires avec couverture	2026-05-11T16:39:47.7724796Z tests/test_perceptual_parallel.py::TestResolveMaxWorkers::test_low_cpu_fallback_to_one PASSED [ 67%]
Lint, Tests, Build	Tests unitaires avec couverture	2026-05-11T16:39:47.7741513Z tests/test_perceptual_parallel.py::TestResolveMaxWorkers::test_max_mode_uses_cap_regardless_of_cpu PASSED [ 67%]
Lint, Tests, Build	Tests unitaires avec couverture	2026-05-11T16:39:47.7762111Z tests/test_perceptual_parallel.py::TestResolveMaxWorkers::test_os_cpu_count_returning_none_fallbacks_to_one PASSED [ 67%]
Lint, Tests, Build	Tests unitaires avec couverture	2026-05-11T16:39:47.7777971Z tests/test_perceptual_parallel.py::TestResolveMaxWorkers::test_safe_caps_at_two PASSED [ 67%]
Lint, Tests, Build	Tests unitaires avec couverture	2026-05-11T16:39:47.7794053Z tests/test_perceptual_parallel.py::TestResolveMaxWorkers::test_serial_always_one PASSED [ 67%]
Lint, Tests, Build	Tests unitaires avec couverture	2026-05-11T16:39:47.7822486Z tests/test_perceptual_parallel.py::TestRunParallelTasks::test_all_tasks_succeed PASSED [ 67%]
Lint, Tests, Build	Tests unitaires avec couverture	2026-05-11T16:39:47.7843704Z tests/test_perceptual_parallel.py::TestRunParallelTasks::test_cancel_event_aborts_pending PASSED [ 67%]
Lint, Tests, Build	Tests unitaires avec couverture	2026-05-11T16:39:47.7859872Z tests/test_perceptual_parallel.py::TestRunParallelTasks::test_empty_tasks_returns_empty PASSED [ 67%]
Lint, Tests, Build	Tests unitaires avec couverture	2026-05-11T16:39:47.7887129Z tests/test_perceptual_parallel.py::TestRunParallelTasks::test_one_task_raises_others_still_run PASSED [ 67%]
Lint, Tests, Build	Tests unitaires avec couverture	2026-05-11T16:39:47.7904134Z tests/test_perceptual_parallel.py::TestRunParallelTasks::test_serial_fallback_with_max_workers_one PASSED [ 67%]
Lint, Tests, Build	Tests unitaires avec couverture	2026-05-11T16:39:47.9436182Z tests/test_perceptual_parallel.py::TestRunParallelTasks::test_tasks_run_in_parallel PASSED [ 67%]
Lint, Tests, Build	Tests unitaires avec couverture	2026-05-11T16:39:47.9498570Z tests/test_perceptual_parallel.py::TestPerceptualSettingDefaults::test_case_insensitive PASSED [ 67%]
Lint, Tests, Build	Tests unitaires avec couverture	2026-05-11T16:39:47.9535108Z tests/test_perceptual_parallel.py::TestPerceptualSettingDefaults::test_default_mode_is_auto PASSED [ 67%]
Lint, Tests, Build	Tests unitaires avec couverture	2026-05-11T16:39:47.9592354Z tests/test_perceptual_parallel.py::TestPerceptualSettingDefaults::test_invalid_mode_fallbacks_to_auto PASSED [ 67%]
Lint, Tests, Build	Tests unitaires avec couverture	2026-05-11T16:39:47.9776472Z tests/test_perceptual_parallel.py::TestPerceptualSettingDefaults::test_roundtrip_valid_modes PASSED [ 67%]
Lint, Tests, Build	Tests unitaires avec couverture	2026-05-11T16:39:48.1331428Z tests/test_perceptual_parallel.py::TestPerceptualOrchestrationParallel::test_video_and_audio_tasks_run_via_pool PASSED [ 67%]
Lint, Tests, Build	Tests unitaires avec couverture	2026-05-11T16:39:48.1358358Z tests/test_perceptual_ui.py::PerceptualSettingsHtmlTests::test_input_audio_segment PASSED [ 67%]
Lint, Tests, Build	Tests unitaires avec couverture	2026-05-11T16:39:48.1374831Z tests/test_perceptual_ui.py::PerceptualSettingsHtmlTests::test_input_comparison_frames PASSED [ 67%]
Lint, Tests, Build	Tests unitaires avec couverture	2026-05-11T16:39:48.1392116Z tests/test_perceptual_ui.py::PerceptualSettingsHtmlTests::test_input_comparison_timeout PASSED [ 67%]
Lint, Tests, Build	Tests unitaires avec couverture	2026-05-11T16:39:48.1407896Z tests/test_perceptual_ui.py::PerceptualSettingsHtmlTests::test_input_dark_weight PASSED [ 67%]
Lint, Tests, Build	Tests unitaires avec couverture	2026-05-11T16:39:48.1423852Z tests/test_perceptual_ui.py::PerceptualSettingsHtmlTests::test_input_frames PASSED [ 67%]
Lint, Tests, Build	Tests unitaires avec couverture	2026-05-11T16:39:48.1438973Z tests/test_perceptual_ui.py::PerceptualSettingsHtmlTests::test_input_skip PASSED [ 67%]
Lint, Tests, Build	Tests unitaires avec couverture	2026-05-11T16:39:48.1454949Z tests/test_perceptual_ui.py::PerceptualSettingsHtmlTests::test_input_timeout PASSED [ 67%]
Lint, Tests, Build	Tests unitaires avec couverture	2026-05-11T16:39:48.1470711Z tests/test_perceptual_ui.py::PerceptualSettingsHtmlTests::test_section_present PASSED [ 67%]
Lint, Tests, Build	Tests unitaires avec couverture	2026-05-11T16:39:48.1487444Z tests/test_perceptual_ui.py::PerceptualSettingsHtmlTests::test_subsections_present PASSED [ 67%]
Lint, Tests, Build	Tests unitaires avec couverture	2026-05-11T16:39:48.1502643Z tests/test_perceptual_ui.py::PerceptualSettingsHtmlTests::test_toggle_audio_deep PASSED [ 67%]
Lint, Tests, Build	Tests unitaires avec couverture	2026-05-11T16:39:48.1518267Z tests/test_perceptual_ui.py::PerceptualSettingsHtmlTests::test_toggle_auto_on_quality PASSED [ 67%]
Lint, Tests, Build	Tests unitaires avec couverture	2026-05-11T16:39:48.1536232Z tests/test_perceptual_ui.py::PerceptualSettingsHtmlTests::test_toggle_auto_on_scan PASSED [ 67%]
Lint, Tests, Build	Tests unitaires avec couverture	2026-05-11T16:39:48.1553838Z tests/test_perceptual_ui.py::PerceptualSettingsHtmlTests::test_toggle_enabled PASSED [ 67%]
Lint, Tests, Build	Tests unitaires avec couverture	2026-05-11T16:39:48.1575932Z tests/test_perceptual_ui.py::PerceptualSettingsJsTests::test_gather_perceptual_settings PASSED [ 68%]
Lint, Tests, Build	Tests unitaires avec couverture	2026-05-11T16:39:48.1592144Z tests/test_perceptual_ui.py::PerceptualSettingsJsTests::test_load_perceptual_enabled PASSED [ 68%]
Lint, Tests, Build	Tests unitaires avec couverture	2026-05-11T16:39:48.1614709Z tests/test_perceptual_ui.py::PerceptualValidationJsTests::test_button_present PASSED [ 68%]
Lint, Tests, Build	Tests unitaires avec couverture	2026-05-11T16:39:48.1630831Z tests/test_perceptual_ui.py::PerceptualValidationJsTests::test_cross_verdicts_display PASSED [ 68%]
Lint, Tests, Build	Tests unitaires avec couverture	2026-05-11T16:39:48.1646728Z tests/test_perceptual_ui.py::PerceptualValidationJsTests::test_details_depliable PASSED [ 68%]
Lint, Tests, Build	Tests unitaires avec couverture	2026-05-11T16:39:48.1662200Z tests/test_perceptual_ui.py::PerceptualValidationJsTests::test_run_perceptual_function PASSED [ 68%]
Lint, Tests, Build	Tests unitaires avec couverture	2026-05-11T16:39:48.1678249Z tests/test_perceptual_ui.py::PerceptualValidationJsTests::test_score_display PASSED [ 68%]
Lint, Tests, Build	Tests unitaires avec couverture	2026-05-11T16:39:48.1700938Z tests/test_perceptual_ui.py::PerceptualDashboardLibraryTests::test_button_present PASSED [ 68%]
Lint, Tests, Build	Tests unitaires avec couverture	2026-05-11T16:39:48.1717426Z tests/test_perceptual_ui.py::PerceptualDashboardLibraryTests::test_perceptual_function PASSED [ 68%]
Lint, Tests, Build	Tests unitaires avec couverture	2026-05-11T16:39:48.1735529Z tests/test_perceptual_ui.py::PerceptualDashboardStatusTests::test_indicator_present SKIPPED [ 68%]
Lint, Tests, Build	Tests unitaires avec couverture	2026-05-11T16:39:48.1758975Z tests/test_perceptual_ui.py::PerceptualCssDesktopTests::test_cross_verdict_classes PASSED [ 68%]
Lint, Tests, Build	Tests unitaires avec couverture	2026-05-11T16:39:48.1775264Z tests/test_perceptual_ui.py::PerceptualCssDesktopTests::test_five_tier_badges PASSED [ 68%]
Lint, Tests, Build	Tests unitaires avec couverture	2026-05-11T16:39:48.1790289Z tests/test_perceptual_ui.py::PerceptualCssDesktopTests::test_perceptual_details PASSED [ 68%]
Lint, Tests, Build	Tests unitaires avec couverture	2026-05-11T16:39:48.1806499Z tests/test_perceptual_ui.py::PerceptualCssDesktopTests::test_perceptual_scores_layout PASSED [ 68%]
Lint, Tests, Build	Tests unitaires avec couverture	2026-05-11T16:39:48.1831244Z tests/test_perceptual_ui.py::PerceptualCssDashboardTests::test_cross_verdict_classes PASSED [ 68%]
Lint, Tests, Build	Tests unitaires avec couverture	2026-05-11T16:39:48.1849268Z tests/test_perceptual_ui.py::PerceptualCssDashboardTests::test_five_tier_badges PASSED [ 68%]
Lint, Tests, Build	Tests unitaires avec couverture	2026-05-11T16:39:48.1866716Z tests/test_perceptual_video_analysis.py::LuminanceHistogramTests::test_bimodal_two_peaks PASSED [ 68%]
Lint, Tests, Build	Tests unitaires avec couverture	2026-05-11T16:39:48.1883808Z tests/test_perceptual_video_analysis.py::LuminanceHistogramTests::test_uniform_single_value PASSED [ 68%]
Lint, Tests, Build	Tests unitaires avec couverture	2026-05-11T16:39:48.1908984Z tests/test_perceptual_video_analysis.py::BlockVarianceTests::test_flat_image PASSED [ 68%]
Lint, Tests, Build	Tests unitaires avec couverture	2026-05-11T16:39:48.1936895Z tests/test_perceptual_video_analysis.py::BlockVarianceTests::test_noisy_image PASSED [ 68%]
Lint, Tests, Build	Tests unitaires avec couverture	2026-05-11T16:39:48.1954613Z tests/test_perceptual_video_analysis.py::DetectBandingTests::test_smooth_gradient_low_score PASSED [ 68%]
Lint, Tests, Build	Tests unitaires avec couverture	2026-05-11T16:39:48.1971123Z tests/test_perceptual_video_analysis.py::DetectBandingTests::test_stepped_gradient_high_score PASSED [ 68%]
Lint, Tests, Build	Tests unitaires avec couverture	2026-05-11T16:39:48.1989948Z tests/test_perceptual_video_analysis.py::EffectiveBitDepthTests::test_full_range_8_bits PASSED [ 68%]
Lint, Tests, Build	Tests unitaires avec couverture	2026-05-11T16:39:48.2007299Z tests/test_perceptual_video_analysis.py::EffectiveBitDepthTests::test_limited_range_6_bits PASSED [ 68%]
Lint, Tests, Build	Tests unitaires avec couverture	2026-05-11T16:39:48.2025051Z tests/test_perceptual_video_analysis.py::FilterParsingTests::test_blockdetect_parsing PASSED [ 68%]
Lint, Tests, Build	Tests unitaires avec couverture	2026-05-11T16:39:48.2041120Z tests/test_perceptual_video_analysis.py::FilterParsingTests::test_blurdetect_parsing PASSED [ 68%]
Lint, Tests, Build	Tests unitaires avec couverture	2026-05-11T16:39:48.2057423Z tests/test_perceptual_video_analysis.py::FilterParsingTests::test_signalstats_parsing PASSED [ 68%]
Lint, Tests, Build	Tests unitaires avec couverture	2026-05-11T16:39:48.2106100Z tests/test_perceptual_video_analysis.py::AnalyzeVideoFramesTests::test_bt2020_adjustment PASSED [ 68%]
Lint, Tests, Build	Tests unitaires avec couverture	2026-05-11T16:39:48.2138640Z tests/test_perceptual_video_analysis.py::AnalyzeVideoFramesTests::test_bw_detection PASSED [ 68%]
Lint, Tests, Build	Tests unitaires avec couverture	2026-05-11T16:39:48.2213579Z tests/test_perceptual_video_analysis.py::AnalyzeVideoFramesTests::test_dark_scene_weighting PASSED [ 68%]
Lint, Tests, Build	Tests unitaires avec couverture	2026-05-11T16:39:48.2307559Z tests/test_perceptual_video_analysis.py::AnalyzeVideoFramesTests::test_temporal_consistency PASSED [ 68%]
Lint, Tests, Build	Tests unitaires avec couverture	2026-05-11T16:39:48.2334186Z tests/test_plex_integration.py::PlexClientMockTests::test_get_libraries PASSED [ 68%]
Lint, Tests, Build	Tests unitaires avec couverture	2026-05-11T16:39:48.2383955Z tests/test_plex_integration.py::PlexClientMockTests::test_get_movies PASSED [ 68%]
Lint, Tests, Build	Tests unitaires avec couverture	2026-05-11T16:39:48.2408330Z tests/test_plex_integration.py::PlexClientMockTests::test_refresh_library PASSED [ 68%]
Lint, Tests, Build	Tests unitaires avec couverture	2026-05-11T16:39:48.2432513Z tests/test_plex_integration.py::PlexClientMockTests::test_validate_connection PASSED [ 68%]
Lint, Tests, Build	Tests unitaires avec couverture	2026-05-11T16:39:48.2459685Z tests/test_plex_integration.py::PlexRefreshApplyTests::test_refresh_called_if_enabled PASSED [ 68%]
Lint, Tests, Build	Tests unitaires avec couverture	2026-05-11T16:39:48.2480680Z tests/test_plex_integration.py::PlexRefreshApplyTests::test_skip_if_disabled PASSED [ 68%]
Lint, Tests, Build	Tests unitaires avec couverture	2026-05-11T16:39:48.2497795Z tests/test_plex_integration.py::PlexSyncReportTests::test_missing_from_plex PASSED [ 68%]
Lint, Tests, Build	Tests unitaires avec couverture	2026-05-11T16:39:48.2514461Z tests/test_plex_integration.py::PlexSyncReportTests::test_sync_report_with_plex_data PASSED [ 68%]
Lint, Tests, Build	Tests unitaires avec couverture	2026-05-11T16:39:48.2536059Z tests/test_plex_integration.py::PlexEndpointTests::test_get_plex_libraries_exists PASSED [ 68%]
Lint, Tests, Build	Tests unitaires avec couverture	2026-05-11T16:39:48.2561243Z tests/test_plex_integration.py::PlexEndpointTests::test_get_plex_sync_report_disabled PASSED [ 69%]
Lint, Tests, Build	Tests unitaires avec couverture	2026-05-11T16:39:48.2581505Z tests/test_plex_integration.py::PlexEndpointTests::test_test_plex_connection_exists PASSED [ 69%]
Lint, Tests, Build	Tests unitaires avec couverture	2026-05-11T16:39:48.2607384Z tests/test_plex_integration.py::PlexSettingsTests::test_defaults PASSED  [ 69%]
Lint, Tests, Build	Tests unitaires avec couverture	2026-05-11T16:39:48.2676502Z tests/test_plex_integration.py::PlexSettingsTests::test_round_trip PASSED [ 69%]
Lint, Tests, Build	Tests unitaires avec couverture	2026-05-11T16:39:48.2694869Z tests/test_plex_integration.py::PlexUiTests::test_dashboard_plex_indicator SKIPPED [ 69%]
Lint, Tests, Build	Tests unitaires avec couverture	2026-05-11T16:39:48.2712492Z tests/test_plex_integration.py::PlexUiTests::test_desktop_section_present SKIPPED [ 69%]
Lint, Tests, Build	Tests unitaires avec couverture	2026-05-11T16:39:48.2731106Z tests/test_plex_integration.py::PlexUiTests::test_settings_js_plex SKIPPED [ 69%]
Lint, Tests, Build	Tests unitaires avec couverture	2026-05-11T16:39:48.2749413Z tests/test_plex_retry_integration.py::PlexRetryTests::test_plex_default_headers_preserved PASSED [ 69%]
Lint, Tests, Build	Tests unitaires avec couverture	2026-05-11T16:39:48.2765812Z tests/test_plex_retry_integration.py::PlexRetryTests::test_plex_token_header_set PASSED [ 69%]
Lint, Tests, Build	Tests unitaires avec couverture	2026-05-11T16:39:48.2782742Z tests/test_plex_retry_integration.py::PlexRetryTests::test_session_uses_retry_helper PASSED [ 69%]
Lint, Tests, Build	Tests unitaires avec couverture	2026-05-11T16:39:48.2801222Z tests/test_plex_retry_integration.py::PlexRetryTests::test_user_agent_set PASSED [ 69%]
Lint, Tests, Build	Tests unitaires avec couverture	2026-05-11T16:39:48.2829440Z tests/test_plugin_hooks.py::DiscoverPluginsTests::test_empty_dir PASSED  [ 69%]
Lint, Tests, Build	Tests unitaires avec couverture	2026-05-11T16:39:48.2846177Z tests/test_plugin_hooks.py::DiscoverPluginsTests::test_nonexistent_dir PASSED [ 69%]
Lint, Tests, Build	Tests unitaires avec couverture	2026-05-11T16:39:48.2887648Z tests/test_plugin_hooks.py::DiscoverPluginsTests::test_py_and_bat_detected PASSED [ 69%]
Lint, Tests, Build	Tests unitaires avec couverture	2026-05-11T16:39:48.2904064Z tests/test_plugin_hooks.py::NamingConventionTests::test_any_prefix PASSED [ 69%]
Lint, Tests, Build	Tests unitaires avec couverture	2026-05-11T16:39:48.2919724Z tests/test_plugin_hooks.py::NamingConventionTests::test_no_prefix_matches_all PASSED [ 69%]
Lint, Tests, Build	Tests unitaires avec couverture	2026-05-11T16:39:48.2935560Z tests/test_plugin_hooks.py::NamingConventionTests::test_post_apply_prefix PASSED [ 69%]
Lint, Tests, Build	Tests unitaires avec couverture	2026-05-11T16:39:48.2951264Z tests/test_plugin_hooks.py::NamingConventionTests::test_post_scan_prefix PASSED [ 69%]
Lint, Tests, Build	Tests unitaires avec couverture	2026-05-11T16:39:48.2967661Z tests/test_plugin_hooks.py::NamingConventionTests::test_post_undo_prefix PASSED [ 69%]
Lint, Tests, Build	Tests unitaires avec couverture	2026-05-11T16:39:48.3386331Z tests/test_plugin_hooks.py::PluginExecutionTests::test_env_vars_present PASSED [ 69%]
Lint, Tests, Build	Tests unitaires avec couverture	2026-05-11T16:39:48.3670094Z tests/test_plugin_hooks.py::PluginExecutionTests::test_exit_nonzero_no_crash PASSED [ 69%]
Lint, Tests, Build	Tests unitaires avec couverture	2026-05-11T16:39:48.4084532Z tests/test_plugin_hooks.py::PluginExecutionTests::test_stdin_json_received PASSED [ 69%]
Lint, Tests, Build	Tests unitaires avec couverture	2026-05-11T16:39:49.4240234Z tests/test_plugin_hooks.py::PluginExecutionTests::test_timeout_no_crash PASSED [ 69%]
Lint, Tests, Build	Tests unitaires avec couverture	2026-05-11T16:39:49.4272801Z tests/test_plugin_hooks.py::PluginSettingsTests::test_defaults PASSED    [ 69%]
Lint, Tests, Build	Tests unitaires avec couverture	2026-05-11T16:39:49.4332895Z tests/test_plugin_hooks.py::PluginSettingsTests::test_round_trip PASSED  [ 69%]
Lint, Tests, Build	Tests unitaires avec couverture	2026-05-11T16:39:49.4363757Z tests/test_plugin_hooks.py::PluginUiTests::test_settings_toggle_present PASSED [ 69%]
Lint, Tests, Build	Tests unitaires avec couverture	2026-05-11T16:39:49.4384025Z tests/test_polish_v5.py::FilePresenceTests::test_all_v5_components_exist PASSED [ 69%]
Lint, Tests, Build	Tests unitaires avec couverture	2026-05-11T16:39:49.4402274Z tests/test_polish_v5.py::FilePresenceTests::test_all_v5_views_exist PASSED [ 69%]
Lint, Tests, Build	Tests unitaires avec couverture	2026-05-11T16:39:49.4420667Z tests/test_polish_v5.py::FilePresenceTests::test_shared_design_system PASSED [ 69%]
Lint, Tests, Build	Tests unitaires avec couverture	2026-05-11T16:39:49.4451892Z tests/test_polish_v5.py::FileSizeTests::test_components_reasonable_size PASSED [ 69%]
Lint, Tests, Build	Tests unitaires avec couverture	2026-05-11T16:39:49.4484005Z tests/test_polish_v5.py::FileSizeTests::test_views_reasonable_size PASSED [ 69%]
Lint, Tests, Build	Tests unitaires avec couverture	2026-05-11T16:39:49.4508550Z tests/test_polish_v5.py::IndexHtmlIntegrationTests::test_all_v5_components_loaded PASSED [ 69%]
Lint, Tests, Build	Tests unitaires avec couverture	2026-05-11T16:39:49.4532456Z tests/test_polish_v5.py::IndexHtmlIntegrationTests::test_all_v5_views_loaded PASSED [ 69%]
Lint, Tests, Build	Tests unitaires avec couverture	2026-05-11T16:39:49.4555068Z tests/test_polish_v5.py::IndexHtmlIntegrationTests::test_shared_design_system_loaded PASSED [ 69%]
Lint, Tests, Build	Tests unitaires avec couverture	2026-05-11T16:39:49.4607357Z tests/test_polish_v5.py::NoTodoTests::test_no_v76_todos_in_components PASSED [ 69%]
Lint, Tests, Build	Tests unitaires avec couverture	2026-05-11T16:39:49.4680234Z tests/test_polish_v5.py::NoTodoTests::test_no_v76_todos_in_views PASSED  [ 69%]
Lint, Tests, Build	Tests unitaires avec couverture	2026-05-11T16:39:49.4713305Z tests/test_polish_v5.py::TokensCoherenceTests::test_themes_do_not_redefine_tiers PASSED [ 69%]
Lint, Tests, Build	Tests unitaires avec couverture	2026-05-11T16:39:49.4732273Z tests/test_polish_v5.py::TokensCoherenceTests::test_themes_exist PASSED  [ 69%]
Lint, Tests, Build	Tests unitaires avec couverture	2026-05-11T16:39:49.4751967Z tests/test_polish_v5.py::TokensCoherenceTests::test_tier_tokens_invariant PASSED [ 69%]
Lint, Tests, Build	Tests unitaires avec couverture	2026-05-11T16:39:49.4784449Z tests/test_polish_v5.py::PrefixV5Tests::test_components_use_v5_prefix PASSED [ 70%]
Lint, Tests, Build	Tests unitaires avec couverture	2026-05-11T16:39:49.4806495Z tests/test_polish_v5.py::BackendEndpointsV76Tests::test_vague_3_endpoints PASSED [ 70%]
Lint, Tests, Build	Tests unitaires avec couverture	2026-05-11T16:39:49.4826941Z tests/test_polish_v5.py::BackendEndpointsV76Tests::test_vague_4_endpoints PASSED [ 70%]
Lint, Tests, Build	Tests unitaires avec couverture	2026-05-11T16:39:49.4847402Z tests/test_polish_v5.py::BackendEndpointsV76Tests::test_vague_7_endpoints PASSED [ 70%]
Lint, Tests, Build	Tests unitaires avec couverture	2026-05-11T16:39:49.4868989Z tests/test_polish_v5.py::BackendEndpointsV76Tests::test_vague_9_endpoints PASSED [ 70%]
Lint, Tests, Build	Tests unitaires avec couverture	2026-05-11T16:39:49.4888549Z tests/test_polish_v5.py::RouterV10CleanTests::test_all_v5_routes_handled PASSED [ 70%]
Lint, Tests, Build	Tests unitaires avec couverture	2026-05-11T16:39:49.4907092Z tests/test_polish_v5.py::RouterV10CleanTests::test_overlays_mutually_exclusive PASSED [ 70%]
Lint, Tests, Build	Tests unitaires avec couverture	2026-05-11T16:39:49.4925632Z tests/test_polish_v5.py::RouterV10CleanTests::test_route_aliases_empty PASSED [ 70%]
Lint, Tests, Build	Tests unitaires avec couverture	2026-05-11T16:39:49.4947140Z tests/test_polish_v5.py::RestApiExposureTests::test_notifications_endpoints_not_excluded PASSED [ 70%]
Lint, Tests, Build	Tests unitaires avec couverture	2026-05-11T16:39:49.5179748Z tests/test_pragma_mmap.py::PragmaMmapTests::test_connection_has_mmap_size_set PASSED [ 70%]
Lint, Tests, Build	Tests unitaires avec couverture	2026-05-11T16:39:49.5445719Z tests/test_pragma_mmap.py::PragmaMmapTests::test_get_mmap_size_helper PASSED [ 70%]
Lint, Tests, Build	Tests unitaires avec couverture	2026-05-11T16:39:49.5465575Z tests/test_pragma_mmap.py::PragmaMmapTests::test_module_constant_exposed PASSED [ 70%]
Lint, Tests, Build	Tests unitaires avec couverture	2026-05-11T16:39:49.6513065Z tests/test_probe_auto.py::ProbeAutoTests::test_default_runner_passes_platform_kwargs PASSED [ 70%]
Lint, Tests, Build	Tests unitaires avec couverture	2026-05-11T16:39:49.7914527Z tests/test_probe_auto.py::ProbeAutoTests::test_probe_auto_handles_invalid_ffprobe_json_as_partial PASSED [ 70%]
Lint, Tests, Build	Tests unitaires avec couverture	2026-05-11T16:39:49.9630109Z tests/test_probe_auto.py::ProbeAutoTests::test_probe_auto_handles_runner_timeout_as_partial PASSED [ 70%]
Lint, Tests, Build	Tests unitaires avec couverture	2026-05-11T16:39:50.1075981Z tests/test_probe_auto.py::ProbeAutoTests::test_probe_auto_parses_and_traces_sources PASSED [ 70%]
Lint, Tests, Build	Tests unitaires avec couverture	2026-05-11T16:39:50.2446917Z tests/test_probe_auto.py::ProbeAutoTests::test_probe_cache_hit_skips_subprocess PASSED [ 70%]
Lint, Tests, Build	Tests unitaires avec couverture	2026-05-11T16:39:50.3819955Z tests/test_probe_auto.py::ProbeAutoTests::test_probe_without_tools_returns_partial_with_missing_tool_message PASSED [ 70%]
Lint, Tests, Build	Tests unitaires avec couverture	2026-05-11T16:39:50.4917478Z tests/test_probe_auto.py::ProbeAutoTests::test_runner_platform_kwargs_windows_has_no_window_flags PASSED [ 70%]
Lint, Tests, Build	Tests unitaires avec couverture	2026-05-11T16:39:50.4940210Z tests/test_probe_parallel.py::ProbeWorkersResolutionTests::test_cpu_count_none_falls_back_to_4 PASSED [ 70%]
Lint, Tests, Build	Tests unitaires avec couverture	2026-05-11T16:39:50.4956964Z tests/test_probe_parallel.py::ProbeWorkersResolutionTests::test_explicit_value_clamped_to_max PASSED [ 70%]
Lint, Tests, Build	Tests unitaires avec couverture	2026-05-11T16:39:50.4972557Z tests/test_probe_parallel.py::ProbeWorkersResolutionTests::test_explicit_value_clamped_to_min PASSED [ 70%]
Lint, Tests, Build	Tests unitaires avec couverture	2026-05-11T16:39:50.4992279Z tests/test_probe_parallel.py::ProbeWorkersResolutionTests::test_invalid_value_uses_auto PASSED [ 70%]
Lint, Tests, Build	Tests unitaires avec couverture	2026-05-11T16:39:50.5011850Z tests/test_probe_parallel.py::ProbeWorkersResolutionTests::test_negative_value_uses_auto PASSED [ 70%]
Lint, Tests, Build	Tests unitaires avec couverture	2026-05-11T16:39:50.5031832Z tests/test_probe_parallel.py::ProbeWorkersResolutionTests::test_zero_value_uses_auto_capped_at_8 PASSED [ 70%]
Lint, Tests, Build	Tests unitaires avec couverture	2026-05-11T16:39:58.9762408Z tests/test_probe_parallel.py::ProbeFilesBatchTests::test_100_files_completes_under_reasonable_time PASSED [ 70%]
Lint, Tests, Build	Tests unitaires avec couverture	2026-05-11T16:39:59.5575879Z tests/test_probe_parallel.py::ProbeFilesBatchTests::test_cache_hit_skips_subprocess PASSED [ 70%]
Lint, Tests, Build	Tests unitaires avec couverture	2026-05-11T16:39:59.7594012Z tests/test_probe_parallel.py::ProbeFilesBatchTests::test_duplicate_input_paths_deduplicated PASSED [ 70%]
Lint, Tests, Build	Tests unitaires avec couverture	2026-05-11T16:39:59.8729245Z tests/test_probe_parallel.py::ProbeFilesBatchTests::test_empty_input_returns_empty_dict PASSED [ 70%]
Lint, Tests, Build	Tests unitaires avec couverture	2026-05-11T16:40:00.3011647Z tests/test_probe_parallel.py::ProbeFilesBatchTests::test_invalid_probe_workers_value_falls_back_to_auto PASSED [ 70%]
Lint, Tests, Build	Tests unitaires avec couverture	2026-05-11T16:40:00.6880926Z tests/test_probe_parallel.py::ProbeFilesBatchTests::test_one_failing_probe_does_not_kill_batch PASSED [ 70%]
Lint, Tests, Build	Tests unitaires avec couverture	2026-05-11T16:40:01.2645566Z tests/test_probe_parallel.py::ProbeFilesBatchTests::test_parallel_disabled_uses_mono_thread PASSED [ 70%]
Lint, Tests, Build	Tests unitaires avec couverture	2026-05-11T16:40:01.7391640Z tests/test_probe_parallel.py::ProbeFilesBatchTests::test_parallel_enabled_uses_multiple_threads PASSED [ 70%]
Lint, Tests, Build	Tests unitaires avec couverture	2026-05-11T16:40:02.8609227Z tests/test_probe_parallel.py::ProbeFilesBatchTests::test_parallel_faster_than_sequential PASSED [ 70%]
Lint, Tests, Build	Tests unitaires avec couverture	2026-05-11T16:40:03.2696080Z tests/test_probe_parallel.py::ProbeFilesBatchTests::test_partial_cache_hit_only_probes_missing PASSED [ 70%]
Lint, Tests, Build	Tests unitaires avec couverture	2026-05-11T16:40:03.6347260Z tests/test_probe_parallel.py::ProbeFilesBatchTests::test_results_keyed_by_path_preserve_mapping PASSED [ 70%]
Lint, Tests, Build	Tests unitaires avec couverture	2026-05-11T16:40:03.8463957Z tests/test_probe_parallel.py::ProbeFilesBatchTests::test_single_file_uses_mono_thread_path PASSED [ 70%]
Lint, Tests, Build	Tests unitaires avec couverture	2026-05-11T16:40:03.8483770Z tests/test_probe_parallel.py::ProbeBatchSettingsNormalizationTests::test_default_settings_have_parallelism_enabled PASSED [ 70%]
Lint, Tests, Build	Tests unitaires avec couverture	2026-05-11T16:40:03.8501330Z tests/test_probe_parallel.py::ProbeBatchSettingsNormalizationTests::test_explicit_disable PASSED [ 70%]
Lint, Tests, Build	Tests unitaires avec couverture	2026-05-11T16:40:03.8520523Z tests/test_probe_parallel.py::ProbeBatchSettingsNormalizationTests::test_explicit_workers_clamped PASSED [ 70%]
Lint, Tests, Build	Tests unitaires avec couverture	2026-05-11T16:40:03.8591654Z tests/test_probe_tools_manager.py::ProbeToolsManagerTests::test_detect_probe_tools_handles_missing_localappdata PASSED [ 71%]
Lint, Tests, Build	Tests unitaires avec couverture	2026-05-11T16:40:03.8638709Z tests/test_probe_tools_manager.py::ProbeToolsManagerTests::test_detect_probe_tools_invalid_executable_when_runner_raises PASSED [ 71%]
Lint, Tests, Build	Tests unitaires avec couverture	2026-05-11T16:40:03.8672922Z tests/test_probe_tools_manager.py::ProbeToolsManagerTests::test_detect_probe_tools_missing PASSED [ 71%]
Lint, Tests, Build	Tests unitaires avec couverture	2026-05-11T16:40:03.8725054Z tests/test_probe_tools_manager.py::ProbeToolsManagerTests::test_detect_probe_tools_too_old_version PASSED [ 71%]
Lint, Tests, Build	Tests unitaires avec couverture	2026-05-11T16:40:03.8778011Z tests/test_probe_tools_manager.py::ProbeToolsManagerTests::test_detect_probe_tools_valid_versions PASSED [ 71%]
Lint, Tests, Build	Tests unitaires avec couverture	2026-05-11T16:40:03.8824762Z tests/test_probe_tools_manager.py::ProbeToolsManagerTests::test_detect_probe_tools_version_unknown_when_output_is_unreadable PASSED [ 71%]
Lint, Tests, Build	Tests unitaires avec couverture	2026-05-11T16:40:03.8874157Z tests/test_probe_tools_manager.py::ProbeToolsManagerTests::test_manage_probe_tools_reconciles_when_tool_is_already_ready PASSED [ 71%]
Lint, Tests, Build	Tests unitaires avec couverture	2026-05-11T16:40:03.8906164Z tests/test_probe_tools_manager.py::ProbeToolsManagerTests::test_manage_probe_tools_requires_winget PASSED [ 71%]
Lint, Tests, Build	Tests unitaires avec couverture	2026-05-11T16:40:03.8947317Z tests/test_probe_tools_manager.py::ProbeToolsManagerTests::test_validate_tool_path PASSED [ 71%]
Lint, Tests, Build	Tests unitaires avec couverture	2026-05-11T16:40:03.8989643Z tests/test_probe_tools_manager.py::ProbeToolsManagerTests::test_validate_tool_path_rejects_timeout_or_non_executable PASSED [ 71%]
Lint, Tests, Build	Tests unitaires avec couverture	2026-05-11T16:40:03.9018050Z tests/test_processing_v5.py::ProcessingViewTests::test_3_steps_defined PASSED [ 71%]
Lint, Tests, Build	Tests unitaires avec couverture	2026-05-11T16:40:03.9046075Z tests/test_processing_v5.py::ProcessingViewTests::test_apply_dry_run_default PASSED [ 71%]
Lint, Tests, Build	Tests unitaires avec couverture	2026-05-11T16:40:03.9074279Z tests/test_processing_v5.py::ProcessingViewTests::test_bulk_actions_supported PASSED [ 71%]
Lint, Tests, Build	Tests unitaires avec couverture	2026-05-11T16:40:03.9093805Z tests/test_processing_v5.py::ProcessingViewTests::test_es_module_exports PASSED [ 71%]
Lint, Tests, Build	Tests unitaires avec couverture	2026-05-11T16:40:03.9113919Z tests/test_processing_v5.py::ProcessingViewTests::test_init_unmount_gotostep_exposed PASSED [ 71%]
Lint, Tests, Build	Tests unitaires avec couverture	2026-05-11T16:40:03.9133336Z tests/test_processing_v5.py::ProcessingViewTests::test_polling_status_on_running PASSED [ 71%]
Lint, Tests, Build	Tests unitaires avec couverture	2026-05-11T16:40:03.9152868Z tests/test_processing_v5.py::ProcessingViewTests::test_step_status_states PASSED [ 71%]
Lint, Tests, Build	Tests unitaires avec couverture	2026-05-11T16:40:03.9172607Z tests/test_processing_v5.py::ProcessingViewTests::test_stepper_keyboard_accessible PASSED [ 71%]
Lint, Tests, Build	Tests unitaires avec couverture	2026-05-11T16:40:03.9194087Z tests/test_processing_v5.py::ProcessingViewTests::test_uses_core_endpoints PASSED [ 71%]
Lint, Tests, Build	Tests unitaires avec couverture	2026-05-11T16:40:03.9219532Z tests/test_processing_v5.py::RouterProcessingRouteTests::test_film_and_processing_mutually_exclusive PASSED [ 71%]
Lint, Tests, Build	Tests unitaires avec couverture	2026-05-11T16:40:03.9238676Z tests/test_processing_v5.py::RouterProcessingRouteTests::test_navigate_to_processing_helper PASSED [ 71%]
Lint, Tests, Build	Tests unitaires avec couverture	2026-05-11T16:40:03.9258070Z tests/test_processing_v5.py::RouterProcessingRouteTests::test_processing_alias_removed PASSED [ 71%]
Lint, Tests, Build	Tests unitaires avec couverture	2026-05-11T16:40:03.9276720Z tests/test_processing_v5.py::RouterProcessingRouteTests::test_processing_hidden_on_other_views PASSED [ 71%]
Lint, Tests, Build	Tests unitaires avec couverture	2026-05-11T16:40:03.9296446Z tests/test_processing_v5.py::RouterProcessingRouteTests::test_processing_overlay_ensure PASSED [ 71%]
Lint, Tests, Build	Tests unitaires avec couverture	2026-05-11T16:40:03.9318292Z tests/test_processing_v5.py::CssVague5Tests::test_overlay_active_state PASSED [ 71%]
Lint, Tests, Build	Tests unitaires avec couverture	2026-05-11T16:40:03.9339170Z tests/test_processing_v5.py::CssVague5Tests::test_processing_apply_summary_classes PASSED [ 71%]
Lint, Tests, Build	Tests unitaires avec couverture	2026-05-11T16:40:03.9360297Z tests/test_processing_v5.py::CssVague5Tests::test_processing_shell_classes PASSED [ 71%]
Lint, Tests, Build	Tests unitaires avec couverture	2026-05-11T16:40:03.9381058Z tests/test_processing_v5.py::CssVague5Tests::test_progress_bar PASSED    [ 71%]
Lint, Tests, Build	Tests unitaires avec couverture	2026-05-11T16:40:03.9402082Z tests/test_processing_v5.py::CssVague5Tests::test_review_row_decision_variants PASSED [ 71%]
Lint, Tests, Build	Tests unitaires avec couverture	2026-05-11T16:40:03.9423399Z tests/test_processing_v5.py::CssVague5Tests::test_stepper_classes PASSED [ 71%]
Lint, Tests, Build	Tests unitaires avec couverture	2026-05-11T16:40:03.9445607Z tests/test_processing_v5.py::CssVague5Tests::test_stepper_state_variants PASSED [ 71%]
Lint, Tests, Build	Tests unitaires avec couverture	2026-05-11T16:40:03.9470559Z tests/test_processing_v5.py::IntegrationVague5Tests::test_index_html_loads_processing_script PASSED [ 71%]
Lint, Tests, Build	Tests unitaires avec couverture	2026-05-11T16:40:03.9490665Z tests/test_processing_v5_features.py::ProcessingV5FeaturesTests::test_v2_03_draft_auto PASSED [ 71%]
Lint, Tests, Build	Tests unitaires avec couverture	2026-05-11T16:40:03.9507177Z tests/test_processing_v5_features.py::ProcessingV5FeaturesTests::test_v2_04_promise_allsettled PASSED [ 71%]
Lint, Tests, Build	Tests unitaires avec couverture	2026-05-11T16:40:03.9524426Z tests/test_processing_v5_features.py::ProcessingV5FeaturesTests::test_v2_07_emptystate_imported PASSED [ 71%]
Lint, Tests, Build	Tests unitaires avec couverture	2026-05-11T16:40:03.9541517Z tests/test_processing_v5_features.py::ProcessingV5FeaturesTests::test_v2_08_skeleton PASSED [ 71%]
Lint, Tests, Build	Tests unitaires avec couverture	2026-05-11T16:40:03.9560417Z tests/test_processing_v5_features.py::ProcessingV5FeaturesTests::test_v3_06_drawer_mobile PASSED [ 71%]
Lint, Tests, Build	Tests unitaires avec couverture	2026-05-11T16:40:03.9581196Z tests/test_processing_v5_ported.py::ProcessingV5PortedTests::test_apipost_calls_use_kwargs PASSED [ 71%]
Lint, Tests, Build	Tests unitaires avec couverture	2026-05-11T16:40:03.9598296Z tests/test_processing_v5_ported.py::ProcessingV5PortedTests::test_apipost_imported PASSED [ 71%]
Lint, Tests, Build	Tests unitaires avec couverture	2026-05-11T16:40:03.9615258Z tests/test_processing_v5_ported.py::ProcessingV5PortedTests::test_emptystate_imported_from_dashboard PASSED [ 72%]
Lint, Tests, Build	Tests unitaires avec couverture	2026-05-11T16:40:03.9632727Z tests/test_processing_v5_ported.py::ProcessingV5PortedTests::test_es_module_export PASSED [ 72%]
Lint, Tests, Build	Tests unitaires avec couverture	2026-05-11T16:40:03.9649522Z tests/test_processing_v5_ported.py::ProcessingV5PortedTests::test_helpers_imported PASSED [ 72%]
Lint, Tests, Build	Tests unitaires avec couverture	2026-05-11T16:40:03.9666643Z tests/test_processing_v5_ported.py::ProcessingV5PortedTests::test_no_iife PASSED [ 72%]
Lint, Tests, Build	Tests unitaires avec couverture	2026-05-11T16:40:03.9683651Z tests/test_processing_v5_ported.py::ProcessingV5PortedTests::test_no_pywebview_api PASSED [ 72%]
Lint, Tests, Build	Tests unitaires avec couverture	2026-05-11T16:40:03.9700796Z tests/test_processing_v5_ported.py::ProcessingV5PortedTests::test_three_steps_present PASSED [ 72%]
Lint, Tests, Build	Tests unitaires avec couverture	2026-05-11T16:40:03.9717607Z tests/test_processing_v5_ported.py::ProcessingV5PortedTests::test_v2_03_draft_preserved PASSED [ 72%]
Lint, Tests, Build	Tests unitaires avec couverture	2026-05-11T16:40:03.9734151Z tests/test_processing_v5_ported.py::ProcessingV5PortedTests::test_v2_04_allsettled_preserved PASSED [ 72%]
Lint, Tests, Build	Tests unitaires avec couverture	2026-05-11T16:40:03.9750925Z tests/test_processing_v5_ported.py::ProcessingV5PortedTests::test_v2_07_emptystate_preserved PASSED [ 72%]
Lint, Tests, Build	Tests unitaires avec couverture	2026-05-11T16:40:03.9767568Z tests/test_processing_v5_ported.py::ProcessingV5PortedTests::test_v2_08_skeleton_preserved PASSED [ 72%]
Lint, Tests, Build	Tests unitaires avec couverture	2026-05-11T16:40:03.9786099Z tests/test_processing_v5_ported.py::ProcessingV5PortedTests::test_v3_06_drawer_preserved PASSED [ 72%]
Lint, Tests, Build	Tests unitaires avec couverture	2026-05-11T16:40:03.9804555Z tests/test_profile_exchange.py::WrapProfileTests::test_wrap_empty_metadata PASSED [ 72%]
Lint, Tests, Build	Tests unitaires avec couverture	2026-05-11T16:40:03.9821694Z tests/test_profile_exchange.py::WrapProfileTests::test_wrap_includes_schema_fields PASSED [ 72%]
Lint, Tests, Build	Tests unitaires avec couverture	2026-05-11T16:40:03.9839067Z tests/test_profile_exchange.py::WrapProfileTests::test_wrap_profile_block_matches PASSED [ 72%]
Lint, Tests, Build	Tests unitaires avec couverture	2026-05-11T16:40:03.9856169Z tests/test_profile_exchange.py::WrapProfileTests::test_wrap_rejects_non_dict PASSED [ 72%]
Lint, Tests, Build	Tests unitaires avec couverture	2026-05-11T16:40:03.9873708Z tests/test_profile_exchange.py::WrapProfileTests::test_wrap_truncates_long_strings PASSED [ 72%]
Lint, Tests, Build	Tests unitaires avec couverture	2026-05-11T16:40:03.9892265Z tests/test_profile_exchange.py::SerializeTests::test_json_is_human_readable PASSED [ 72%]
Lint, Tests, Build	Tests unitaires avec couverture	2026-05-11T16:40:03.9910620Z tests/test_profile_exchange.py::SerializeTests::test_roundtrip PASSED    [ 72%]
Lint, Tests, Build	Tests unitaires avec couverture	2026-05-11T16:40:03.9932484Z tests/test_profile_exchange.py::ParseImportValidTests::test_ok_message_empty PASSED [ 72%]
Lint, Tests, Build	Tests unitaires avec couverture	2026-05-11T16:40:03.9952907Z tests/test_profile_exchange.py::ParseImportValidTests::test_valid_roundtrip PASSED [ 72%]
Lint, Tests, Build	Tests unitaires avec couverture	2026-05-11T16:40:03.9970721Z tests/test_profile_exchange.py::ParseImportInvalidTests::test_empty PASSED [ 72%]
Lint, Tests, Build	Tests unitaires avec couverture	2026-05-11T16:40:03.9988897Z tests/test_profile_exchange.py::ParseImportInvalidTests::test_future_schema_version_rejected PASSED [ 72%]
Lint, Tests, Build	Tests unitaires avec couverture	2026-05-11T16:40:04.0005866Z tests/test_profile_exchange.py::ParseImportInvalidTests::test_huge_content_rejected PASSED [ 72%]
Lint, Tests, Build	Tests unitaires avec couverture	2026-05-11T16:40:04.0023683Z tests/test_profile_exchange.py::ParseImportInvalidTests::test_invalid_json PASSED [ 72%]
Lint, Tests, Build	Tests unitaires avec couverture	2026-05-11T16:40:04.0040788Z tests/test_profile_exchange.py::ParseImportInvalidTests::test_missing_profile PASSED [ 72%]
Lint, Tests, Build	Tests unitaires avec couverture	2026-05-11T16:40:04.0057366Z tests/test_profile_exchange.py::ParseImportInvalidTests::test_missing_schema_version PASSED [ 72%]
Lint, Tests, Build	Tests unitaires avec couverture	2026-05-11T16:40:04.0074089Z tests/test_profile_exchange.py::ParseImportInvalidTests::test_non_dict_root PASSED [ 72%]
Lint, Tests, Build	Tests unitaires avec couverture	2026-05-11T16:40:04.0092078Z tests/test_profile_exchange.py::ParseImportInvalidTests::test_profile_missing_required_fields PASSED [ 72%]
Lint, Tests, Build	Tests unitaires avec couverture	2026-05-11T16:40:04.0110337Z tests/test_profile_exchange.py::ParseImportInvalidTests::test_wrong_schema PASSED [ 72%]
Lint, Tests, Build	Tests unitaires avec couverture	2026-05-11T16:40:04.0128801Z tests/test_profile_exchange.py::MetadataExtractionTests::test_extract_malformed_returns_empty_strings PASSED [ 72%]
Lint, Tests, Build	Tests unitaires avec couverture	2026-05-11T16:40:04.0148490Z tests/test_profile_exchange.py::MetadataExtractionTests::test_extract_metadata PASSED [ 72%]
Lint, Tests, Build	Tests unitaires avec couverture	2026-05-11T16:40:04.0182091Z tests/test_promise_allsettled.py::PromiseAllSettledTests::test_no_promise_all_in_migrated_files PASSED [ 72%]
Lint, Tests, Build	Tests unitaires avec couverture	2026-05-11T16:40:04.0202330Z tests/test_pyinstaller_smoke.py::PyInstallerSmokeTests::test_exe_starts_and_responds_to_health SKIPPED [ 72%]
Lint, Tests, Build	Tests unitaires avec couverture	2026-05-11T16:40:04.0221094Z tests/test_pyinstaller_smoke.py::PyInstallerArtifactTests::test_exe_is_executable SKIPPED [ 72%]
Lint, Tests, Build	Tests unitaires avec couverture	2026-05-11T16:40:04.0241604Z tests/test_pyinstaller_smoke.py::PyInstallerArtifactTests::test_exe_size_within_expected_range SKIPPED [ 72%]
Lint, Tests, Build	Tests unitaires avec couverture	2026-05-11T16:40:04.0274192Z tests/test_qij_v5.py::ScoringRollupBackendTests::test_rollup_aggregates_avg_score_and_tier_distribution PASSED [ 72%]
Lint, Tests, Build	Tests unitaires avec couverture	2026-05-11T16:40:04.0307797Z tests/test_qij_v5.py::ScoringRollupBackendTests::test_rollup_by_codec PASSED [ 72%]
Lint, Tests, Build	Tests unitaires avec couverture	2026-05-11T16:40:04.0337778Z tests/test_qij_v5.py::ScoringRollupBackendTests::test_rollup_by_decade PASSED [ 72%]
Lint, Tests, Build	Tests unitaires avec couverture	2026-05-11T16:40:04.0369866Z tests/test_qij_v5.py::ScoringRollupBackendTests::test_rollup_by_franchise PASSED [ 72%]
Lint, Tests, Build	Tests unitaires avec couverture	2026-05-11T16:40:04.0400475Z tests/test_qij_v5.py::ScoringRollupBackendTests::test_rollup_limits PASSED [ 72%]
Lint, Tests, Build	Tests unitaires avec couverture	2026-05-11T16:40:04.0425464Z tests/test_qij_v5.py::ScoringRollupBackendTests::test_rollup_no_run PASSED [ 73%]
Lint, Tests, Build	Tests unitaires avec couverture	2026-05-11T16:40:04.0448823Z tests/test_qij_v5.py::TrifilmsApiRollupEndpointTests::test_get_scoring_rollup_endpoint_exposed PASSED [ 73%]
Lint, Tests, Build	Tests unitaires avec couverture	2026-05-11T16:40:04.0470823Z tests/test_qij_v5.py::QIJViewTests::test_each_view_has_mount_unmount PASSED [ 73%]
Lint, Tests, Build	Tests unitaires avec couverture	2026-05-11T16:40:04.0490458Z tests/test_qij_v5.py::QIJViewTests::test_integration_test_methods PASSED [ 73%]
Lint, Tests, Build	Tests unitaires avec couverture	2026-05-11T16:40:04.0509898Z tests/test_qij_v5.py::QIJViewTests::test_integrations_4_services PASSED  [ 73%]
Lint, Tests, Build	Tests unitaires avec couverture	2026-05-11T16:40:04.0529570Z tests/test_qij_v5.py::QIJViewTests::test_journal_status_classes PASSED   [ 73%]
Lint, Tests, Build	Tests unitaires avec couverture	2026-05-11T16:40:04.0548603Z tests/test_qij_v5.py::QIJViewTests::test_journal_uses_export_run_report PASSED [ 73%]
Lint, Tests, Build	Tests unitaires avec couverture	2026-05-11T16:40:04.0568383Z tests/test_qij_v5.py::QIJViewTests::test_quality_rollup_5_dimensions PASSED [ 73%]
Lint, Tests, Build	Tests unitaires avec couverture	2026-05-11T16:40:04.0587523Z tests/test_qij_v5.py::QIJViewTests::test_quality_uses_charts_components PASSED [ 73%]
Lint, Tests, Build	Tests unitaires avec couverture	2026-05-11T16:40:04.0606691Z tests/test_qij_v5.py::QIJViewTests::test_quality_uses_get_scoring_rollup PASSED [ 73%]
Lint, Tests, Build	Tests unitaires avec couverture	2026-05-11T16:40:04.0626564Z tests/test_qij_v5.py::QIJViewTests::test_three_global_views PASSED       [ 73%]
Lint, Tests, Build	Tests unitaires avec couverture	2026-05-11T16:40:04.0646805Z tests/test_qij_v5.py::RouterQIJTests::test_aliases_empty PASSED          [ 73%]
Lint, Tests, Build	Tests unitaires avec couverture	2026-05-11T16:40:04.0672177Z tests/test_qij_v5.py::RouterQIJTests::test_mutual_exclusion_with_other_overlays PASSED [ 73%]
Lint, Tests, Build	Tests unitaires avec couverture	2026-05-11T16:40:04.0691551Z tests/test_qij_v5.py::RouterQIJTests::test_navigate_to_qij_helper PASSED [ 73%]
Lint, Tests, Build	Tests unitaires avec couverture	2026-05-11T16:40:04.0710616Z tests/test_qij_v5.py::RouterQIJTests::test_qij_overlay_id PASSED         [ 73%]
Lint, Tests, Build	Tests unitaires avec couverture	2026-05-11T16:40:04.0732226Z tests/test_qij_v5.py::RouterQIJTests::test_qij_routes_detected PASSED    [ 73%]
Lint, Tests, Build	Tests unitaires avec couverture	2026-05-11T16:40:04.0754865Z tests/test_qij_v5.py::CssVague7Tests::test_integ_card_classes PASSED     [ 73%]
Lint, Tests, Build	Tests unitaires avec couverture	2026-05-11T16:40:04.0777054Z tests/test_qij_v5.py::CssVague7Tests::test_integ_card_state_variants PASSED [ 73%]
Lint, Tests, Build	Tests unitaires avec couverture	2026-05-11T16:40:04.0798057Z tests/test_qij_v5.py::CssVague7Tests::test_journal_classes PASSED        [ 73%]
Lint, Tests, Build	Tests unitaires avec couverture	2026-05-11T16:40:04.0818703Z tests/test_qij_v5.py::CssVague7Tests::test_qij_charts_classes PASSED     [ 73%]
Lint, Tests, Build	Tests unitaires avec couverture	2026-05-11T16:40:04.0839579Z tests/test_qij_v5.py::CssVague7Tests::test_qij_dist_tier_variants PASSED [ 73%]
Lint, Tests, Build	Tests unitaires avec couverture	2026-05-11T16:40:04.0860681Z tests/test_qij_v5.py::CssVague7Tests::test_qij_rollup_classes PASSED     [ 73%]
Lint, Tests, Build	Tests unitaires avec couverture	2026-05-11T16:40:04.0882927Z tests/test_qij_v5.py::CssVague7Tests::test_qij_shell_classes PASSED      [ 73%]
Lint, Tests, Build	Tests unitaires avec couverture	2026-05-11T16:40:04.0908420Z tests/test_qij_v5.py::IntegrationVague7Tests::test_index_html_loads_qij_script PASSED [ 73%]
Lint, Tests, Build	Tests unitaires avec couverture	2026-05-11T16:40:04.0928502Z tests/test_qij_v5_features.py::QijV5FeaturesTests::test_v1_05_empty_state_quality PASSED [ 73%]
Lint, Tests, Build	Tests unitaires avec couverture	2026-05-11T16:40:04.0947578Z tests/test_qij_v5_features.py::QijV5FeaturesTests::test_v2_08_skeleton_complete PASSED [ 73%]
Lint, Tests, Build	Tests unitaires avec couverture	2026-05-11T16:40:04.0966918Z tests/test_qij_v5_features.py::QijV5FeaturesTests::test_v3_03_glossary_tooltips PASSED [ 73%]
Lint, Tests, Build	Tests unitaires avec couverture	2026-05-11T16:40:04.0987227Z tests/test_qij_v5_ported.py::QijV5PortedTests::test_es_module_exports PASSED [ 73%]
Lint, Tests, Build	Tests unitaires avec couverture	2026-05-11T16:40:04.1004753Z tests/test_qij_v5_ported.py::QijV5PortedTests::test_helpers_imported PASSED [ 73%]
Lint, Tests, Build	Tests unitaires avec couverture	2026-05-11T16:40:04.1021875Z tests/test_qij_v5_ported.py::QijV5PortedTests::test_no_iife_globals PASSED [ 73%]
Lint, Tests, Build	Tests unitaires avec couverture	2026-05-11T16:40:04.1038558Z tests/test_qij_v5_ported.py::QijV5PortedTests::test_no_pywebview_api PASSED [ 73%]
Lint, Tests, Build	Tests unitaires avec couverture	2026-05-11T16:40:04.1055265Z tests/test_qij_v5_ported.py::QijV5PortedTests::test_v1_05_empty_state PASSED [ 73%]
Lint, Tests, Build	Tests unitaires avec couverture	2026-05-11T16:40:04.1073933Z tests/test_qij_v5_ported.py::QijV5PortedTests::test_v3_03_glossary PASSED [ 73%]
Lint, Tests, Build	Tests unitaires avec couverture	2026-05-11T16:40:04.1194602Z tests/test_qr_code.py::QrCodeEndpointTests::test_qr_endpoint_returns_svg PASSED [ 73%]
Lint, Tests, Build	Tests unitaires avec couverture	2026-05-11T16:40:04.1338898Z tests/test_qr_code.py::QrCodeEndpointTests::test_qr_svg_contains_dark_color PASSED [ 73%]
Lint, Tests, Build	Tests unitaires avec couverture	2026-05-11T16:40:04.1457002Z tests/test_qr_code.py::QrCodeEndpointTests::test_qr_svg_starts_with_svg_tag PASSED [ 73%]
Lint, Tests, Build	Tests unitaires avec couverture	2026-05-11T16:40:04.1574687Z tests/test_qr_code.py::QrCodeEndpointTests::test_qr_url_contains_dashboard PASSED [ 73%]
Lint, Tests, Build	Tests unitaires avec couverture	2026-05-11T16:40:04.1779463Z tests/test_qr_code.py::QrCodeEndpointTests::test_qr_works_with_localhost_fallback PASSED [ 73%]
Lint, Tests, Build	Tests unitaires avec couverture	2026-05-11T16:40:04.1845234Z tests/test_quality_score.py::QualityScoreTests::test_4k_light_toggle_changes_score PASSED [ 73%]
Lint, Tests, Build	Tests unitaires avec couverture	2026-05-11T16:40:04.4789575Z tests/test_quality_score.py::QualityScoreTests::test_analyze_quality_batch_logs_structured_error_and_returns_clean_message FAILED [ 74%]
Lint, Tests, Build	Tests unitaires avec couverture	2026-05-11T16:40:04.8126864Z tests/test_quality_score.py::QualityScoreTests::test_analyze_quality_batch_rejects_concurrent_launch FAILED [ 74%]
Lint, Tests, Build	Tests unitaires avec couverture	2026-05-11T16:40:04.8169572Z tests/test_quality_score.py::QualityScoreTests::test_analyze_quality_batch_rejects_empty_selection PASSED [ 74%]
Lint, Tests, Build	Tests unitaires avec couverture	2026-05-11T16:40:06.7424301Z tests/test_quality_score.py::QualityScoreTests::test_analyze_quality_batch_summary_with_analyzed_ignored_and_errors FAILED [ 74%]
Lint, Tests, Build	Tests unitaires avec couverture	2026-05-11T16:40:06.7470616Z tests/test_quality_score.py::QualityScoreTests::test_api_get_quality_presets_returns_expected_ids PASSED [ 74%]
Lint, Tests, Build	Tests unitaires avec couverture	2026-05-11T16:40:06.7510034Z tests/test_quality_score.py::QualityScoreTests::test_apply_quality_preset_invalid_returns_fr_error PASSED [ 74%]
Lint, Tests, Build	Tests unitaires avec couverture	2026-05-11T16:40:08.4370825Z tests/test_quality_score.py::QualityScoreTests::test_apply_quality_preset_persists_active_profile PASSED [ 74%]
Lint, Tests, Build	Tests unitaires avec couverture	2026-05-11T16:40:08.4431568Z tests/test_quality_score.py::QualityScoreTests::test_profile_import_invalid_returns_fr_error PASSED [ 74%]
Lint, Tests, Build	Tests unitaires avec couverture	2026-05-11T16:40:08.7473788Z tests/test_quality_score.py::QualityScoreTests::test_profile_reset_restore_defaults PASSED [ 74%]
Lint, Tests, Build	Tests unitaires avec couverture	2026-05-11T16:40:09.3548083Z tests/test_quality_score.py::QualityScoreTests::test_profile_unknown_toggle_values_fallback_to_defaults PASSED [ 74%]
Lint, Tests, Build	Tests unitaires avec couverture	2026-05-11T16:40:09.3588011Z tests/test_quality_score.py::QualityScoreTests::test_quality_presets_catalog_contains_expected_presets PASSED [ 74%]
Lint, Tests, Build	Tests unitaires avec couverture	2026-05-11T16:40:09.3643901Z tests/test_quality_score.py::QualityScoreTests::test_remux_strict_is_harsher_than_light_for_4k_light_case PASSED [ 74%]
Lint, Tests, Build	Tests unitaires avec couverture	2026-05-11T16:40:10.2303268Z tests/test_quality_score.py::QualityScoreTests::test_report_written_in_db_and_reloaded FAILED [ 74%]
Lint, Tests, Build	Tests unitaires avec couverture	2026-05-11T16:40:10.2345483Z tests/test_quality_score.py::QualityScoreTests::test_resolution_fallback_from_release_name_when_probe_is_incomplete PASSED [ 74%]
Lint, Tests, Build	Tests unitaires avec couverture	2026-05-11T16:40:10.5479849Z tests/test_quality_score.py::QualityScoreTests::test_reuse_existing_is_invalidated_when_profile_engine_changes FAILED [ 74%]
Lint, Tests, Build	Tests unitaires avec couverture	2026-05-11T16:40:10.5522435Z tests/test_quality_score.py::QualityScoreTests::test_score_explanation_and_confidence_are_exposed PASSED [ 74%]
Lint, Tests, Build	Tests unitaires avec couverture	2026-05-11T16:40:10.5567180Z tests/test_quality_score.py::QualityScoreTests::test_score_is_more_discriminant_between_low_and_high_quality_inputs PASSED [ 74%]
Lint, Tests, Build	Tests unitaires avec couverture	2026-05-11T16:40:10.5612618Z tests/test_quality_score.py::QualityScoreTests::test_score_stable_for_same_input PASSED [ 74%]
Lint, Tests, Build	Tests unitaires avec couverture	2026-05-11T16:40:10.5654385Z tests/test_quality_score.py::QualityScoreTests::test_uhd_clean_profile_can_reach_above_70 PASSED [ 74%]
Lint, Tests, Build	Tests unitaires avec couverture	2026-05-11T16:40:10.5672616Z tests/test_quality_simulator.py::ApplyWeightsTests::test_all_zero_weights_fallback PASSED [ 74%]
Lint, Tests, Build	Tests unitaires avec couverture	2026-05-11T16:40:10.5689529Z tests/test_quality_simulator.py::ApplyWeightsTests::test_basic PASSED    [ 74%]
Lint, Tests, Build	Tests unitaires avec couverture	2026-05-11T16:40:10.5706301Z tests/test_quality_simulator.py::ApplyWeightsTests::test_clamp_lower PASSED [ 74%]
Lint, Tests, Build	Tests unitaires avec couverture	2026-05-11T16:40:10.5723673Z tests/test_quality_simulator.py::ApplyWeightsTests::test_clamp_upper PASSED [ 74%]
Lint, Tests, Build	Tests unitaires avec couverture	2026-05-11T16:40:10.5741926Z tests/test_quality_simulator.py::TierForTests::test_tiers_legacy_keys_still_read PASSED [ 74%]
Lint, Tests, Build	Tests unitaires avec couverture	2026-05-11T16:40:10.5759777Z tests/test_quality_simulator.py::TierForTests::test_tiers_modern PASSED  [ 74%]
Lint, Tests, Build	Tests unitaires avec couverture	2026-05-11T16:40:10.5777721Z tests/test_quality_simulator.py::CountTiersTests::test_count PASSED      [ 74%]
Lint, Tests, Build	Tests unitaires avec couverture	2026-05-11T16:40:10.5796138Z tests/test_quality_simulator.py::GroupAvgDeltaTests::test_group PASSED   [ 74%]
Lint, Tests, Build	Tests unitaires avec couverture	2026-05-11T16:40:10.5814503Z tests/test_quality_simulator.py::SlugifyTests::test_basic PASSED         [ 74%]
Lint, Tests, Build	Tests unitaires avec couverture	2026-05-11T16:40:10.5841551Z tests/test_quality_simulator.py::ResolveTargetProfileTests::test_known_preset PASSED [ 74%]
Lint, Tests, Build	Tests unitaires avec couverture	2026-05-11T16:40:10.5866610Z tests/test_quality_simulator.py::ResolveTargetProfileTests::test_overrides_merge PASSED [ 74%]
Lint, Tests, Build	Tests unitaires avec couverture	2026-05-11T16:40:10.5888238Z tests/test_quality_simulator.py::ResolveTargetProfileTests::test_unknown_preset PASSED [ 74%]
Lint, Tests, Build	Tests unitaires avec couverture	2026-05-11T16:40:10.5906697Z tests/test_quality_simulator.py::RecomputeInMemoryTests::test_simple PASSED [ 74%]
Lint, Tests, Build	Tests unitaires avec couverture	2026-05-11T16:40:10.5944637Z tests/test_quality_simulator.py::RunSimulationIntegrationTests::test_cache_hit PASSED [ 74%]
Lint, Tests, Build	Tests unitaires avec couverture	2026-05-11T16:40:10.5981207Z tests/test_quality_simulator.py::RunSimulationIntegrationTests::test_distribution_shift_sums_to_total PASSED [ 74%]
Lint, Tests, Build	Tests unitaires avec couverture	2026-05-11T16:40:10.6016000Z tests/test_quality_simulator.py::RunSimulationIntegrationTests::test_empty_scope PASSED [ 74%]
Lint, Tests, Build	Tests unitaires avec couverture	2026-05-11T16:40:10.6055665Z tests/test_quality_simulator.py::RunSimulationIntegrationTests::test_full_simulation PASSED [ 74%]
Lint, Tests, Build	Tests unitaires avec couverture	2026-05-11T16:40:10.6095945Z tests/test_quality_simulator.py::RunSimulationIntegrationTests::test_is_dry_run PASSED [ 74%]
Lint, Tests, Build	Tests unitaires avec couverture	2026-05-11T16:40:10.6120890Z tests/test_quality_simulator_dashboard.py::DashboardSimulatorTests::test_all_preset_cards_present PASSED [ 74%]
Lint, Tests, Build	Tests unitaires avec couverture	2026-05-11T16:40:10.6140019Z tests/test_quality_simulator_dashboard.py::DashboardSimulatorTests::test_calls_save_custom_endpoint PASSED [ 74%]
Lint, Tests, Build	Tests unitaires avec couverture	2026-05-11T16:40:10.6159119Z tests/test_quality_simulator_dashboard.py::DashboardSimulatorTests::test_calls_simulate_endpoint PASSED [ 74%]
Lint, Tests, Build	Tests unitaires avec couverture	2026-05-11T16:40:10.6180200Z tests/test_quality_simulator_dashboard.py::DashboardSimulatorTests::test_css_has_qsim_before_after PASSED [ 75%]
Lint, Tests, Build	Tests unitaires avec couverture	2026-05-11T16:40:10.6201509Z tests/test_quality_simulator_dashboard.py::DashboardSimulatorTests::test_css_has_qsim_delta PASSED [ 75%]
Lint, Tests, Build	Tests unitaires avec couverture	2026-05-11T16:40:10.6222600Z tests/test_quality_simulator_dashboard.py::DashboardSimulatorTests::test_css_has_qsim_fieldset PASSED [ 75%]
Lint, Tests, Build	Tests unitaires avec couverture	2026-05-11T16:40:10.6243502Z tests/test_quality_simulator_dashboard.py::DashboardSimulatorTests::test_css_has_qsim_preset_card PASSED [ 75%]
Lint, Tests, Build	Tests unitaires avec couverture	2026-05-11T16:40:10.6262394Z tests/test_quality_simulator_dashboard.py::DashboardSimulatorTests::test_exports_open_function PASSED [ 75%]
Lint, Tests, Build	Tests unitaires avec couverture	2026-05-11T16:40:10.6279758Z tests/test_quality_simulator_dashboard.py::DashboardSimulatorTests::test_file_exists PASSED [ 75%]
Lint, Tests, Build	Tests unitaires avec couverture	2026-05-11T16:40:10.6298901Z tests/test_quality_simulator_dashboard.py::DashboardSimulatorTests::test_has_sliders_weights_and_tiers PASSED [ 75%]
Lint, Tests, Build	Tests unitaires avec couverture	2026-05-11T16:40:10.6318417Z tests/test_quality_simulator_dashboard.py::DashboardSimulatorTests::test_has_tabs_simple_and_advanced PASSED [ 75%]
Lint, Tests, Build	Tests unitaires avec couverture	2026-05-11T16:40:10.6337264Z tests/test_quality_simulator_dashboard.py::DashboardSimulatorTests::test_imports_api_post PASSED [ 75%]
Lint, Tests, Build	Tests unitaires avec couverture	2026-05-11T16:40:10.6356654Z tests/test_quality_simulator_dashboard.py::DashboardSimulatorTests::test_js_has_render_functions PASSED [ 75%]
Lint, Tests, Build	Tests unitaires avec couverture	2026-05-11T16:40:10.6376184Z tests/test_quality_simulator_dashboard.py::DashboardSimulatorTests::test_quality_view_has_simulate_button SKIPPED [ 75%]
Lint, Tests, Build	Tests unitaires avec couverture	2026-05-11T16:40:10.6396400Z tests/test_quality_simulator_dashboard.py::DashboardSimulatorTests::test_uses_show_modal PASSED [ 75%]
Lint, Tests, Build	Tests unitaires avec couverture	2026-05-11T16:40:10.6423816Z tests/test_radarr_integration.py::RadarrClientMockTests::test_get_movies PASSED [ 75%]
Lint, Tests, Build	Tests unitaires avec couverture	2026-05-11T16:40:10.6449105Z tests/test_radarr_integration.py::RadarrClientMockTests::test_get_quality_profiles PASSED [ 75%]
Lint, Tests, Build	Tests unitaires avec couverture	2026-05-11T16:40:10.6478051Z tests/test_radarr_integration.py::RadarrClientMockTests::test_search_movie PASSED [ 75%]
Lint, Tests, Build	Tests unitaires avec couverture	2026-05-11T16:40:10.6503608Z tests/test_radarr_integration.py::RadarrClientMockTests::test_validate_connection PASSED [ 75%]
Lint, Tests, Build	Tests unitaires avec couverture	2026-05-11T16:40:10.6521876Z tests/test_radarr_integration.py::RadarrReportTests::test_match_by_tmdb PASSED [ 75%]
Lint, Tests, Build	Tests unitaires avec couverture	2026-05-11T16:40:10.6538844Z tests/test_radarr_integration.py::RadarrReportTests::test_not_in_radarr PASSED [ 75%]
Lint, Tests, Build	Tests unitaires avec couverture	2026-05-11T16:40:10.6556713Z tests/test_radarr_integration.py::RadarrReportTests::test_wanted_films PASSED [ 75%]
Lint, Tests, Build	Tests unitaires avec couverture	2026-05-11T16:40:10.6573922Z tests/test_radarr_integration.py::UpgradeProposalTests::test_high_score_no_upgrade PASSED [ 75%]
Lint, Tests, Build	Tests unitaires avec couverture	2026-05-11T16:40:10.6590504Z tests/test_radarr_integration.py::UpgradeProposalTests::test_low_score_upgrade PASSED [ 75%]
Lint, Tests, Build	Tests unitaires avec couverture	2026-05-11T16:40:10.6605889Z tests/test_radarr_integration.py::UpgradeProposalTests::test_not_monitored_no_upgrade PASSED [ 75%]
Lint, Tests, Build	Tests unitaires avec couverture	2026-05-11T16:40:10.6621843Z tests/test_radarr_integration.py::UpgradeProposalTests::test_obsolete_codec_upgrade PASSED [ 75%]
Lint, Tests, Build	Tests unitaires avec couverture	2026-05-11T16:40:10.6638695Z tests/test_radarr_integration.py::UpgradeProposalTests::test_upscale_suspect_upgrade PASSED [ 75%]
Lint, Tests, Build	Tests unitaires avec couverture	2026-05-11T16:40:10.6670818Z tests/test_radarr_integration.py::RadarrSettingsTests::test_defaults PASSED [ 75%]
Lint, Tests, Build	Tests unitaires avec couverture	2026-05-11T16:40:10.6740687Z tests/test_radarr_integration.py::RadarrSettingsTests::test_round_trip PASSED [ 75%]
Lint, Tests, Build	Tests unitaires avec couverture	2026-05-11T16:40:10.6768058Z tests/test_radarr_integration.py::RadarrEndpointTests::test_get_radarr_status_disabled PASSED [ 75%]
Lint, Tests, Build	Tests unitaires avec couverture	2026-05-11T16:40:10.6793041Z tests/test_radarr_integration.py::RadarrEndpointTests::test_request_radarr_upgrade_disabled PASSED [ 75%]
Lint, Tests, Build	Tests unitaires avec couverture	2026-05-11T16:40:10.6813660Z tests/test_radarr_integration.py::RadarrEndpointTests::test_test_radarr_connection_exists PASSED [ 75%]
Lint, Tests, Build	Tests unitaires avec couverture	2026-05-11T16:40:10.6832456Z tests/test_radarr_integration.py::RadarrUiTests::test_dashboard_radarr_indicator SKIPPED [ 75%]
Lint, Tests, Build	Tests unitaires avec couverture	2026-05-11T16:40:10.6850404Z tests/test_radarr_integration.py::RadarrUiTests::test_desktop_section_present SKIPPED [ 75%]
Lint, Tests, Build	Tests unitaires avec couverture	2026-05-11T16:40:10.6869557Z tests/test_radarr_integration.py::RadarrUiTests::test_settings_js_radarr SKIPPED [ 75%]
Lint, Tests, Build	Tests unitaires avec couverture	2026-05-11T16:40:10.6887889Z tests/test_radarr_retry_integration.py::RadarrRetryTests::test_api_key_header_set PASSED [ 75%]
Lint, Tests, Build	Tests unitaires avec couverture	2026-05-11T16:40:10.6904612Z tests/test_radarr_retry_integration.py::RadarrRetryTests::test_session_uses_retry_helper PASSED [ 75%]
Lint, Tests, Build	Tests unitaires avec couverture	2026-05-11T16:40:10.6923385Z tests/test_radarr_retry_integration.py::RadarrRetryTests::test_user_agent_set PASSED [ 75%]
Lint, Tests, Build	Tests unitaires avec couverture	2026-05-11T16:40:10.6942708Z tests/test_readme_completeness.py::ReadmeTests::test_essential_sections PASSED [ 75%]
Lint, Tests, Build	Tests unitaires avec couverture	2026-05-11T16:40:10.6960433Z tests/test_readme_completeness.py::ReadmeTests::test_has_badges PASSED   [ 75%]
Lint, Tests, Build	Tests unitaires avec couverture	2026-05-11T16:40:10.6976357Z tests/test_readme_completeness.py::ReadmeTests::test_has_screenshots PASSED [ 75%]
Lint, Tests, Build	Tests unitaires avec couverture	2026-05-11T16:40:10.6992663Z tests/test_readme_completeness.py::ReadmeTests::test_links_to_community_files PASSED [ 75%]
Lint, Tests, Build	Tests unitaires avec couverture	2026-05-11T16:40:10.7434928Z tests/test_readme_completeness.py::ReadmeTests::test_no_lorem_ipsum PASSED [ 76%]
Lint, Tests, Build	Tests unitaires avec couverture	2026-05-11T16:40:10.7466268Z tests/test_readme_completeness.py::ReadmeTests::test_screenshots_exist PASSED [ 76%]
Lint, Tests, Build	Tests unitaires avec couverture	2026-05-11T16:40:10.7499427Z tests/test_release_hygiene.py::ReleaseHygieneTests::test_build_docs_scripts_and_spec_agree_on_packaging_strategy PASSED [ 76%]
Lint, Tests, Build	Tests unitaires avec couverture	2026-05-11T16:40:10.7521597Z tests/test_release_hygiene.py::ReleaseHygieneTests::test_check_project_covers_preview_scripts_and_new_modules PASSED [ 76%]
Lint, Tests, Build	Tests unitaires avec couverture	2026-05-11T16:40:10.8402567Z tests/test_release_hygiene.py::ReleaseHygieneTests::test_docs_use_stable_ui_terminology FAILED [ 76%]
Lint, Tests, Build	Tests unitaires avec couverture	2026-05-11T16:40:10.8430397Z tests/test_release_hygiene.py::ReleaseHygieneTests::test_internal_and_design_docs_are_reorganized_out_of_repo_root PASSED [ 76%]
Lint, Tests, Build	Tests unitaires avec couverture	2026-05-11T16:40:11.2030851Z tests/test_release_hygiene.py::ReleaseHygieneTests::test_no_personal_strings_in_repo FAILED [ 76%]
Lint, Tests, Build	Tests unitaires avec couverture	2026-05-11T16:40:11.2596261Z tests/test_release_hygiene.py::ReleaseHygieneTests::test_operator_docs_no_longer_advertise_archived_next_ui FAILED [ 76%]
Lint, Tests, Build	Tests unitaires avec couverture	2026-05-11T16:40:11.3162460Z tests/test_release_hygiene.py::ReleaseHygieneTests::test_readme_contains_official_guided_workflow FAILED [ 76%]
Lint, Tests, Build	Tests unitaires avec couverture	2026-05-11T16:40:11.3714520Z tests/test_release_hygiene.py::ReleaseHygieneTests::test_readme_stays_operator_focused_and_avoids_internal_root_doc_links FAILED [ 76%]
Lint, Tests, Build	Tests unitaires avec couverture	2026-05-11T16:40:11.3738365Z tests/test_release_hygiene.py::ReleaseHygieneTests::test_release_docs_keep_official_synthese_wording PASSED [ 76%]
Lint, Tests, Build	Tests unitaires avec couverture	2026-05-11T16:40:11.3755840Z tests/test_release_hygiene.py::SmtplibAvailabilityTests::test_email_mime_importable PASSED [ 76%]
Lint, Tests, Build	Tests unitaires avec couverture	2026-05-11T16:40:11.3772638Z tests/test_release_hygiene.py::SmtplibAvailabilityTests::test_smtplib_importable PASSED [ 76%]
Lint, Tests, Build	Tests unitaires avec couverture	2026-05-11T16:40:11.3789561Z tests/test_release_hygiene.py::SmtplibAvailabilityTests::test_ssl_importable PASSED [ 76%]
Lint, Tests, Build	Tests unitaires avec couverture	2026-05-11T16:40:11.3814651Z tests/test_release_hygiene.py::RecordApplyOpTests::test_returns_false_on_failure_and_logs PASSED [ 76%]
Lint, Tests, Build	Tests unitaires avec couverture	2026-05-11T16:40:11.3831365Z tests/test_release_hygiene.py::RecordApplyOpTests::test_returns_true_on_success PASSED [ 76%]
Lint, Tests, Build	Tests unitaires avec couverture	2026-05-11T16:40:11.3849438Z tests/test_release_hygiene.py::RecordApplyOpTests::test_returns_true_when_record_op_is_none PASSED [ 76%]
Lint, Tests, Build	Tests unitaires avec couverture	2026-05-11T16:40:11.3919377Z tests/test_reset_all_data.py::ResetBackendTests::test_get_user_data_size PASSED [ 76%]
Lint, Tests, Build	Tests unitaires avec couverture	2026-05-11T16:40:11.3937084Z tests/test_reset_all_data.py::ResetBackendTests::test_get_user_data_size_missing_dir PASSED [ 76%]
Lint, Tests, Build	Tests unitaires avec couverture	2026-05-11T16:40:11.3954460Z tests/test_reset_all_data.py::ResetBackendTests::test_reset_missing_state_dir PASSED [ 76%]
Lint, Tests, Build	Tests unitaires avec couverture	2026-05-11T16:40:11.3978154Z tests/test_reset_all_data.py::ResetBackendTests::test_reset_requires_correct_confirmation PASSED [ 76%]
Lint, Tests, Build	Tests unitaires avec couverture	2026-05-11T16:40:11.4031715Z tests/test_reset_all_data.py::ResetBackendTests::test_reset_supports_state_dir_attribute PASSED [ 76%]
Lint, Tests, Build	Tests unitaires avec couverture	2026-05-11T16:40:11.5881723Z tests/test_reset_all_data.py::ResetBackendTests::test_reset_with_correct_confirmation PASSED [ 76%]
Lint, Tests, Build	Tests unitaires avec couverture	2026-05-11T16:40:11.5899335Z tests/test_reset_all_data.py::ResetEndpointTests::test_endpoints_exist_on_api PASSED [ 76%]
Lint, Tests, Build	Tests unitaires avec couverture	2026-05-11T16:40:11.5921350Z tests/test_reset_all_data.py::ResetFrontendTests::test_css_danger_styles PASSED [ 76%]
Lint, Tests, Build	Tests unitaires avec couverture	2026-05-11T16:40:11.5942813Z tests/test_reset_all_data.py::ResetFrontendTests::test_settings_v5_has_danger_zone PASSED [ 76%]
Lint, Tests, Build	Tests unitaires avec couverture	2026-05-11T16:40:12.1071183Z tests/test_rest_api.py::RestServerLifecycleTests::test_double_start_is_safe PASSED [ 76%]
Lint, Tests, Build	Tests unitaires avec couverture	2026-05-11T16:40:12.6294079Z tests/test_rest_api.py::RestServerLifecycleTests::test_start_and_stop PASSED [ 76%]
Lint, Tests, Build	Tests unitaires avec couverture	2026-05-11T16:40:13.1941139Z tests/test_rest_api.py::RestServerHttpTests::test_get_dashboard_via_rest PASSED [ 76%]
Lint, Tests, Build	Tests unitaires avec couverture	2026-05-11T16:40:13.2594311Z tests/test_rest_api.py::RestServerHttpTests::test_get_global_stats_via_rest PASSED [ 76%]
Lint, Tests, Build	Tests unitaires avec couverture	2026-05-11T16:40:13.2635892Z tests/test_rest_api.py::RestServerHttpTests::test_get_settings PASSED    [ 76%]
Lint, Tests, Build	Tests unitaires avec couverture	2026-05-11T16:40:13.2668288Z tests/test_rest_api.py::RestServerHttpTests::test_health_no_auth_required PASSED [ 76%]
Lint, Tests, Build	Tests unitaires avec couverture	2026-05-11T16:40:13.2699890Z tests/test_rest_api.py::RestServerHttpTests::test_invalid_json_returns_400 PASSED [ 76%]
Lint, Tests, Build	Tests unitaires avec couverture	2026-05-11T16:40:13.2732757Z tests/test_rest_api.py::RestServerHttpTests::test_log_api_exception_not_exposed PASSED [ 76%]
Lint, Tests, Build	Tests unitaires avec couverture	2026-05-11T16:40:13.2766324Z tests/test_rest_api.py::RestServerHttpTests::test_open_path_not_exposed PASSED [ 76%]
Lint, Tests, Build	Tests unitaires avec couverture	2026-05-11T16:40:13.2797550Z tests/test_rest_api.py::RestServerHttpTests::test_options_returns_cors_headers PASSED [ 76%]
Lint, Tests, Build	Tests unitaires avec couverture	2026-05-11T16:40:13.2837884Z tests/test_rest_api.py::RestServerHttpTests::test_post_response_includes_cors PASSED [ 76%]
Lint, Tests, Build	Tests unitaires avec couverture	2026-05-11T16:40:13.3110975Z tests/test_rest_api.py::RestServerHttpTests::test_post_with_correct_token_succeeds PASSED [ 76%]
Lint, Tests, Build	Tests unitaires avec couverture	2026-05-11T16:40:13.3144813Z tests/test_rest_api.py::RestServerHttpTests::test_post_with_wrong_token_returns_401 PASSED [ 76%]
Lint, Tests, Build	Tests unitaires avec couverture	2026-05-11T16:40:13.3177420Z tests/test_rest_api.py::RestServerHttpTests::test_post_without_token_returns_401 PASSED [ 76%]
Lint, Tests, Build	Tests unitaires avec couverture	2026-05-11T16:40:13.3221436Z tests/test_rest_api.py::RestServerHttpTests::test_spec_returns_openapi PASSED [ 77%]
Lint, Tests, Build	Tests unitaires avec couverture	2026-05-11T16:40:13.3255529Z tests/test_rest_api.py::RestServerHttpTests::test_unknown_method_returns_404 PASSED [ 77%]
Lint, Tests, Build	Tests unitaires avec couverture	2026-05-11T16:40:13.8333728Z tests/test_rest_api.py::RestServerHttpTests::test_wrong_params_returns_400 PASSED [ 77%]
Lint, Tests, Build	Tests unitaires avec couverture	2026-05-11T16:40:13.8403269Z tests/test_rest_api.py::RestOpenApiSpecTests::test_spec_excludes_private_methods PASSED [ 77%]
Lint, Tests, Build	Tests unitaires avec couverture	2026-05-11T16:40:13.8470725Z tests/test_rest_api.py::RestOpenApiSpecTests::test_spec_has_all_public_methods PASSED [ 77%]
Lint, Tests, Build	Tests unitaires avec couverture	2026-05-11T16:40:13.8535467Z tests/test_rest_api.py::RestOpenApiSpecTests::test_spec_has_security_scheme PASSED [ 77%]
Lint, Tests, Build	Tests unitaires avec couverture	2026-05-11T16:40:13.8598351Z tests/test_rest_api.py::RestSettingsTests::test_port_clamped PASSED      [ 77%]
Lint, Tests, Build	Tests unitaires avec couverture	2026-05-11T16:40:13.8658890Z tests/test_rest_api.py::RestSettingsTests::test_settings_round_trip PASSED [ 77%]
Lint, Tests, Build	Tests unitaires avec couverture	2026-05-11T16:40:13.8768157Z tests/test_rest_api.py::RestUiContractTests::test_app_py_has_api_mode PASSED [ 77%]
Lint, Tests, Build	Tests unitaires avec couverture	2026-05-11T16:40:13.8785895Z tests/test_rest_api.py::RestUiContractTests::test_rest_api_toggles_in_html PASSED [ 77%]
Lint, Tests, Build	Tests unitaires avec couverture	2026-05-11T16:40:13.8807897Z tests/test_rest_api.py::RestUiContractTests::test_rest_settings_in_js PASSED [ 77%]
Lint, Tests, Build	Tests unitaires avec couverture	2026-05-11T16:40:14.4022374Z tests/test_rest_api.py::HttpsFallbackTests::test_https_disabled_is_plain_http PASSED [ 77%]
Lint, Tests, Build	Tests unitaires avec couverture	2026-05-11T16:40:14.4109618Z tests/test_rest_api.py::HttpsFallbackTests::test_https_enabled_empty_paths_raises PASSED [ 77%]
Lint, Tests, Build	Tests unitaires avec couverture	2026-05-11T16:40:14.4199245Z tests/test_rest_api.py::HttpsFallbackTests::test_https_enabled_missing_cert_raises PASSED [ 77%]
Lint, Tests, Build	Tests unitaires avec couverture	2026-05-11T16:40:17.6520487Z tests/test_rest_api.py::HttpsRealCertTests::test_https_with_real_cert PASSED [ 77%]
Lint, Tests, Build	Tests unitaires avec couverture	2026-05-11T16:40:17.6549723Z tests/test_rest_api.py::HttpsSettingsTests::test_settings_defaults PASSED [ 77%]
Lint, Tests, Build	Tests unitaires avec couverture	2026-05-11T16:40:17.6613570Z tests/test_rest_api.py::HttpsSettingsTests::test_settings_round_trip PASSED [ 77%]
Lint, Tests, Build	Tests unitaires avec couverture	2026-05-11T16:40:17.8685090Z tests/test_rest_http_status.py::HttpStatusConventionTests::test_default_status_is_200 PASSED [ 77%]
Lint, Tests, Build	Tests unitaires avec couverture	2026-05-11T16:40:17.8723869Z tests/test_rest_http_status.py::HttpStatusConventionTests::test_http_status_404_propagates PASSED [ 77%]
Lint, Tests, Build	Tests unitaires avec couverture	2026-05-11T16:40:17.8759320Z tests/test_rest_http_status.py::HttpStatusConventionTests::test_http_status_409_propagates PASSED [ 77%]
Lint, Tests, Build	Tests unitaires avec couverture	2026-05-11T16:40:17.8793370Z tests/test_rest_http_status.py::HttpStatusConventionTests::test_invalid_http_status_falls_back_to_200 PASSED [ 77%]
Lint, Tests, Build	Tests unitaires avec couverture	2026-05-11T16:40:18.3821578Z tests/test_rest_http_status.py::HttpStatusConventionTests::test_out_of_range_status_falls_back_to_200 PASSED [ 77%]
Lint, Tests, Build	Tests unitaires avec couverture	2026-05-11T16:40:18.3840288Z tests/test_rest_lan_exposure.py::RestLanExposureTests::test_default_host_is_localhost PASSED [ 77%]
Lint, Tests, Build	Tests unitaires avec couverture	2026-05-11T16:40:18.3856725Z tests/test_rest_lan_exposure.py::RestLanExposureTests::test_lan_with_empty_token_is_demoted PASSED [ 77%]
Lint, Tests, Build	Tests unitaires avec couverture	2026-05-11T16:40:18.3873486Z tests/test_rest_lan_exposure.py::RestLanExposureTests::test_lan_with_short_token_is_demoted PASSED [ 77%]
Lint, Tests, Build	Tests unitaires avec couverture	2026-05-11T16:40:18.3893131Z tests/test_rest_lan_exposure.py::RestLanExposureTests::test_lan_with_strong_token_keeps_host PASSED [ 77%]
Lint, Tests, Build	Tests unitaires avec couverture	2026-05-11T16:40:18.3909871Z tests/test_rest_lan_exposure.py::RestLanExposureTests::test_localhost_with_short_token_is_not_demoted PASSED [ 77%]
Lint, Tests, Build	Tests unitaires avec couverture	2026-05-11T16:40:18.3927032Z tests/test_rest_lan_exposure.py::RestLanExposureTests::test_minimum_length_constant_is_32 PASSED [ 77%]
Lint, Tests, Build	Tests unitaires avec couverture	2026-05-11T16:40:18.3944262Z tests/test_rest_security.py::RateLimiterUnitTests::test_rate_limiter_blocks_after_5_failures PASSED [ 77%]
Lint, Tests, Build	Tests unitaires avec couverture	2026-05-11T16:40:18.3959772Z tests/test_rest_security.py::RateLimiterUnitTests::test_rate_limiter_per_ip PASSED [ 77%]
Lint, Tests, Build	Tests unitaires avec couverture	2026-05-11T16:40:18.5480694Z tests/test_rest_security.py::RateLimiterUnitTests::test_rate_limiter_resets_after_window PASSED [ 77%]
Lint, Tests, Build	Tests unitaires avec couverture	2026-05-11T16:40:18.7645809Z tests/test_rest_security.py::RestSecurityHttpTests::test_404_no_path_reflection PASSED [ 77%]
Lint, Tests, Build	Tests unitaires avec couverture	2026-05-11T16:40:19.0331260Z tests/test_rest_security.py::RestSecurityHttpTests::test_500_no_exception_leak PASSED [ 77%]
Lint, Tests, Build	Tests unitaires avec couverture	2026-05-11T16:40:19.7478520Z tests/test_rest_security.py::RestSecurityHttpTests::test_cors_can_be_restricted_explicitly PASSED [ 77%]
Lint, Tests, Build	Tests unitaires avec couverture	2026-05-11T16:40:19.7512035Z tests/test_rest_security.py::RestSecurityHttpTests::test_cors_configurable PASSED [ 77%]
Lint, Tests, Build	Tests unitaires avec couverture	2026-05-11T16:40:19.8464591Z tests/test_rest_security.py::RestSecurityHttpTests::test_path_traversal_post_harmless PASSED [ 77%]
Lint, Tests, Build	Tests unitaires avec couverture	2026-05-11T16:40:19.8500460Z tests/test_rest_security.py::RestSecurityHttpTests::test_request_empty_token_returns_401 PASSED [ 77%]
Lint, Tests, Build	Tests unitaires avec couverture	2026-05-11T16:40:19.8532957Z tests/test_rest_security.py::RestSecurityHttpTests::test_request_invalid_token_returns_401 PASSED [ 77%]
Lint, Tests, Build	Tests unitaires avec couverture	2026-05-11T16:40:19.8565752Z tests/test_rest_security.py::RestSecurityHttpTests::test_request_without_auth_returns_401 PASSED [ 77%]
Lint, Tests, Build	Tests unitaires avec couverture	2026-05-11T16:40:20.3595463Z tests/test_rest_security.py::RestSecurityHttpTests::test_token_comparison_uses_hmac_compare_digest PASSED [ 78%]
Lint, Tests, Build	Tests unitaires avec couverture	2026-05-11T16:40:21.0752372Z tests/test_rest_security.py::RateLimiterHttpIntegrationTests::test_rate_limiter_returns_429_after_5_failures PASSED [ 78%]
Lint, Tests, Build	Tests unitaires avec couverture	2026-05-11T16:40:21.6716023Z tests/test_run_report_export.py::RunReportExportTests::test_export_run_report_json_and_csv FAILED [ 78%]
Lint, Tests, Build	Tests unitaires avec couverture	2026-05-11T16:40:21.6752625Z tests/test_run_report_export.py::RunReportExportTests::test_export_run_report_rejects_bad_format PASSED [ 78%]
Lint, Tests, Build	Tests unitaires avec couverture	2026-05-11T16:40:21.7552297Z tests/test_run_report_export.py::RunReportExportTests::test_export_run_report_requires_existing_run PASSED [ 78%]
Lint, Tests, Build	Tests unitaires avec couverture	2026-05-11T16:40:21.7578520Z tests/test_runtime_ui_policy.py::RuntimeUiPolicyTests::test_entrypoint_titles_follow_resolved_variant PASSED [ 78%]
Lint, Tests, Build	Tests unitaires avec couverture	2026-05-11T16:40:21.7596283Z tests/test_runtime_ui_policy.py::RuntimeUiPolicyTests::test_next_and_preview_fallback_to_stable_without_dev_mode PASSED [ 78%]
Lint, Tests, Build	Tests unitaires avec couverture	2026-05-11T16:40:21.7613099Z tests/test_runtime_ui_policy.py::RuntimeUiPolicyTests::test_next_is_archived_even_in_explicit_dev_mode PASSED [ 78%]
Lint, Tests, Build	Tests unitaires avec couverture	2026-05-11T16:40:21.7631247Z tests/test_runtime_ui_policy.py::RuntimeUiPolicyTests::test_preview_remains_the_only_dev_variant PASSED [ 78%]
Lint, Tests, Build	Tests unitaires avec couverture	2026-05-11T16:40:21.7649692Z tests/test_runtime_ui_policy.py::RuntimeUiPolicyTests::test_stable_is_default_without_dev_mode PASSED [ 78%]
Lint, Tests, Build	Tests unitaires avec couverture	2026-05-11T16:40:22.0324435Z tests/test_scan_streaming.py::ScanStreamingTests::test_stream_scan_targets_is_lazy_and_plan_results_stay_stable_on_large_tree FAILED [ 78%]
Lint, Tests, Build	Tests unitaires avec couverture	2026-05-11T16:40:22.0379522Z tests/test_scan_streaming.py::DiscoverRootLevelTests::test_discover_root_level_bonus_only_ignored PASSED [ 78%]
Lint, Tests, Build	Tests unitaires avec couverture	2026-05-11T16:40:22.0429290Z tests/test_scan_streaming.py::DiscoverRootLevelTests::test_discover_root_level_video PASSED [ 78%]
Lint, Tests, Build	Tests unitaires avec couverture	2026-05-11T16:40:22.0552506Z tests/test_scan_streaming.py::RootLevelPlanTests::test_plan_library_bulk_warning_silent_below_threshold PASSED [ 78%]
Lint, Tests, Build	Tests unitaires avec couverture	2026-05-11T16:40:22.0923435Z tests/test_scan_streaming.py::RootLevelPlanTests::test_plan_library_bulk_warning_triggers_above_threshold FAILED [ 78%]
Lint, Tests, Build	Tests unitaires avec couverture	2026-05-11T16:40:22.1058502Z tests/test_scan_streaming.py::RootLevelPlanTests::test_plan_library_handles_root_level_film FAILED [ 78%]
Lint, Tests, Build	Tests unitaires avec couverture	2026-05-11T16:40:22.1075671Z tests/test_scene_detection.py::TestParseShowinfoStderr::test_empty_returns_empty PASSED [ 78%]
Lint, Tests, Build	Tests unitaires avec couverture	2026-05-11T16:40:22.1092199Z tests/test_scene_detection.py::TestParseShowinfoStderr::test_fallback_score_when_absent PASSED [ 78%]
Lint, Tests, Build	Tests unitaires avec couverture	2026-05-11T16:40:22.1109562Z tests/test_scene_detection.py::TestParseShowinfoStderr::test_ignores_unrelated_lines PASSED [ 78%]
Lint, Tests, Build	Tests unitaires avec couverture	2026-05-11T16:40:22.1126548Z tests/test_scene_detection.py::TestParseShowinfoStderr::test_malformed_score_fallbacks_to_1 PASSED [ 78%]
Lint, Tests, Build	Tests unitaires avec couverture	2026-05-11T16:40:22.1143304Z tests/test_scene_detection.py::TestParseShowinfoStderr::test_parses_pts_time_and_score PASSED [ 78%]
Lint, Tests, Build	Tests unitaires avec couverture	2026-05-11T16:40:22.1168340Z tests/test_scene_detection.py::TestDetectSceneKeyframes::test_caps_at_max_keyframes_by_score PASSED [ 78%]
Lint, Tests, Build	Tests unitaires avec couverture	2026-05-11T16:40:22.1189217Z tests/test_scene_detection.py::TestDetectSceneKeyframes::test_empty_stderr_returns_empty PASSED [ 78%]
Lint, Tests, Build	Tests unitaires avec couverture	2026-05-11T16:40:22.1207889Z tests/test_scene_detection.py::TestDetectSceneKeyframes::test_missing_ffmpeg_path_returns_empty PASSED [ 78%]
Lint, Tests, Build	Tests unitaires avec couverture	2026-05-11T16:40:22.1229621Z tests/test_scene_detection.py::TestDetectSceneKeyframes::test_oserror_returns_empty PASSED [ 78%]
Lint, Tests, Build	Tests unitaires avec couverture	2026-05-11T16:40:22.1252373Z tests/test_scene_detection.py::TestDetectSceneKeyframes::test_returncode_error_returns_empty PASSED [ 78%]
Lint, Tests, Build	Tests unitaires avec couverture	2026-05-11T16:40:22.1273670Z tests/test_scene_detection.py::TestDetectSceneKeyframes::test_returns_sorted_by_timestamp PASSED [ 78%]
Lint, Tests, Build	Tests unitaires avec couverture	2026-05-11T16:40:22.1295248Z tests/test_scene_detection.py::TestDetectSceneKeyframes::test_timeout_returns_empty PASSED [ 78%]
Lint, Tests, Build	Tests unitaires avec couverture	2026-05-11T16:40:22.1312507Z tests/test_scene_detection.py::TestMergeHybridTimestamps::test_50_50_split_respected PASSED [ 78%]
Lint, Tests, Build	Tests unitaires avec couverture	2026-05-11T16:40:22.1328681Z tests/test_scene_detection.py::TestMergeHybridTimestamps::test_dedup_by_tolerance PASSED [ 78%]
Lint, Tests, Build	Tests unitaires avec couverture	2026-05-11T16:40:22.1344796Z tests/test_scene_detection.py::TestMergeHybridTimestamps::test_empty_uniform_with_keyframes PASSED [ 78%]
Lint, Tests, Build	Tests unitaires avec couverture	2026-05-11T16:40:22.1361264Z tests/test_scene_detection.py::TestMergeHybridTimestamps::test_no_keyframes_clamps_target PASSED [ 78%]
Lint, Tests, Build	Tests unitaires avec couverture	2026-05-11T16:40:22.1377638Z tests/test_scene_detection.py::TestMergeHybridTimestamps::test_no_keyframes_returns_uniform PASSED [ 78%]
Lint, Tests, Build	Tests unitaires avec couverture	2026-05-11T16:40:22.1393268Z tests/test_scene_detection.py::TestMergeHybridTimestamps::test_result_is_sorted PASSED [ 78%]
Lint, Tests, Build	Tests unitaires avec couverture	2026-05-11T16:40:22.1410205Z tests/test_scene_detection.py::TestMergeHybridTimestamps::test_target_count_respected PASSED [ 78%]
Lint, Tests, Build	Tests unitaires avec couverture	2026-05-11T16:40:22.1427314Z tests/test_scene_detection.py::TestShouldSkipSceneDetection::test_long_film_enabled_runs PASSED [ 78%]
Lint, Tests, Build	Tests unitaires avec couverture	2026-05-11T16:40:22.1443299Z tests/test_scene_detection.py::TestShouldSkipSceneDetection::test_setting_disabled_skips PASSED [ 78%]
Lint, Tests, Build	Tests unitaires avec couverture	2026-05-11T16:40:22.1459450Z tests/test_scene_detection.py::TestShouldSkipSceneDetection::test_short_film_skips PASSED [ 78%]
Lint, Tests, Build	Tests unitaires avec couverture	2026-05-11T16:40:22.1500294Z tests/test_scene_detection.py::TestSettingDefaults::test_default_enabled PASSED [ 78%]
Lint, Tests, Build	Tests unitaires avec couverture	2026-05-11T16:40:22.1559503Z tests/test_scene_detection.py::TestSettingDefaults::test_roundtrip_false PASSED [ 78%]
Lint, Tests, Build	Tests unitaires avec couverture	2026-05-11T16:40:22.1582237Z tests/test_scene_detection.py::TestIntegrationExtract::test_enabled_calls_detection_on_long_film PASSED [ 79%]
Lint, Tests, Build	Tests unitaires avec couverture	2026-05-11T16:40:22.1603473Z tests/test_scene_detection.py::TestIntegrationExtract::test_setting_false_bypasses_detection PASSED [ 79%]
Lint, Tests, Build	Tests unitaires avec couverture	2026-05-11T16:40:22.1625040Z tests/test_scene_detection.py::TestIntegrationExtract::test_short_film_skips_detection PASSED [ 79%]
Lint, Tests, Build	Tests unitaires avec couverture	2026-05-11T16:40:22.1648268Z tests/test_scene_detection.py::TestSpecContainsSceneDetection::test_hiddenimport PASSED [ 79%]
Lint, Tests, Build	Tests unitaires avec couverture	2026-05-11T16:40:22.1667653Z tests/test_score_v2_frontend.py::ScoreV2DesktopComponentTests::test_accordion_keyboard_accessible PASSED [ 79%]
Lint, Tests, Build	Tests unitaires avec couverture	2026-05-11T16:40:22.1689455Z tests/test_score_v2_frontend.py::ScoreV2DesktopComponentTests::test_contains_5_tier_labels PASSED [ 79%]
Lint, Tests, Build	Tests unitaires avec couverture	2026-05-11T16:40:22.1711604Z tests/test_score_v2_frontend.py::ScoreV2DesktopComponentTests::test_contains_all_helper_functions PASSED [ 79%]
Lint, Tests, Build	Tests unitaires avec couverture	2026-05-11T16:40:22.1730147Z tests/test_score_v2_frontend.py::ScoreV2DesktopComponentTests::test_contains_fr_tooltips_for_subscore_keys PASSED [ 79%]
Lint, Tests, Build	Tests unitaires avec couverture	2026-05-11T16:40:22.1749706Z tests/test_score_v2_frontend.py::ScoreV2DesktopComponentTests::test_escapes_html PASSED [ 79%]
Lint, Tests, Build	Tests unitaires avec couverture	2026-05-11T16:40:22.1768570Z tests/test_score_v2_frontend.py::ScoreV2DesktopComponentTests::test_exposes_global_scorev2_namespace PASSED [ 79%]
Lint, Tests, Build	Tests unitaires avec couverture	2026-05-11T16:40:22.1787015Z tests/test_score_v2_frontend.py::ScoreV2DesktopComponentTests::test_file_exists PASSED [ 79%]
Lint, Tests, Build	Tests unitaires avec couverture	2026-05-11T16:40:22.1811976Z tests/test_score_v2_frontend.py::ScoreV2DesktopComponentTests::test_script_loaded_in_index_html PASSED [ 79%]
Lint, Tests, Build	Tests unitaires avec couverture	2026-05-11T16:40:22.1830649Z tests/test_score_v2_frontend.py::ScoreV2DesktopComponentTests::test_svg_circle_geometry PASSED [ 79%]
Lint, Tests, Build	Tests unitaires avec couverture	2026-05-11T16:40:22.1850187Z tests/test_score_v2_frontend.py::ScoreV2DashboardModuleTests::test_es_module_exports PASSED [ 79%]
Lint, Tests, Build	Tests unitaires avec couverture	2026-05-11T16:40:22.1870065Z tests/test_score_v2_frontend.py::ScoreV2DashboardModuleTests::test_file_exists PASSED [ 79%]
Lint, Tests, Build	Tests unitaires avec couverture	2026-05-11T16:40:22.1888224Z tests/test_score_v2_frontend.py::ScoreV2DashboardModuleTests::test_imports_from_dom PASSED [ 79%]
Lint, Tests, Build	Tests unitaires avec couverture	2026-05-11T16:40:22.1907833Z tests/test_score_v2_frontend.py::ScoreV2DashboardModuleTests::test_parity_with_desktop_tooltips PASSED [ 79%]
Lint, Tests, Build	Tests unitaires avec couverture	2026-05-11T16:40:22.1935256Z tests/test_score_v2_frontend.py::ScoreV2CssTests::test_animations_present PASSED [ 79%]
Lint, Tests, Build	Tests unitaires avec couverture	2026-05-11T16:40:22.1959433Z tests/test_score_v2_frontend.py::ScoreV2CssTests::test_core_component_classes_dashboard PASSED [ 79%]
Lint, Tests, Build	Tests unitaires avec couverture	2026-05-11T16:40:22.1985446Z tests/test_score_v2_frontend.py::ScoreV2CssTests::test_core_component_classes_desktop PASSED [ 79%]
Lint, Tests, Build	Tests unitaires avec couverture	2026-05-11T16:40:22.2010555Z tests/test_score_v2_frontend.py::ScoreV2CssTests::test_dashboard_tier_colors PASSED [ 79%]
Lint, Tests, Build	Tests unitaires avec couverture	2026-05-11T16:40:22.2035363Z tests/test_score_v2_frontend.py::ScoreV2CssTests::test_desktop_tier_colors PASSED [ 79%]
Lint, Tests, Build	Tests unitaires avec couverture	2026-05-11T16:40:22.2059152Z tests/test_score_v2_frontend.py::ScoreV2CssTests::test_transition_on_circle_fg PASSED [ 79%]
Lint, Tests, Build	Tests unitaires avec couverture	2026-05-11T16:40:22.2079438Z tests/test_score_v2_frontend.py::ScoreV2IntegrationTests::test_backend_compare_perceptual_exposes_v2 PASSED [ 79%]
Lint, Tests, Build	Tests unitaires avec couverture	2026-05-11T16:40:22.2098080Z tests/test_score_v2_frontend.py::ScoreV2IntegrationTests::test_dashboard_duplicates_uses_renderer SKIPPED [ 79%]
Lint, Tests, Build	Tests unitaires avec couverture	2026-05-11T16:40:22.2117536Z tests/test_score_v2_frontend.py::ScoreV2IntegrationTests::test_dashboard_library_uses_renderer PASSED [ 79%]
Lint, Tests, Build	Tests unitaires avec couverture	2026-05-11T16:40:22.2136479Z tests/test_score_v2_frontend.py::ScoreV2IntegrationTests::test_desktop_execution_compare_uses_renderer PASSED [ 79%]
Lint, Tests, Build	Tests unitaires avec couverture	2026-05-11T16:40:22.2156638Z tests/test_score_v2_frontend.py::ScoreV2IntegrationTests::test_desktop_validation_uses_renderer PASSED [ 79%]
Lint, Tests, Build	Tests unitaires avec couverture	2026-05-11T16:40:22.2859196Z tests/test_score_v2_frontend.py::ScoreV2NodeSmokeTest::test_dashboard_module_imports_cleanly PASSED [ 79%]
Lint, Tests, Build	Tests unitaires avec couverture	2026-05-11T16:40:22.2888942Z tests/test_scoring_v4.py::EraContextTests::test_classic_bonus PASSED     [ 79%]
Lint, Tests, Build	Tests unitaires avec couverture	2026-05-11T16:40:22.2915731Z tests/test_scoring_v4.py::EraContextTests::test_heritage_bonus PASSED    [ 79%]
Lint, Tests, Build	Tests unitaires avec couverture	2026-05-11T16:40:22.2942258Z tests/test_scoring_v4.py::EraContextTests::test_modern_no_penalty_av1 PASSED [ 79%]
Lint, Tests, Build	Tests unitaires avec couverture	2026-05-11T16:40:22.2968459Z tests/test_scoring_v4.py::EraContextTests::test_modern_penalty PASSED    [ 79%]
Lint, Tests, Build	Tests unitaires avec couverture	2026-05-11T16:40:22.2994844Z tests/test_scoring_v4.py::EraContextTests::test_no_year_unchanged PASSED [ 79%]
Lint, Tests, Build	Tests unitaires avec couverture	2026-05-11T16:40:22.3022938Z tests/test_scoring_v4.py::EncodeWarningsTests::test_no_warnings_unchanged PASSED [ 79%]
Lint, Tests, Build	Tests unitaires avec couverture	2026-05-11T16:40:22.3048993Z tests/test_scoring_v4.py::EncodeWarningsTests::test_reencode_penalty PASSED [ 79%]
Lint, Tests, Build	Tests unitaires avec couverture	2026-05-11T16:40:22.3075369Z tests/test_scoring_v4.py::EncodeWarningsTests::test_upscale_penalty PASSED [ 79%]
Lint, Tests, Build	Tests unitaires avec couverture	2026-05-11T16:40:22.3103173Z tests/test_scoring_v4.py::CommentaryOnlyTests::test_commentary_only_penalty PASSED [ 79%]
Lint, Tests, Build	Tests unitaires avec couverture	2026-05-11T16:40:22.3131210Z tests/test_scoring_v4.py::CommentaryOnlyTests::test_commentary_plus_normal_no_penalty PASSED [ 79%]
Lint, Tests, Build	Tests unitaires avec couverture	2026-05-11T16:40:22.3175336Z tests/test_settings_backup.py::SettingsBackupTests::test_backup_creates_file PASSED [ 80%]
Lint, Tests, Build	Tests unitaires avec couverture	2026-05-11T16:40:22.3203689Z tests/test_settings_backup.py::SettingsBackupTests::test_backup_returns_none_if_settings_absent PASSED [ 80%]
Lint, Tests, Build	Tests unitaires avec couverture	2026-05-11T16:40:22.3235895Z tests/test_settings_backup.py::SettingsBackupTests::test_backup_skipped_if_invalid_json PASSED [ 80%]
Lint, Tests, Build	Tests unitaires avec couverture	2026-05-11T16:40:22.3651107Z tests/test_settings_backup.py::SettingsBackupTests::test_list_backups_sorted_recent_first PASSED [ 80%]
Lint, Tests, Build	Tests unitaires avec couverture	2026-05-11T16:40:22.3783572Z tests/test_settings_backup.py::SettingsBackupTests::test_restore_backup PASSED [ 80%]
Lint, Tests, Build	Tests unitaires avec couverture	2026-05-11T16:40:22.3812592Z tests/test_settings_backup.py::SettingsBackupTests::test_restore_rejects_path_traversal PASSED [ 80%]
Lint, Tests, Build	Tests unitaires avec couverture	2026-05-11T16:40:22.3846003Z tests/test_settings_backup.py::SettingsBackupTests::test_restore_rejects_unknown_prefix PASSED [ 80%]
Lint, Tests, Build	Tests unitaires avec couverture	2026-05-11T16:40:22.3876684Z tests/test_settings_backup.py::SettingsBackupTests::test_restore_returns_false_if_backup_missing PASSED [ 80%]
Lint, Tests, Build	Tests unitaires avec couverture	2026-05-11T16:40:22.4832445Z tests/test_settings_backup.py::SettingsBackupTests::test_rotation_keeps_5 PASSED [ 80%]
Lint, Tests, Build	Tests unitaires avec couverture	2026-05-11T16:40:22.5845287Z tests/test_settings_backup.py::SettingsBackupTests::test_rotation_returns_deleted_count PASSED [ 80%]
Lint, Tests, Build	Tests unitaires avec couverture	2026-05-11T16:40:22.6027906Z tests/test_settings_robustness.py::SettingsRobustnessTests::test_save_settings_with_mask_preserves_existing_keys_sec_h2 PASSED [ 80%]
Lint, Tests, Build	Tests unitaires avec couverture	2026-05-11T16:40:22.6118131Z tests/test_settings_robustness.py::SettingsRobustnessTests::test_secrets_masked_in_get_settings PASSED [ 80%]
Lint, Tests, Build	Tests unitaires avec couverture	2026-05-11T16:40:22.6171466Z tests/test_settings_robustness.py::SettingsRobustnessTests::test_settings_json_bad_values_normalized PASSED [ 80%]
Lint, Tests, Build	Tests unitaires avec couverture	2026-05-11T16:40:22.6214628Z tests/test_settings_robustness.py::SettingsRobustnessTests::test_settings_json_corrupt_starts_with_defaults PASSED [ 80%]
Lint, Tests, Build	Tests unitaires avec couverture	2026-05-11T16:40:22.6252812Z tests/test_settings_robustness.py::SettingsRobustnessTests::test_settings_json_incomplete_fills_defaults PASSED [ 80%]
Lint, Tests, Build	Tests unitaires avec couverture	2026-05-11T16:40:23.1393549Z tests/test_settings_robustness.py::SettingsRobustnessTests::test_settings_save_during_active_run_no_crash PASSED [ 80%]
Lint, Tests, Build	Tests unitaires avec couverture	2026-05-11T16:40:23.1412430Z tests/test_settings_section_helpers.py::NormalizeEnumTests::test_returns_default_for_empty_string PASSED [ 80%]
Lint, Tests, Build	Tests unitaires avec couverture	2026-05-11T16:40:23.1429164Z tests/test_settings_section_helpers.py::NormalizeEnumTests::test_returns_default_for_none PASSED [ 80%]
Lint, Tests, Build	Tests unitaires avec couverture	2026-05-11T16:40:23.1445653Z tests/test_settings_section_helpers.py::NormalizeEnumTests::test_returns_default_when_not_in_allowed PASSED [ 80%]
Lint, Tests, Build	Tests unitaires avec couverture	2026-05-11T16:40:23.1461107Z tests/test_settings_section_helpers.py::NormalizeEnumTests::test_returns_value_when_in_allowed PASSED [ 80%]
Lint, Tests, Build	Tests unitaires avec couverture	2026-05-11T16:40:23.1477323Z tests/test_settings_section_helpers.py::NormalizeEnumTests::test_strips_and_lowers PASSED [ 80%]
Lint, Tests, Build	Tests unitaires avec couverture	2026-05-11T16:40:23.1494483Z tests/test_settings_section_helpers.py::CoerceAppearanceIntTests::test_returns_default_when_key_missing PASSED [ 80%]
Lint, Tests, Build	Tests unitaires avec couverture	2026-05-11T16:40:23.1510448Z tests/test_settings_section_helpers.py::CoerceAppearanceIntTests::test_returns_default_when_value_is_none PASSED [ 80%]
Lint, Tests, Build	Tests unitaires avec couverture	2026-05-11T16:40:23.1558051Z tests/test_settings_section_helpers.py::CoerceAppearanceIntTests::test_returns_value_when_present_and_not_none PASSED [ 80%]
Lint, Tests, Build	Tests unitaires avec couverture	2026-05-11T16:40:23.1578750Z tests/test_settings_section_helpers.py::CoerceAppearanceIntTests::test_zero_is_kept PASSED [ 80%]
Lint, Tests, Build	Tests unitaires avec couverture	2026-05-11T16:40:23.1596238Z tests/test_settings_section_helpers.py::SaveSectionTmdbTests::test_defaults_when_empty_payload PASSED [ 80%]
Lint, Tests, Build	Tests unitaires avec couverture	2026-05-11T16:40:23.1613141Z tests/test_settings_section_helpers.py::SaveSectionTmdbTests::test_explicit_disabled PASSED [ 80%]
Lint, Tests, Build	Tests unitaires avec couverture	2026-05-11T16:40:23.1629794Z tests/test_settings_section_helpers.py::SaveSectionTmdbTests::test_tmdb_cache_ttl_days_clamps_lower PASSED [ 80%]
Lint, Tests, Build	Tests unitaires avec couverture	2026-05-11T16:40:23.1646984Z tests/test_settings_section_helpers.py::SaveSectionTmdbTests::test_tmdb_cache_ttl_days_clamps_upper PASSED [ 80%]
Lint, Tests, Build	Tests unitaires avec couverture	2026-05-11T16:40:23.1664652Z tests/test_settings_section_helpers.py::SaveSectionTmdbTests::test_tmdb_cache_ttl_days_explicit_value PASSED [ 80%]
Lint, Tests, Build	Tests unitaires avec couverture	2026-05-11T16:40:23.1683598Z tests/test_settings_section_helpers.py::SaveSectionCleanupTests::test_custom_folder_name_kept PASSED [ 80%]
Lint, Tests, Build	Tests unitaires avec couverture	2026-05-11T16:40:23.1702677Z tests/test_settings_section_helpers.py::SaveSectionCleanupTests::test_defaults_applied PASSED [ 80%]
Lint, Tests, Build	Tests unitaires avec couverture	2026-05-11T16:40:23.1720446Z tests/test_settings_section_helpers.py::SaveSectionCleanupTests::test_empty_string_falls_back_to_default PASSED [ 80%]
Lint, Tests, Build	Tests unitaires avec couverture	2026-05-11T16:40:23.1738977Z tests/test_settings_section_helpers.py::SaveSectionProbeTests::test_defaults PASSED [ 80%]
Lint, Tests, Build	Tests unitaires avec couverture	2026-05-11T16:40:23.1756305Z tests/test_settings_section_helpers.py::SaveSectionProbeTests::test_probe_timeout_clamped_high PASSED [ 80%]
Lint, Tests, Build	Tests unitaires avec couverture	2026-05-11T16:40:23.1774057Z tests/test_settings_section_helpers.py::SaveSectionProbeTests::test_probe_timeout_clamped_low PASSED [ 80%]
Lint, Tests, Build	Tests unitaires avec couverture	2026-05-11T16:40:23.1791997Z tests/test_settings_section_helpers.py::SaveSectionScanFlagsTests::test_auto_approve_threshold_clamped PASSED [ 80%]
Lint, Tests, Build	Tests unitaires avec couverture	2026-05-11T16:40:23.1808801Z tests/test_settings_section_helpers.py::SaveSectionScanFlagsTests::test_defaults PASSED [ 80%]
Lint, Tests, Build	Tests unitaires avec couverture	2026-05-11T16:40:23.1826123Z tests/test_settings_section_helpers.py::SaveSectionJellyfinTests::test_defaults PASSED [ 80%]
Lint, Tests, Build	Tests unitaires avec couverture	2026-05-11T16:40:23.1843755Z tests/test_settings_section_helpers.py::SaveSectionJellyfinTests::test_timeout_clamped PASSED [ 80%]
Lint, Tests, Build	Tests unitaires avec couverture	2026-05-11T16:40:23.1860823Z tests/test_settings_section_helpers.py::SaveSectionPlexTests::test_defaults PASSED [ 81%]
Lint, Tests, Build	Tests unitaires avec couverture	2026-05-11T16:40:23.1877578Z tests/test_settings_section_helpers.py::SaveSectionPlexTests::test_url_trailing_slash_stripped PASSED [ 81%]
Lint, Tests, Build	Tests unitaires avec couverture	2026-05-11T16:40:23.1894004Z tests/test_settings_section_helpers.py::SaveSectionRadarrTests::test_defaults PASSED [ 81%]
Lint, Tests, Build	Tests unitaires avec couverture	2026-05-11T16:40:23.1910347Z tests/test_settings_section_helpers.py::SaveSectionRadarrTests::test_url_trailing_slash_stripped PASSED [ 81%]
Lint, Tests, Build	Tests unitaires avec couverture	2026-05-11T16:40:23.1928162Z tests/test_settings_section_helpers.py::SaveSectionNotificationsTests::test_defaults PASSED [ 81%]
Lint, Tests, Build	Tests unitaires avec couverture	2026-05-11T16:40:23.1945573Z tests/test_settings_section_helpers.py::SaveSectionRestApiTests::test_defaults PASSED [ 81%]
Lint, Tests, Build	Tests unitaires avec couverture	2026-05-11T16:40:23.1962450Z tests/test_settings_section_helpers.py::SaveSectionRestApiTests::test_port_clamped PASSED [ 81%]
Lint, Tests, Build	Tests unitaires avec couverture	2026-05-11T16:40:23.1979464Z tests/test_settings_section_helpers.py::SaveSectionWatchTests::test_defaults PASSED [ 81%]
Lint, Tests, Build	Tests unitaires avec couverture	2026-05-11T16:40:23.1996071Z tests/test_settings_section_helpers.py::SaveSectionWatchTests::test_interval_clamped PASSED [ 81%]
Lint, Tests, Build	Tests unitaires avec couverture	2026-05-11T16:40:23.2013133Z tests/test_settings_section_helpers.py::SaveSectionPluginsTests::test_defaults PASSED [ 81%]
Lint, Tests, Build	Tests unitaires avec couverture	2026-05-11T16:40:23.2029309Z tests/test_settings_section_helpers.py::SaveSectionPluginsTests::test_timeout_clamped PASSED [ 81%]
Lint, Tests, Build	Tests unitaires avec couverture	2026-05-11T16:40:23.2046928Z tests/test_settings_section_helpers.py::SaveSectionEmailTests::test_defaults PASSED [ 81%]
Lint, Tests, Build	Tests unitaires avec couverture	2026-05-11T16:40:23.2064326Z tests/test_settings_section_helpers.py::SaveSectionEmailTests::test_password_not_stripped PASSED [ 81%]
Lint, Tests, Build	Tests unitaires avec couverture	2026-05-11T16:40:23.2081844Z tests/test_settings_section_helpers.py::SaveSectionSubtitlesTests::test_defaults PASSED [ 81%]
Lint, Tests, Build	Tests unitaires avec couverture	2026-05-11T16:40:23.2099391Z tests/test_settings_section_helpers.py::SaveSectionPerceptualTests::test_dark_weight_clamped PASSED [ 81%]
Lint, Tests, Build	Tests unitaires avec couverture	2026-05-11T16:40:23.2115882Z tests/test_settings_section_helpers.py::SaveSectionPerceptualTests::test_defaults PASSED [ 81%]
Lint, Tests, Build	Tests unitaires avec couverture	2026-05-11T16:40:23.2132133Z tests/test_settings_section_helpers.py::SaveSectionPerceptualTests::test_parallelism_mode_invalid_falls_back_to_auto PASSED [ 81%]
Lint, Tests, Build	Tests unitaires avec couverture	2026-05-11T16:40:23.2149746Z tests/test_settings_section_helpers.py::SaveSectionPerceptualTests::test_parallelism_mode_normalized PASSED [ 81%]
Lint, Tests, Build	Tests unitaires avec couverture	2026-05-11T16:40:23.2166776Z tests/test_settings_section_helpers.py::SaveSectionAppearanceTests::test_debug_enabled_uses_default_when_absent PASSED [ 81%]
Lint, Tests, Build	Tests unitaires avec couverture	2026-05-11T16:40:23.2183445Z tests/test_settings_section_helpers.py::SaveSectionAppearanceTests::test_defaults PASSED [ 81%]
Lint, Tests, Build	Tests unitaires avec couverture	2026-05-11T16:40:23.2200116Z tests/test_settings_section_helpers.py::SaveSectionAppearanceTests::test_invalid_theme_falls_back_to_luxe PASSED [ 81%]
Lint, Tests, Build	Tests unitaires avec couverture	2026-05-11T16:40:23.2216298Z tests/test_settings_section_helpers.py::SaveSectionAppearanceTests::test_slider_none_uses_default PASSED [ 81%]
Lint, Tests, Build	Tests unitaires avec couverture	2026-05-11T16:40:23.2232817Z tests/test_settings_section_helpers.py::SaveSectionAppearanceTests::test_sliders_clamped PASSED [ 81%]
Lint, Tests, Build	Tests unitaires avec couverture	2026-05-11T16:40:23.2249680Z tests/test_settings_section_helpers.py::SaveSectionAppearanceTests::test_valid_themes PASSED [ 81%]
Lint, Tests, Build	Tests unitaires avec couverture	2026-05-11T16:40:23.2266777Z tests/test_settings_section_helpers.py::NormalizeScopesTests::test_invalid_empty_folders_scope_falls_back PASSED [ 81%]
Lint, Tests, Build	Tests unitaires avec couverture	2026-05-11T16:40:23.2283931Z tests/test_settings_section_helpers.py::NormalizeScopesTests::test_invalid_residual_scope_falls_back PASSED [ 81%]
Lint, Tests, Build	Tests unitaires avec couverture	2026-05-11T16:40:23.2300794Z tests/test_settings_section_helpers.py::NormalizeScopesTests::test_valid_scopes_preserved PASSED [ 81%]
Lint, Tests, Build	Tests unitaires avec couverture	2026-05-11T16:40:23.2318543Z tests/test_settings_section_helpers.py::ApplyTmdbKeyPersistenceTests::test_remember_default_inferred_from_existing PASSED [ 81%]
Lint, Tests, Build	Tests unitaires avec couverture	2026-05-11T16:40:23.2334794Z tests/test_settings_section_helpers.py::ApplyTmdbKeyPersistenceTests::test_remember_off_clears_key PASSED [ 81%]
Lint, Tests, Build	Tests unitaires avec couverture	2026-05-11T16:40:23.2350888Z tests/test_settings_section_helpers.py::ApplyTmdbKeyPersistenceTests::test_remember_on_no_key_keeps_existing PASSED [ 81%]
Lint, Tests, Build	Tests unitaires avec couverture	2026-05-11T16:40:23.2366742Z tests/test_settings_section_helpers.py::ApplyTmdbKeyPersistenceTests::test_remember_on_with_new_key PASSED [ 81%]
Lint, Tests, Build	Tests unitaires avec couverture	2026-05-11T16:40:23.2383733Z tests/test_settings_section_helpers.py::ApplyJellyfinKeyPersistenceTests::test_explicit_empty_overrides PASSED [ 81%]
Lint, Tests, Build	Tests unitaires avec couverture	2026-05-11T16:40:23.2400172Z tests/test_settings_section_helpers.py::ApplyJellyfinKeyPersistenceTests::test_missing_payload_keeps_existing PASSED [ 81%]
Lint, Tests, Build	Tests unitaires avec couverture	2026-05-11T16:40:23.2417219Z tests/test_settings_section_helpers.py::ApplyJellyfinKeyPersistenceTests::test_payload_overrides_existing PASSED [ 81%]
Lint, Tests, Build	Tests unitaires avec couverture	2026-05-11T16:40:23.2434951Z tests/test_settings_section_helpers.py::BuildSaveResultTests::test_minimal_meta PASSED [ 81%]
Lint, Tests, Build	Tests unitaires avec couverture	2026-05-11T16:40:23.2452786Z tests/test_settings_section_helpers.py::BuildSaveResultTests::test_warnings_propagated PASSED [ 81%]
Lint, Tests, Build	Tests unitaires avec couverture	2026-05-11T16:40:23.2477225Z tests/test_settings_v5.py::SettingsV5ViewTests::test_9_groups_defined PASSED [ 81%]
Lint, Tests, Build	Tests unitaires avec couverture	2026-05-11T16:40:23.2496673Z tests/test_settings_v5.py::SettingsV5ViewTests::test_analyse_includes_perceptual_v7_5 PASSED [ 81%]
Lint, Tests, Build	Tests unitaires avec couverture	2026-05-11T16:40:23.2515500Z tests/test_settings_v5.py::SettingsV5ViewTests::test_api_key_toggle_visibility PASSED [ 81%]
Lint, Tests, Build	Tests unitaires avec couverture	2026-05-11T16:40:23.2535467Z tests/test_settings_v5.py::SettingsV5ViewTests::test_api_methods PASSED  [ 82%]
Lint, Tests, Build	Tests unitaires avec couverture	2026-05-11T16:40:23.2554578Z tests/test_settings_v5.py::SettingsV5ViewTests::test_apparence_density_livePreview PASSED [ 82%]
Lint, Tests, Build	Tests unitaires avec couverture	2026-05-11T16:40:23.2573447Z tests/test_settings_v5.py::SettingsV5ViewTests::test_apparence_theme_has_4_options PASSED [ 82%]
Lint, Tests, Build	Tests unitaires avec couverture	2026-05-11T16:40:23.2592345Z tests/test_settings_v5.py::SettingsV5ViewTests::test_auto_save_debounce PASSED [ 82%]
Lint, Tests, Build	Tests unitaires avec couverture	2026-05-11T16:40:23.2611470Z tests/test_settings_v5.py::SettingsV5ViewTests::test_badge_configure_partial_none PASSED [ 82%]
Lint, Tests, Build	Tests unitaires avec couverture	2026-05-11T16:40:23.2632577Z tests/test_settings_v5.py::SettingsV5ViewTests::test_es_module_exports PASSED [ 82%]
Lint, Tests, Build	Tests unitaires avec couverture	2026-05-11T16:40:23.2652730Z tests/test_settings_v5.py::SettingsV5ViewTests::test_field_types_supported PASSED [ 82%]
Lint, Tests, Build	Tests unitaires avec couverture	2026-05-11T16:40:23.2672890Z tests/test_settings_v5.py::SettingsV5ViewTests::test_integrations_includes_4_services PASSED [ 82%]
Lint, Tests, Build	Tests unitaires avec couverture	2026-05-11T16:40:23.2691482Z tests/test_settings_v5.py::SettingsV5ViewTests::test_reset_per_section PASSED [ 82%]
Lint, Tests, Build	Tests unitaires avec couverture	2026-05-11T16:40:23.2710659Z tests/test_settings_v5.py::SettingsV5ViewTests::test_search_fuzzy_on_labels PASSED [ 82%]
Lint, Tests, Build	Tests unitaires avec couverture	2026-05-11T16:40:23.2729518Z tests/test_settings_v5.py::SettingsV5ViewTests::test_sources_includes_roots_watch_watchlist PASSED [ 82%]
Lint, Tests, Build	Tests unitaires avec couverture	2026-05-11T16:40:23.2749111Z tests/test_settings_v5.py::SettingsV5ViewTests::test_uses_backend_endpoints PASSED [ 82%]
Lint, Tests, Build	Tests unitaires avec couverture	2026-05-11T16:40:23.2775345Z tests/test_settings_v5.py::RouterSettingsV5Tests::test_film_and_processing_and_settings_mutually_exclusive PASSED [ 82%]
Lint, Tests, Build	Tests unitaires avec couverture	2026-05-11T16:40:23.2794076Z tests/test_settings_v5.py::RouterSettingsV5Tests::test_navigate_to_settings_v5_helper PASSED [ 82%]
Lint, Tests, Build	Tests unitaires avec couverture	2026-05-11T16:40:23.2812025Z tests/test_settings_v5.py::RouterSettingsV5Tests::test_settings_v5_hidden_on_other_views PASSED [ 82%]
Lint, Tests, Build	Tests unitaires avec couverture	2026-05-11T16:40:23.2829735Z tests/test_settings_v5.py::RouterSettingsV5Tests::test_settings_v5_overlay_ensure PASSED [ 82%]
Lint, Tests, Build	Tests unitaires avec couverture	2026-05-11T16:40:23.2847832Z tests/test_settings_v5.py::RouterSettingsV5Tests::test_settings_v5_route_detected PASSED [ 82%]
Lint, Tests, Build	Tests unitaires avec couverture	2026-05-11T16:40:23.2869067Z tests/test_settings_v5.py::CssVague6Tests::test_overlay_active_state PASSED [ 82%]
Lint, Tests, Build	Tests unitaires avec couverture	2026-05-11T16:40:23.2890139Z tests/test_settings_v5.py::CssVague6Tests::test_settings_badge_variants PASSED [ 82%]
Lint, Tests, Build	Tests unitaires avec couverture	2026-05-11T16:40:23.2910742Z tests/test_settings_v5.py::CssVague6Tests::test_settings_cat_classes PASSED [ 82%]
Lint, Tests, Build	Tests unitaires avec couverture	2026-05-11T16:40:23.2930691Z tests/test_settings_v5.py::CssVague6Tests::test_settings_cat_dot_variants PASSED [ 82%]
Lint, Tests, Build	Tests unitaires avec couverture	2026-05-11T16:40:23.2951212Z tests/test_settings_v5.py::CssVague6Tests::test_settings_field_classes PASSED [ 82%]
Lint, Tests, Build	Tests unitaires avec couverture	2026-05-11T16:40:23.2971250Z tests/test_settings_v5.py::CssVague6Tests::test_settings_section_classes PASSED [ 82%]
Lint, Tests, Build	Tests unitaires avec couverture	2026-05-11T16:40:23.2992658Z tests/test_settings_v5.py::CssVague6Tests::test_settings_shell_classes PASSED [ 82%]
Lint, Tests, Build	Tests unitaires avec couverture	2026-05-11T16:40:23.3018148Z tests/test_settings_v5.py::IntegrationVague6Tests::test_index_html_loads_settings_v5_script PASSED [ 82%]
Lint, Tests, Build	Tests unitaires avec couverture	2026-05-11T16:40:23.3038255Z tests/test_settings_v5_features.py::SettingsV5FeaturesTests::test_v3_02_advanced_fields_marker PASSED [ 82%]
Lint, Tests, Build	Tests unitaires avec couverture	2026-05-11T16:40:23.3054343Z tests/test_settings_v5_features.py::SettingsV5FeaturesTests::test_v3_02_data_advanced_render PASSED [ 82%]
Lint, Tests, Build	Tests unitaires avec couverture	2026-05-11T16:40:23.3070502Z tests/test_settings_v5_features.py::SettingsV5FeaturesTests::test_v3_02_expert_mode_toggle PASSED [ 82%]
Lint, Tests, Build	Tests unitaires avec couverture	2026-05-11T16:40:23.3086627Z tests/test_settings_v5_features.py::SettingsV5FeaturesTests::test_v3_03_glossary_imported PASSED [ 82%]
Lint, Tests, Build	Tests unitaires avec couverture	2026-05-11T16:40:23.3102047Z tests/test_settings_v5_features.py::SettingsV5FeaturesTests::test_v3_09_danger_zone_present PASSED [ 82%]
Lint, Tests, Build	Tests unitaires avec couverture	2026-05-11T16:40:23.3120696Z tests/test_settings_v5_features.py::SettingsV5FeaturesTests::test_v3_12_updates_section_present PASSED [ 82%]
Lint, Tests, Build	Tests unitaires avec couverture	2026-05-11T16:40:23.3140884Z tests/test_settings_v5_ported.py::SettingsV5PortedTests::test_autosave_500ms PASSED [ 82%]
Lint, Tests, Build	Tests unitaires avec couverture	2026-05-11T16:40:23.3156710Z tests/test_settings_v5_ported.py::SettingsV5PortedTests::test_es_module_export PASSED [ 82%]
Lint, Tests, Build	Tests unitaires avec couverture	2026-05-11T16:40:23.3172461Z tests/test_settings_v5_ported.py::SettingsV5PortedTests::test_helpers_imported PASSED [ 82%]
Lint, Tests, Build	Tests unitaires avec couverture	2026-05-11T16:40:23.3188258Z tests/test_settings_v5_ported.py::SettingsV5PortedTests::test_no_iife PASSED [ 82%]
Lint, Tests, Build	Tests unitaires avec couverture	2026-05-11T16:40:23.3203665Z tests/test_settings_v5_ported.py::SettingsV5PortedTests::test_no_pywebview_api PASSED [ 82%]
Lint, Tests, Build	Tests unitaires avec couverture	2026-05-11T16:40:23.3219376Z tests/test_settings_v5_ported.py::SettingsV5PortedTests::test_settings_groups_preserved PASSED [ 82%]
Lint, Tests, Build	Tests unitaires avec couverture	2026-05-11T16:40:23.3235325Z tests/test_settings_v5_ported.py::SettingsV5PortedTests::test_v3_02_expert_mode PASSED [ 82%]
Lint, Tests, Build	Tests unitaires avec couverture	2026-05-11T16:40:23.3250932Z tests/test_settings_v5_ported.py::SettingsV5PortedTests::test_v3_03_glossary PASSED [ 82%]
Lint, Tests, Build	Tests unitaires avec couverture	2026-05-11T16:40:23.3271175Z tests/test_settings_v5_ported.py::SettingsV5PortedTests::test_v3_09_danger_zone PASSED [ 82%]
Lint, Tests, Build	Tests unitaires avec couverture	2026-05-11T16:40:23.3294203Z tests/test_settings_v5_ported.py::SettingsV5PortedTests::test_v3_12_updates PASSED [ 83%]
Lint, Tests, Build	Tests unitaires avec couverture	2026-05-11T16:40:23.3312622Z tests/test_shortcuts_discoverability.py::ShortcutsTests::test_app_creates_help_fab SKIPPED [ 83%]
Lint, Tests, Build	Tests unitaires avec couverture	2026-05-11T16:40:23.3330293Z tests/test_shortcuts_discoverability.py::ShortcutsTests::test_app_imports_decorator SKIPPED [ 83%]
Lint, Tests, Build	Tests unitaires avec couverture	2026-05-11T16:40:23.3347661Z tests/test_shortcuts_discoverability.py::ShortcutsTests::test_css_help_fab_present SKIPPED [ 83%]
Lint, Tests, Build	Tests unitaires avec couverture	2026-05-11T16:40:23.3364349Z tests/test_shortcuts_discoverability.py::ShortcutsTests::test_css_kbd_global_rule SKIPPED [ 83%]
Lint, Tests, Build	Tests unitaires avec couverture	2026-05-11T16:40:23.3387050Z tests/test_shortcuts_discoverability.py::ShortcutsTests::test_css_kbd_hint_styled SKIPPED [ 83%]
Lint, Tests, Build	Tests unitaires avec couverture	2026-05-11T16:40:23.3403939Z tests/test_shortcuts_discoverability.py::ShortcutsTests::test_css_reduced_motion_guard SKIPPED [ 83%]
Lint, Tests, Build	Tests unitaires avec couverture	2026-05-11T16:40:23.3422211Z tests/test_shortcuts_discoverability.py::ShortcutsTests::test_help_has_shortcuts_section SKIPPED [ 83%]
Lint, Tests, Build	Tests unitaires avec couverture	2026-05-11T16:40:23.3440097Z tests/test_shortcuts_discoverability.py::ShortcutsTests::test_help_lists_min_15_shortcuts SKIPPED [ 83%]
Lint, Tests, Build	Tests unitaires avec couverture	2026-05-11T16:40:23.3456988Z tests/test_shortcuts_discoverability.py::ShortcutsTests::test_help_three_categories SKIPPED [ 83%]
Lint, Tests, Build	Tests unitaires avec couverture	2026-05-11T16:40:23.3474157Z tests/test_shortcuts_discoverability.py::ShortcutsTests::test_kbd_hint_function_exported SKIPPED [ 83%]
Lint, Tests, Build	Tests unitaires avec couverture	2026-05-11T16:40:23.3491216Z tests/test_shortcuts_discoverability.py::ShortcutsTests::test_tooltip_idempotent SKIPPED [ 83%]
Lint, Tests, Build	Tests unitaires avec couverture	2026-05-11T16:40:23.3507854Z tests/test_shortcuts_discoverability.py::ShortcutsTests::test_tooltip_module_exists SKIPPED [ 83%]
Lint, Tests, Build	Tests unitaires avec couverture	2026-05-11T16:40:23.3526111Z tests/test_shortcuts_discoverability.py::ShortcutsTests::test_tooltip_uses_escape_html SKIPPED [ 83%]
Lint, Tests, Build	Tests unitaires avec couverture	2026-05-11T16:40:23.3543370Z tests/test_sidebar_counters.py::SidebarCountersBackendTests::test_function_exists PASSED [ 83%]
Lint, Tests, Build	Tests unitaires avec couverture	2026-05-11T16:40:23.3561303Z tests/test_sidebar_counters.py::SidebarCountersBackendTests::test_returns_expected_keys_when_no_run PASSED [ 83%]
Lint, Tests, Build	Tests unitaires avec couverture	2026-05-11T16:40:23.3577271Z tests/test_sidebar_counters.py::SidebarCountersBackendTests::test_returns_zero_dict_on_error PASSED [ 83%]
Lint, Tests, Build	Tests unitaires avec couverture	2026-05-11T16:40:23.3594213Z tests/test_sidebar_counters.py::SidebarCountersBackendTests::test_row_needs_review_heuristic PASSED [ 83%]
Lint, Tests, Build	Tests unitaires avec couverture	2026-05-11T16:40:23.3611434Z tests/test_sidebar_counters.py::SidebarCountersApiTests::test_endpoint_exposed_on_api PASSED [ 83%]
Lint, Tests, Build	Tests unitaires avec couverture	2026-05-11T16:40:23.3640247Z tests/test_sidebar_counters.py::SidebarCountersFrontendTests::test_badge_spans_present PASSED [ 83%]
Lint, Tests, Build	Tests unitaires avec couverture	2026-05-11T16:40:23.3656485Z tests/test_sidebar_counters.py::SidebarCountersFrontendTests::test_css_styles PASSED [ 83%]
Lint, Tests, Build	Tests unitaires avec couverture	2026-05-11T16:40:23.3672969Z tests/test_sidebar_counters.py::SidebarCountersFrontendTests::test_loader_function_present PASSED [ 83%]
Lint, Tests, Build	Tests unitaires avec couverture	2026-05-11T16:40:23.3690167Z tests/test_sidebar_counters.py::SidebarCountersFrontendTests::test_polling_interval PASSED [ 83%]
Lint, Tests, Build	Tests unitaires avec couverture	2026-05-11T16:40:23.3714857Z tests/test_sidebar_integrations_visible.py::SidebarIntegrationsTests::test_disabled_class_styled PASSED [ 83%]
Lint, Tests, Build	Tests unitaires avec couverture	2026-05-11T16:40:23.3737729Z tests/test_sidebar_integrations_visible.py::SidebarIntegrationsTests::test_mark_state_helper_present PASSED [ 83%]
Lint, Tests, Build	Tests unitaires avec couverture	2026-05-11T16:40:23.3761295Z tests/test_sidebar_integrations_visible.py::SidebarIntegrationsTests::test_no_setnavvisible_for_integrations PASSED [ 83%]
Lint, Tests, Build	Tests unitaires avec couverture	2026-05-11T16:40:23.3786099Z tests/test_sidebar_integrations_visible.py::SidebarIntegrationsTests::test_redirect_to_settings_on_disabled_click PASSED [ 83%]
Lint, Tests, Build	Tests unitaires avec couverture	2026-05-11T16:40:23.3804661Z tests/test_sidebar_v5_features.py::SidebarV5FeaturesTests::test_v1_12_about_button PASSED [ 83%]
Lint, Tests, Build	Tests unitaires avec couverture	2026-05-11T16:40:23.3819768Z tests/test_sidebar_v5_features.py::SidebarV5FeaturesTests::test_v1_13_update_badge PASSED [ 83%]
Lint, Tests, Build	Tests unitaires avec couverture	2026-05-11T16:40:23.3835468Z tests/test_sidebar_v5_features.py::SidebarV5FeaturesTests::test_v1_14_help_entry PASSED [ 83%]
Lint, Tests, Build	Tests unitaires avec couverture	2026-05-11T16:40:23.3851174Z tests/test_sidebar_v5_features.py::SidebarV5FeaturesTests::test_v3_01_integration_disabled PASSED [ 83%]
Lint, Tests, Build	Tests unitaires avec couverture	2026-05-11T16:40:23.3866556Z tests/test_sidebar_v5_features.py::SidebarV5FeaturesTests::test_v3_04_badge_data_key PASSED [ 83%]
Lint, Tests, Build	Tests unitaires avec couverture	2026-05-11T16:40:23.3883234Z tests/test_sidebar_v5_features.py::SidebarV5FeaturesTests::test_v4_09_aria_current PASSED [ 83%]
Lint, Tests, Build	Tests unitaires avec couverture	2026-05-11T16:40:23.3931289Z tests/test_skeleton_states.py::SkeletonStatesTests::test_css_skeleton_classes_defined PASSED [ 83%]
Lint, Tests, Build	Tests unitaires avec couverture	2026-05-11T16:40:23.3956595Z tests/test_skeleton_states.py::SkeletonStatesTests::test_views_have_skeleton_or_aria_busy PASSED [ 83%]
Lint, Tests, Build	Tests unitaires avec couverture	2026-05-11T16:40:23.3973212Z tests/test_space_analyzer.py::EstimateFileSizeTests::test_none_probe PASSED [ 83%]
Lint, Tests, Build	Tests unitaires avec couverture	2026-05-11T16:40:23.3997657Z tests/test_space_analyzer.py::EstimateFileSizeTests::test_normal_case PASSED [ 83%]
Lint, Tests, Build	Tests unitaires avec couverture	2026-05-11T16:40:23.4007395Z tests/test_space_analyzer.py::EstimateFileSizeTests::test_zero_bitrate PASSED [ 83%]
Lint, Tests, Build	Tests unitaires avec couverture	2026-05-11T16:40:23.4024393Z tests/test_space_analyzer.py::EstimateFileSizeTests::test_zero_duration PASSED [ 83%]
Lint, Tests, Build	Tests unitaires avec couverture	2026-05-11T16:40:23.4043151Z tests/test_space_analyzer.py::SpaceAnalysisTests::test_archivable PASSED [ 84%]
Lint, Tests, Build	Tests unitaires avec couverture	2026-05-11T16:40:23.4064544Z tests/test_space_analyzer.py::SpaceAnalysisTests::test_by_resolution PASSED [ 84%]
Lint, Tests, Build	Tests unitaires avec couverture	2026-05-11T16:40:23.4082064Z tests/test_space_analyzer.py::SpaceAnalysisTests::test_by_tier PASSED    [ 84%]
Lint, Tests, Build	Tests unitaires avec couverture	2026-05-11T16:40:23.4098155Z tests/test_space_analyzer.py::SpaceAnalysisTests::test_empty_run PASSED  [ 84%]
Lint, Tests, Build	Tests unitaires avec couverture	2026-05-11T16:40:23.4115043Z tests/test_space_analyzer.py::SpaceAnalysisTests::test_max_10_wasteful PASSED [ 84%]
Lint, Tests, Build	Tests unitaires avec couverture	2026-05-11T16:40:23.4131251Z tests/test_space_analyzer.py::SpaceAnalysisTests::test_no_run_id PASSED  [ 84%]
Lint, Tests, Build	Tests unitaires avec couverture	2026-05-11T16:40:23.4148371Z tests/test_space_analyzer.py::SpaceAnalysisTests::test_top_wasteful_sorted PASSED [ 84%]
Lint, Tests, Build	Tests unitaires avec couverture	2026-05-11T16:40:23.4165439Z tests/test_space_analyzer.py::SpaceAnalysisTests::test_total_bytes PASSED [ 84%]
Lint, Tests, Build	Tests unitaires avec couverture	2026-05-11T16:40:23.4182403Z tests/test_space_analyzer.py::SpaceAnalysisTests::test_waste_score_formula PASSED [ 84%]
Lint, Tests, Build	Tests unitaires avec couverture	2026-05-11T16:40:23.4199698Z tests/test_space_analyzer.py::UiSpaceTests::test_css_space_bars_dashboard SKIPPED [ 84%]
Lint, Tests, Build	Tests unitaires avec couverture	2026-05-11T16:40:23.4217751Z tests/test_space_analyzer.py::UiSpaceTests::test_css_space_bars_desktop SKIPPED [ 84%]
Lint, Tests, Build	Tests unitaires avec couverture	2026-05-11T16:40:23.4235214Z tests/test_space_analyzer.py::UiSpaceTests::test_dashboard_format_bytes SKIPPED [ 84%]
Lint, Tests, Build	Tests unitaires avec couverture	2026-05-11T16:40:23.4252396Z tests/test_space_analyzer.py::UiSpaceTests::test_dashboard_space_bars SKIPPED [ 84%]
Lint, Tests, Build	Tests unitaires avec couverture	2026-05-11T16:40:23.4277963Z tests/test_space_analyzer.py::UiSpaceTests::test_dashboard_space_section SKIPPED [ 84%]
Lint, Tests, Build	Tests unitaires avec couverture	2026-05-11T16:40:23.4298762Z tests/test_space_analyzer.py::UiSpaceTests::test_dashboard_top_wasteful SKIPPED [ 84%]
Lint, Tests, Build	Tests unitaires avec couverture	2026-05-11T16:40:23.4316322Z tests/test_space_analyzer.py::UiSpaceTests::test_desktop_html_container SKIPPED [ 84%]
Lint, Tests, Build	Tests unitaires avec couverture	2026-05-11T16:40:23.4334871Z tests/test_space_analyzer.py::UiSpaceTests::test_desktop_space_section SKIPPED [ 84%]
Lint, Tests, Build	Tests unitaires avec couverture	2026-05-11T16:40:23.4357446Z tests/test_spectral_analysis.py::TestExtractAudioSegment::test_empty_stdout_returns_none PASSED [ 84%]
Lint, Tests, Build	Tests unitaires avec couverture	2026-05-11T16:40:23.4381190Z tests/test_spectral_analysis.py::TestExtractAudioSegment::test_ffmpeg_error_returns_none PASSED [ 84%]
Lint, Tests, Build	Tests unitaires avec couverture	2026-05-11T16:40:23.4402486Z tests/test_spectral_analysis.py::TestExtractAudioSegment::test_oserror_returns_none PASSED [ 84%]
Lint, Tests, Build	Tests unitaires avec couverture	2026-05-11T16:40:23.4430523Z tests/test_spectral_analysis.py::TestExtractAudioSegment::test_parse_f32le_bytes_correctly PASSED [ 84%]
Lint, Tests, Build	Tests unitaires avec couverture	2026-05-11T16:40:23.4451595Z tests/test_spectral_analysis.py::TestExtractAudioSegment::test_timeout_returns_none PASSED [ 84%]
Lint, Tests, Build	Tests unitaires avec couverture	2026-05-11T16:40:23.4479200Z tests/test_spectral_analysis.py::TestComputeSpectrogram::test_shape_is_window_half_plus_one PASSED [ 84%]
Lint, Tests, Build	Tests unitaires avec couverture	2026-05-11T16:40:23.4495099Z tests/test_spectral_analysis.py::TestComputeSpectrogram::test_short_input_returns_empty PASSED [ 84%]
Lint, Tests, Build	Tests unitaires avec couverture	2026-05-11T16:40:23.4523549Z tests/test_spectral_analysis.py::TestComputeSpectrogram::test_silence_low_magnitude PASSED [ 84%]
Lint, Tests, Build	Tests unitaires avec couverture	2026-05-11T16:40:23.4555439Z tests/test_spectral_analysis.py::TestComputeSpectrogram::test_sine_wave_1000hz_peak_at_1000 PASSED [ 84%]
Lint, Tests, Build	Tests unitaires avec couverture	2026-05-11T16:40:23.4590894Z tests/test_spectral_analysis.py::TestFindCutoffHz::test_broadband_noise_cutoff_near_rolloff PASSED [ 84%]
Lint, Tests, Build	Tests unitaires avec couverture	2026-05-11T16:40:23.4606870Z tests/test_spectral_analysis.py::TestFindCutoffHz::test_empty_spec_returns_zero PASSED [ 84%]
Lint, Tests, Build	Tests unitaires avec couverture	2026-05-11T16:40:23.4653208Z tests/test_spectral_analysis.py::TestFindCutoffHz::test_low_pass_filtered_at_16k PASSED [ 84%]
Lint, Tests, Build	Tests unitaires avec couverture	2026-05-11T16:40:23.4684175Z tests/test_spectral_analysis.py::TestFindCutoffHz::test_pure_tone_10k_cutoff_near_10k PASSED [ 84%]
Lint, Tests, Build	Tests unitaires avec couverture	2026-05-11T16:40:23.4700568Z tests/test_spectral_analysis.py::TestFindCutoffHz::test_zero_spec_returns_zero PASSED [ 84%]
Lint, Tests, Build	Tests unitaires avec couverture	2026-05-11T16:40:23.4717856Z tests/test_spectral_analysis.py::TestComputeRmsDb::test_empty_returns_minus_inf PASSED [ 84%]
Lint, Tests, Build	Tests unitaires avec couverture	2026-05-11T16:40:23.4736861Z tests/test_spectral_analysis.py::TestComputeRmsDb::test_half_amplitude_minus_9db PASSED [ 84%]
Lint, Tests, Build	Tests unitaires avec couverture	2026-05-11T16:40:23.4754038Z tests/test_spectral_analysis.py::TestComputeRmsDb::test_silence_returns_minus_inf PASSED [ 84%]
Lint, Tests, Build	Tests unitaires avec couverture	2026-05-11T16:40:23.4773796Z tests/test_spectral_analysis.py::TestComputeRmsDb::test_sine_amp_one_is_about_minus_3db PASSED [ 84%]
Lint, Tests, Build	Tests unitaires avec couverture	2026-05-11T16:40:23.4790921Z tests/test_spectral_analysis.py::TestClassifyCutoff::test_15k_lossy_low PASSED [ 84%]
Lint, Tests, Build	Tests unitaires avec couverture	2026-05-11T16:40:23.4806872Z tests/test_spectral_analysis.py::TestClassifyCutoff::test_17k_lossy_mid PASSED [ 84%]
Lint, Tests, Build	Tests unitaires avec couverture	2026-05-11T16:40:23.4822351Z tests/test_spectral_analysis.py::TestClassifyCutoff::test_20k_lossy_high PASSED [ 84%]
Lint, Tests, Build	Tests unitaires avec couverture	2026-05-11T16:40:23.4838555Z tests/test_spectral_analysis.py::TestClassifyCutoff::test_22050_sr_native_nyquist PASSED [ 84%]
Lint, Tests, Build	Tests unitaires avec couverture	2026-05-11T16:40:23.4854216Z tests/test_spectral_analysis.py::TestClassifyCutoff::test_22k_flac_lossless PASSED [ 84%]
Lint, Tests, Build	Tests unitaires avec couverture	2026-05-11T16:40:23.4871381Z tests/test_spectral_analysis.py::TestClassifyCutoff::test_classic_film_vintage_master PASSED [ 85%]
Lint, Tests, Build	Tests unitaires avec couverture	2026-05-11T16:40:23.4888367Z tests/test_spectral_analysis.py::TestClassifyCutoff::test_confidence_in_range PASSED [ 85%]
Lint, Tests, Build	Tests unitaires avec couverture	2026-05-11T16:40:23.4904710Z tests/test_spectral_analysis.py::TestClassifyCutoff::test_digital_era_no_vintage_tolerance PASSED [ 85%]
Lint, Tests, Build	Tests unitaires avec couverture	2026-05-11T16:40:23.4921017Z tests/test_spectral_analysis.py::TestClassifyCutoff::test_he_aac_ambiguous PASSED [ 85%]
Lint, Tests, Build	Tests unitaires avec couverture	2026-05-11T16:40:23.4937495Z tests/test_spectral_analysis.py::TestClassifyCutoff::test_he_aac_variants PASSED [ 85%]
Lint, Tests, Build	Tests unitaires avec couverture	2026-05-11T16:40:23.4953722Z tests/test_spectral_analysis.py::TestClassifyCutoff::test_silent_overrides PASSED [ 85%]
Lint, Tests, Build	Tests unitaires avec couverture	2026-05-11T16:40:23.5072648Z tests/test_spectral_analysis.py::TestAnalyzeSpectralMocked::test_end_to_end_lossless_like_signal PASSED [ 85%]
Lint, Tests, Build	Tests unitaires avec couverture	2026-05-11T16:40:23.5105579Z tests/test_spectral_analysis.py::TestAnalyzeSpectralMocked::test_end_to_end_silent_returns_silent PASSED [ 85%]
Lint, Tests, Build	Tests unitaires avec couverture	2026-05-11T16:40:23.5125039Z tests/test_spectral_analysis.py::TestAnalyzeSpectralMocked::test_extract_fails_returns_error PASSED [ 85%]
Lint, Tests, Build	Tests unitaires avec couverture	2026-05-11T16:40:23.5315634Z tests/test_spectral_analysis.py::TestAnalyzeSpectralMocked::test_low_pass_16k_detected_as_lossy_mid PASSED [ 85%]
Lint, Tests, Build	Tests unitaires avec couverture	2026-05-11T16:40:23.5357382Z tests/test_spectral_analysis.py::TestSettingDefaults::test_default_enabled PASSED [ 85%]
Lint, Tests, Build	Tests unitaires avec couverture	2026-05-11T16:40:23.5418223Z tests/test_spectral_analysis.py::TestSettingDefaults::test_roundtrip_false PASSED [ 85%]
Lint, Tests, Build	Tests unitaires avec couverture	2026-05-11T16:40:23.7825165Z tests/test_spectral_analysis.py::TestStoreRoundtrip::test_upsert_and_get_preserves_spectral_fields PASSED [ 85%]
Lint, Tests, Build	Tests unitaires avec couverture	2026-05-11T16:40:23.7844532Z tests/test_spectral_analysis.py::TestAudioPerceptualSerialization::test_to_dict_contains_spectral_block PASSED [ 85%]
Lint, Tests, Build	Tests unitaires avec couverture	2026-05-11T16:40:23.7872739Z tests/test_spectral_analysis.py::TestSpecContainsSpectralAnalysis::test_hiddenimport_module PASSED [ 85%]
Lint, Tests, Build	Tests unitaires avec couverture	2026-05-11T16:40:23.7894617Z tests/test_spectral_analysis.py::TestSpecContainsSpectralAnalysis::test_hiddenimport_numpy PASSED [ 85%]
Lint, Tests, Build	Tests unitaires avec couverture	2026-05-11T16:40:23.7917825Z tests/test_splash_flow.py::SplashUpdateTests::test_update_splash_calls_evaluate_js PASSED [ 85%]
Lint, Tests, Build	Tests unitaires avec couverture	2026-05-11T16:40:23.7934194Z tests/test_splash_flow.py::SplashUpdateTests::test_update_splash_none_window PASSED [ 85%]
Lint, Tests, Build	Tests unitaires avec couverture	2026-05-11T16:40:23.7954445Z tests/test_splash_flow.py::SplashUpdateTests::test_update_splash_silent_on_error PASSED [ 85%]
Lint, Tests, Build	Tests unitaires avec couverture	2026-05-11T16:40:23.7976288Z tests/test_splash_flow.py::SplashHtmlTests::test_splash_html_contains_progress_function PASSED [ 85%]
Lint, Tests, Build	Tests unitaires avec couverture	2026-05-11T16:40:23.7996325Z tests/test_splash_flow.py::SplashHtmlTests::test_splash_html_exists PASSED [ 85%]
Lint, Tests, Build	Tests unitaires avec couverture	2026-05-11T16:40:23.8016594Z tests/test_splash_flow.py::SplashHtmlTests::test_splash_html_has_bar_element PASSED [ 85%]
Lint, Tests, Build	Tests unitaires avec couverture	2026-05-11T16:40:23.8037094Z tests/test_splash_flow.py::SplashHtmlTests::test_splash_html_no_external_deps PASSED [ 85%]
Lint, Tests, Build	Tests unitaires avec couverture	2026-05-11T16:40:23.8059789Z tests/test_splash_flow.py::RuntimeHookTests::test_splash_hook_no_win32_splash PASSED [ 85%]
Lint, Tests, Build	Tests unitaires avec couverture	2026-05-11T16:40:23.8077343Z tests/test_ssim_self_ref.py::TestClassifyVerdict::test_084_native PASSED [ 85%]
Lint, Tests, Build	Tests unitaires avec couverture	2026-05-11T16:40:23.8094559Z tests/test_ssim_self_ref.py::TestClassifyVerdict::test_090_ambiguous PASSED [ 85%]
Lint, Tests, Build	Tests unitaires avec couverture	2026-05-11T16:40:23.8111391Z tests/test_ssim_self_ref.py::TestClassifyVerdict::test_092_ambiguous PASSED [ 85%]
Lint, Tests, Build	Tests unitaires avec couverture	2026-05-11T16:40:23.8127066Z tests/test_ssim_self_ref.py::TestClassifyVerdict::test_095_fake PASSED   [ 85%]
Lint, Tests, Build	Tests unitaires avec couverture	2026-05-11T16:40:23.8142775Z tests/test_ssim_self_ref.py::TestClassifyVerdict::test_097_fake PASSED   [ 85%]
Lint, Tests, Build	Tests unitaires avec couverture	2026-05-11T16:40:23.8159593Z tests/test_ssim_self_ref.py::TestClassifyVerdict::test_zero_native PASSED [ 85%]
Lint, Tests, Build	Tests unitaires avec couverture	2026-05-11T16:40:23.8177619Z tests/test_ssim_self_ref.py::TestBuildCommand::test_includes_split_and_scale PASSED [ 85%]
Lint, Tests, Build	Tests unitaires avec couverture	2026-05-11T16:40:23.8195352Z tests/test_ssim_self_ref.py::TestParseSsimStderr::test_empty_stderr_error PASSED [ 85%]
Lint, Tests, Build	Tests unitaires avec couverture	2026-05-11T16:40:23.8212262Z tests/test_ssim_self_ref.py::TestParseSsimStderr::test_no_ssim_line_error PASSED [ 85%]
Lint, Tests, Build	Tests unitaires avec couverture	2026-05-11T16:40:23.8229074Z tests/test_ssim_self_ref.py::TestParseSsimStderr::test_only_y_no_all PASSED [ 85%]
Lint, Tests, Build	Tests unitaires avec couverture	2026-05-11T16:40:23.8244459Z tests/test_ssim_self_ref.py::TestParseSsimStderr::test_parses_all_and_y PASSED [ 85%]
Lint, Tests, Build	Tests unitaires avec couverture	2026-05-11T16:40:23.8260594Z tests/test_ssim_self_ref.py::TestParseSsimStderr::test_parses_ambiguous_range PASSED [ 85%]
Lint, Tests, Build	Tests unitaires avec couverture	2026-05-11T16:40:23.8277387Z tests/test_ssim_self_ref.py::TestParseSsimStderr::test_parses_high_ssim_fake PASSED [ 85%]
Lint, Tests, Build	Tests unitaires avec couverture	2026-05-11T16:40:23.8299544Z tests/test_ssim_self_ref.py::TestComputeSsimSelfRef::test_fake_4k_end_to_end PASSED [ 85%]
Lint, Tests, Build	Tests unitaires avec couverture	2026-05-11T16:40:23.8332345Z tests/test_ssim_self_ref.py::TestComputeSsimSelfRef::test_ffmpeg_error_returns_error PASSED [ 85%]
Lint, Tests, Build	Tests unitaires avec couverture	2026-05-11T16:40:23.8348890Z tests/test_ssim_self_ref.py::TestComputeSsimSelfRef::test_missing_ffmpeg_returns_error PASSED [ 86%]
Lint, Tests, Build	Tests unitaires avec couverture	2026-05-11T16:40:23.8369696Z tests/test_ssim_self_ref.py::TestComputeSsimSelfRef::test_native_4k_end_to_end PASSED [ 86%]
Lint, Tests, Build	Tests unitaires avec couverture	2026-05-11T16:40:23.8390533Z tests/test_ssim_self_ref.py::TestComputeSsimSelfRef::test_oserror_returns_error PASSED [ 86%]
Lint, Tests, Build	Tests unitaires avec couverture	2026-05-11T16:40:23.8406947Z tests/test_ssim_self_ref.py::TestComputeSsimSelfRef::test_skip_if_animation PASSED [ 86%]
Lint, Tests, Build	Tests unitaires avec couverture	2026-05-11T16:40:23.8423348Z tests/test_ssim_self_ref.py::TestComputeSsimSelfRef::test_skip_if_duration_too_short PASSED [ 86%]
Lint, Tests, Build	Tests unitaires avec couverture	2026-05-11T16:40:23.8439844Z tests/test_ssim_self_ref.py::TestComputeSsimSelfRef::test_skip_if_not_4k PASSED [ 86%]
Lint, Tests, Build	Tests unitaires avec couverture	2026-05-11T16:40:23.8461656Z tests/test_ssim_self_ref.py::TestComputeSsimSelfRef::test_timeout_returns_error PASSED [ 86%]
Lint, Tests, Build	Tests unitaires avec couverture	2026-05-11T16:40:23.8501922Z tests/test_ssim_self_ref.py::TestSettings::test_default_enabled PASSED   [ 86%]
Lint, Tests, Build	Tests unitaires avec couverture	2026-05-11T16:40:23.8566310Z tests/test_ssim_self_ref.py::TestSettings::test_roundtrip_false PASSED   [ 86%]
Lint, Tests, Build	Tests unitaires avec couverture	2026-05-11T16:40:24.1143666Z tests/test_ssim_self_ref.py::TestStoreRoundtrip::test_upsert_and_get_preserves_ssim_fields PASSED [ 86%]
Lint, Tests, Build	Tests unitaires avec couverture	2026-05-11T16:40:24.1164775Z tests/test_ssim_self_ref.py::TestModelSerialization::test_video_perceptual_to_dict_contains_upscale_block PASSED [ 86%]
Lint, Tests, Build	Tests unitaires avec couverture	2026-05-11T16:40:24.1189551Z tests/test_ssim_self_ref.py::TestSpecContainsSsim::test_hiddenimport_module PASSED [ 86%]
Lint, Tests, Build	Tests unitaires avec couverture	2026-05-11T16:40:24.1468278Z tests/test_subprocess_safety.py::TrackedRunNormalCleanupTests::test_capture_output_returns_bytes_by_default PASSED [ 86%]
Lint, Tests, Build	Tests unitaires avec couverture	2026-05-11T16:40:24.1738193Z tests/test_subprocess_safety.py::TrackedRunNormalCleanupTests::test_normal_completion_unregisters PASSED [ 86%]
Lint, Tests, Build	Tests unitaires avec couverture	2026-05-11T16:40:24.2005555Z tests/test_subprocess_safety.py::TrackedRunNormalCleanupTests::test_returncode_propagated PASSED [ 86%]
Lint, Tests, Build	Tests unitaires avec couverture	2026-05-11T16:40:24.2269565Z tests/test_subprocess_safety.py::TrackedRunNormalCleanupTests::test_text_mode_returns_strings PASSED [ 86%]
Lint, Tests, Build	Tests unitaires avec couverture	2026-05-11T16:40:24.2308236Z tests/test_subprocess_safety.py::TrackedPopenExceptionCleanupTests::test_exception_in_with_kills_process PASSED [ 86%]
Lint, Tests, Build	Tests unitaires avec couverture	2026-05-11T16:40:24.7373911Z tests/test_subprocess_safety.py::TrackedPopenExceptionCleanupTests::test_timeout_propagated_with_partial_output PASSED [ 86%]
Lint, Tests, Build	Tests unitaires avec couverture	2026-05-11T16:40:24.8492001Z tests/test_subprocess_safety.py::CleanupAtExitTests::test_cleanup_at_exit_kills_all_active PASSED [ 86%]
Lint, Tests, Build	Tests unitaires avec couverture	2026-05-11T16:40:24.8509643Z tests/test_subprocess_safety.py::CleanupAtExitTests::test_cleanup_at_exit_noop_if_empty PASSED [ 86%]
Lint, Tests, Build	Tests unitaires avec couverture	2026-05-11T16:40:24.8572115Z tests/test_subprocess_safety.py::ReentrantTests::test_nested_tracked_popen PASSED [ 86%]
Lint, Tests, Build	Tests unitaires avec couverture	2026-05-11T16:40:24.8590271Z tests/test_subtitle_helpers.py::TestDetectLanguageFromSuffix::test_case_insensitive PASSED [ 86%]
Lint, Tests, Build	Tests unitaires avec couverture	2026-05-11T16:40:24.8607054Z tests/test_subtitle_helpers.py::TestDetectLanguageFromSuffix::test_full_names PASSED [ 86%]
Lint, Tests, Build	Tests unitaires avec couverture	2026-05-11T16:40:24.8624333Z tests/test_subtitle_helpers.py::TestDetectLanguageFromSuffix::test_iso_639_1 PASSED [ 86%]
Lint, Tests, Build	Tests unitaires avec couverture	2026-05-11T16:40:24.8642100Z tests/test_subtitle_helpers.py::TestDetectLanguageFromSuffix::test_iso_639_2 PASSED [ 86%]
Lint, Tests, Build	Tests unitaires avec couverture	2026-05-11T16:40:24.8658939Z tests/test_subtitle_helpers.py::TestDetectLanguageFromSuffix::test_no_suffix PASSED [ 86%]
Lint, Tests, Build	Tests unitaires avec couverture	2026-05-11T16:40:24.8676345Z tests/test_subtitle_helpers.py::TestDetectLanguageFromSuffix::test_non_language_tags PASSED [ 86%]
Lint, Tests, Build	Tests unitaires avec couverture	2026-05-11T16:40:24.8692984Z tests/test_subtitle_helpers.py::TestDetectLanguageFromSuffix::test_special_tags PASSED [ 86%]
Lint, Tests, Build	Tests unitaires avec couverture	2026-05-11T16:40:24.8709363Z tests/test_subtitle_helpers.py::TestDetectLanguageFromSuffix::test_unknown_tag PASSED [ 86%]
Lint, Tests, Build	Tests unitaires avec couverture	2026-05-11T16:40:24.8734495Z tests/test_subtitle_helpers.py::TestFindSubtitlesInFolder::test_empty_folder PASSED [ 86%]
Lint, Tests, Build	Tests unitaires avec couverture	2026-05-11T16:40:24.8820676Z tests/test_subtitle_helpers.py::TestFindSubtitlesInFolder::test_finds_subtitle_files PASSED [ 86%]
Lint, Tests, Build	Tests unitaires avec couverture	2026-05-11T16:40:24.8854885Z tests/test_subtitle_helpers.py::TestFindSubtitlesInFolder::test_language_detected PASSED [ 86%]
Lint, Tests, Build	Tests unitaires avec couverture	2026-05-11T16:40:24.8907573Z tests/test_subtitle_helpers.py::TestFindSubtitlesInFolder::test_multiple_formats PASSED [ 86%]
Lint, Tests, Build	Tests unitaires avec couverture	2026-05-11T16:40:24.8945072Z tests/test_subtitle_helpers.py::TestFindSubtitlesInFolder::test_no_subtitles PASSED [ 86%]
Lint, Tests, Build	Tests unitaires avec couverture	2026-05-11T16:40:24.8962485Z tests/test_subtitle_helpers.py::TestFindSubtitlesInFolder::test_nonexistent_folder PASSED [ 86%]
Lint, Tests, Build	Tests unitaires avec couverture	2026-05-11T16:40:24.9003113Z tests/test_subtitle_helpers.py::TestFindSubtitlesInFolder::test_sorted_by_filename PASSED [ 86%]
Lint, Tests, Build	Tests unitaires avec couverture	2026-05-11T16:40:24.9021336Z tests/test_subtitle_helpers.py::TestMatchSubtitlesToVideo::test_case_insensitive PASSED [ 86%]
Lint, Tests, Build	Tests unitaires avec couverture	2026-05-11T16:40:24.9038497Z tests/test_subtitle_helpers.py::TestMatchSubtitlesToVideo::test_empty_video_stem PASSED [ 86%]
Lint, Tests, Build	Tests unitaires avec couverture	2026-05-11T16:40:24.9055827Z tests/test_subtitle_helpers.py::TestMatchSubtitlesToVideo::test_exact_stem_match PASSED [ 86%]
Lint, Tests, Build	Tests unitaires avec couverture	2026-05-11T16:40:24.9072377Z tests/test_subtitle_helpers.py::TestMatchSubtitlesToVideo::test_no_match PASSED [ 86%]
Lint, Tests, Build	Tests unitaires avec couverture	2026-05-11T16:40:24.9089201Z tests/test_subtitle_helpers.py::TestMatchSubtitlesToVideo::test_partial_stem_no_dot_no_match PASSED [ 87%]
Lint, Tests, Build	Tests unitaires avec couverture	2026-05-11T16:40:24.9106853Z tests/test_subtitle_helpers.py::TestMatchSubtitlesToVideo::test_prefix_match_with_lang PASSED [ 87%]
Lint, Tests, Build	Tests unitaires avec couverture	2026-05-11T16:40:24.9150439Z tests/test_subtitle_helpers.py::TestBuildSubtitleReport::test_duplicate_language PASSED [ 87%]
Lint, Tests, Build	Tests unitaires avec couverture	2026-05-11T16:40:24.9290195Z tests/test_subtitle_helpers.py::TestBuildSubtitleReport::test_full_report_with_matching_subs PASSED [ 87%]
Lint, Tests, Build	Tests unitaires avec couverture	2026-05-11T16:40:24.9324676Z tests/test_subtitle_helpers.py::TestBuildSubtitleReport::test_missing_language PASSED [ 87%]
Lint, Tests, Build	Tests unitaires avec couverture	2026-05-11T16:40:24.9365731Z tests/test_subtitle_helpers.py::TestBuildSubtitleReport::test_multiple_formats PASSED [ 87%]
Lint, Tests, Build	Tests unitaires avec couverture	2026-05-11T16:40:24.9410709Z tests/test_subtitle_helpers.py::TestBuildSubtitleReport::test_no_expected_languages PASSED [ 87%]
Lint, Tests, Build	Tests unitaires avec couverture	2026-05-11T16:40:24.9440296Z tests/test_subtitle_helpers.py::TestBuildSubtitleReport::test_no_subtitles PASSED [ 87%]
Lint, Tests, Build	Tests unitaires avec couverture	2026-05-11T16:40:24.9481464Z tests/test_subtitle_helpers.py::TestBuildSubtitleReport::test_orphan_detection PASSED [ 87%]
Lint, Tests, Build	Tests unitaires avec couverture	2026-05-11T16:40:24.9516862Z tests/test_subtitle_helpers.py::TestBuildSubtitleReport::test_subtitle_without_lang_tag PASSED [ 87%]
Lint, Tests, Build	Tests unitaires avec couverture	2026-05-11T16:40:24.9534508Z tests/test_subtitle_helpers.py::TestDataclasses::test_subtitle_info_frozen PASSED [ 87%]
Lint, Tests, Build	Tests unitaires avec couverture	2026-05-11T16:40:24.9552634Z tests/test_subtitle_helpers.py::TestDataclasses::test_subtitle_report_frozen PASSED [ 87%]
Lint, Tests, Build	Tests unitaires avec couverture	2026-05-11T16:40:24.9580757Z tests/test_theme_settings.py::ThemeSettingsTests::test_animation_level_has_value PASSED [ 87%]
Lint, Tests, Build	Tests unitaires avec couverture	2026-05-11T16:40:24.9638838Z tests/test_theme_settings.py::ThemeSettingsTests::test_effect_speed_clamp PASSED [ 87%]
Lint, Tests, Build	Tests unitaires avec couverture	2026-05-11T16:40:24.9663968Z tests/test_theme_settings.py::ThemeSettingsTests::test_effect_speed_in_range PASSED [ 87%]
Lint, Tests, Build	Tests unitaires avec couverture	2026-05-11T16:40:24.9721860Z tests/test_theme_settings.py::ThemeSettingsTests::test_glow_intensity_clamp_zero PASSED [ 87%]
Lint, Tests, Build	Tests unitaires avec couverture	2026-05-11T16:40:24.9747641Z tests/test_theme_settings.py::ThemeSettingsTests::test_glow_intensity_in_range PASSED [ 87%]
Lint, Tests, Build	Tests unitaires avec couverture	2026-05-11T16:40:24.9772925Z tests/test_theme_settings.py::ThemeSettingsTests::test_light_intensity_in_range PASSED [ 87%]
Lint, Tests, Build	Tests unitaires avec couverture	2026-05-11T16:40:24.9830761Z tests/test_theme_settings.py::ThemeSettingsTests::test_settings_round_trip PASSED [ 87%]
Lint, Tests, Build	Tests unitaires avec couverture	2026-05-11T16:40:24.9856347Z tests/test_theme_settings.py::ThemeSettingsTests::test_theme_has_value PASSED [ 87%]
Lint, Tests, Build	Tests unitaires avec couverture	2026-05-11T16:40:24.9915306Z tests/test_theme_settings.py::ThemeSettingsTests::test_theme_invalid_fallback PASSED [ 87%]
Lint, Tests, Build	Tests unitaires avec couverture	2026-05-11T16:40:24.9976441Z tests/test_theme_settings.py::ThemeSettingsTests::test_theme_valid_values PASSED [ 87%]
Lint, Tests, Build	Tests unitaires avec couverture	2026-05-11T16:40:24.9997234Z tests/test_theme_settings.py::ThemesCssTests::test_themes_css_exists PASSED [ 87%]
Lint, Tests, Build	Tests unitaires avec couverture	2026-05-11T16:40:25.0017901Z tests/test_theme_settings.py::ThemesCssTests::test_themes_css_has_all_palettes PASSED [ 87%]
Lint, Tests, Build	Tests unitaires avec couverture	2026-05-11T16:40:25.0038213Z tests/test_theme_settings.py::ThemesCssTests::test_themes_css_has_animation_levels PASSED [ 87%]
Lint, Tests, Build	Tests unitaires avec couverture	2026-05-11T16:40:25.0060278Z tests/test_theme_settings.py::ThemesCssTests::test_themes_css_has_effects PASSED [ 87%]
Lint, Tests, Build	Tests unitaires avec couverture	2026-05-11T16:40:25.0081090Z tests/test_theme_settings.py::ThemesCssTests::test_themes_css_linked_in_dashboard PASSED [ 87%]
Lint, Tests, Build	Tests unitaires avec couverture	2026-05-11T16:40:25.0108016Z tests/test_theme_settings.py::ThemesCssTests::test_themes_css_linked_in_desktop PASSED [ 87%]
Lint, Tests, Build	Tests unitaires avec couverture	2026-05-11T16:40:25.0133200Z tests/test_tier_pill.py::DesktopTierPillTests::test_distribution_uses_tierPill PASSED [ 87%]
Lint, Tests, Build	Tests unitaires avec couverture	2026-05-11T16:40:25.0150281Z tests/test_tier_pill.py::DesktopTierPillTests::test_legacy_aliases_preserved PASSED [ 87%]
Lint, Tests, Build	Tests unitaires avec couverture	2026-05-11T16:40:25.0166569Z tests/test_tier_pill.py::DesktopTierPillTests::test_scoreTierPill_function_present PASSED [ 87%]
Lint, Tests, Build	Tests unitaires avec couverture	2026-05-11T16:40:25.0182951Z tests/test_tier_pill.py::DesktopTierPillTests::test_tierPill_function_exported PASSED [ 87%]
Lint, Tests, Build	Tests unitaires avec couverture	2026-05-11T16:40:25.0201032Z tests/test_tier_pill.py::DesktopTierPillTests::test_tier_map_covers_all_five_tiers PASSED [ 87%]
Lint, Tests, Build	Tests unitaires avec couverture	2026-05-11T16:40:25.0227598Z tests/test_tier_pill.py::DashboardTierPillTests::test_dashboard_scoreTierPill_exported PASSED [ 87%]
Lint, Tests, Build	Tests unitaires avec couverture	2026-05-11T16:40:25.0243727Z tests/test_tier_pill.py::DashboardTierPillTests::test_dashboard_tierPill_exported PASSED [ 87%]
Lint, Tests, Build	Tests unitaires avec couverture	2026-05-11T16:40:25.0259451Z tests/test_tier_pill.py::DashboardTierPillTests::test_dashboard_tier_colors_match_desktop PASSED [ 87%]
Lint, Tests, Build	Tests unitaires avec couverture	2026-05-11T16:40:25.0275857Z tests/test_tier_pill.py::DashboardTierPillTests::test_library_imports_tierPill PASSED [ 87%]
Lint, Tests, Build	Tests unitaires avec couverture	2026-05-11T16:40:25.0297259Z tests/test_tier_pill.py::TierPillVisualStructureTests::test_pill_has_background_alpha PASSED [ 87%]
Lint, Tests, Build	Tests unitaires avec couverture	2026-05-11T16:40:25.0313321Z tests/test_tier_pill.py::TierPillVisualStructureTests::test_pill_has_border PASSED [ 87%]
Lint, Tests, Build	Tests unitaires avec couverture	2026-05-11T16:40:25.0329691Z tests/test_tier_pill.py::TierPillVisualStructureTests::test_pill_has_circular_dot PASSED [ 88%]
Lint, Tests, Build	Tests unitaires avec couverture	2026-05-11T16:40:25.0347430Z tests/test_tier_pill.py::TierPillVisualStructureTests::test_pill_text_colored_like_dot PASSED [ 88%]
Lint, Tests, Build	Tests unitaires avec couverture	2026-05-11T16:40:25.0366451Z tests/test_title_ambiguity.py::NormalizeTitleTests::test_collapses_whitespace PASSED [ 88%]
Lint, Tests, Build	Tests unitaires avec couverture	2026-05-11T16:40:25.0382771Z tests/test_title_ambiguity.py::NormalizeTitleTests::test_empty_input_returns_empty PASSED [ 88%]
Lint, Tests, Build	Tests unitaires avec couverture	2026-05-11T16:40:25.0399284Z tests/test_title_ambiguity.py::NormalizeTitleTests::test_lowercase_and_strip_accents PASSED [ 88%]
Lint, Tests, Build	Tests unitaires avec couverture	2026-05-11T16:40:25.0416345Z tests/test_title_ambiguity.py::NormalizeTitleTests::test_removes_leading_articles PASSED [ 88%]
Lint, Tests, Build	Tests unitaires avec couverture	2026-05-11T16:40:25.0432308Z tests/test_title_ambiguity.py::NormalizeTitleTests::test_same_title_different_punctuation_same_norm PASSED [ 88%]
Lint, Tests, Build	Tests unitaires avec couverture	2026-05-11T16:40:25.0448445Z tests/test_title_ambiguity.py::NormalizeTitleTests::test_strips_punctuation PASSED [ 88%]
Lint, Tests, Build	Tests unitaires avec couverture	2026-05-11T16:40:25.0466006Z tests/test_title_ambiguity.py::DetectTitleAmbiguityTests::test_different_titles_not_ambiguous PASSED [ 88%]
Lint, Tests, Build	Tests unitaires avec couverture	2026-05-11T16:40:25.0482362Z tests/test_title_ambiguity.py::DetectTitleAmbiguityTests::test_name_candidate_ignored_for_ambiguity PASSED [ 88%]
Lint, Tests, Build	Tests unitaires avec couverture	2026-05-11T16:40:25.0498618Z tests/test_title_ambiguity.py::DetectTitleAmbiguityTests::test_nfo_tmdb_counts_toward_ambiguity PASSED [ 88%]
Lint, Tests, Build	Tests unitaires avec couverture	2026-05-11T16:40:25.0515345Z tests/test_title_ambiguity.py::DetectTitleAmbiguityTests::test_no_ambiguity_when_single_tmdb PASSED [ 88%]
Lint, Tests, Build	Tests unitaires avec couverture	2026-05-11T16:40:25.0532520Z tests/test_title_ambiguity.py::DetectTitleAmbiguityTests::test_two_tmdb_same_title_detected PASSED [ 88%]
Lint, Tests, Build	Tests unitaires avec couverture	2026-05-11T16:40:25.0550599Z tests/test_title_ambiguity.py::DisambiguateByContextTests::test_combined_signals_stack PASSED [ 88%]
Lint, Tests, Build	Tests unitaires avec couverture	2026-05-11T16:40:25.0566979Z tests/test_title_ambiguity.py::DisambiguateByContextTests::test_context_empty_no_boost PASSED [ 88%]
Lint, Tests, Build	Tests unitaires avec couverture	2026-05-11T16:40:25.0583825Z tests/test_title_ambiguity.py::DisambiguateByContextTests::test_name_year_pm1_gives_smaller_boost PASSED [ 88%]
Lint, Tests, Build	Tests unitaires avec couverture	2026-05-11T16:40:25.0600894Z tests/test_title_ambiguity.py::DisambiguateByContextTests::test_name_year_promotes_matching_candidate PASSED [ 88%]
Lint, Tests, Build	Tests unitaires avec couverture	2026-05-11T16:40:25.0617291Z tests/test_title_ambiguity.py::DisambiguateByContextTests::test_nfo_tmdb_id_strong_boost PASSED [ 88%]
Lint, Tests, Build	Tests unitaires avec couverture	2026-05-11T16:40:25.0641139Z tests/test_title_ambiguity.py::DisambiguateByContextTests::test_no_ambiguity_no_modification PASSED [ 88%]
Lint, Tests, Build	Tests unitaires avec couverture	2026-05-11T16:40:25.0659702Z tests/test_title_ambiguity.py::DisambiguateByContextTests::test_non_ambiguous_group_not_boosted_by_context PASSED [ 88%]
Lint, Tests, Build	Tests unitaires avec couverture	2026-05-11T16:40:25.0677030Z tests/test_title_ambiguity.py::DisambiguateByContextTests::test_note_augmented_with_disambig_reason PASSED [ 88%]
Lint, Tests, Build	Tests unitaires avec couverture	2026-05-11T16:40:25.0696650Z tests/test_title_ambiguity.py::DisambiguateByContextTests::test_runtime_match_gives_small_boost PASSED [ 88%]
Lint, Tests, Build	Tests unitaires avec couverture	2026-05-11T16:40:25.0713816Z tests/test_tmdb_cache_ttl.py::TtlForKeyTests::test_find_imdb_uses_long_ttl PASSED [ 88%]
Lint, Tests, Build	Tests unitaires avec couverture	2026-05-11T16:40:25.0729810Z tests/test_tmdb_cache_ttl.py::TtlForKeyTests::test_find_tmdb_uses_long_ttl PASSED [ 88%]
Lint, Tests, Build	Tests unitaires avec couverture	2026-05-11T16:40:25.0745138Z tests/test_tmdb_cache_ttl.py::TtlForKeyTests::test_long_ttl_is_one_month PASSED [ 88%]
Lint, Tests, Build	Tests unitaires avec couverture	2026-05-11T16:40:25.0761893Z tests/test_tmdb_cache_ttl.py::TtlForKeyTests::test_movie_lookup_uses_long_ttl PASSED [ 88%]
Lint, Tests, Build	Tests unitaires avec couverture	2026-05-11T16:40:25.0778656Z tests/test_tmdb_cache_ttl.py::TtlForKeyTests::test_search_key_uses_short_ttl PASSED [ 88%]
Lint, Tests, Build	Tests unitaires avec couverture	2026-05-11T16:40:25.0794780Z tests/test_tmdb_cache_ttl.py::TtlForKeyTests::test_search_ttl_is_one_week PASSED [ 88%]
Lint, Tests, Build	Tests unitaires avec couverture	2026-05-11T16:40:25.0810795Z tests/test_tmdb_cache_ttl.py::TtlForKeyTests::test_short_ttl_is_strictly_less_than_long PASSED [ 88%]
Lint, Tests, Build	Tests unitaires avec couverture	2026-05-11T16:40:25.0825983Z tests/test_tmdb_cache_ttl.py::TtlForKeyTests::test_tv_ep_uses_long_ttl PASSED [ 88%]
Lint, Tests, Build	Tests unitaires avec couverture	2026-05-11T16:40:25.0841915Z tests/test_tmdb_cache_ttl.py::TtlForKeyTests::test_tv_search_key_uses_short_ttl PASSED [ 88%]
Lint, Tests, Build	Tests unitaires avec couverture	2026-05-11T16:40:25.0861389Z tests/test_tmdb_cache_ttl.py::TtlForKeyTests::test_unknown_key_falls_back_to_short_ttl PASSED [ 88%]
Lint, Tests, Build	Tests unitaires avec couverture	2026-05-11T16:40:25.0878499Z tests/test_tmdb_cache_ttl_purge.py::ClampTtlDaysTests::test_clamp_lower_bound PASSED [ 88%]
Lint, Tests, Build	Tests unitaires avec couverture	2026-05-11T16:40:25.0894480Z tests/test_tmdb_cache_ttl_purge.py::ClampTtlDaysTests::test_clamp_upper_bound PASSED [ 88%]
Lint, Tests, Build	Tests unitaires avec couverture	2026-05-11T16:40:25.0917096Z tests/test_tmdb_cache_ttl_purge.py::ClampTtlDaysTests::test_default_when_none PASSED [ 88%]
Lint, Tests, Build	Tests unitaires avec couverture	2026-05-11T16:40:25.0940633Z tests/test_tmdb_cache_ttl_purge.py::ClampTtlDaysTests::test_invalid_type_returns_default PASSED [ 88%]
Lint, Tests, Build	Tests unitaires avec couverture	2026-05-11T16:40:25.0956699Z tests/test_tmdb_cache_ttl_purge.py::ClampTtlDaysTests::test_pass_through_valid PASSED [ 88%]
Lint, Tests, Build	Tests unitaires avec couverture	2026-05-11T16:40:25.0972964Z tests/test_tmdb_cache_ttl_purge.py::TtlForKeyConfigurableTests::test_search_min_one_day_when_ttl_small PASSED [ 88%]
Lint, Tests, Build	Tests unitaires avec couverture	2026-05-11T16:40:25.0988753Z tests/test_tmdb_cache_ttl_purge.py::TtlForKeyConfigurableTests::test_uses_configured_ttl_for_long PASSED [ 88%]
Lint, Tests, Build	Tests unitaires avec couverture	2026-05-11T16:40:25.1005495Z tests/test_tmdb_cache_ttl_purge.py::TtlForKeyConfigurableTests::test_uses_quarter_for_search_when_configured PASSED [ 88%]
Lint, Tests, Build	Tests unitaires avec couverture	2026-05-11T16:40:25.1038639Z tests/test_tmdb_cache_ttl_purge.py::PurgeExpiredCacheTests::test_corrupt_json_returns_error PASSED [ 89%]
Lint, Tests, Build	Tests unitaires avec couverture	2026-05-11T16:40:25.1076775Z tests/test_tmdb_cache_ttl_purge.py::PurgeExpiredCacheTests::test_expired_entries_purged PASSED [ 89%]
Lint, Tests, Build	Tests unitaires avec couverture	2026-05-11T16:40:25.1105911Z tests/test_tmdb_cache_ttl_purge.py::PurgeExpiredCacheTests::test_fresh_entries_preserved PASSED [ 89%]
Lint, Tests, Build	Tests unitaires avec couverture	2026-05-11T16:40:25.1144755Z tests/test_tmdb_cache_ttl_purge.py::PurgeExpiredCacheTests::test_legacy_entries_preserved PASSED [ 89%]
Lint, Tests, Build	Tests unitaires avec couverture	2026-05-11T16:40:25.1168606Z tests/test_tmdb_cache_ttl_purge.py::PurgeExpiredCacheTests::test_no_cache_file_returns_zero PASSED [ 89%]
Lint, Tests, Build	Tests unitaires avec couverture	2026-05-11T16:40:25.1699904Z tests/test_tmdb_cache_ttl_purge.py::PurgeExpiredCacheTests::test_no_purge_no_disk_write PASSED [ 89%]
Lint, Tests, Build	Tests unitaires avec couverture	2026-05-11T16:40:25.1738236Z tests/test_tmdb_cache_ttl_purge.py::PurgeExpiredCacheTests::test_search_keys_use_shorter_ttl PASSED [ 89%]
Lint, Tests, Build	Tests unitaires avec couverture	2026-05-11T16:40:25.1776007Z tests/test_tmdb_cache_ttl_purge.py::PurgeExpiredCacheTests::test_ttl_clamp_applied PASSED [ 89%]
Lint, Tests, Build	Tests unitaires avec couverture	2026-05-11T16:40:25.1803975Z tests/test_tmdb_cache_ttl_purge.py::TmdbClientConfigurableTtlTests::test_cache_get_respects_configured_ttl PASSED [ 89%]
Lint, Tests, Build	Tests unitaires avec couverture	2026-05-11T16:40:25.1829063Z tests/test_tmdb_cache_ttl_purge.py::TmdbClientConfigurableTtlTests::test_client_accepts_ttl_days_param PASSED [ 89%]
Lint, Tests, Build	Tests unitaires avec couverture	2026-05-11T16:40:25.1854005Z tests/test_tmdb_cache_ttl_purge.py::TmdbClientConfigurableTtlTests::test_client_clamps_ttl_days PASSED [ 89%]
Lint, Tests, Build	Tests unitaires avec couverture	2026-05-11T16:40:25.1879710Z tests/test_tmdb_cache_ttl_purge.py::TmdbClientConfigurableTtlTests::test_client_default_ttl_days_none PASSED [ 89%]
Lint, Tests, Build	Tests unitaires avec couverture	2026-05-11T16:40:25.1926361Z tests/test_tmdb_cache_ttl_purge.py::TmdbClientStaleFallbackTests::test_get_movie_detail_falls_back_to_stale_on_api_error PASSED [ 89%]
Lint, Tests, Build	Tests unitaires avec couverture	2026-05-11T16:40:25.1955230Z tests/test_tmdb_cache_ttl_purge.py::TmdbClientStaleFallbackTests::test_no_fallback_if_no_cache PASSED [ 89%]
Lint, Tests, Build	Tests unitaires avec couverture	2026-05-11T16:40:25.2001185Z tests/test_tmdb_cache_ttl_purge.py::TmdbClientStaleFallbackTests::test_search_falls_back_to_stale_on_api_error PASSED [ 89%]
Lint, Tests, Build	Tests unitaires avec couverture	2026-05-11T16:40:25.2037529Z tests/test_tmdb_client.py::TmdbClientCacheTests::test_flush_forces_save_even_when_throttled PASSED [ 89%]
Lint, Tests, Build	Tests unitaires avec couverture	2026-05-11T16:40:25.2063073Z tests/test_tmdb_client.py::TmdbClientCacheTests::test_throttle_still_applies_without_force PASSED [ 89%]
Lint, Tests, Build	Tests unitaires avec couverture	2026-05-11T16:40:25.2092186Z tests/test_tmdb_client.py::TmdbClientHostileTests::test_get_movie_poster_path_returns_none_on_payload_non_dict PASSED [ 89%]
Lint, Tests, Build	Tests unitaires avec couverture	2026-05-11T16:40:25.2126485Z tests/test_tmdb_client.py::TmdbClientHostileTests::test_get_movie_poster_path_returns_none_on_timeout PASSED [ 89%]
Lint, Tests, Build	Tests unitaires avec couverture	2026-05-11T16:40:25.2163426Z tests/test_tmdb_client.py::TmdbClientHostileTests::test_get_movie_poster_path_uses_cache_after_success PASSED [ 89%]
Lint, Tests, Build	Tests unitaires avec couverture	2026-05-11T16:40:25.2192567Z tests/test_tmdb_client.py::TmdbClientHostileTests::test_search_movie_ignores_non_dict_payload PASSED [ 89%]
Lint, Tests, Build	Tests unitaires avec couverture	2026-05-11T16:40:25.2221318Z tests/test_tmdb_client.py::TmdbClientHostileTests::test_search_movie_returns_empty_list_on_http_5xx PASSED [ 89%]
Lint, Tests, Build	Tests unitaires avec couverture	2026-05-11T16:40:25.2249331Z tests/test_tmdb_client.py::TmdbClientHostileTests::test_search_movie_returns_empty_list_on_timeout PASSED [ 89%]
Lint, Tests, Build	Tests unitaires avec couverture	2026-05-11T16:40:25.2287136Z tests/test_tmdb_client.py::TmdbClientHostileTests::test_search_movie_skips_malformed_result_items PASSED [ 89%]
Lint, Tests, Build	Tests unitaires avec couverture	2026-05-11T16:40:25.2315328Z tests/test_tmdb_client.py::TmdbClientHostileTests::test_validate_key_falls_back_to_response_text_when_json_is_invalid PASSED [ 89%]
Lint, Tests, Build	Tests unitaires avec couverture	2026-05-11T16:40:25.2365543Z tests/test_tmdb_client.py::TmdbClientHostileTests::test_validate_key_handles_timeout PASSED [ 89%]
Lint, Tests, Build	Tests unitaires avec couverture	2026-05-11T16:40:25.2394933Z tests/test_tmdb_client.py::TmdbClientHostileTests::test_validate_key_returns_status_message_on_401 PASSED [ 89%]
Lint, Tests, Build	Tests unitaires avec couverture	2026-05-11T16:40:25.2433574Z tests/test_tmdb_client.py::TmdbClientTvTests::test_get_tv_episode_title_attributes_and_request PASSED [ 89%]
Lint, Tests, Build	Tests unitaires avec couverture	2026-05-11T16:40:25.2461786Z tests/test_tmdb_client.py::TmdbClientTvTests::test_get_tv_episode_title_returns_none_on_error PASSED [ 89%]
Lint, Tests, Build	Tests unitaires avec couverture	2026-05-11T16:40:25.2499465Z tests/test_tmdb_client.py::TmdbClientTvTests::test_search_tv_attributes_and_request PASSED [ 89%]
Lint, Tests, Build	Tests unitaires avec couverture	2026-05-11T16:40:25.2529525Z tests/test_tmdb_client.py::TmdbClientTvTests::test_search_tv_returns_empty_on_network_error PASSED [ 89%]
Lint, Tests, Build	Tests unitaires avec couverture	2026-05-11T16:40:25.2556534Z tests/test_tmdb_collections.py::TmdbCollectionClientTests::test_cache_reuse PASSED [ 89%]
Lint, Tests, Build	Tests unitaires avec couverture	2026-05-11T16:40:25.2581907Z tests/test_tmdb_collections.py::TmdbCollectionClientTests::test_get_movie_collection_invalid_id PASSED [ 89%]
Lint, Tests, Build	Tests unitaires avec couverture	2026-05-11T16:40:25.2608992Z tests/test_tmdb_collections.py::TmdbCollectionClientTests::test_get_movie_collection_with_collection PASSED [ 89%]
Lint, Tests, Build	Tests unitaires avec couverture	2026-05-11T16:40:25.2635335Z tests/test_tmdb_collections.py::TmdbCollectionClientTests::test_get_movie_collection_without_collection PASSED [ 89%]
Lint, Tests, Build	Tests unitaires avec couverture	2026-05-11T16:40:25.2660790Z tests/test_tmdb_collections.py::TmdbCollectionClientTests::test_get_movie_detail_cached_enriches_poster PASSED [ 89%]
Lint, Tests, Build	Tests unitaires avec couverture	2026-05-11T16:40:25.2686554Z tests/test_tmdb_collections.py::TmdbCollectionClientTests::test_legacy_cache_without_collection_fields PASSED [ 89%]
Lint, Tests, Build	Tests unitaires avec couverture	2026-05-11T16:40:25.2703838Z tests/test_tmdb_collections.py::CandidateCollectionTests::test_candidate_with_collection PASSED [ 89%]
Lint, Tests, Build	Tests unitaires avec couverture	2026-05-11T16:40:25.2720902Z tests/test_tmdb_collections.py::CandidateCollectionTests::test_candidate_without_collection PASSED [ 89%]
Lint, Tests, Build	Tests unitaires avec couverture	2026-05-11T16:40:25.2738677Z tests/test_tmdb_collections.py::PlanRowCollectionTests::test_planrow_with_collection PASSED [ 90%]
Lint, Tests, Build	Tests unitaires avec couverture	2026-05-11T16:40:25.2755177Z tests/test_tmdb_collections.py::PlanRowCollectionTests::test_planrow_without_collection PASSED [ 90%]
Lint, Tests, Build	Tests unitaires avec couverture	2026-05-11T16:40:25.2772871Z tests/test_tmdb_collections.py::PlanRowJsonableCollectionTests::test_deserialize_candidate_with_collection PASSED [ 90%]
Lint, Tests, Build	Tests unitaires avec couverture	2026-05-11T16:40:25.2788736Z tests/test_tmdb_collections.py::PlanRowJsonableCollectionTests::test_deserialize_legacy_without_collection_fields PASSED [ 90%]
Lint, Tests, Build	Tests unitaires avec couverture	2026-05-11T16:40:25.2804651Z tests/test_tmdb_collections.py::PlanRowJsonableCollectionTests::test_deserialize_with_collection PASSED [ 90%]
Lint, Tests, Build	Tests unitaires avec couverture	2026-05-11T16:40:25.2821465Z tests/test_tmdb_collections.py::PlanRowJsonableCollectionTests::test_deserialize_without_collection PASSED [ 90%]
Lint, Tests, Build	Tests unitaires avec couverture	2026-05-11T16:40:25.2867389Z tests/test_tmdb_collections.py::ApplyCollectionTmdbTests::test_apply_single_collection_disabled PASSED [ 90%]
Lint, Tests, Build	Tests unitaires avec couverture	2026-05-11T16:40:25.2909855Z tests/test_tmdb_collections.py::ApplyCollectionTmdbTests::test_apply_single_with_collection_creates_saga_folder PASSED [ 90%]
Lint, Tests, Build	Tests unitaires avec couverture	2026-05-11T16:40:25.2952443Z tests/test_tmdb_collections.py::ApplyCollectionTmdbTests::test_apply_single_without_collection_normal PASSED [ 90%]
Lint, Tests, Build	Tests unitaires avec couverture	2026-05-11T16:40:25.2969067Z tests/test_tmdb_collections.py::ApplyCollectionTmdbTests::test_collection_name_sanitized PASSED [ 90%]
Lint, Tests, Build	Tests unitaires avec couverture	2026-05-11T16:40:25.2986665Z tests/test_tmdb_collections.py::UiSagaBadgeTests::test_dashboard_css_saga SKIPPED [ 90%]
Lint, Tests, Build	Tests unitaires avec couverture	2026-05-11T16:40:25.3004311Z tests/test_tmdb_collections.py::UiSagaBadgeTests::test_dashboard_saga_badge SKIPPED [ 90%]
Lint, Tests, Build	Tests unitaires avec couverture	2026-05-11T16:40:25.3021766Z tests/test_tmdb_collections.py::UiSagaBadgeTests::test_desktop_css_saga SKIPPED [ 90%]
Lint, Tests, Build	Tests unitaires avec couverture	2026-05-11T16:40:25.3041089Z tests/test_tmdb_collections.py::UiSagaBadgeTests::test_desktop_saga_badge SKIPPED [ 90%]
Lint, Tests, Build	Tests unitaires avec couverture	2026-05-11T16:40:25.3077447Z tests/test_tmdb_imdb_lookup.py::FindByImdbIdTests::test_find_by_imdb_id_cached PASSED [ 90%]
Lint, Tests, Build	Tests unitaires avec couverture	2026-05-11T16:40:25.3116439Z tests/test_tmdb_imdb_lookup.py::FindByImdbIdTests::test_find_by_imdb_id_found PASSED [ 90%]
Lint, Tests, Build	Tests unitaires avec couverture	2026-05-11T16:40:25.3137182Z tests/test_tmdb_imdb_lookup.py::FindByImdbIdTests::test_find_by_imdb_id_invalid PASSED [ 90%]
Lint, Tests, Build	Tests unitaires avec couverture	2026-05-11T16:40:25.3169649Z tests/test_tmdb_imdb_lookup.py::FindByImdbIdTests::test_find_by_imdb_id_not_found PASSED [ 90%]
Lint, Tests, Build	Tests unitaires avec couverture	2026-05-11T16:40:25.3203165Z tests/test_tmdb_imdb_lookup.py::FindByTmdbIdTests::test_find_by_tmdb_id_accepts_string PASSED [ 90%]
Lint, Tests, Build	Tests unitaires avec couverture	2026-05-11T16:40:25.3239768Z tests/test_tmdb_imdb_lookup.py::FindByTmdbIdTests::test_find_by_tmdb_id_cached PASSED [ 90%]
Lint, Tests, Build	Tests unitaires avec couverture	2026-05-11T16:40:25.3276814Z tests/test_tmdb_imdb_lookup.py::FindByTmdbIdTests::test_find_by_tmdb_id_found PASSED [ 90%]
Lint, Tests, Build	Tests unitaires avec couverture	2026-05-11T16:40:25.3297090Z tests/test_tmdb_imdb_lookup.py::FindByTmdbIdTests::test_find_by_tmdb_id_invalid_inputs PASSED [ 90%]
Lint, Tests, Build	Tests unitaires avec couverture	2026-05-11T16:40:25.3329097Z tests/test_tmdb_imdb_lookup.py::FindByTmdbIdTests::test_find_by_tmdb_id_not_found PASSED [ 90%]
Lint, Tests, Build	Tests unitaires avec couverture	2026-05-11T16:40:25.3346388Z tests/test_tmdb_imdb_lookup.py::NfoImdbCandidateTests::test_nfo_with_imdb_no_tmdb_client PASSED [ 90%]
Lint, Tests, Build	Tests unitaires avec couverture	2026-05-11T16:40:25.3363133Z tests/test_tmdb_imdb_lookup.py::NfoImdbCandidateTests::test_nfo_without_imdb PASSED [ 90%]
Lint, Tests, Build	Tests unitaires avec couverture	2026-05-11T16:40:25.3416069Z tests/test_tmdb_imdb_lookup.py::FallbackEnUsTests::test_fallback_en_us_triggered PASSED [ 90%]
Lint, Tests, Build	Tests unitaires avec couverture	2026-05-11T16:40:25.3442511Z tests/test_tmdb_retry_integration.py::TmdbRetryIntegrationTests::test_backoff_factor_set PASSED [ 90%]
Lint, Tests, Build	Tests unitaires avec couverture	2026-05-11T16:40:25.3469136Z tests/test_tmdb_retry_integration.py::TmdbRetryIntegrationTests::test_session_uses_retry_helper PASSED [ 90%]
Lint, Tests, Build	Tests unitaires avec couverture	2026-05-11T16:40:25.3495959Z tests/test_tmdb_retry_integration.py::TmdbRetryIntegrationTests::test_user_agent_set PASSED [ 90%]
Lint, Tests, Build	Tests unitaires avec couverture	2026-05-11T16:40:25.3518703Z tests/test_tmdb_scoring_strict.py::TmdbScoringRejectsCatastrophicMatchesTests::test_filters_bonus_documentary_mutant_watch PASSED [ 90%]
Lint, Tests, Build	Tests unitaires avec couverture	2026-05-11T16:40:25.3544305Z tests/test_tmdb_scoring_strict.py::TmdbScoringRejectsCatastrophicMatchesTests::test_rejects_bac_nord_vs_norm_of_the_north PASSED [ 90%]
Lint, Tests, Build	Tests unitaires avec couverture	2026-05-11T16:40:25.3570395Z tests/test_tmdb_scoring_strict.py::TmdbScoringRejectsCatastrophicMatchesTests::test_rejects_burn_e_vs_swedish_title PASSED [ 90%]
Lint, Tests, Build	Tests unitaires avec couverture	2026-05-11T16:40:25.3595485Z tests/test_tmdb_scoring_strict.py::TmdbScoringRejectsCatastrophicMatchesTests::test_rejects_ca_vs_pirates_des_caraibes PASSED [ 90%]
Lint, Tests, Build	Tests unitaires avec couverture	2026-05-11T16:40:25.3617587Z tests/test_tmdb_scoring_strict.py::TmdbScoringRejectsCatastrophicMatchesTests::test_rejects_noe_vs_un_nouveau_depart_noel PASSED [ 90%]
Lint, Tests, Build	Tests unitaires avec couverture	2026-05-11T16:40:25.3638572Z tests/test_tmdb_scoring_strict.py::TmdbScoringRejectsCatastrophicMatchesTests::test_short_title_strict_accepts_exact PASSED [ 90%]
Lint, Tests, Build	Tests unitaires avec couverture	2026-05-11T16:40:25.3660086Z tests/test_tmdb_scoring_strict.py::TmdbScoringRejectsCatastrophicMatchesTests::test_short_title_strict_rejects_noise PASSED [ 90%]
Lint, Tests, Build	Tests unitaires avec couverture	2026-05-11T16:40:25.3684888Z tests/test_tmdb_scoring_strict.py::TmdbScoringRejectsCatastrophicMatchesTests::test_year_delta_heavy_penalty PASSED [ 90%]
Lint, Tests, Build	Tests unitaires avec couverture	2026-05-11T16:40:25.3713079Z tests/test_tmdb_scoring_strict.py::NfoImdbLookupRejectsPollutedNfoTests::test_plan_support_has_post_imdb_lookup_verification PASSED [ 90%]
Lint, Tests, Build	Tests unitaires avec couverture	2026-05-11T16:40:25.3734687Z tests/test_tmdb_scoring_strict.py::CollectionBoostRequiresTextualProofTests::test_plan_support_has_collection_token_check PASSED [ 90%]
Lint, Tests, Build	Tests unitaires avec couverture	2026-05-11T16:40:25.3752676Z tests/test_tmdb_scoring_strict.py::ConfidenceHonestyTests::test_low_similarity_caps_confidence_below_med PASSED [ 90%]
Lint, Tests, Build	Tests unitaires avec couverture	2026-05-11T16:40:25.3770679Z tests/test_tmdb_scoring_strict.py::ConfidenceHonestyTests::test_moderate_similarity_capped_below_med PASSED [ 91%]
Lint, Tests, Build	Tests unitaires avec couverture	2026-05-11T16:40:25.3796192Z tests/test_tmdb_support.py::TestGetTmdbPostersValidation::test_tmdb_ids_dict_returns_error PASSED [ 91%]
Lint, Tests, Build	Tests unitaires avec couverture	2026-05-11T16:40:25.3816869Z tests/test_tmdb_support.py::TestGetTmdbPostersValidation::test_tmdb_ids_empty_list_returns_empty_posters PASSED [ 91%]
Lint, Tests, Build	Tests unitaires avec couverture	2026-05-11T16:40:25.3846892Z tests/test_tmdb_support.py::TestGetTmdbPostersValidation::test_tmdb_ids_none_in_list_is_skipped PASSED [ 91%]
Lint, Tests, Build	Tests unitaires avec couverture	2026-05-11T16:40:25.3868614Z tests/test_tmdb_support.py::TestGetTmdbPostersValidation::test_tmdb_ids_not_a_list_returns_error PASSED [ 91%]
Lint, Tests, Build	Tests unitaires avec couverture	2026-05-11T16:40:25.3889669Z tests/test_tmdb_support.py::TestGetTmdbPostersValidation::test_tmdb_ids_only_invalid_items_returns_empty_posters PASSED [ 91%]
Lint, Tests, Build	Tests unitaires avec couverture	2026-05-11T16:40:25.3911568Z tests/test_tmdb_support.py::TestGetTmdbPostersNoApiKey::test_empty_api_key_returns_empty_posters PASSED [ 91%]
Lint, Tests, Build	Tests unitaires avec couverture	2026-05-11T16:40:25.3934048Z tests/test_tmdb_support.py::TestGetTmdbPostersNoApiKey::test_none_api_key_returns_empty_posters PASSED [ 91%]
Lint, Tests, Build	Tests unitaires avec couverture	2026-05-11T16:40:25.3955492Z tests/test_tmdb_support.py::TestGetTmdbPostersNoApiKey::test_whitespace_api_key_treated_as_empty PASSED [ 91%]
Lint, Tests, Build	Tests unitaires avec couverture	2026-05-11T16:40:25.3988533Z tests/test_tmdb_support.py::TestGetTmdbPostersSuccess::test_client_returns_no_url_omits_entry PASSED [ 91%]
Lint, Tests, Build	Tests unitaires avec couverture	2026-05-11T16:40:25.4019697Z tests/test_tmdb_support.py::TestGetTmdbPostersSuccess::test_default_timeout_when_settings_missing PASSED [ 91%]
Lint, Tests, Build	Tests unitaires avec couverture	2026-05-11T16:40:25.4053058Z tests/test_tmdb_support.py::TestGetTmdbPostersSuccess::test_empty_size_falls_back_to_w92 PASSED [ 91%]
Lint, Tests, Build	Tests unitaires avec couverture	2026-05-11T16:40:25.4088076Z tests/test_tmdb_support.py::TestGetTmdbPostersSuccess::test_ids_capped_at_20 PASSED [ 91%]
Lint, Tests, Build	Tests unitaires avec couverture	2026-05-11T16:40:25.4120277Z tests/test_tmdb_support.py::TestGetTmdbPostersSuccess::test_ids_deduplicated_and_sorted PASSED [ 91%]
Lint, Tests, Build	Tests unitaires avec couverture	2026-05-11T16:40:25.4149426Z tests/test_tmdb_support.py::TestGetTmdbPostersSuccess::test_size_parameter_propagated PASSED [ 91%]
Lint, Tests, Build	Tests unitaires avec couverture	2026-05-11T16:40:25.4180078Z tests/test_tmdb_support.py::TestGetTmdbPostersSuccess::test_string_numeric_ids_converted_to_int PASSED [ 91%]
Lint, Tests, Build	Tests unitaires avec couverture	2026-05-11T16:40:25.4213440Z tests/test_tmdb_support.py::TestGetTmdbPostersSuccess::test_success_returns_posters_dict PASSED [ 91%]
Lint, Tests, Build	Tests unitaires avec couverture	2026-05-11T16:40:25.4244070Z tests/test_tmdb_support.py::TestGetTmdbPostersSuccess::test_tmdb_client_constructed_with_settings PASSED [ 91%]
Lint, Tests, Build	Tests unitaires avec couverture	2026-05-11T16:40:25.4264174Z tests/test_tmdb_support.py::TestGetTmdbPostersErrors::test_get_settings_raises_keyerror_returns_error PASSED [ 91%]
Lint, Tests, Build	Tests unitaires avec couverture	2026-05-11T16:40:25.4283357Z tests/test_tmdb_support.py::TestGetTmdbPostersErrors::test_get_settings_raises_typeerror_returns_error PASSED [ 91%]
Lint, Tests, Build	Tests unitaires avec couverture	2026-05-11T16:40:25.4312741Z tests/test_tmdb_support.py::TestGetTmdbPostersErrors::test_oserror_during_fetch_returns_error PASSED [ 91%]
Lint, Tests, Build	Tests unitaires avec couverture	2026-05-11T16:40:25.4341924Z tests/test_tmdb_support.py::TestGetTmdbPostersErrors::test_valueerror_during_fetch_returns_error PASSED [ 91%]
Lint, Tests, Build	Tests unitaires avec couverture	2026-05-11T16:40:25.4359991Z tests/test_topbar_v5_features.py::TopBarV5FeaturesTests::test_existing_features_preserved PASSED [ 91%]
Lint, Tests, Build	Tests unitaires avec couverture	2026-05-11T16:40:25.4375881Z tests/test_topbar_v5_features.py::TopBarV5FeaturesTests::test_notification_badge_dynamic_export PASSED [ 91%]
Lint, Tests, Build	Tests unitaires avec couverture	2026-05-11T16:40:25.4391663Z tests/test_topbar_v5_features.py::TopBarV5FeaturesTests::test_v3_08_help_fab_export PASSED [ 91%]
Lint, Tests, Build	Tests unitaires avec couverture	2026-05-11T16:40:25.4408994Z tests/test_topbar_v5_features.py::TopBarV5FeaturesTests::test_v4_09_no_aria_mismatch PASSED [ 91%]
Lint, Tests, Build	Tests unitaires avec couverture	2026-05-11T16:40:25.4426892Z tests/test_tv_detection.py::TvParsingTests::test_non_tv_returns_none PASSED [ 91%]
Lint, Tests, Build	Tests unitaires avec couverture	2026-05-11T16:40:25.4447081Z tests/test_tv_detection.py::TvParsingTests::test_parse_2x05_pattern PASSED [ 91%]
Lint, Tests, Build	Tests unitaires avec couverture	2026-05-11T16:40:25.4463304Z tests/test_tv_detection.py::TvParsingTests::test_parse_episode_pattern PASSED [ 91%]
Lint, Tests, Build	Tests unitaires avec couverture	2026-05-11T16:40:25.4479184Z tests/test_tv_detection.py::TvParsingTests::test_parse_s01e01_pattern PASSED [ 91%]
Lint, Tests, Build	Tests unitaires avec couverture	2026-05-11T16:40:25.4498602Z tests/test_tv_detection.py::TvParsingTests::test_season_folder_extracts_series_from_parent PASSED [ 91%]
Lint, Tests, Build	Tests unitaires avec couverture	2026-05-11T16:40:25.4520911Z tests/test_tv_detection.py::TvParsingTests::test_year_extracted_from_folder PASSED [ 91%]
Lint, Tests, Build	Tests unitaires avec couverture	2026-05-11T16:40:25.9245993Z tests/test_tv_detection.py::TvPlanFlowTests::test_tv_apply_creates_series_structure SKIPPED [ 91%]
Lint, Tests, Build	Tests unitaires avec couverture	2026-05-11T16:40:26.4208087Z tests/test_tv_detection.py::TvPlanFlowTests::test_tv_episodes_detected_with_enable_tv_detection FAILED [ 91%]
Lint, Tests, Build	Tests unitaires avec couverture	2026-05-11T16:40:26.9148899Z tests/test_tv_detection.py::TvPlanFlowTests::test_tv_skipped_without_enable_tv_detection PASSED [ 91%]
Lint, Tests, Build	Tests unitaires avec couverture	2026-05-11T16:40:26.9168233Z tests/test_tv_v4.py::DotSeparatorTests::test_existing_1x01_still_works PASSED [ 91%]
Lint, Tests, Build	Tests unitaires avec couverture	2026-05-11T16:40:26.9185229Z tests/test_tv_v4.py::DotSeparatorTests::test_existing_s01e01_still_works PASSED [ 91%]
Lint, Tests, Build	Tests unitaires avec couverture	2026-05-11T16:40:26.9201873Z tests/test_tv_v4.py::DotSeparatorTests::test_s01_dot_e05 PASSED          [ 91%]
Lint, Tests, Build	Tests unitaires avec couverture	2026-05-11T16:40:26.9220630Z tests/test_tv_v4.py::DotSeparatorTests::test_s02_dot_e10 PASSED          [ 91%]
Lint, Tests, Build	Tests unitaires avec couverture	2026-05-11T16:40:26.9242190Z tests/test_tv_v4.py::SeasonEpisodeTextTests::test_no_false_positive_brackets PASSED [ 92%]
Lint, Tests, Build	Tests unitaires avec couverture	2026-05-11T16:40:26.9258678Z tests/test_tv_v4.py::SeasonEpisodeTextTests::test_no_false_positive_film PASSED [ 92%]
Lint, Tests, Build	Tests unitaires avec couverture	2026-05-11T16:40:26.9283345Z tests/test_tv_v4.py::SeasonEpisodeTextTests::test_saison_episode_french PASSED [ 92%]
Lint, Tests, Build	Tests unitaires avec couverture	2026-05-11T16:40:26.9305153Z tests/test_tv_v4.py::SeasonEpisodeTextTests::test_season_episode_english PASSED [ 92%]
Lint, Tests, Build	Tests unitaires avec couverture	2026-05-11T16:40:26.9329714Z tests/test_ui_archival_contracts.py::UiArchivalContractsTests::test_active_web_runtime_no_longer_contains_next_variant PASSED [ 92%]
Lint, Tests, Build	Tests unitaires avec couverture	2026-05-11T16:40:26.9352730Z tests/test_ui_archival_contracts.py::UiArchivalContractsTests::test_archived_next_prototype_is_preserved_for_reference PASSED [ 92%]
Lint, Tests, Build	Tests unitaires avec couverture	2026-05-11T16:40:26.9463410Z tests/test_ui_logic_contracts.py::UiLogicContractsTests::test_api_call_wrapper_exists PASSED [ 92%]
Lint, Tests, Build	Tests unitaires avec couverture	2026-05-11T16:40:26.9481876Z tests/test_ui_logic_contracts.py::UiLogicContractsTests::test_apply_checks_duplicates_before_execution PASSED [ 92%]
Lint, Tests, Build	Tests unitaires avec couverture	2026-05-11T16:40:26.9499535Z tests/test_ui_logic_contracts.py::UiLogicContractsTests::test_apply_result_formatting PASSED [ 92%]
Lint, Tests, Build	Tests unitaires avec couverture	2026-05-11T16:40:26.9515525Z tests/test_ui_logic_contracts.py::UiLogicContractsTests::test_bootstrap_guard_prevents_double_init PASSED [ 92%]
Lint, Tests, Build	Tests unitaires avec couverture	2026-05-11T16:40:26.9538833Z tests/test_ui_logic_contracts.py::UiLogicContractsTests::test_bridge_exposes_state_snapshot PASSED [ 92%]
Lint, Tests, Build	Tests unitaires avec couverture	2026-05-11T16:40:26.9559644Z tests/test_ui_logic_contracts.py::UiLogicContractsTests::test_component_modules_exist PASSED [ 92%]
Lint, Tests, Build	Tests unitaires avec couverture	2026-05-11T16:40:26.9576416Z tests/test_ui_logic_contracts.py::UiLogicContractsTests::test_context_helpers_exist PASSED [ 92%]
Lint, Tests, Build	Tests unitaires avec couverture	2026-05-11T16:40:26.9596908Z tests/test_ui_logic_contracts.py::UiLogicContractsTests::test_core_modules_exist PASSED [ 92%]
Lint, Tests, Build	Tests unitaires avec couverture	2026-05-11T16:40:26.9612684Z tests/test_ui_logic_contracts.py::UiLogicContractsTests::test_css_has_light_mode PASSED [ 92%]
Lint, Tests, Build	Tests unitaires avec couverture	2026-05-11T16:40:26.9628873Z tests/test_ui_logic_contracts.py::UiLogicContractsTests::test_css_has_three_button_variants PASSED [ 92%]
Lint, Tests, Build	Tests unitaires avec couverture	2026-05-11T16:40:26.9645344Z tests/test_ui_logic_contracts.py::UiLogicContractsTests::test_css_uses_design_tokens PASSED [ 92%]
Lint, Tests, Build	Tests unitaires avec couverture	2026-05-11T16:40:26.9661406Z tests/test_ui_logic_contracts.py::UiLogicContractsTests::test_css_uses_manrope_font PASSED [ 92%]
Lint, Tests, Build	Tests unitaires avec couverture	2026-05-11T16:40:26.9678275Z tests/test_ui_logic_contracts.py::UiLogicContractsTests::test_execution_has_apply_controls PASSED [ 92%]
Lint, Tests, Build	Tests unitaires avec couverture	2026-05-11T16:40:26.9698133Z tests/test_ui_logic_contracts.py::UiLogicContractsTests::test_execution_has_conflicts_section PASSED [ 92%]
Lint, Tests, Build	Tests unitaires avec couverture	2026-05-11T16:40:26.9715707Z tests/test_ui_logic_contracts.py::UiLogicContractsTests::test_execution_has_undo PASSED [ 92%]
Lint, Tests, Build	Tests unitaires avec couverture	2026-05-11T16:40:26.9732131Z tests/test_ui_logic_contracts.py::UiLogicContractsTests::test_execution_has_undo_v5 PASSED [ 92%]
Lint, Tests, Build	Tests unitaires avec couverture	2026-05-11T16:40:26.9748814Z tests/test_ui_logic_contracts.py::UiLogicContractsTests::test_formatting_helpers_exist PASSED [ 92%]
Lint, Tests, Build	Tests unitaires avec couverture	2026-05-11T16:40:26.9766060Z tests/test_ui_logic_contracts.py::UiLogicContractsTests::test_history_has_export_buttons PASSED [ 92%]
Lint, Tests, Build	Tests unitaires avec couverture	2026-05-11T16:40:26.9782850Z tests/test_ui_logic_contracts.py::UiLogicContractsTests::test_history_has_runs_table PASSED [ 92%]
Lint, Tests, Build	Tests unitaires avec couverture	2026-05-11T16:40:26.9799053Z tests/test_ui_logic_contracts.py::UiLogicContractsTests::test_home_has_env_bar PASSED [ 92%]
Lint, Tests, Build	Tests unitaires avec couverture	2026-05-11T16:40:26.9815266Z tests/test_ui_logic_contracts.py::UiLogicContractsTests::test_home_has_run_card PASSED [ 92%]
Lint, Tests, Build	Tests unitaires avec couverture	2026-05-11T16:40:26.9832231Z tests/test_ui_logic_contracts.py::UiLogicContractsTests::test_home_has_scan_launcher PASSED [ 92%]
Lint, Tests, Build	Tests unitaires avec couverture	2026-05-11T16:40:26.9847968Z tests/test_ui_logic_contracts.py::UiLogicContractsTests::test_home_has_signals PASSED [ 92%]
Lint, Tests, Build	Tests unitaires avec couverture	2026-05-11T16:40:26.9867806Z tests/test_ui_logic_contracts.py::UiLogicContractsTests::test_home_is_default_active_view PASSED [ 92%]
Lint, Tests, Build	Tests unitaires avec couverture	2026-05-11T16:40:26.9884648Z tests/test_ui_logic_contracts.py::UiLogicContractsTests::test_keyboard_and_drop_modules_loaded PASSED [ 92%]
Lint, Tests, Build	Tests unitaires avec couverture	2026-05-11T16:40:26.9901861Z tests/test_ui_logic_contracts.py::UiLogicContractsTests::test_modal_system_is_present PASSED [ 92%]
Lint, Tests, Build	Tests unitaires avec couverture	2026-05-11T16:40:26.9919876Z tests/test_ui_logic_contracts.py::UiLogicContractsTests::test_modals_are_declared PASSED [ 92%]
Lint, Tests, Build	Tests unitaires avec couverture	2026-05-11T16:40:26.9936805Z tests/test_ui_logic_contracts.py::UiLogicContractsTests::test_navigate_to_loads_view_data PASSED [ 92%]
Lint, Tests, Build	Tests unitaires avec couverture	2026-05-11T16:40:26.9952556Z tests/test_ui_logic_contracts.py::UiLogicContractsTests::test_persist_validation_exists PASSED [ 92%]
Lint, Tests, Build	Tests unitaires avec couverture	2026-05-11T16:40:26.9968194Z tests/test_ui_logic_contracts.py::UiLogicContractsTests::test_persistence_helpers_exist PASSED [ 92%]
Lint, Tests, Build	Tests unitaires avec couverture	2026-05-11T16:40:26.9984295Z tests/test_ui_logic_contracts.py::UiLogicContractsTests::test_quality_has_anomalies PASSED [ 92%]
Lint, Tests, Build	Tests unitaires avec couverture	2026-05-11T16:40:27.0000660Z tests/test_ui_logic_contracts.py::UiLogicContractsTests::test_quality_has_distribution PASSED [ 92%]
Lint, Tests, Build	Tests unitaires avec couverture	2026-05-11T16:40:27.0021232Z tests/test_ui_logic_contracts.py::UiLogicContractsTests::test_quality_has_kpis PASSED [ 92%]
Lint, Tests, Build	Tests unitaires avec couverture	2026-05-11T16:40:27.0043718Z tests/test_ui_logic_contracts.py::UiLogicContractsTests::test_quality_has_stat_grids PASSED [ 92%]
Lint, Tests, Build	Tests unitaires avec couverture	2026-05-11T16:40:27.0060214Z tests/test_ui_logic_contracts.py::UiLogicContractsTests::test_run_reset_helper_exists PASSED [ 93%]
Lint, Tests, Build	Tests unitaires avec couverture	2026-05-11T16:40:27.0078045Z tests/test_ui_logic_contracts.py::UiLogicContractsTests::test_scripts_loaded_in_correct_order PASSED [ 93%]
Lint, Tests, Build	Tests unitaires avec couverture	2026-05-11T16:40:27.0094633Z tests/test_ui_logic_contracts.py::UiLogicContractsTests::test_settings_has_cleanup_options PASSED [ 93%]
Lint, Tests, Build	Tests unitaires avec couverture	2026-05-11T16:40:27.0111161Z tests/test_ui_logic_contracts.py::UiLogicContractsTests::test_settings_has_essential_fields PASSED [ 93%]
Lint, Tests, Build	Tests unitaires avec couverture	2026-05-11T16:40:27.0127725Z tests/test_ui_logic_contracts.py::UiLogicContractsTests::test_settings_has_jellyfin PASSED [ 93%]
Lint, Tests, Build	Tests unitaires avec couverture	2026-05-11T16:40:27.0145120Z tests/test_ui_logic_contracts.py::UiLogicContractsTests::test_settings_has_probe_config PASSED [ 93%]
Lint, Tests, Build	Tests unitaires avec couverture	2026-05-11T16:40:27.0161789Z tests/test_ui_logic_contracts.py::UiLogicContractsTests::test_settings_has_save_button PASSED [ 93%]
Lint, Tests, Build	Tests unitaires avec couverture	2026-05-11T16:40:27.0179244Z tests/test_ui_logic_contracts.py::UiLogicContractsTests::test_shortcuts_modal_exists PASSED [ 93%]
Lint, Tests, Build	Tests unitaires avec couverture	2026-05-11T16:40:27.0195723Z tests/test_ui_logic_contracts.py::UiLogicContractsTests::test_show_view_toggles_active_class PASSED [ 93%]
Lint, Tests, Build	Tests unitaires avec couverture	2026-05-11T16:40:27.0211712Z tests/test_ui_logic_contracts.py::UiLogicContractsTests::test_sidebar_has_brand_and_footer PASSED [ 93%]
Lint, Tests, Build	Tests unitaires avec couverture	2026-05-11T16:40:27.0232958Z tests/test_ui_logic_contracts.py::UiLogicContractsTests::test_sidebar_has_ten_nav_buttons PASSED [ 93%]
Lint, Tests, Build	Tests unitaires avec couverture	2026-05-11T16:40:27.0249814Z tests/test_ui_logic_contracts.py::UiLogicContractsTests::test_startup_loads_settings_and_presets PASSED [ 93%]
Lint, Tests, Build	Tests unitaires avec couverture	2026-05-11T16:40:27.0268089Z tests/test_ui_logic_contracts.py::UiLogicContractsTests::test_state_object_has_core_properties PASSED [ 93%]
Lint, Tests, Build	Tests unitaires avec couverture	2026-05-11T16:40:27.0284275Z tests/test_ui_logic_contracts.py::UiLogicContractsTests::test_theme_and_help_buttons_exist PASSED [ 93%]
Lint, Tests, Build	Tests unitaires avec couverture	2026-05-11T16:40:27.0301643Z tests/test_ui_logic_contracts.py::UiLogicContractsTests::test_undo_preview_and_execution PASSED [ 93%]
Lint, Tests, Build	Tests unitaires avec couverture	2026-05-11T16:40:27.0318920Z tests/test_ui_logic_contracts.py::UiLogicContractsTests::test_undo_v5_per_film PASSED [ 93%]
Lint, Tests, Build	Tests unitaires avec couverture	2026-05-11T16:40:27.0336022Z tests/test_ui_logic_contracts.py::UiLogicContractsTests::test_validation_has_inspector PASSED [ 93%]
Lint, Tests, Build	Tests unitaires avec couverture	2026-05-11T16:40:27.0353194Z tests/test_ui_logic_contracts.py::UiLogicContractsTests::test_validation_has_presets PASSED [ 93%]
Lint, Tests, Build	Tests unitaires avec couverture	2026-05-11T16:40:27.0370370Z tests/test_ui_logic_contracts.py::UiLogicContractsTests::test_validation_has_save_button PASSED [ 93%]
Lint, Tests, Build	Tests unitaires avec couverture	2026-05-11T16:40:27.0386172Z tests/test_ui_logic_contracts.py::UiLogicContractsTests::test_validation_has_table PASSED [ 93%]
Lint, Tests, Build	Tests unitaires avec couverture	2026-05-11T16:40:27.0402324Z tests/test_ui_logic_contracts.py::UiLogicContractsTests::test_validation_keyboard_shortcuts PASSED [ 93%]
Lint, Tests, Build	Tests unitaires avec couverture	2026-05-11T16:40:27.0424140Z tests/test_ui_logic_contracts.py::UiLogicContractsTests::test_view_modules_exist PASSED [ 93%]
Lint, Tests, Build	Tests unitaires avec couverture	2026-05-11T16:40:27.0443818Z tests/test_ui_logic_contracts.py::UiLogicContractsTests::test_views_are_declared PASSED [ 93%]
Lint, Tests, Build	Tests unitaires avec couverture	2026-05-11T16:40:27.0461086Z tests/test_ui_logic_contracts.py::UiLogicContractsTests::test_views_use_section_and_tabpanel PASSED [ 93%]
Lint, Tests, Build	Tests unitaires avec couverture	2026-05-11T16:40:27.0481044Z tests/test_ui_logic_contracts.py::UiLogicContractsTests::test_wizard_logic_exists PASSED [ 93%]
Lint, Tests, Build	Tests unitaires avec couverture	2026-05-11T16:40:27.0502081Z tests/test_ui_logic_contracts.py::UiLogicContractsTests::test_wizard_steps_exist PASSED [ 93%]
Lint, Tests, Build	Tests unitaires avec couverture	2026-05-11T16:40:27.0533513Z tests/test_ui_polish.py::UiPolishH8H9Tests::test_h8_undo_execute_button_has_accent PASSED [ 93%]
Lint, Tests, Build	Tests unitaires avec couverture	2026-05-11T16:40:27.0553106Z tests/test_ui_polish.py::UiPolishH8H9Tests::test_h8_undo_preview_button_is_french PASSED [ 93%]
Lint, Tests, Build	Tests unitaires avec couverture	2026-05-11T16:40:27.0573004Z tests/test_ui_polish.py::UiPolishH8H9Tests::test_h9_no_inline_onclick_on_btn_quality_simulate PASSED [ 93%]
Lint, Tests, Build	Tests unitaires avec couverture	2026-05-11T16:40:27.0591455Z tests/test_ui_polish.py::UiPolishH8H9Tests::test_h9_quality_simulator_js_wires_button_listener PASSED [ 93%]
Lint, Tests, Build	Tests unitaires avec couverture	2026-05-11T16:40:27.0607646Z tests/test_ui_polish.py::UiPolishH8H9Tests::test_m3_btn_loading_class_exists_in_styles PASSED [ 93%]
Lint, Tests, Build	Tests unitaires avec couverture	2026-05-11T16:40:27.0625800Z tests/test_ui_polish.py::UiPolishH8H9Tests::test_m3_btn_loading_respects_reduced_motion PASSED [ 93%]
Lint, Tests, Build	Tests unitaires avec couverture	2026-05-11T16:40:27.0652491Z tests/test_ui_preview_contracts.py::UiPreviewContractsTests::test_app_bridge_exposes_navigation_and_state PASSED [ 93%]
Lint, Tests, Build	Tests unitaires avec couverture	2026-05-11T16:40:27.0668626Z tests/test_ui_preview_contracts.py::UiPreviewContractsTests::test_bootstrap_has_dom_fallback PASSED [ 93%]
Lint, Tests, Build	Tests unitaires avec couverture	2026-05-11T16:40:27.0684834Z tests/test_ui_preview_contracts.py::UiPreviewContractsTests::test_bootstrap_uses_pywebviewready PASSED [ 93%]
Lint, Tests, Build	Tests unitaires avec couverture	2026-05-11T16:40:27.0702156Z tests/test_ui_preview_contracts.py::UiPreviewContractsTests::test_component_modules_are_loaded PASSED [ 93%]
Lint, Tests, Build	Tests unitaires avec couverture	2026-05-11T16:40:27.0720152Z tests/test_ui_preview_contracts.py::UiPreviewContractsTests::test_core_modules_are_loaded PASSED [ 93%]
Lint, Tests, Build	Tests unitaires avec couverture	2026-05-11T16:40:27.0740424Z tests/test_ui_preview_contracts.py::UiPreviewContractsTests::test_design_system_has_tokens PASSED [ 93%]
Lint, Tests, Build	Tests unitaires avec couverture	2026-05-11T16:40:27.0757925Z tests/test_ui_preview_contracts.py::UiPreviewContractsTests::test_index_html_has_view_sections PASSED [ 93%]
Lint, Tests, Build	Tests unitaires avec couverture	2026-05-11T16:40:27.0774708Z tests/test_ui_preview_contracts.py::UiPreviewContractsTests::test_index_html_loads_app_js PASSED [ 94%]
Lint, Tests, Build	Tests unitaires avec couverture	2026-05-11T16:40:27.0792511Z tests/test_ui_preview_contracts.py::UiPreviewContractsTests::test_preview_directory_exists PASSED [ 94%]
Lint, Tests, Build	Tests unitaires avec couverture	2026-05-11T16:40:27.0814360Z tests/test_ui_preview_contracts.py::UiPreviewContractsTests::test_stable_ui_embeds_local_font PASSED [ 94%]
Lint, Tests, Build	Tests unitaires avec couverture	2026-05-11T16:40:27.0835729Z tests/test_ui_preview_contracts.py::UiPreviewContractsTests::test_view_modules_are_loaded PASSED [ 94%]
Lint, Tests, Build	Tests unitaires avec couverture	2026-05-11T16:40:27.0853387Z tests/test_ui_regression.py::SplashUpdateTests::test_splash_injection_neutralized PASSED [ 94%]
Lint, Tests, Build	Tests unitaires avec couverture	2026-05-11T16:40:27.0870860Z tests/test_ui_regression.py::SplashUpdateTests::test_splash_resilient_to_closed_splash PASSED [ 94%]
Lint, Tests, Build	Tests unitaires avec couverture	2026-05-11T16:40:27.0887330Z tests/test_ui_regression.py::SplashUpdateTests::test_splash_text_normal PASSED [ 94%]
Lint, Tests, Build	Tests unitaires avec couverture	2026-05-11T16:40:27.0903773Z tests/test_ui_regression.py::SplashUpdateTests::test_splash_text_with_apostrophe PASSED [ 94%]
Lint, Tests, Build	Tests unitaires avec couverture	2026-05-11T16:40:27.0920419Z tests/test_ui_regression.py::SplashUpdateTests::test_splash_text_with_backslash PASSED [ 94%]
Lint, Tests, Build	Tests unitaires avec couverture	2026-05-11T16:40:27.0941219Z tests/test_ui_regression.py::PollingStopContractTests::test_home_js_defines_stop_home_polling PASSED [ 94%]
Lint, Tests, Build	Tests unitaires avec couverture	2026-05-11T16:40:27.0960872Z tests/test_ui_regression.py::PollingStopContractTests::test_home_js_uses_recursive_settimeout PASSED [ 94%]
Lint, Tests, Build	Tests unitaires avec couverture	2026-05-11T16:40:27.0980326Z tests/test_ui_regression.py::PollingStopContractTests::test_router_calls_stop_home_polling PASSED [ 94%]
Lint, Tests, Build	Tests unitaires avec couverture	2026-05-11T16:40:27.1002191Z tests/test_ui_regression.py::RestServerStartupErrorTests::test_app_py_catches_rest_runtime_error PASSED [ 94%]
Lint, Tests, Build	Tests unitaires avec couverture	2026-05-11T16:40:27.1022733Z tests/test_ui_security.py::EscapeHtmlContractTests::test_esc_and_escape_html_both_exist PASSED [ 94%]
Lint, Tests, Build	Tests unitaires avec couverture	2026-05-11T16:40:27.1041132Z tests/test_ui_security.py::EscapeHtmlContractTests::test_escape_html_covers_all_5_entities PASSED [ 94%]
Lint, Tests, Build	Tests unitaires avec couverture	2026-05-11T16:40:27.1059798Z tests/test_ui_security.py::EscapeHtmlContractTests::test_escape_html_handles_apostrophe PASSED [ 94%]
Lint, Tests, Build	Tests unitaires avec couverture	2026-05-11T16:40:27.1081291Z tests/test_ui_security.py::EscapeHtmlContractTests::test_escape_html_handles_nullish_with_coalescing PASSED [ 94%]
Lint, Tests, Build	Tests unitaires avec couverture	2026-05-11T16:40:27.1101881Z tests/test_ui_security.py::NoOnclickInlineTests::test_no_onclick_in_execution_js PASSED [ 94%]
Lint, Tests, Build	Tests unitaires avec couverture	2026-05-11T16:40:27.1124880Z tests/test_ui_security.py::NoOnclickInlineTests::test_no_onclick_in_lib_validation PASSED [ 94%]
Lint, Tests, Build	Tests unitaires avec couverture	2026-05-11T16:40:27.1145079Z tests/test_ui_security.py::NoOnclickInlineTests::test_no_onclick_in_radarr_view PASSED [ 94%]
Lint, Tests, Build	Tests unitaires avec couverture	2026-05-11T16:40:27.1171577Z tests/test_ui_security.py::XssNonRegressionTests::test_views_use_escapehtml_for_titles PASSED [ 94%]
Lint, Tests, Build	Tests unitaires avec couverture	2026-05-11T16:40:27.1196013Z tests/test_ui_security.py::SplashEscapingTests::test_update_splash_escapes_apostrophe PASSED [ 94%]
Lint, Tests, Build	Tests unitaires avec couverture	2026-05-11T16:40:27.7631395Z tests/test_undo_apply.py::UndoApplyTests::test_cleanup_residual_folder_is_included_in_undo_preview_and_restored FAILED [ 94%]
Lint, Tests, Build	Tests unitaires avec couverture	2026-05-11T16:40:28.2244715Z tests/test_undo_apply.py::UndoApplyTests::test_dry_run_apply_does_not_create_undo_candidate FAILED [ 94%]
Lint, Tests, Build	Tests unitaires avec couverture	2026-05-11T16:40:28.7798507Z tests/test_undo_apply.py::UndoApplyTests::test_list_apply_history_returns_batches FAILED [ 94%]
Lint, Tests, Build	Tests unitaires avec couverture	2026-05-11T16:40:29.3369217Z tests/test_undo_apply.py::UndoApplyTests::test_real_apply_creates_journal_and_undo_restores FAILED [ 94%]
Lint, Tests, Build	Tests unitaires avec couverture	2026-05-11T16:40:30.0106904Z tests/test_undo_apply.py::UndoApplyTests::test_undo_by_row_preview_shows_per_film_details FAILED [ 94%]
Lint, Tests, Build	Tests unitaires avec couverture	2026-05-11T16:40:30.3516656Z tests/test_undo_apply.py::UndoApplyTests::test_undo_preview_logs_structured_error_and_returns_clean_message PASSED [ 94%]
Lint, Tests, Build	Tests unitaires avec couverture	2026-05-11T16:40:30.6438831Z tests/test_undo_apply.py::UndoApplyTests::test_undo_selected_rows_dry_run_returns_preview FAILED [ 94%]
Lint, Tests, Build	Tests unitaires avec couverture	2026-05-11T16:40:30.9814435Z tests/test_undo_apply.py::UndoApplyTests::test_undo_selected_rows_restores_only_chosen_films FAILED [ 94%]
Lint, Tests, Build	Tests unitaires avec couverture	2026-05-11T16:40:30.9856968Z tests/test_undo_checksum.py::PreverifyUndoOperationsPureTests::test_hash_mismatch_on_sha1 PASSED [ 94%]
Lint, Tests, Build	Tests unitaires avec couverture	2026-05-11T16:40:30.9885644Z tests/test_undo_checksum.py::PreverifyUndoOperationsPureTests::test_hash_mismatch_on_size PASSED [ 94%]
Lint, Tests, Build	Tests unitaires avec couverture	2026-05-11T16:40:30.9913866Z tests/test_undo_checksum.py::PreverifyUndoOperationsPureTests::test_legacy_no_hash_classified PASSED [ 94%]
Lint, Tests, Build	Tests unitaires avec couverture	2026-05-11T16:40:30.9936840Z tests/test_undo_checksum.py::PreverifyUndoOperationsPureTests::test_missing_destination_classified PASSED [ 94%]
Lint, Tests, Build	Tests unitaires avec couverture	2026-05-11T16:40:30.9992710Z tests/test_undo_checksum.py::PreverifyUndoOperationsPureTests::test_mixed_classification PASSED [ 94%]
Lint, Tests, Build	Tests unitaires avec couverture	2026-05-11T16:40:31.0032209Z tests/test_undo_checksum.py::PreverifyUndoOperationsPureTests::test_safe_when_hash_matches PASSED [ 94%]
Lint, Tests, Build	Tests unitaires avec couverture	2026-05-11T16:40:31.2914555Z tests/test_undo_checksum.py::UndoAtomicEndToEndTests::test_atomic_undo_refuses_when_destination_file_replaced FAILED [ 94%]
Lint, Tests, Build	Tests unitaires avec couverture	2026-05-11T16:40:31.2945137Z tests/test_unified_ui_contracts.py::UnifiedUiContractTests::test_app_falls_back_to_legacy_if_no_server PASSED [ 94%]
Lint, Tests, Build	Tests unitaires avec couverture	2026-05-11T16:40:31.2963662Z tests/test_unified_ui_contracts.py::UnifiedUiContractTests::test_app_initializes_all_native_features PASSED [ 94%]
Lint, Tests, Build	Tests unitaires avec couverture	2026-05-11T16:40:31.2980216Z tests/test_unified_ui_contracts.py::UnifiedUiContractTests::test_app_injects_token_for_native_mode PASSED [ 94%]
Lint, Tests, Build	Tests unitaires avec couverture	2026-05-11T16:40:31.2996074Z tests/test_unified_ui_contracts.py::UnifiedUiContractTests::test_app_points_to_dashboard_url PASSED [ 95%]
Lint, Tests, Build	Tests unitaires avec couverture	2026-05-11T16:40:31.3011836Z tests/test_unified_ui_contracts.py::UnifiedUiContractTests::test_app_starts_rest_before_pywebview PASSED [ 95%]
Lint, Tests, Build	Tests unitaires avec couverture	2026-05-11T16:40:31.3029364Z tests/test_unified_ui_contracts.py::UnifiedUiContractTests::test_auto_tooltip_exists PASSED [ 95%]
Lint, Tests, Build	Tests unitaires avec couverture	2026-05-11T16:40:31.3047248Z tests/test_unified_ui_contracts.py::UnifiedUiContractTests::test_command_palette_exists PASSED [ 95%]
Lint, Tests, Build	Tests unitaires avec couverture	2026-05-11T16:40:31.3064122Z tests/test_unified_ui_contracts.py::UnifiedUiContractTests::test_confetti_exists PASSED [ 95%]
Lint, Tests, Build	Tests unitaires avec couverture	2026-05-11T16:40:31.3082844Z tests/test_unified_ui_contracts.py::UnifiedUiContractTests::test_copy_to_clipboard_exists PASSED [ 95%]
Lint, Tests, Build	Tests unitaires avec couverture	2026-05-11T16:40:31.3098843Z tests/test_unified_ui_contracts.py::UnifiedUiContractTests::test_dashboard_bypasses_login_in_native PASSED [ 95%]
Lint, Tests, Build	Tests unitaires avec couverture	2026-05-11T16:40:31.3114345Z tests/test_unified_ui_contracts.py::UnifiedUiContractTests::test_dashboard_detects_native PASSED [ 95%]
Lint, Tests, Build	Tests unitaires avec couverture	2026-05-11T16:40:31.3132095Z tests/test_unified_ui_contracts.py::UnifiedUiContractTests::test_drop_js_exists_and_native_guard PASSED [ 95%]
Lint, Tests, Build	Tests unitaires avec couverture	2026-05-11T16:40:31.3147958Z tests/test_unified_ui_contracts.py::UnifiedUiContractTests::test_keyboard_has_alt_shortcuts PASSED [ 95%]
Lint, Tests, Build	Tests unitaires avec couverture	2026-05-11T16:40:31.3163508Z tests/test_unified_ui_contracts.py::UnifiedUiContractTests::test_keyboard_has_ctrl_k PASSED [ 95%]
Lint, Tests, Build	Tests unitaires avec couverture	2026-05-11T16:40:31.3179101Z tests/test_unified_ui_contracts.py::UnifiedUiContractTests::test_keyboard_has_ctrl_s PASSED [ 95%]
Lint, Tests, Build	Tests unitaires avec couverture	2026-05-11T16:40:31.3194315Z tests/test_unified_ui_contracts.py::UnifiedUiContractTests::test_keyboard_has_f1 PASSED [ 95%]
Lint, Tests, Build	Tests unitaires avec couverture	2026-05-11T16:40:31.3212168Z tests/test_unified_ui_contracts.py::UnifiedUiContractTests::test_rest_server_supports_host_param PASSED [ 95%]
Lint, Tests, Build	Tests unitaires avec couverture	2026-05-11T16:40:31.3229234Z tests/test_updater.py::CompareVersionsTests::test_dev_suffix_stripped PASSED [ 95%]
Lint, Tests, Build	Tests unitaires avec couverture	2026-05-11T16:40:31.3245150Z tests/test_updater.py::CompareVersionsTests::test_newer_returns_true PASSED [ 95%]
Lint, Tests, Build	Tests unitaires avec couverture	2026-05-11T16:40:31.3260897Z tests/test_updater.py::CompareVersionsTests::test_older_returns_false PASSED [ 95%]
Lint, Tests, Build	Tests unitaires avec couverture	2026-05-11T16:40:31.3276808Z tests/test_updater.py::CompareVersionsTests::test_parse_version_handles_garbage PASSED [ 95%]
Lint, Tests, Build	Tests unitaires avec couverture	2026-05-11T16:40:31.3292314Z tests/test_updater.py::CompareVersionsTests::test_same_returns_false PASSED [ 95%]
Lint, Tests, Build	Tests unitaires avec couverture	2026-05-11T16:40:31.3308825Z tests/test_updater.py::CompareVersionsTests::test_v_prefix_stripped PASSED [ 95%]
Lint, Tests, Build	Tests unitaires avec couverture	2026-05-11T16:40:31.3331703Z tests/test_updater.py::CheckForUpdatesTests::test_404_returns_none PASSED [ 95%]
Lint, Tests, Build	Tests unitaires avec couverture	2026-05-11T16:40:31.3352389Z tests/test_updater.py::CheckForUpdatesTests::test_500_returns_none PASSED [ 95%]
Lint, Tests, Build	Tests unitaires avec couverture	2026-05-11T16:40:31.3389489Z tests/test_updater.py::CheckForUpdatesTests::test_cache_corrupted_falls_back_to_network PASSED [ 95%]
Lint, Tests, Build	Tests unitaires avec couverture	2026-05-11T16:40:31.3425290Z tests/test_updater.py::CheckForUpdatesTests::test_cache_expired_refetches PASSED [ 95%]
Lint, Tests, Build	Tests unitaires avec couverture	2026-05-11T16:40:31.3460651Z tests/test_updater.py::CheckForUpdatesTests::test_cache_respected_within_ttl PASSED [ 95%]
Lint, Tests, Build	Tests unitaires avec couverture	2026-05-11T16:40:31.3481237Z tests/test_updater.py::CheckForUpdatesTests::test_network_error_returns_none PASSED [ 95%]
Lint, Tests, Build	Tests unitaires avec couverture	2026-05-11T16:40:31.3500581Z tests/test_updater.py::CheckForUpdatesTests::test_new_version_returns_update_info PASSED [ 95%]
Lint, Tests, Build	Tests unitaires avec couverture	2026-05-11T16:40:31.3519554Z tests/test_updater.py::CheckForUpdatesTests::test_older_remote_returns_none PASSED [ 95%]
Lint, Tests, Build	Tests unitaires avec couverture	2026-05-11T16:40:31.3539078Z tests/test_updater.py::CheckForUpdatesTests::test_same_version_returns_none PASSED [ 95%]
Lint, Tests, Build	Tests unitaires avec couverture	2026-05-11T16:40:31.3555924Z tests/test_updater.py::BuildUpdateInfoTests::test_missing_tag_returns_none PASSED [ 95%]
Lint, Tests, Build	Tests unitaires avec couverture	2026-05-11T16:40:31.3571935Z tests/test_updater.py::BuildUpdateInfoTests::test_no_exe_asset_keeps_download_url_none PASSED [ 95%]
Lint, Tests, Build	Tests unitaires avec couverture	2026-05-11T16:40:31.3587714Z tests/test_updater.py::BuildUpdateInfoTests::test_picks_first_exe_asset PASSED [ 95%]
Lint, Tests, Build	Tests unitaires avec couverture	2026-05-11T16:40:31.3605199Z tests/test_updater.py::BuildUpdateInfoTests::test_release_notes_truncated_to_500 PASSED [ 95%]
Lint, Tests, Build	Tests unitaires avec couverture	2026-05-11T16:40:31.3626518Z tests/test_updater_boot_hook.py::UpdaterBootHookTests::test_app_py_has_boot_hook PASSED [ 95%]
Lint, Tests, Build	Tests unitaires avec couverture	2026-05-11T16:40:31.3642632Z tests/test_updater_boot_hook.py::UpdaterBootHookTests::test_check_for_update_async_skips_when_no_repo PASSED [ 95%]
Lint, Tests, Build	Tests unitaires avec couverture	2026-05-11T16:40:31.3665092Z tests/test_updater_boot_hook.py::UpdaterBootHookTests::test_default_cache_path_under_state_dir PASSED [ 95%]
Lint, Tests, Build	Tests unitaires avec couverture	2026-05-11T16:40:31.3680994Z tests/test_updater_boot_hook.py::UpdaterBootHookTests::test_force_check_skips_when_no_repo PASSED [ 95%]
Lint, Tests, Build	Tests unitaires avec couverture	2026-05-11T16:40:31.3710496Z tests/test_updater_boot_hook.py::UpdaterBootHookTests::test_get_cached_info_returns_info_when_cache_present PASSED [ 95%]
Lint, Tests, Build	Tests unitaires avec couverture	2026-05-11T16:40:31.3732957Z tests/test_updater_boot_hook.py::UpdaterBootHookTests::test_get_cached_info_returns_none_without_cache PASSED [ 95%]
Lint, Tests, Build	Tests unitaires avec couverture	2026-05-11T16:40:31.3749515Z tests/test_updater_boot_hook.py::UpdaterBootHookTests::test_info_to_dict_no_update PASSED [ 96%]
Lint, Tests, Build	Tests unitaires avec couverture	2026-05-11T16:40:31.3765306Z tests/test_updater_boot_hook.py::UpdaterBootHookTests::test_info_to_dict_with_update PASSED [ 96%]
Lint, Tests, Build	Tests unitaires avec couverture	2026-05-11T16:40:31.3782065Z tests/test_updater_boot_hook.py::UpdaterBootHookTests::test_updater_module_exposes_required_functions PASSED [ 96%]
Lint, Tests, Build	Tests unitaires avec couverture	2026-05-11T16:40:31.3806062Z tests/test_updater_boot_hook.py::SettingsUpdateDefaultsTests::test_settings_defaults_include_update_keys PASSED [ 96%]
Lint, Tests, Build	Tests unitaires avec couverture	2026-05-11T16:40:31.3835386Z tests/test_updater_boot_hook.py::CineSortApiUpdateEndpointsTests::test_check_for_updates_skips_when_no_repo PASSED [ 96%]
Lint, Tests, Build	Tests unitaires avec couverture	2026-05-11T16:40:31.3862761Z tests/test_updater_boot_hook.py::CineSortApiUpdateEndpointsTests::test_get_update_info_returns_payload_without_cache PASSED [ 96%]
Lint, Tests, Build	Tests unitaires avec couverture	2026-05-11T16:40:31.3883823Z tests/test_updater_boot_hook.py::FrontendStructureTests::test_dashboard_app_js_has_update_badge_logic PASSED [ 96%]
Lint, Tests, Build	Tests unitaires avec couverture	2026-05-11T16:40:31.3905677Z tests/test_updater_boot_hook.py::FrontendStructureTests::test_dashboard_css_update_styles PASSED [ 96%]
Lint, Tests, Build	Tests unitaires avec couverture	2026-05-11T16:40:31.3924671Z tests/test_updater_boot_hook.py::FrontendStructureTests::test_settings_v5_has_update_section PASSED [ 96%]
Lint, Tests, Build	Tests unitaires avec couverture	2026-05-11T16:40:31.3946435Z tests/test_updater_boot_hook.py::FrontendStructureTests::test_shared_css_update_styles PASSED [ 96%]
Lint, Tests, Build	Tests unitaires avec couverture	2026-05-11T16:40:31.3987848Z tests/test_v4_06_artifacts.py::V4_06ArtifactsTests::test_checklist_exists FAILED [ 96%]
Lint, Tests, Build	Tests unitaires avec couverture	2026-05-11T16:40:31.4006285Z tests/test_v4_06_artifacts.py::V4_06ArtifactsTests::test_script_exists PASSED [ 96%]
Lint, Tests, Build	Tests unitaires avec couverture	2026-05-11T16:40:31.4023608Z tests/test_v4_07_artifacts.py::V4_07ArtifactsTests::test_axe_test_exists PASSED [ 96%]
Lint, Tests, Build	Tests unitaires avec couverture	2026-05-11T16:40:31.4058652Z tests/test_v4_07_artifacts.py::V4_07ArtifactsTests::test_nvda_checklist_exists FAILED [ 96%]
Lint, Tests, Build	Tests unitaires avec couverture	2026-05-11T16:40:31.4077440Z tests/test_v5_helpers.py::V5HelpersStructureTests::test_apiGet_exported PASSED [ 96%]
Lint, Tests, Build	Tests unitaires avec couverture	2026-05-11T16:40:31.4093231Z tests/test_v5_helpers.py::V5HelpersStructureTests::test_apiPost_exported PASSED [ 96%]
Lint, Tests, Build	Tests unitaires avec couverture	2026-05-11T16:40:31.4108342Z tests/test_v5_helpers.py::V5HelpersStructureTests::test_apiPost_fallback_pywebview PASSED [ 96%]
Lint, Tests, Build	Tests unitaires avec couverture	2026-05-11T16:40:31.4123857Z tests/test_v5_helpers.py::V5HelpersStructureTests::test_apiPost_uses_rest_first PASSED [ 96%]
Lint, Tests, Build	Tests unitaires avec couverture	2026-05-11T16:40:31.4139470Z tests/test_v5_helpers.py::V5HelpersStructureTests::test_dom_helpers_exported PASSED [ 96%]
Lint, Tests, Build	Tests unitaires avec couverture	2026-05-11T16:40:31.4154967Z tests/test_v5_helpers.py::V5HelpersStructureTests::test_dom_helpers_imported_from_dashboard PASSED [ 96%]
Lint, Tests, Build	Tests unitaires avec couverture	2026-05-11T16:40:31.4170502Z tests/test_v5_helpers.py::V5HelpersStructureTests::test_file_exists PASSED [ 96%]
Lint, Tests, Build	Tests unitaires avec couverture	2026-05-11T16:40:31.4186379Z tests/test_v5_helpers.py::V5HelpersStructureTests::test_init_view_pattern PASSED [ 96%]
Lint, Tests, Build	Tests unitaires avec couverture	2026-05-11T16:40:31.4201445Z tests/test_v5_helpers.py::V5HelpersStructureTests::test_native_mode_uses_global_flag PASSED [ 96%]
Lint, Tests, Build	Tests unitaires avec couverture	2026-05-11T16:40:31.4217011Z tests/test_v5_helpers.py::V5HelpersStructureTests::test_render_error_exported PASSED [ 96%]
Lint, Tests, Build	Tests unitaires avec couverture	2026-05-11T16:40:31.4232530Z tests/test_v5_helpers.py::V5HelpersStructureTests::test_render_skeleton_exported PASSED [ 96%]
Lint, Tests, Build	Tests unitaires avec couverture	2026-05-11T16:40:31.4248262Z tests/test_v5_helpers.py::V5HelpersStructureTests::test_rest_call_precedes_pywebview_fallback PASSED [ 96%]
Lint, Tests, Build	Tests unitaires avec couverture	2026-05-11T16:40:31.4263490Z tests/test_v5_helpers.py::V5HelpersStructureTests::test_skeleton_types PASSED [ 96%]
Lint, Tests, Build	Tests unitaires avec couverture	2026-05-11T16:40:31.4279599Z tests/test_v5_helpers.py::V5HelpersStructureTests::test_utility_helpers PASSED [ 96%]
Lint, Tests, Build	Tests unitaires avec couverture	2026-05-11T16:40:31.4297867Z tests/test_v5_helpers.py::V5HelpersResponseFormatTests::test_normalize_pywebview_response_present PASSED [ 96%]
Lint, Tests, Build	Tests unitaires avec couverture	2026-05-11T16:40:31.4313483Z tests/test_v5_helpers.py::V5HelpersResponseFormatTests::test_normalize_rest_response_present PASSED [ 96%]
Lint, Tests, Build	Tests unitaires avec couverture	2026-05-11T16:40:31.4329953Z tests/test_v5_helpers.py::V5HelpersResponseFormatTests::test_normalized_format_documented PASSED [ 96%]
Lint, Tests, Build	Tests unitaires avec couverture	2026-05-11T16:40:31.4354170Z tests/test_v5b_activation.py::V5BActivationTests::test_alias_status_to_home PASSED [ 96%]
Lint, Tests, Build	Tests unitaires avec couverture	2026-05-11T16:40:31.4370881Z tests/test_v5b_activation.py::V5BActivationTests::test_app_imports_v4_views_restored_or_kept PASSED [ 96%]
Lint, Tests, Build	Tests unitaires avec couverture	2026-05-11T16:40:31.4386906Z tests/test_v5b_activation.py::V5BActivationTests::test_app_imports_v5_components PASSED [ 96%]
Lint, Tests, Build	Tests unitaires avec couverture	2026-05-11T16:40:31.4402675Z tests/test_v5b_activation.py::V5BActivationTests::test_app_imports_v5_views PASSED [ 96%]
Lint, Tests, Build	Tests unitaires avec couverture	2026-05-11T16:40:31.4417974Z tests/test_v5b_activation.py::V5BActivationTests::test_html_has_v5_shell PASSED [ 96%]
Lint, Tests, Build	Tests unitaires avec couverture	2026-05-11T16:40:31.4434169Z tests/test_v5b_activation.py::V5BActivationTests::test_html_login_preserved PASSED [ 96%]
Lint, Tests, Build	Tests unitaires avec couverture	2026-05-11T16:40:31.4450147Z tests/test_v5b_activation.py::V5BActivationTests::test_html_no_more_legacy_globals_shim PASSED [ 96%]
Lint, Tests, Build	Tests unitaires avec couverture	2026-05-11T16:40:31.4466006Z tests/test_v5b_activation.py::V5BActivationTests::test_html_no_more_static_sidebar PASSED [ 96%]
Lint, Tests, Build	Tests unitaires avec couverture	2026-05-11T16:40:31.4481282Z tests/test_v5b_activation.py::V5BActivationTests::test_html_v4_views_kept PASSED [ 96%]
Lint, Tests, Build	Tests unitaires avec couverture	2026-05-11T16:40:31.4497620Z tests/test_v5b_activation.py::V5BActivationTests::test_html_v5_view_mount_points PASSED [ 97%]
Lint, Tests, Build	Tests unitaires avec couverture	2026-05-11T16:40:31.4514290Z tests/test_v5b_activation.py::V5BActivationTests::test_mount_v5_shell_function PASSED [ 97%]
Lint, Tests, Build	Tests unitaires avec couverture	2026-05-11T16:40:31.4530286Z tests/test_v5b_activation.py::V5BActivationTests::test_notification_polling PASSED [ 97%]
Lint, Tests, Build	Tests unitaires avec couverture	2026-05-11T16:40:31.4546184Z tests/test_v5b_activation.py::V5BActivationTests::test_router_passes_params_to_init PASSED [ 97%]
Lint, Tests, Build	Tests unitaires avec couverture	2026-05-11T16:40:31.4561663Z tests/test_v5b_activation.py::V5BActivationTests::test_router_supports_parametrized_routes PASSED [ 97%]
Lint, Tests, Build	Tests unitaires avec couverture	2026-05-11T16:40:31.4577229Z tests/test_v5b_activation.py::V5BActivationTests::test_routes_v4_kept PASSED [ 97%]
Lint, Tests, Build	Tests unitaires avec couverture	2026-05-11T16:40:31.4593506Z tests/test_v5b_activation.py::V5BActivationTests::test_routes_v5_registered PASSED [ 97%]
Lint, Tests, Build	Tests unitaires avec couverture	2026-05-11T16:40:31.4609553Z tests/test_v5b_activation.py::V5BActivationTests::test_v1_13_update_badge_active PASSED [ 97%]
Lint, Tests, Build	Tests unitaires avec couverture	2026-05-11T16:40:31.4625539Z tests/test_v5b_activation.py::V5BActivationTests::test_v3_01_integration_state_active PASSED [ 97%]
Lint, Tests, Build	Tests unitaires avec couverture	2026-05-11T16:40:31.4640854Z tests/test_v5b_activation.py::V5BActivationTests::test_v3_04_sidebar_counters_active PASSED [ 97%]
Lint, Tests, Build	Tests unitaires avec couverture	2026-05-11T16:40:31.4657055Z tests/test_v5b_activation.py::V5BActivationTests::test_v3_05_demo_wizard_init PASSED [ 97%]
Lint, Tests, Build	Tests unitaires avec couverture	2026-05-11T16:40:31.4674446Z tests/test_v5b_activation.py::V5BActivationTests::test_v3_08_help_fab_mount PASSED [ 97%]
Lint, Tests, Build	Tests unitaires avec couverture	2026-05-11T16:40:31.4694228Z tests/test_v5c_cleanup.py::V5CCleanupTests::test_app_does_not_import_truly_removed_views PASSED [ 97%]
Lint, Tests, Build	Tests unitaires avec couverture	2026-05-11T16:40:31.4712808Z tests/test_v5c_cleanup.py::V5CCleanupTests::test_app_imports_restored_v4_views PASSED [ 97%]
Lint, Tests, Build	Tests unitaires avec couverture	2026-05-11T16:40:31.4730735Z tests/test_v5c_cleanup.py::V5CCleanupTests::test_kept_files_still_exist PASSED [ 97%]
Lint, Tests, Build	Tests unitaires avec couverture	2026-05-11T16:40:31.4753019Z tests/test_v5c_cleanup.py::V5CCleanupTests::test_v4_css_selectors_removed PASSED [ 97%]
Lint, Tests, Build	Tests unitaires avec couverture	2026-05-11T16:40:31.4769893Z tests/test_v5c_cleanup.py::V5CCleanupTests::test_v4_library_folder_restored PASSED [ 97%]
Lint, Tests, Build	Tests unitaires avec couverture	2026-05-11T16:40:31.4791567Z tests/test_v5c_cleanup.py::V5CCleanupTests::test_v4_views_restored_exist PASSED [ 97%]
Lint, Tests, Build	Tests unitaires avec couverture	2026-05-11T16:40:31.4812612Z tests/test_v5c_integrations.py::V5CIntegrationsTests::test_btn_compact_defined_in_dashboard_styles PASSED [ 97%]
Lint, Tests, Build	Tests unitaires avec couverture	2026-05-11T16:40:31.4855204Z tests/test_v5c_integrations.py::V5CIntegrationsTests::test_decision_documented FAILED [ 97%]
Lint, Tests, Build	Tests unitaires avec couverture	2026-05-11T16:40:31.4877421Z tests/test_v5c_integrations.py::V5CIntegrationsTests::test_views_are_es_modules PASSED [ 97%]
Lint, Tests, Build	Tests unitaires avec couverture	2026-05-11T16:40:31.4895083Z tests/test_v5c_integrations.py::V5CIntegrationsTests::test_views_still_exist PASSED [ 97%]
Lint, Tests, Build	Tests unitaires avec couverture	2026-05-11T16:40:31.4918217Z tests/test_v5c_integrations.py::V5CIntegrationsTests::test_views_use_apiPost PASSED [ 97%]
Lint, Tests, Build	Tests unitaires avec couverture	2026-05-11T16:40:31.4969707Z tests/test_v5c_legacy_cleanup.py::V6LegacyCompatTests::test_audit_doc_still_present FAILED [ 97%]
Lint, Tests, Build	Tests unitaires avec couverture	2026-05-11T16:40:31.4988685Z tests/test_v5c_legacy_cleanup.py::V6LegacyCompatTests::test_home_imports_from_legacy_compat PASSED [ 97%]
Lint, Tests, Build	Tests unitaires avec couverture	2026-05-11T16:40:31.5006423Z tests/test_v5c_legacy_cleanup.py::V6LegacyCompatTests::test_index_no_longer_loads_shim PASSED [ 97%]
Lint, Tests, Build	Tests unitaires avec couverture	2026-05-11T16:40:31.5022741Z tests/test_v5c_legacy_cleanup.py::V6LegacyCompatTests::test_legacy_compat_esm_exists PASSED [ 97%]
Lint, Tests, Build	Tests unitaires avec couverture	2026-05-11T16:40:31.5085659Z tests/test_v5c_legacy_cleanup.py::V6LegacyCompatTests::test_legacy_compat_exports_all_helpers PASSED [ 97%]
Lint, Tests, Build	Tests unitaires avec couverture	2026-05-11T16:40:31.5101901Z tests/test_v5c_legacy_cleanup.py::V6LegacyCompatTests::test_legacy_globals_shim_removed PASSED [ 97%]
Lint, Tests, Build	Tests unitaires avec couverture	2026-05-11T16:40:31.5125898Z tests/test_v5c_legacy_cleanup.py::V6LegacyCompatTests::test_v5_components_no_window_state PASSED [ 97%]
Lint, Tests, Build	Tests unitaires avec couverture	2026-05-11T16:40:31.5222764Z tests/test_v7_1_features.py::V71FeaturesTests::test_build_apply_context_prepares_roots_and_decision_keys PASSED [ 97%]
Lint, Tests, Build	Tests unitaires avec couverture	2026-05-11T16:40:31.5367930Z tests/test_v7_1_features.py::V71FeaturesTests::test_cleanup_residual_folders_root_all_moves_sidecar_only_dir PASSED [ 97%]
Lint, Tests, Build	Tests unitaires avec couverture	2026-05-11T16:40:31.5493662Z tests/test_v7_1_features.py::V71FeaturesTests::test_cleanup_residual_folders_skips_ambiguous_unknown_extension PASSED [ 97%]
Lint, Tests, Build	Tests unitaires avec couverture	2026-05-11T16:40:31.5615366Z tests/test_v7_1_features.py::V71FeaturesTests::test_cleanup_residual_folders_skips_dir_with_video PASSED [ 97%]
Lint, Tests, Build	Tests unitaires avec couverture	2026-05-11T16:40:31.5755458Z tests/test_v7_1_features.py::V71FeaturesTests::test_cleanup_residual_folders_touched_only_skips_preexisting_noise PASSED [ 97%]
Lint, Tests, Build	Tests unitaires avec couverture	2026-05-11T16:40:31.5797544Z tests/test_v7_1_features.py::V71FeaturesTests::test_collection_folder_name_defaults_to__Collection PASSED [ 97%]
Lint, Tests, Build	Tests unitaires avec couverture	2026-05-11T16:40:31.5909967Z tests/test_v7_1_features.py::V71FeaturesTests::test_empty_folders_scope_touched_only PASSED [ 97%]
Lint, Tests, Build	Tests unitaires avec couverture	2026-05-11T16:40:31.6049421Z tests/test_v7_1_features.py::V71FeaturesTests::test_migrate_Collection_to__Collection PASSED [ 97%]
Lint, Tests, Build	Tests unitaires avec couverture	2026-05-11T16:40:31.6191227Z tests/test_v7_1_features.py::V71FeaturesTests::test_move_empty_folders_root_all_moves_only_empty_top_level PASSED [ 97%]
Lint, Tests, Build	Tests unitaires avec couverture	2026-05-11T16:40:31.6309589Z tests/test_v7_1_features.py::V71FeaturesTests::test_noop_requires_year_in_folder_name_when_year_known PASSED [ 98%]
Lint, Tests, Build	Tests unitaires avec couverture	2026-05-11T16:40:31.8963419Z tests/test_v7_foundations.py::V7FoundationsTests::test_apply_journal_insert_append_close_and_query PASSED [ 98%]
Lint, Tests, Build	Tests unitaires avec couverture	2026-05-11T16:40:31.9672238Z tests/test_v7_foundations.py::V7FoundationsTests::test_bootstrap_schema_latest_reads_ordered_migrations_as_single_source_of_truth PASSED [ 98%]
Lint, Tests, Build	Tests unitaires avec couverture	2026-05-11T16:40:32.0772566Z tests/test_v7_foundations.py::V7FoundationsTests::test_initialize_applies_migrations_and_sets_schema_version PASSED [ 98%]
Lint, Tests, Build	Tests unitaires avec couverture	2026-05-11T16:40:32.0817511Z tests/test_v7_foundations.py::V7FoundationsTests::test_initialize_raises_when_bootstrap_cannot_produce_required_schema PASSED [ 98%]
Lint, Tests, Build	Tests unitaires avec couverture	2026-05-11T16:40:32.0859883Z tests/test_v7_foundations.py::V7FoundationsTests::test_initialize_uses_bootstrap_fallback_when_required_schema_is_incomplete PASSED [ 98%]
Lint, Tests, Build	Tests unitaires avec couverture	2026-05-11T16:40:32.2867125Z tests/test_v7_foundations.py::V7FoundationsTests::test_insert_and_list_errors PASSED [ 98%]
Lint, Tests, Build	Tests unitaires avec couverture	2026-05-11T16:40:32.4443496Z tests/test_v7_foundations.py::V7FoundationsTests::test_insert_run_pending_retries_once_when_runs_table_is_missing PASSED [ 98%]
Lint, Tests, Build	Tests unitaires avec couverture	2026-05-11T16:40:32.4475902Z tests/test_v7_foundations.py::V7FoundationsTests::test_run_id_normalization_or_uuid_fallback PASSED [ 98%]
Lint, Tests, Build	Tests unitaires avec couverture	2026-05-11T16:40:32.6973927Z tests/test_v7_foundations.py::V7FoundationsTests::test_run_lifecycle_pending_running_cancelled PASSED [ 98%]
Lint, Tests, Build	Tests unitaires avec couverture	2026-05-11T16:40:32.8058450Z tests/test_v7_foundations.py::V7FoundationsTests::test_store_connection_uses_busy_timeout_and_wal PASSED [ 98%]
Lint, Tests, Build	Tests unitaires avec couverture	2026-05-11T16:40:33.1306764Z tests/test_v7_foundations.py::V7FoundationsTests::test_threaded_writes_do_not_raise_sqlite_thread_affinity_errors PASSED [ 98%]
Lint, Tests, Build	Tests unitaires avec couverture	2026-05-11T16:40:33.1334320Z tests/test_validate_dropped_path.py::ValidateDroppedPathTests::test_empty_path_refused PASSED [ 98%]
Lint, Tests, Build	Tests unitaires avec couverture	2026-05-11T16:40:33.1371350Z tests/test_validate_dropped_path.py::ValidateDroppedPathTests::test_file_refused PASSED [ 98%]
Lint, Tests, Build	Tests unitaires avec couverture	2026-05-11T16:40:33.1401988Z tests/test_validate_dropped_path.py::ValidateDroppedPathTests::test_missing_path_refused PASSED [ 98%]
Lint, Tests, Build	Tests unitaires avec couverture	2026-05-11T16:40:35.9097574Z tests/test_validate_dropped_path.py::ValidateDroppedPathTests::test_normal_unc_share_not_blocked PASSED [ 98%]
Lint, Tests, Build	Tests unitaires avec couverture	2026-05-11T16:40:35.9116785Z tests/test_validate_dropped_path.py::ValidateDroppedPathTests::test_symlink_refused_unix SKIPPED [ 98%]
Lint, Tests, Build	Tests unitaires avec couverture	2026-05-11T16:40:35.9144335Z tests/test_validate_dropped_path.py::ValidateDroppedPathTests::test_unc_special_namespace_refused PASSED [ 98%]
Lint, Tests, Build	Tests unitaires avec couverture	2026-05-11T16:40:35.9170709Z tests/test_validate_dropped_path.py::ValidateDroppedPathTests::test_unc_special_with_forward_slashes_refused PASSED [ 98%]
Lint, Tests, Build	Tests unitaires avec couverture	2026-05-11T16:40:35.9203677Z tests/test_validate_dropped_path.py::ValidateDroppedPathTests::test_valid_dir_accepted PASSED [ 98%]
Lint, Tests, Build	Tests unitaires avec couverture	2026-05-11T16:40:35.9231835Z tests/test_validate_dropped_path.py::ValidateDroppedPathTests::test_whitespace_only_refused PASSED [ 98%]
Lint, Tests, Build	Tests unitaires avec couverture	2026-05-11T16:40:35.9252702Z tests/test_validation_draft.py::ValidationDraftTests::test_30day_ttl_constant PASSED [ 98%]
Lint, Tests, Build	Tests unitaires avec couverture	2026-05-11T16:40:35.9275682Z tests/test_validation_draft.py::ValidationDraftTests::test_validation_clears_draft_on_save PASSED [ 98%]
Lint, Tests, Build	Tests unitaires avec couverture	2026-05-11T16:40:35.9294960Z tests/test_validation_draft.py::ValidationDraftTests::test_validation_debounces_draft_save PASSED [ 98%]
Lint, Tests, Build	Tests unitaires avec couverture	2026-05-11T16:40:35.9314048Z tests/test_validation_draft.py::ValidationDraftTests::test_validation_has_restore_banner PASSED [ 98%]
Lint, Tests, Build	Tests unitaires avec couverture	2026-05-11T16:40:35.9333114Z tests/test_validation_draft.py::ValidationDraftTests::test_validation_offers_restore_after_load PASSED [ 98%]
Lint, Tests, Build	Tests unitaires avec couverture	2026-05-11T16:40:35.9353904Z tests/test_validation_draft.py::ValidationDraftTests::test_validation_uses_localstorage_draft PASSED [ 98%]
Lint, Tests, Build	Tests unitaires avec couverture	2026-05-11T16:40:35.9373184Z tests/test_virtual_table.py::VirtualTableHelperTests::test_helper_below_threshold_falls_through PASSED [ 98%]
Lint, Tests, Build	Tests unitaires avec couverture	2026-05-11T16:40:35.9390769Z tests/test_virtual_table.py::VirtualTableHelperTests::test_helper_exposes_window_global PASSED [ 98%]
Lint, Tests, Build	Tests unitaires avec couverture	2026-05-11T16:40:35.9406803Z tests/test_virtual_table.py::VirtualTableHelperTests::test_helper_file_exists PASSED [ 98%]
Lint, Tests, Build	Tests unitaires avec couverture	2026-05-11T16:40:35.9424308Z tests/test_virtual_table.py::VirtualTableHelperTests::test_helper_returns_destroy_handle PASSED [ 98%]
Lint, Tests, Build	Tests unitaires avec couverture	2026-05-11T16:40:35.9442006Z tests/test_virtual_table.py::VirtualTableHelperTests::test_helper_threshold_default PASSED [ 98%]
Lint, Tests, Build	Tests unitaires avec couverture	2026-05-11T16:40:35.9459881Z tests/test_virtual_table.py::VirtualTableHelperTests::test_helper_uses_overscan_and_spacers PASSED [ 98%]
Lint, Tests, Build	Tests unitaires avec couverture	2026-05-11T16:40:35.9477984Z tests/test_virtual_table.py::VirtualTableHelperTests::test_helper_uses_raf_for_scroll PASSED [ 98%]
Lint, Tests, Build	Tests unitaires avec couverture	2026-05-11T16:40:35.9501686Z tests/test_virtual_table.py::ValidationIntegrationTests::test_bulk_check_iterates_filtered_not_dom PASSED [ 98%]
Lint, Tests, Build	Tests unitaires avec couverture	2026-05-11T16:40:35.9523277Z tests/test_virtual_table.py::ValidationIntegrationTests::test_index_html_includes_helper_before_validation_view PASSED [ 98%]
Lint, Tests, Build	Tests unitaires avec couverture	2026-05-11T16:40:35.9542907Z tests/test_virtual_table.py::ValidationIntegrationTests::test_validation_extracts_row_renderer PASSED [ 98%]
Lint, Tests, Build	Tests unitaires avec couverture	2026-05-11T16:40:35.9561984Z tests/test_virtual_table.py::ValidationIntegrationTests::test_validation_threshold_500 PASSED [ 98%]
Lint, Tests, Build	Tests unitaires avec couverture	2026-05-11T16:40:35.9581527Z tests/test_virtual_table.py::ValidationIntegrationTests::test_validation_uses_virtual_table PASSED [ 98%]
Lint, Tests, Build	Tests unitaires avec couverture	2026-05-11T16:40:36.0180032Z tests/test_virtual_table.py::JsSyntaxTests::test_helper_syntax_valid PASSED [ 98%]
Lint, Tests, Build	Tests unitaires avec couverture	2026-05-11T16:40:36.0782350Z tests/test_virtual_table.py::JsSyntaxTests::test_validation_syntax_valid PASSED [ 99%]
Lint, Tests, Build	Tests unitaires avec couverture	2026-05-11T16:40:36.1156852Z tests/test_visual_regression_compare.py::CompareScreenshotsTests::test_identical_images_pass PASSED [ 99%]
Lint, Tests, Build	Tests unitaires avec couverture	2026-05-11T16:40:36.1265828Z tests/test_visual_regression_compare.py::CompareScreenshotsTests::test_major_diff_fails PASSED [ 99%]
Lint, Tests, Build	Tests unitaires avec couverture	2026-05-11T16:40:36.1339065Z tests/test_visual_regression_compare.py::CompareScreenshotsTests::test_minor_diff_within_tolerance PASSED [ 99%]
Lint, Tests, Build	Tests unitaires avec couverture	2026-05-11T16:40:36.1386538Z tests/test_visual_regression_compare.py::CompareScreenshotsTests::test_size_mismatch_fails PASSED [ 99%]
Lint, Tests, Build	Tests unitaires avec couverture	2026-05-11T16:40:36.1411643Z tests/test_watcher.py::SnapshotRootTests::test_empty_dir PASSED          [ 99%]
Lint, Tests, Build	Tests unitaires avec couverture	2026-05-11T16:40:36.1434406Z tests/test_watcher.py::SnapshotRootTests::test_nonexistent_dir PASSED    [ 99%]
Lint, Tests, Build	Tests unitaires avec couverture	2026-05-11T16:40:36.1495916Z tests/test_watcher.py::SnapshotRootTests::test_three_subdirs PASSED      [ 99%]
Lint, Tests, Build	Tests unitaires avec couverture	2026-05-11T16:40:36.1533132Z tests/test_watcher.py::SnapshotRootTests::test_underscore_dirs_ignored PASSED [ 99%]
Lint, Tests, Build	Tests unitaires avec couverture	2026-05-11T16:40:36.1550600Z tests/test_watcher.py::HasChangedTests::test_identical_no_change PASSED  [ 99%]
Lint, Tests, Build	Tests unitaires avec couverture	2026-05-11T16:40:36.1566585Z tests/test_watcher.py::HasChangedTests::test_new_folder_detected PASSED  [ 99%]
Lint, Tests, Build	Tests unitaires avec couverture	2026-05-11T16:40:36.1583371Z tests/test_watcher.py::HasChangedTests::test_removed_folder_detected PASSED [ 99%]
Lint, Tests, Build	Tests unitaires avec couverture	2026-05-11T16:40:36.4633017Z tests/test_watcher.py::WatcherLifecycleTests::test_initial_snapshot_no_scan PASSED [ 99%]
Lint, Tests, Build	Tests unitaires avec couverture	2026-05-11T16:40:36.4654155Z tests/test_watcher.py::WatcherLifecycleTests::test_skip_if_scan_running PASSED [ 99%]
Lint, Tests, Build	Tests unitaires avec couverture	2026-05-11T16:40:36.5688548Z tests/test_watcher.py::WatcherLifecycleTests::test_start_and_stop PASSED [ 99%]
Lint, Tests, Build	Tests unitaires avec couverture	2026-05-11T16:40:36.5716687Z tests/test_watcher.py::WatcherSettingsTests::test_defaults PASSED        [ 99%]
Lint, Tests, Build	Tests unitaires avec couverture	2026-05-11T16:40:36.5784546Z tests/test_watcher.py::WatcherSettingsTests::test_round_trip PASSED      [ 99%]
Lint, Tests, Build	Tests unitaires avec couverture	2026-05-11T16:40:36.5803487Z tests/test_watcher.py::WatcherUiTests::test_css_watcher_classes SKIPPED  [ 99%]
Lint, Tests, Build	Tests unitaires avec couverture	2026-05-11T16:40:36.5821646Z tests/test_watcher.py::WatcherUiTests::test_dashboard_indicator SKIPPED  [ 99%]
Lint, Tests, Build	Tests unitaires avec couverture	2026-05-11T16:40:36.5840701Z tests/test_watcher.py::WatcherUiTests::test_settings_toggle_present SKIPPED [ 99%]
Lint, Tests, Build	Tests unitaires avec couverture	2026-05-11T16:40:36.5858051Z tests/test_watchlist.py::ParseLetterboxdTests::test_corrupted_csv PASSED [ 99%]
Lint, Tests, Build	Tests unitaires avec couverture	2026-05-11T16:40:36.5873979Z tests/test_watchlist.py::ParseLetterboxdTests::test_empty_csv PASSED     [ 99%]
Lint, Tests, Build	Tests unitaires avec couverture	2026-05-11T16:40:36.5890883Z tests/test_watchlist.py::ParseLetterboxdTests::test_valid_csv PASSED     [ 99%]
Lint, Tests, Build	Tests unitaires avec couverture	2026-05-11T16:40:36.5908863Z tests/test_watchlist.py::ParseImdbTests::test_valid_csv PASSED           [ 99%]
Lint, Tests, Build	Tests unitaires avec couverture	2026-05-11T16:40:36.5926041Z tests/test_watchlist.py::NormalizeTitleTests::test_accents_stripped PASSED [ 99%]
Lint, Tests, Build	Tests unitaires avec couverture	2026-05-11T16:40:36.5942667Z tests/test_watchlist.py::NormalizeTitleTests::test_article_removed PASSED [ 99%]
Lint, Tests, Build	Tests unitaires avec couverture	2026-05-11T16:40:36.5959349Z tests/test_watchlist.py::NormalizeTitleTests::test_case_insensitive PASSED [ 99%]
Lint, Tests, Build	Tests unitaires avec couverture	2026-05-11T16:40:36.5976622Z tests/test_watchlist.py::CompareWatchlistTests::test_accent_match PASSED [ 99%]
Lint, Tests, Build	Tests unitaires avec couverture	2026-05-11T16:40:36.5992461Z tests/test_watchlist.py::CompareWatchlistTests::test_article_match PASSED [ 99%]
Lint, Tests, Build	Tests unitaires avec couverture	2026-05-11T16:40:36.6008966Z tests/test_watchlist.py::CompareWatchlistTests::test_case_insensitive_match PASSED [ 99%]
Lint, Tests, Build	Tests unitaires avec couverture	2026-05-11T16:40:36.6026191Z tests/test_watchlist.py::CompareWatchlistTests::test_counters_correct PASSED [ 99%]
Lint, Tests, Build	Tests unitaires avec couverture	2026-05-11T16:40:36.6042522Z tests/test_watchlist.py::CompareWatchlistTests::test_empty_library PASSED [ 99%]
Lint, Tests, Build	Tests unitaires avec couverture	2026-05-11T16:40:36.6058135Z tests/test_watchlist.py::CompareWatchlistTests::test_empty_watchlist PASSED [ 99%]
Lint, Tests, Build	Tests unitaires avec couverture	2026-05-11T16:40:36.6074928Z tests/test_watchlist.py::CompareWatchlistTests::test_missing_film PASSED [ 99%]
Lint, Tests, Build	Tests unitaires avec couverture	2026-05-11T16:40:36.6091943Z tests/test_watchlist.py::CompareWatchlistTests::test_no_year_match_by_title PASSED [ 99%]
Lint, Tests, Build	Tests unitaires avec couverture	2026-05-11T16:40:36.6108401Z tests/test_watchlist.py::CompareWatchlistTests::test_owned_exact_match PASSED [ 99%]
Lint, Tests, Build	Tests unitaires avec couverture	2026-05-11T16:40:36.6129620Z tests/test_watchlist.py::EndpointAndUiTests::test_endpoint_exists PASSED [ 99%]
Lint, Tests, Build	Tests unitaires avec couverture	2026-05-11T16:40:36.6160476Z tests/test_watchlist.py::EndpointAndUiTests::test_ui_buttons_present PASSED [ 99%]
Lint, Tests, Build	Tests unitaires avec couverture	2026-05-11T16:40:36.6227242Z tests/test_web_component_sync.py::WebComponentSyncTests::test_pairs_stay_consolidable PASSED [ 99%]
Lint, Tests, Build	Tests unitaires avec couverture	2026-05-11T16:40:36.6346974Z tests/visual/test_responsive_viewports.py::ResponsiveViewportTests::test_capture_all_viewports SKIPPED [100%]
Lint, Tests, Build	Tests unitaires avec couverture	2026-05-11T16:40:36.6347937Z 
Lint, Tests, Build	Tests unitaires avec couverture	2026-05-11T16:40:36.6348177Z ================================== FAILURES ===================================
Lint, Tests, Build	Tests unitaires avec couverture	2026-05-11T16:40:36.6349096Z _____________ SettingsDefaultTests.test_setting_default_is_false ______________
Lint, Tests, Build	Tests unitaires avec couverture	2026-05-11T16:40:36.6349711Z 
Lint, Tests, Build	Tests unitaires avec couverture	2026-05-11T16:40:36.6350384Z self = <test_auto_quarantine_corrupted.SettingsDefaultTests testMethod=test_setting_default_is_false>
Lint, Tests, Build	Tests unitaires avec couverture	2026-05-11T16:40:36.6351610Z 
Lint, Tests, Build	Tests unitaires avec couverture	2026-05-11T16:40:36.6352061Z     def test_setting_default_is_false(self) -> None:
Lint, Tests, Build	Tests unitaires avec couverture	2026-05-11T16:40:36.6352885Z         """auto_quarantine_corrupted est defaut False (preserve comportement)."""
Lint, Tests, Build	Tests unitaires avec couverture	2026-05-11T16:40:36.6353791Z         # Lecture directe du fichier source pour verifier le defaut
Lint, Tests, Build	Tests unitaires avec couverture	2026-05-11T16:40:36.6354222Z         import cinesort.ui.api.settings_support as ss
Lint, Tests, Build	Tests unitaires avec couverture	2026-05-11T16:40:36.6354522Z     
Lint, Tests, Build	Tests unitaires avec couverture	2026-05-11T16:40:36.6354703Z         src_path = Path(ss.__file__)
Lint, Tests, Build	Tests unitaires avec couverture	2026-05-11T16:40:36.6355033Z         content = src_path.read_text(encoding="utf-8")
Lint, Tests, Build	Tests unitaires avec couverture	2026-05-11T16:40:36.6355349Z         # Setdefault avec False
Lint, Tests, Build	Tests unitaires avec couverture	2026-05-11T16:40:36.6355744Z >       self.assertIn('setdefault("auto_quarantine_corrupted", False)', content)
